#
# There is insufficient memory for the Java Runtime Environment to continue.
# Native memory allocation (malloc) failed to allocate 2065728 bytes for Chunk::new
# Possible reasons:
#   The system is out of physical RAM or swap space
#   The process is running with CompressedOops enabled, and the Java Heap may be blocking the growth of the native heap
# Possible solutions:
#   Reduce memory load on the system
#   Increase physical memory or swap space
#   Check if swap backing store is full
#   Decrease Java heap size (-Xmx/-Xms)
#   Decrease number of Java threads
#   Decrease Java thread stack sizes (-Xss)
#   Set larger code cache with -XX:ReservedCodeCacheSize=
#   JVM is running with Zero Based Compressed Oops mode in which the Java heap is
#     placed in the first 32GB address space. The Java Heap base address is the
#     maximum limit for the native heap growth. Please use -XX:HeapBaseMinAddress
#     to set the Java Heap base and to place the Java Heap above 32GB virtual address.
# This output file may be truncated or incomplete.
#
#  Out of Memory Error (arena.cpp:189), pid=3924, tid=23572
#
# JRE version: Java(TM) SE Runtime Environment (17.0.12+8) (build 17.0.12+8-LTS-286)
# Java VM: Java HotSpot(TM) 64-Bit Server VM (17.0.12+8-LTS-286, mixed mode, sharing, tiered, compressed oops, compressed class ptrs, g1 gc, windows-amd64)
# No core dump will be written. Minidumps are not enabled by default on client versions of Windows
#

---------------  S U M M A R Y ------------

Command Line: -Dfile.encoding-UTF8 C:\Users\AIO16\AppData\Local\Temp\surefire17780619700900902958\surefirebooter-20260519125241724_3.jar C:\Users\AIO16\AppData\Local\Temp\surefire17780619700900902958 2026-05-19T12-52-41_613-jvmRun1 surefire-20260519125241724_1tmp surefire_0-20260519125241724_2tmp

Host: 13th Gen Intel(R) Core(TM) i5-13500, 20 cores, 15G,  Windows 11 , 64 bit Build 22621 (10.0.22621.3672)
Time: Tue May 19 12:52:58 2026 India Standard Time elapsed time: 16.373998 seconds (0d 0h 0m 16s)

---------------  T H R E A D  ---------------

Current thread (0x0000020e1b94a960):  JavaThread "C2 CompilerThread0" daemon [_thread_in_native, id=23572, stack(0x000000aea5700000,0x000000aea5800000)]


Current CompileTask:
C2:  16374 17601   !   4       org.springframework.beans.factory.support.DefaultListableBeanFactory::doGetBeanNamesForType (527 bytes)

Stack: [0x000000aea5700000,0x000000aea5800000]
Native frames: (J=compiled Java code, j=interpreted, Vv=VM code, C=native code)
V  [jvm.dll+0x67a04a]
V  [jvm.dll+0x7da4ed]
V  [jvm.dll+0x7dbe33]
V  [jvm.dll+0x7dc4a3]
V  [jvm.dll+0x24508f]
V  [jvm.dll+0xab773]
V  [jvm.dll+0xabd3c]
V  [jvm.dll+0x361bee]
V  [jvm.dll+0x32c431]
V  [jvm.dll+0x32b8ca]
V  [jvm.dll+0x21683f]
V  [jvm.dll+0x215c6f]
V  [jvm.dll+0x1a2960]
V  [jvm.dll+0x22610b]
V  [jvm.dll+0x2242ab]
V  [jvm.dll+0x79075c]
V  [jvm.dll+0x78abea]
V  [jvm.dll+0x678f35]
C  [ucrtbase.dll+0x29333]
C  [KERNEL32.DLL+0x1257d]
C  [ntdll.dll+0x5af28]


---------------  P R O C E S S  ---------------

Threads class SMR info:
_java_thread_list=0x0000020e66bfd9f0, length=22, elements={
0x0000020e77bb15d0, 0x0000020e1b824720, 0x0000020e1b8254b0, 0x0000020e1b93cf10,
0x0000020e1b93d9e0, 0x0000020e1b9413d0, 0x0000020e1b941ca0, 0x0000020e1b94a960,
0x0000020e1b950830, 0x0000020e1b951140, 0x0000020e1ba76660, 0x0000020e1ba76b80,
0x0000020e1baa5300, 0x0000020e1baaa860, 0x0000020e613633b0, 0x0000020e6142da40,
0x0000020e61211a50, 0x0000020e62f11e00, 0x0000020e62f12820, 0x0000020e6332e660,
0x0000020e646ae4d0, 0x0000020e646ad5a0
}

Java Threads: ( => current thread )
  0x0000020e77bb15d0 JavaThread "main" [_thread_in_vm, id=14192, stack(0x000000aea4a00000,0x000000aea4b00000)]
  0x0000020e1b824720 JavaThread "Reference Handler" daemon [_thread_blocked, id=1308, stack(0x000000aea5100000,0x000000aea5200000)]
  0x0000020e1b8254b0 JavaThread "Finalizer" daemon [_thread_blocked, id=23412, stack(0x000000aea5200000,0x000000aea5300000)]
  0x0000020e1b93cf10 JavaThread "Signal Dispatcher" daemon [_thread_blocked, id=11088, stack(0x000000aea5300000,0x000000aea5400000)]
  0x0000020e1b93d9e0 JavaThread "Attach Listener" daemon [_thread_blocked, id=1324, stack(0x000000aea5400000,0x000000aea5500000)]
  0x0000020e1b9413d0 JavaThread "Service Thread" daemon [_thread_blocked, id=20584, stack(0x000000aea5500000,0x000000aea5600000)]
  0x0000020e1b941ca0 JavaThread "Monitor Deflation Thread" daemon [_thread_blocked, id=13132, stack(0x000000aea5600000,0x000000aea5700000)]
=>0x0000020e1b94a960 JavaThread "C2 CompilerThread0" daemon [_thread_in_native, id=23572, stack(0x000000aea5700000,0x000000aea5800000)]
  0x0000020e1b950830 JavaThread "C1 CompilerThread0" daemon [_thread_blocked, id=24828, stack(0x000000aea5800000,0x000000aea5900000)]
  0x0000020e1b951140 JavaThread "Sweeper thread" daemon [_thread_blocked, id=22456, stack(0x000000aea5900000,0x000000aea5a00000)]
  0x0000020e1ba76660 JavaThread "C1 CompilerThread1" daemon [_thread_blocked, id=5776, stack(0x000000aea5a00000,0x000000aea5b00000)]
  0x0000020e1ba76b80 JavaThread "C1 CompilerThread2" daemon [_thread_blocked, id=13344, stack(0x000000aea5b00000,0x000000aea5c00000)]
  0x0000020e1baa5300 JavaThread "Notification Thread" daemon [_thread_blocked, id=23444, stack(0x000000aea5c00000,0x000000aea5d00000)]
  0x0000020e1baaa860 JavaThread "Common-Cleaner" daemon [_thread_blocked, id=22616, stack(0x000000aea5e00000,0x000000aea5f00000)]
  0x0000020e613633b0 JavaThread "surefire-forkedjvm-stream-flusher" daemon [_thread_blocked, id=26540, stack(0x000000aea5f00000,0x000000aea6000000)]
  0x0000020e6142da40 JavaThread "surefire-forkedjvm-command-thread" daemon [_thread_in_native, id=32228, stack(0x000000aea6000000,0x000000aea6100000)]
  0x0000020e61211a50 JavaThread "C1 CompilerThread3" daemon [_thread_blocked, id=35084, stack(0x000000aea6100000,0x000000aea6200000)]
  0x0000020e62f11e00 JavaThread "Cleaner-0" daemon [_thread_blocked, id=10508, stack(0x000000aea7500000,0x000000aea7600000)]
  0x0000020e62f12820 JavaThread "HikariPool-1:housekeeper" daemon [_thread_blocked, id=19276, stack(0x000000aea7600000,0x000000aea7700000)]
  0x0000020e6332e660 JavaThread "C2 CompilerThread1" daemon [_thread_in_native, id=14212, stack(0x000000aea6200000,0x000000aea6300000)]
  0x0000020e646ae4d0 JavaThread "idle-connection-evictor-1" daemon [_thread_blocked, id=6132, stack(0x000000aea8500000,0x000000aea8600000)]
  0x0000020e646ad5a0 JavaThread "scheduling-1" [_thread_in_vm, id=3196, stack(0x000000aea8600000,0x000000aea8700000)]

Other Threads:
  0x0000020e1b81ec00 VMThread "VM Thread" [stack: 0x000000aea5000000,0x000000aea5100000] [id=28508]
  0x0000020e1baaa010 WatcherThread [stack: 0x000000aea5d00000,0x000000aea5e00000] [id=13904]
  0x0000020e77c1e9f0 GCTaskThread "GC Thread#0" [stack: 0x000000aea4b00000,0x000000aea4c00000] [id=2472]
  0x0000020e617b2610 GCTaskThread "GC Thread#1" [stack: 0x000000aea6300000,0x000000aea6400000] [id=34868]
  0x0000020e61ad00d0 GCTaskThread "GC Thread#2" [stack: 0x000000aea6400000,0x000000aea6500000] [id=31332]
  0x0000020e61706f10 GCTaskThread "GC Thread#3" [stack: 0x000000aea6500000,0x000000aea6600000] [id=34284]
  0x0000020e617071d0 GCTaskThread "GC Thread#4" [stack: 0x000000aea6600000,0x000000aea6700000] [id=31520]
  0x0000020e61707490 GCTaskThread "GC Thread#5" [stack: 0x000000aea6700000,0x000000aea6800000] [id=29560]
  0x0000020e61b862c0 GCTaskThread "GC Thread#6" [stack: 0x000000aea6800000,0x000000aea6900000] [id=13096]
  0x0000020e61deac90 GCTaskThread "GC Thread#7" [stack: 0x000000aea6900000,0x000000aea6a00000] [id=36296]
  0x0000020e61f0e090 GCTaskThread "GC Thread#8" [stack: 0x000000aea6a00000,0x000000aea6b00000] [id=20960]
  0x0000020e62e3d820 GCTaskThread "GC Thread#9" [stack: 0x000000aea6b00000,0x000000aea6c00000] [id=23644]
  0x0000020e6327c040 GCTaskThread "GC Thread#10" [stack: 0x000000aea6c00000,0x000000aea6d00000] [id=31620]
  0x0000020e6327c300 GCTaskThread "GC Thread#11" [stack: 0x000000aea6d00000,0x000000aea6e00000] [id=9448]
  0x0000020e636d7820 GCTaskThread "GC Thread#12" [stack: 0x000000aea6e00000,0x000000aea6f00000] [id=4404]
  0x0000020e62a84e30 GCTaskThread "GC Thread#13" [stack: 0x000000aea6f00000,0x000000aea7000000] [id=12928]
  0x0000020e62a85bf0 GCTaskThread "GC Thread#14" [stack: 0x000000aea7100000,0x000000aea7200000] [id=7756]
  0x0000020e77c2f390 ConcurrentGCThread "G1 Main Marker" [stack: 0x000000aea4c00000,0x000000aea4d00000] [id=31436]
  0x0000020e77c2fcb0 ConcurrentGCThread "G1 Conc#0" [stack: 0x000000aea4d00000,0x000000aea4e00000] [id=30820]
  0x0000020e62a85eb0 ConcurrentGCThread "G1 Conc#1" [stack: 0x000000aea7200000,0x000000aea7300000] [id=21724]
  0x0000020e62a86170 ConcurrentGCThread "G1 Conc#2" [stack: 0x000000aea7300000,0x000000aea7400000] [id=18000]
  0x0000020e62a853b0 ConcurrentGCThread "G1 Conc#3" [stack: 0x000000aea7400000,0x000000aea7500000] [id=28648]
  0x0000020e77c7e860 ConcurrentGCThread "G1 Refine#0" [stack: 0x000000aea4e00000,0x000000aea4f00000] [id=23464]
  0x0000020e63e78c50 ConcurrentGCThread "G1 Refine#1" [stack: 0x000000aea7800000,0x000000aea7900000] [id=9172]
  0x0000020e63e79520 ConcurrentGCThread "G1 Refine#2" [stack: 0x000000aea7900000,0x000000aea7a00000] [id=17104]
  0x0000020e63e79810 ConcurrentGCThread "G1 Refine#3" [stack: 0x000000aea7a00000,0x000000aea7b00000] [id=35332]
  0x0000020e63e79b00 ConcurrentGCThread "G1 Refine#4" [stack: 0x000000aea7b00000,0x000000aea7c00000] [id=16996]
  0x0000020e64472b60 ConcurrentGCThread "G1 Refine#5" [stack: 0x000000aea7c00000,0x000000aea7d00000] [id=31280]
  0x0000020e644716d0 ConcurrentGCThread "G1 Refine#6" [stack: 0x000000aea7d00000,0x000000aea7e00000] [id=26276]
  0x0000020e6446f680 ConcurrentGCThread "G1 Refine#7" [stack: 0x000000aea7e00000,0x000000aea7f00000] [id=27988]
  0x0000020e6446f390 ConcurrentGCThread "G1 Refine#8" [stack: 0x000000aea7f00000,0x000000aea8000000] [id=35740]
  0x0000020e64471fa0 ConcurrentGCThread "G1 Refine#9" [stack: 0x000000aea7700000,0x000000aea7800000] [id=33864]
  0x0000020e6446ff50 ConcurrentGCThread "G1 Refine#10" [stack: 0x000000aea8000000,0x000000aea8100000] [id=36412]
  0x0000020e64470820 ConcurrentGCThread "G1 Refine#11" [stack: 0x000000aea8100000,0x000000aea8200000] [id=20056]
  0x0000020e63f47090 ConcurrentGCThread "G1 Refine#12" [stack: 0x000000aea8200000,0x000000aea8300000] [id=28048]
  0x0000020e63f47380 ConcurrentGCThread "G1 Refine#13" [stack: 0x000000aea8300000,0x000000aea8400000] [id=36596]
  0x0000020e63e78960 ConcurrentGCThread "G1 Refine#14" [stack: 0x000000aea8400000,0x000000aea8500000] [id=36556]
  0x0000020e1b6da450 ConcurrentGCThread "G1 Service" [stack: 0x000000aea4f00000,0x000000aea5000000] [id=1724]

Threads with active compile tasks:
C2 CompilerThread0    16391 17601   !   4       org.springframework.beans.factory.support.DefaultListableBeanFactory::doGetBeanNamesForType (527 bytes)
C2 CompilerThread1    16391 17623   !   4       org.springframework.core.annotation.AnnotationsScanner::processMethodHierarchy (276 bytes)

VM state: not at safepoint (normal execution)

VM Mutex/Monitor currently owned by a thread: None

Heap address: 0x0000000704c00000, size: 4020 MB, Compressed Oops mode: Zero based, Oop shift amount: 3

CDS archive(s) mapped at: [0x0000020e1c000000-0x0000020e1cbd0000-0x0000020e1cbd0000), size 12386304, SharedBaseAddress: 0x0000020e1c000000, ArchiveRelocationMode: 1.
Compressed class space mapped at: 0x0000020e1d000000-0x0000020e5d000000, reserved size: 1073741824
Narrow klass base: 0x0000020e1c000000, Narrow klass shift: 0, Narrow klass range: 0x100000000

GC Precious Log:
 CPUs: 20 total, 20 available
 Memory: 16072M
 Large Page Support: Disabled
 NUMA Support: Disabled
 Compressed Oops: Enabled (Zero based)
 Heap Region Size: 2M
 Heap Min Capacity: 8M
 Heap Initial Capacity: 252M
 Heap Max Capacity: 4020M
 Pre-touch: Disabled
 Parallel Workers: 15
 Concurrent Workers: 4
 Concurrent Refinement Workers: 15
 Periodic GC: Disabled

Heap:
 garbage-first heap   total 602112K, used 508578K [0x0000000704c00000, 0x0000000800000000)
  region size 2048K, 83 young (169984K), 6 survivors (12288K)
 Metaspace       used 133083K, committed 133696K, reserved 1179648K
  class space    used 16819K, committed 17152K, reserved 1048576K

Heap Regions: E=young(eden), S=young(survivor), O=old, HS=humongous(starts), HC=humongous(continues), CS=collection set, F=free, OA=open archive, CA=closed archive, TAMS=top-at-mark-start (previous, next)
|   0|0x0000000704c00000, 0x0000000704e00000, 0x0000000704e00000|100%| O|  |TAMS 0x0000000704e00000, 0x0000000704c00000| Untracked 
|   1|0x0000000704e00000, 0x0000000705000000, 0x0000000705000000|100%| O|  |TAMS 0x0000000705000000, 0x0000000704e00000| Untracked 
|   2|0x0000000705000000, 0x0000000705200000, 0x0000000705200000|100%| O|  |TAMS 0x0000000705200000, 0x0000000705000000| Untracked 
|   3|0x0000000705200000, 0x0000000705400000, 0x0000000705400000|100%| O|  |TAMS 0x0000000705400000, 0x0000000705200000| Untracked 
|   4|0x0000000705400000, 0x0000000705600000, 0x0000000705600000|100%| O|  |TAMS 0x0000000705600000, 0x0000000705400000| Untracked 
|   5|0x0000000705600000, 0x0000000705800000, 0x0000000705800000|100%| O|  |TAMS 0x0000000705800000, 0x0000000705600000| Untracked 
|   6|0x0000000705800000, 0x0000000705a00000, 0x0000000705a00000|100%| O|  |TAMS 0x0000000705a00000, 0x0000000705800000| Untracked 
|   7|0x0000000705a00000, 0x0000000705c00000, 0x0000000705c00000|100%| O|  |TAMS 0x0000000705c00000, 0x0000000705a00000| Untracked 
|   8|0x0000000705c00000, 0x0000000705e00000, 0x0000000705e00000|100%| O|  |TAMS 0x0000000705e00000, 0x0000000705c00000| Untracked 
|   9|0x0000000705e00000, 0x0000000706000000, 0x0000000706000000|100%| O|  |TAMS 0x0000000706000000, 0x0000000705e00000| Untracked 
|  10|0x0000000706000000, 0x0000000706200000, 0x0000000706200000|100%| O|  |TAMS 0x0000000706200000, 0x0000000706000000| Untracked 
|  11|0x0000000706200000, 0x0000000706400000, 0x0000000706400000|100%| O|  |TAMS 0x0000000706400000, 0x0000000706200000| Untracked 
|  12|0x0000000706400000, 0x0000000706600000, 0x0000000706600000|100%| O|  |TAMS 0x0000000706600000, 0x0000000706400000| Untracked 
|  13|0x0000000706600000, 0x0000000706800000, 0x0000000706800000|100%| O|  |TAMS 0x0000000706800000, 0x0000000706600000| Untracked 
|  14|0x0000000706800000, 0x0000000706a00000, 0x0000000706a00000|100%| O|  |TAMS 0x0000000706a00000, 0x0000000706800000| Untracked 
|  15|0x0000000706a00000, 0x0000000706c00000, 0x0000000706c00000|100%| O|  |TAMS 0x0000000706c00000, 0x0000000706a00000| Untracked 
|  16|0x0000000706c00000, 0x0000000706e00000, 0x0000000706e00000|100%| O|  |TAMS 0x0000000706e00000, 0x0000000706c00000| Untracked 
|  17|0x0000000706e00000, 0x0000000707000000, 0x0000000707000000|100%| O|  |TAMS 0x0000000707000000, 0x0000000706e00000| Untracked 
|  18|0x0000000707000000, 0x0000000707200000, 0x0000000707200000|100%| O|  |TAMS 0x0000000707200000, 0x0000000707000000| Untracked 
|  19|0x0000000707200000, 0x0000000707400000, 0x0000000707400000|100%| O|  |TAMS 0x0000000707400000, 0x0000000707200000| Untracked 
|  20|0x0000000707400000, 0x0000000707600000, 0x0000000707600000|100%| O|  |TAMS 0x0000000707600000, 0x0000000707400000| Untracked 
|  21|0x0000000707600000, 0x0000000707800000, 0x0000000707800000|100%| O|  |TAMS 0x0000000707800000, 0x0000000707600000| Untracked 
|  22|0x0000000707800000, 0x0000000707a00000, 0x0000000707a00000|100%| O|  |TAMS 0x0000000707a00000, 0x0000000707800000| Untracked 
|  23|0x0000000707a00000, 0x0000000707c00000, 0x0000000707c00000|100%| O|  |TAMS 0x0000000707c00000, 0x0000000707a00000| Untracked 
|  24|0x0000000707c00000, 0x0000000707e00000, 0x0000000707e00000|100%| O|  |TAMS 0x0000000707e00000, 0x0000000707c00000| Untracked 
|  25|0x0000000707e00000, 0x0000000708000000, 0x0000000708000000|100%| O|  |TAMS 0x0000000708000000, 0x0000000707e00000| Untracked 
|  26|0x0000000708000000, 0x0000000708200000, 0x0000000708200000|100%| O|  |TAMS 0x0000000708200000, 0x0000000708000000| Untracked 
|  27|0x0000000708200000, 0x0000000708400000, 0x0000000708400000|100%| O|  |TAMS 0x0000000708400000, 0x0000000708200000| Untracked 
|  28|0x0000000708400000, 0x0000000708600000, 0x0000000708600000|100%| O|  |TAMS 0x0000000708600000, 0x0000000708400000| Untracked 
|  29|0x0000000708600000, 0x0000000708800000, 0x0000000708800000|100%| O|  |TAMS 0x0000000708800000, 0x0000000708600000| Untracked 
|  30|0x0000000708800000, 0x0000000708a00000, 0x0000000708a00000|100%| O|  |TAMS 0x0000000708a00000, 0x0000000708800000| Untracked 
|  31|0x0000000708a00000, 0x0000000708c00000, 0x0000000708c00000|100%| O|  |TAMS 0x0000000708c00000, 0x0000000708a00000| Untracked 
|  32|0x0000000708c00000, 0x0000000708e00000, 0x0000000708e00000|100%| O|  |TAMS 0x0000000708e00000, 0x0000000708c00000| Untracked 
|  33|0x0000000708e00000, 0x0000000709000000, 0x0000000709000000|100%| O|  |TAMS 0x0000000709000000, 0x0000000708e00000| Untracked 
|  34|0x0000000709000000, 0x0000000709200000, 0x0000000709200000|100%| O|  |TAMS 0x0000000709200000, 0x0000000709000000| Untracked 
|  35|0x0000000709200000, 0x0000000709400000, 0x0000000709400000|100%| O|  |TAMS 0x0000000709400000, 0x0000000709200000| Untracked 
|  36|0x0000000709400000, 0x0000000709600000, 0x0000000709600000|100%| O|  |TAMS 0x0000000709600000, 0x0000000709400000| Untracked 
|  37|0x0000000709600000, 0x0000000709800000, 0x0000000709800000|100%| O|  |TAMS 0x0000000709800000, 0x0000000709600000| Untracked 
|  38|0x0000000709800000, 0x0000000709a00000, 0x0000000709a00000|100%| O|  |TAMS 0x0000000709a00000, 0x0000000709800000| Untracked 
|  39|0x0000000709a00000, 0x0000000709c00000, 0x0000000709c00000|100%| O|  |TAMS 0x0000000709c00000, 0x0000000709a00000| Untracked 
|  40|0x0000000709c00000, 0x0000000709e00000, 0x0000000709e00000|100%| O|  |TAMS 0x0000000709e00000, 0x0000000709c00000| Untracked 
|  41|0x0000000709e00000, 0x000000070a000000, 0x000000070a000000|100%| O|  |TAMS 0x000000070a000000, 0x0000000709e00000| Untracked 
|  42|0x000000070a000000, 0x000000070a200000, 0x000000070a200000|100%| O|  |TAMS 0x000000070a200000, 0x000000070a000000| Untracked 
|  43|0x000000070a200000, 0x000000070a400000, 0x000000070a400000|100%| O|  |TAMS 0x000000070a400000, 0x000000070a200000| Untracked 
|  44|0x000000070a400000, 0x000000070a600000, 0x000000070a600000|100%| O|  |TAMS 0x000000070a600000, 0x000000070a400000| Untracked 
|  45|0x000000070a600000, 0x000000070a800000, 0x000000070a800000|100%| O|  |TAMS 0x000000070a800000, 0x000000070a600000| Untracked 
|  46|0x000000070a800000, 0x000000070aa00000, 0x000000070aa00000|100%| O|  |TAMS 0x000000070aa00000, 0x000000070a800000| Untracked 
|  47|0x000000070aa00000, 0x000000070ac00000, 0x000000070ac00000|100%| O|  |TAMS 0x000000070ac00000, 0x000000070aa00000| Untracked 
|  48|0x000000070ac00000, 0x000000070ae00000, 0x000000070ae00000|100%| O|  |TAMS 0x000000070ae00000, 0x000000070ac00000| Untracked 
|  49|0x000000070ae00000, 0x000000070b000000, 0x000000070b000000|100%| O|  |TAMS 0x000000070b000000, 0x000000070ae00000| Untracked 
|  50|0x000000070b000000, 0x000000070b200000, 0x000000070b200000|100%| O|  |TAMS 0x000000070b200000, 0x000000070b000000| Untracked 
|  51|0x000000070b200000, 0x000000070b400000, 0x000000070b400000|100%| O|  |TAMS 0x000000070b400000, 0x000000070b200000| Untracked 
|  52|0x000000070b400000, 0x000000070b600000, 0x000000070b600000|100%| O|  |TAMS 0x000000070b600000, 0x000000070b400000| Untracked 
|  53|0x000000070b600000, 0x000000070b800000, 0x000000070b800000|100%| O|  |TAMS 0x000000070b800000, 0x000000070b600000| Untracked 
|  54|0x000000070b800000, 0x000000070ba00000, 0x000000070ba00000|100%| O|  |TAMS 0x000000070ba00000, 0x000000070b800000| Untracked 
|  55|0x000000070ba00000, 0x000000070bc00000, 0x000000070bc00000|100%| O|  |TAMS 0x000000070bc00000, 0x000000070ba00000| Untracked 
|  56|0x000000070bc00000, 0x000000070be00000, 0x000000070be00000|100%| O|  |TAMS 0x000000070be00000, 0x000000070bc00000| Untracked 
|  57|0x000000070be00000, 0x000000070c000000, 0x000000070c000000|100%| O|  |TAMS 0x000000070be00000, 0x000000070be00000| Untracked 
|  58|0x000000070c000000, 0x000000070c200000, 0x000000070c200000|100%| O|  |TAMS 0x000000070c200000, 0x000000070c000000| Untracked 
|  59|0x000000070c200000, 0x000000070c400000, 0x000000070c400000|100%| O|  |TAMS 0x000000070c400000, 0x000000070c200000| Untracked 
|  60|0x000000070c400000, 0x000000070c600000, 0x000000070c600000|100%| O|  |TAMS 0x000000070c600000, 0x000000070c400000| Untracked 
|  61|0x000000070c600000, 0x000000070c800000, 0x000000070c800000|100%| O|  |TAMS 0x000000070c800000, 0x000000070c600000| Untracked 
|  62|0x000000070c800000, 0x000000070ca00000, 0x000000070ca00000|100%| O|  |TAMS 0x000000070ca00000, 0x000000070c800000| Untracked 
|  63|0x000000070ca00000, 0x000000070cc00000, 0x000000070cc00000|100%| O|  |TAMS 0x000000070cc00000, 0x000000070ca00000| Untracked 
|  64|0x000000070cc00000, 0x000000070ce00000, 0x000000070ce00000|100%| O|  |TAMS 0x000000070ce00000, 0x000000070cc00000| Untracked 
|  65|0x000000070ce00000, 0x000000070d000000, 0x000000070d000000|100%| O|  |TAMS 0x000000070d000000, 0x000000070ce00000| Untracked 
|  66|0x000000070d000000, 0x000000070d200000, 0x000000070d200000|100%| O|  |TAMS 0x000000070d200000, 0x000000070d000000| Untracked 
|  67|0x000000070d200000, 0x000000070d400000, 0x000000070d400000|100%| O|  |TAMS 0x000000070d400000, 0x000000070d200000| Untracked 
|  68|0x000000070d400000, 0x000000070d600000, 0x000000070d600000|100%| O|  |TAMS 0x000000070d600000, 0x000000070d400000| Untracked 
|  69|0x000000070d600000, 0x000000070d800000, 0x000000070d800000|100%| O|  |TAMS 0x000000070d800000, 0x000000070d600000| Untracked 
|  70|0x000000070d800000, 0x000000070da00000, 0x000000070da00000|100%| O|  |TAMS 0x000000070da00000, 0x000000070d800000| Untracked 
|  71|0x000000070da00000, 0x000000070dc00000, 0x000000070dc00000|100%| O|  |TAMS 0x000000070dc00000, 0x000000070da00000| Untracked 
|  72|0x000000070dc00000, 0x000000070de00000, 0x000000070de00000|100%| O|  |TAMS 0x000000070de00000, 0x000000070dc00000| Untracked 
|  73|0x000000070de00000, 0x000000070e000000, 0x000000070e000000|100%| O|  |TAMS 0x000000070e000000, 0x000000070de00000| Untracked 
|  74|0x000000070e000000, 0x000000070e200000, 0x000000070e200000|100%| O|  |TAMS 0x000000070e200000, 0x000000070e000000| Untracked 
|  75|0x000000070e200000, 0x000000070e400000, 0x000000070e400000|100%| O|  |TAMS 0x000000070e400000, 0x000000070e200000| Untracked 
|  76|0x000000070e400000, 0x000000070e600000, 0x000000070e600000|100%| O|  |TAMS 0x000000070e600000, 0x000000070e400000| Untracked 
|  77|0x000000070e600000, 0x000000070e800000, 0x000000070e800000|100%| O|  |TAMS 0x000000070e800000, 0x000000070e600000| Untracked 
|  78|0x000000070e800000, 0x000000070ea00000, 0x000000070ea00000|100%| O|  |TAMS 0x000000070ea00000, 0x000000070e800000| Untracked 
|  79|0x000000070ea00000, 0x000000070ec00000, 0x000000070ec00000|100%| O|  |TAMS 0x000000070ec00000, 0x000000070ea00000| Untracked 
|  80|0x000000070ec00000, 0x000000070ee00000, 0x000000070ee00000|100%| O|  |TAMS 0x000000070ee00000, 0x000000070ec00000| Untracked 
|  81|0x000000070ee00000, 0x000000070f000000, 0x000000070f000000|100%| O|  |TAMS 0x000000070f000000, 0x000000070ee00000| Untracked 
|  82|0x000000070f000000, 0x000000070f200000, 0x000000070f200000|100%| O|  |TAMS 0x000000070f200000, 0x000000070f000000| Untracked 
|  83|0x000000070f200000, 0x000000070f400000, 0x000000070f400000|100%| O|  |TAMS 0x000000070f200000, 0x000000070f200000| Untracked 
|  84|0x000000070f400000, 0x000000070f600000, 0x000000070f600000|100%| O|  |TAMS 0x000000070f400000, 0x000000070f400000| Untracked 
|  85|0x000000070f600000, 0x000000070f800000, 0x000000070f800000|100%| O|  |TAMS 0x000000070f600000, 0x000000070f600000| Untracked 
|  86|0x000000070f800000, 0x000000070fa00000, 0x000000070fa00000|100%| O|  |TAMS 0x000000070fa00000, 0x000000070f800000| Untracked 
|  87|0x000000070fa00000, 0x000000070fc00000, 0x000000070fc00000|100%| O|  |TAMS 0x000000070fa00000, 0x000000070fa00000| Untracked 
|  88|0x000000070fc00000, 0x000000070fe00000, 0x000000070fe00000|100%| O|  |TAMS 0x000000070fc00000, 0x000000070fc00000| Untracked 
|  89|0x000000070fe00000, 0x0000000710000000, 0x0000000710000000|100%| O|  |TAMS 0x000000070fe00000, 0x000000070fe00000| Untracked 
|  90|0x0000000710000000, 0x0000000710200000, 0x0000000710200000|100%| O|  |TAMS 0x0000000710000000, 0x0000000710000000| Untracked 
|  91|0x0000000710200000, 0x0000000710400000, 0x0000000710400000|100%| O|  |TAMS 0x0000000710200000, 0x0000000710200000| Untracked 
|  92|0x0000000710400000, 0x0000000710600000, 0x0000000710600000|100%| O|  |TAMS 0x0000000710400000, 0x0000000710400000| Untracked 
|  93|0x0000000710600000, 0x0000000710800000, 0x0000000710800000|100%| O|  |TAMS 0x0000000710600000, 0x0000000710600000| Untracked 
|  94|0x0000000710800000, 0x0000000710a00000, 0x0000000710a00000|100%| O|  |TAMS 0x0000000710800000, 0x0000000710800000| Untracked 
|  95|0x0000000710a00000, 0x0000000710c00000, 0x0000000710c00000|100%| O|  |TAMS 0x0000000710a00000, 0x0000000710a00000| Untracked 
|  96|0x0000000710c00000, 0x0000000710e00000, 0x0000000710e00000|100%| O|  |TAMS 0x0000000710c00000, 0x0000000710c00000| Untracked 
|  97|0x0000000710e00000, 0x0000000711000000, 0x0000000711000000|100%| O|  |TAMS 0x0000000710e00000, 0x0000000710e00000| Untracked 
|  98|0x0000000711000000, 0x0000000711200000, 0x0000000711200000|100%| O|  |TAMS 0x0000000711000000, 0x0000000711000000| Untracked 
|  99|0x0000000711200000, 0x0000000711400000, 0x0000000711400000|100%| O|  |TAMS 0x0000000711200000, 0x0000000711200000| Untracked 
| 100|0x0000000711400000, 0x0000000711600000, 0x0000000711600000|100%| O|  |TAMS 0x0000000711400000, 0x0000000711400000| Untracked 
| 101|0x0000000711600000, 0x0000000711800000, 0x0000000711800000|100%| O|  |TAMS 0x0000000711600000, 0x0000000711600000| Untracked 
| 102|0x0000000711800000, 0x0000000711a00000, 0x0000000711a00000|100%| O|  |TAMS 0x0000000711800000, 0x0000000711800000| Untracked 
| 103|0x0000000711a00000, 0x0000000711c00000, 0x0000000711c00000|100%| O|  |TAMS 0x0000000711a00000, 0x0000000711a00000| Untracked 
| 104|0x0000000711c00000, 0x0000000711e00000, 0x0000000711e00000|100%| O|  |TAMS 0x0000000711c00000, 0x0000000711c00000| Untracked 
| 105|0x0000000711e00000, 0x0000000712000000, 0x0000000712000000|100%| O|  |TAMS 0x0000000711e00000, 0x0000000711e00000| Untracked 
| 106|0x0000000712000000, 0x0000000712200000, 0x0000000712200000|100%| O|  |TAMS 0x0000000712000000, 0x0000000712000000| Untracked 
| 107|0x0000000712200000, 0x0000000712400000, 0x0000000712400000|100%| O|  |TAMS 0x0000000712200000, 0x0000000712200000| Untracked 
| 108|0x0000000712400000, 0x0000000712600000, 0x0000000712600000|100%| O|  |TAMS 0x0000000712400000, 0x0000000712400000| Untracked 
| 109|0x0000000712600000, 0x0000000712800000, 0x0000000712800000|100%| O|  |TAMS 0x0000000712600000, 0x0000000712600000| Untracked 
| 110|0x0000000712800000, 0x0000000712a00000, 0x0000000712a00000|100%| O|  |TAMS 0x0000000712800000, 0x0000000712800000| Untracked 
| 111|0x0000000712a00000, 0x0000000712c00000, 0x0000000712c00000|100%| O|  |TAMS 0x0000000712a00000, 0x0000000712a00000| Untracked 
| 112|0x0000000712c00000, 0x0000000712e00000, 0x0000000712e00000|100%| O|  |TAMS 0x0000000712c00000, 0x0000000712c00000| Untracked 
| 113|0x0000000712e00000, 0x0000000713000000, 0x0000000713000000|100%| O|  |TAMS 0x0000000712e00000, 0x0000000712e00000| Untracked 
| 114|0x0000000713000000, 0x0000000713200000, 0x0000000713200000|100%| O|  |TAMS 0x0000000713000000, 0x0000000713000000| Untracked 
| 115|0x0000000713200000, 0x0000000713400000, 0x0000000713400000|100%| O|  |TAMS 0x0000000713200000, 0x0000000713200000| Untracked 
| 116|0x0000000713400000, 0x0000000713600000, 0x0000000713600000|100%| O|  |TAMS 0x0000000713400000, 0x0000000713400000| Untracked 
| 117|0x0000000713600000, 0x0000000713800000, 0x0000000713800000|100%| O|  |TAMS 0x0000000713600000, 0x0000000713600000| Untracked 
| 118|0x0000000713800000, 0x0000000713a00000, 0x0000000713a00000|100%| O|  |TAMS 0x0000000713800000, 0x0000000713800000| Untracked 
| 119|0x0000000713a00000, 0x0000000713c00000, 0x0000000713c00000|100%| O|  |TAMS 0x0000000713a00000, 0x0000000713a00000| Untracked 
| 120|0x0000000713c00000, 0x0000000713e00000, 0x0000000713e00000|100%| O|  |TAMS 0x0000000713c00000, 0x0000000713c00000| Untracked 
| 121|0x0000000713e00000, 0x0000000714000000, 0x0000000714000000|100%| O|  |TAMS 0x0000000713e00000, 0x0000000713e00000| Untracked 
| 122|0x0000000714000000, 0x0000000714200000, 0x0000000714200000|100%| O|  |TAMS 0x0000000714000000, 0x0000000714000000| Untracked 
| 123|0x0000000714200000, 0x0000000714400000, 0x0000000714400000|100%| O|  |TAMS 0x0000000714200000, 0x0000000714200000| Untracked 
| 124|0x0000000714400000, 0x0000000714600000, 0x0000000714600000|100%| O|  |TAMS 0x0000000714400000, 0x0000000714400000| Untracked 
| 125|0x0000000714600000, 0x0000000714800000, 0x0000000714800000|100%| O|  |TAMS 0x0000000714600000, 0x0000000714600000| Untracked 
| 126|0x0000000714800000, 0x0000000714a00000, 0x0000000714a00000|100%| O|  |TAMS 0x0000000714800000, 0x0000000714800000| Untracked 
| 127|0x0000000714a00000, 0x0000000714c00000, 0x0000000714c00000|100%| O|  |TAMS 0x0000000714a00000, 0x0000000714a00000| Untracked 
| 128|0x0000000714c00000, 0x0000000714e00000, 0x0000000714e00000|100%| O|  |TAMS 0x0000000714c00000, 0x0000000714c00000| Untracked 
| 129|0x0000000714e00000, 0x0000000715000000, 0x0000000715000000|100%| O|  |TAMS 0x0000000714e00000, 0x0000000714e00000| Untracked 
| 130|0x0000000715000000, 0x0000000715200000, 0x0000000715200000|100%| O|  |TAMS 0x0000000715000000, 0x0000000715000000| Untracked 
| 131|0x0000000715200000, 0x0000000715400000, 0x0000000715400000|100%| O|  |TAMS 0x0000000715200000, 0x0000000715200000| Untracked 
| 132|0x0000000715400000, 0x0000000715600000, 0x0000000715600000|100%| O|  |TAMS 0x0000000715400000, 0x0000000715400000| Untracked 
| 133|0x0000000715600000, 0x0000000715800000, 0x0000000715800000|100%| O|  |TAMS 0x0000000715600000, 0x0000000715600000| Untracked 
| 134|0x0000000715800000, 0x0000000715a00000, 0x0000000715a00000|100%| O|  |TAMS 0x0000000715800000, 0x0000000715800000| Untracked 
| 135|0x0000000715a00000, 0x0000000715c00000, 0x0000000715c00000|100%| O|  |TAMS 0x0000000715a00000, 0x0000000715a00000| Untracked 
| 136|0x0000000715c00000, 0x0000000715e00000, 0x0000000715e00000|100%| O|  |TAMS 0x0000000715c00000, 0x0000000715c00000| Untracked 
| 137|0x0000000715e00000, 0x0000000716000000, 0x0000000716000000|100%| O|  |TAMS 0x0000000715e00000, 0x0000000715e00000| Untracked 
| 138|0x0000000716000000, 0x0000000716200000, 0x0000000716200000|100%| O|  |TAMS 0x0000000716000000, 0x0000000716000000| Untracked 
| 139|0x0000000716200000, 0x0000000716400000, 0x0000000716400000|100%| O|  |TAMS 0x0000000716200000, 0x0000000716200000| Untracked 
| 140|0x0000000716400000, 0x0000000716600000, 0x0000000716600000|100%| O|  |TAMS 0x0000000716400000, 0x0000000716400000| Untracked 
| 141|0x0000000716600000, 0x0000000716800000, 0x0000000716800000|100%| O|  |TAMS 0x0000000716600000, 0x0000000716600000| Untracked 
| 142|0x0000000716800000, 0x0000000716a00000, 0x0000000716a00000|100%| O|  |TAMS 0x0000000716800000, 0x0000000716800000| Untracked 
| 143|0x0000000716a00000, 0x0000000716c00000, 0x0000000716c00000|100%| O|  |TAMS 0x0000000716a00000, 0x0000000716a00000| Untracked 
| 144|0x0000000716c00000, 0x0000000716e00000, 0x0000000716e00000|100%| O|  |TAMS 0x0000000716c00000, 0x0000000716c00000| Untracked 
| 145|0x0000000716e00000, 0x0000000717000000, 0x0000000717000000|100%| O|  |TAMS 0x0000000716e00000, 0x0000000716e00000| Untracked 
| 146|0x0000000717000000, 0x0000000717200000, 0x0000000717200000|100%| O|  |TAMS 0x0000000717000000, 0x0000000717000000| Untracked 
| 147|0x0000000717200000, 0x0000000717400000, 0x0000000717400000|100%| O|  |TAMS 0x0000000717200000, 0x0000000717200000| Untracked 
| 148|0x0000000717400000, 0x0000000717600000, 0x0000000717600000|100%| O|  |TAMS 0x0000000717400000, 0x0000000717400000| Untracked 
| 149|0x0000000717600000, 0x0000000717800000, 0x0000000717800000|100%| O|  |TAMS 0x0000000717600000, 0x0000000717600000| Untracked 
| 150|0x0000000717800000, 0x0000000717a00000, 0x0000000717a00000|100%| O|  |TAMS 0x0000000717800000, 0x0000000717800000| Untracked 
| 151|0x0000000717a00000, 0x0000000717c00000, 0x0000000717c00000|100%| O|  |TAMS 0x0000000717a00000, 0x0000000717a00000| Untracked 
| 152|0x0000000717c00000, 0x0000000717e00000, 0x0000000717e00000|100%| O|  |TAMS 0x0000000717c00000, 0x0000000717c00000| Untracked 
| 153|0x0000000717e00000, 0x0000000717f80400, 0x0000000718000000| 75%| O|  |TAMS 0x0000000717e00000, 0x0000000717e00000| Untracked 
| 154|0x0000000718000000, 0x0000000718000000, 0x0000000718200000|  0%| F|  |TAMS 0x0000000718000000, 0x0000000718000000| Untracked 
| 155|0x0000000718200000, 0x0000000718200000, 0x0000000718400000|  0%| F|  |TAMS 0x0000000718200000, 0x0000000718200000| Untracked 
| 156|0x0000000718400000, 0x0000000718400000, 0x0000000718600000|  0%| F|  |TAMS 0x0000000718400000, 0x0000000718400000| Untracked 
| 157|0x0000000718600000, 0x0000000718600000, 0x0000000718800000|  0%| F|  |TAMS 0x0000000718600000, 0x0000000718600000| Untracked 
| 158|0x0000000718800000, 0x0000000718800000, 0x0000000718a00000|  0%| F|  |TAMS 0x0000000718800000, 0x0000000718800000| Untracked 
| 159|0x0000000718a00000, 0x0000000718a00000, 0x0000000718c00000|  0%| F|  |TAMS 0x0000000718a00000, 0x0000000718a00000| Untracked 
| 160|0x0000000718c00000, 0x0000000718c00000, 0x0000000718e00000|  0%| F|  |TAMS 0x0000000718c00000, 0x0000000718c00000| Untracked 
| 161|0x0000000718e00000, 0x0000000718e00000, 0x0000000719000000|  0%| F|  |TAMS 0x0000000718e00000, 0x0000000718e00000| Untracked 
| 162|0x0000000719000000, 0x0000000719000000, 0x0000000719200000|  0%| F|  |TAMS 0x0000000719000000, 0x0000000719000000| Untracked 
| 163|0x0000000719200000, 0x0000000719200000, 0x0000000719400000|  0%| F|  |TAMS 0x0000000719200000, 0x0000000719200000| Untracked 
| 164|0x0000000719400000, 0x0000000719400000, 0x0000000719600000|  0%| F|  |TAMS 0x0000000719400000, 0x0000000719400000| Untracked 
| 165|0x0000000719600000, 0x0000000719600000, 0x0000000719800000|  0%| F|  |TAMS 0x0000000719600000, 0x0000000719600000| Untracked 
| 166|0x0000000719800000, 0x0000000719800000, 0x0000000719a00000|  0%| F|  |TAMS 0x0000000719800000, 0x0000000719800000| Untracked 
| 167|0x0000000719a00000, 0x0000000719a00000, 0x0000000719c00000|  0%| F|  |TAMS 0x0000000719a00000, 0x0000000719a00000| Untracked 
| 168|0x0000000719c00000, 0x0000000719c00000, 0x0000000719e00000|  0%| F|  |TAMS 0x0000000719c00000, 0x0000000719c00000| Untracked 
| 169|0x0000000719e00000, 0x0000000719e00000, 0x000000071a000000|  0%| F|  |TAMS 0x0000000719e00000, 0x0000000719e00000| Untracked 
| 170|0x000000071a000000, 0x000000071a000000, 0x000000071a200000|  0%| F|  |TAMS 0x000000071a000000, 0x000000071a000000| Untracked 
| 171|0x000000071a200000, 0x000000071a200000, 0x000000071a400000|  0%| F|  |TAMS 0x000000071a200000, 0x000000071a200000| Untracked 
| 172|0x000000071a400000, 0x000000071a400000, 0x000000071a600000|  0%| F|  |TAMS 0x000000071a400000, 0x000000071a400000| Untracked 
| 173|0x000000071a600000, 0x000000071a600000, 0x000000071a800000|  0%| F|  |TAMS 0x000000071a600000, 0x000000071a600000| Untracked 
| 174|0x000000071a800000, 0x000000071a800000, 0x000000071aa00000|  0%| F|  |TAMS 0x000000071a800000, 0x000000071a800000| Untracked 
| 175|0x000000071aa00000, 0x000000071aa00000, 0x000000071ac00000|  0%| F|  |TAMS 0x000000071aa00000, 0x000000071aa00000| Untracked 
| 176|0x000000071ac00000, 0x000000071ac00000, 0x000000071ae00000|  0%| F|  |TAMS 0x000000071ac00000, 0x000000071ac00000| Untracked 
| 177|0x000000071ae00000, 0x000000071ae00000, 0x000000071b000000|  0%| F|  |TAMS 0x000000071ae00000, 0x000000071ae00000| Untracked 
| 178|0x000000071b000000, 0x000000071b000000, 0x000000071b200000|  0%| F|  |TAMS 0x000000071b000000, 0x000000071b000000| Untracked 
| 179|0x000000071b200000, 0x000000071b200000, 0x000000071b400000|  0%| F|  |TAMS 0x000000071b200000, 0x000000071b200000| Untracked 
| 180|0x000000071b400000, 0x000000071b400000, 0x000000071b600000|  0%| F|  |TAMS 0x000000071b400000, 0x000000071b400000| Untracked 
| 181|0x000000071b600000, 0x000000071b728530, 0x000000071b800000| 57%| S|CS|TAMS 0x000000071b600000, 0x000000071b600000| Complete 
| 182|0x000000071b800000, 0x000000071ba00000, 0x000000071ba00000|100%| S|CS|TAMS 0x000000071b800000, 0x000000071b800000| Complete 
| 183|0x000000071ba00000, 0x000000071bc00000, 0x000000071bc00000|100%| S|CS|TAMS 0x000000071ba00000, 0x000000071ba00000| Complete 
| 184|0x000000071bc00000, 0x000000071bc00000, 0x000000071be00000|  0%| F|  |TAMS 0x000000071bc00000, 0x000000071bc00000| Untracked 
| 185|0x000000071be00000, 0x000000071c000000, 0x000000071c000000|100%| S|CS|TAMS 0x000000071be00000, 0x000000071be00000| Complete 
| 186|0x000000071c000000, 0x000000071c000000, 0x000000071c200000|  0%| F|  |TAMS 0x000000071c000000, 0x000000071c000000| Untracked 
| 187|0x000000071c200000, 0x000000071c400000, 0x000000071c400000|100%| S|CS|TAMS 0x000000071c200000, 0x000000071c200000| Complete 
| 188|0x000000071c400000, 0x000000071c600000, 0x000000071c600000|100%| S|CS|TAMS 0x000000071c400000, 0x000000071c400000| Complete 
| 189|0x000000071c600000, 0x000000071c600000, 0x000000071c800000|  0%| F|  |TAMS 0x000000071c600000, 0x000000071c600000| Untracked 
| 190|0x000000071c800000, 0x000000071c800000, 0x000000071ca00000|  0%| F|  |TAMS 0x000000071c800000, 0x000000071c800000| Untracked 
| 191|0x000000071ca00000, 0x000000071ca00000, 0x000000071cc00000|  0%| F|  |TAMS 0x000000071ca00000, 0x000000071ca00000| Untracked 
| 192|0x000000071cc00000, 0x000000071cc00000, 0x000000071ce00000|  0%| F|  |TAMS 0x000000071cc00000, 0x000000071cc00000| Untracked 
| 193|0x000000071ce00000, 0x000000071ce00000, 0x000000071d000000|  0%| F|  |TAMS 0x000000071ce00000, 0x000000071ce00000| Untracked 
| 194|0x000000071d000000, 0x000000071d000000, 0x000000071d200000|  0%| F|  |TAMS 0x000000071d000000, 0x000000071d000000| Untracked 
| 195|0x000000071d200000, 0x000000071d200000, 0x000000071d400000|  0%| F|  |TAMS 0x000000071d200000, 0x000000071d200000| Untracked 
| 196|0x000000071d400000, 0x000000071d400000, 0x000000071d600000|  0%| F|  |TAMS 0x000000071d400000, 0x000000071d400000| Untracked 
| 197|0x000000071d600000, 0x000000071d600000, 0x000000071d800000|  0%| F|  |TAMS 0x000000071d600000, 0x000000071d600000| Untracked 
| 198|0x000000071d800000, 0x000000071d800000, 0x000000071da00000|  0%| F|  |TAMS 0x000000071d800000, 0x000000071d800000| Untracked 
| 199|0x000000071da00000, 0x000000071da00000, 0x000000071dc00000|  0%| F|  |TAMS 0x000000071da00000, 0x000000071da00000| Untracked 
| 200|0x000000071dc00000, 0x000000071dc00000, 0x000000071de00000|  0%| F|  |TAMS 0x000000071dc00000, 0x000000071dc00000| Untracked 
| 201|0x000000071de00000, 0x000000071de00000, 0x000000071e000000|  0%| F|  |TAMS 0x000000071de00000, 0x000000071de00000| Untracked 
| 202|0x000000071e000000, 0x000000071e000000, 0x000000071e200000|  0%| F|  |TAMS 0x000000071e000000, 0x000000071e000000| Untracked 
| 203|0x000000071e200000, 0x000000071e300800, 0x000000071e400000| 50%| E|  |TAMS 0x000000071e200000, 0x000000071e200000| Complete 
| 204|0x000000071e400000, 0x000000071e600000, 0x000000071e600000|100%| E|CS|TAMS 0x000000071e400000, 0x000000071e400000| Complete 
| 205|0x000000071e600000, 0x000000071e800000, 0x000000071e800000|100%| E|CS|TAMS 0x000000071e600000, 0x000000071e600000| Complete 
| 206|0x000000071e800000, 0x000000071ea00000, 0x000000071ea00000|100%| E|CS|TAMS 0x000000071e800000, 0x000000071e800000| Complete 
| 207|0x000000071ea00000, 0x000000071ec00000, 0x000000071ec00000|100%| E|CS|TAMS 0x000000071ea00000, 0x000000071ea00000| Complete 
| 208|0x000000071ec00000, 0x000000071ee00000, 0x000000071ee00000|100%| E|CS|TAMS 0x000000071ec00000, 0x000000071ec00000| Complete 
| 209|0x000000071ee00000, 0x000000071f000000, 0x000000071f000000|100%| E|CS|TAMS 0x000000071ee00000, 0x000000071ee00000| Complete 
| 210|0x000000071f000000, 0x000000071f200000, 0x000000071f200000|100%| E|CS|TAMS 0x000000071f000000, 0x000000071f000000| Complete 
| 211|0x000000071f200000, 0x000000071f400000, 0x000000071f400000|100%| E|CS|TAMS 0x000000071f200000, 0x000000071f200000| Complete 
| 212|0x000000071f400000, 0x000000071f600000, 0x000000071f600000|100%| E|CS|TAMS 0x000000071f400000, 0x000000071f400000| Complete 
| 213|0x000000071f600000, 0x000000071f800000, 0x000000071f800000|100%| E|CS|TAMS 0x000000071f600000, 0x000000071f600000| Complete 
| 214|0x000000071f800000, 0x000000071fa00000, 0x000000071fa00000|100%| E|CS|TAMS 0x000000071f800000, 0x000000071f800000| Complete 
| 215|0x000000071fa00000, 0x000000071fc00000, 0x000000071fc00000|100%| E|CS|TAMS 0x000000071fa00000, 0x000000071fa00000| Complete 
| 216|0x000000071fc00000, 0x000000071fe00000, 0x000000071fe00000|100%| E|CS|TAMS 0x000000071fc00000, 0x000000071fc00000| Complete 
| 217|0x000000071fe00000, 0x0000000720000000, 0x0000000720000000|100%| E|CS|TAMS 0x000000071fe00000, 0x000000071fe00000| Complete 
| 218|0x0000000720000000, 0x0000000720200000, 0x0000000720200000|100%| E|CS|TAMS 0x0000000720000000, 0x0000000720000000| Complete 
| 219|0x0000000720200000, 0x0000000720400000, 0x0000000720400000|100%| E|CS|TAMS 0x0000000720200000, 0x0000000720200000| Complete 
| 220|0x0000000720400000, 0x0000000720600000, 0x0000000720600000|100%| E|CS|TAMS 0x0000000720400000, 0x0000000720400000| Complete 
| 221|0x0000000720600000, 0x0000000720800000, 0x0000000720800000|100%| E|CS|TAMS 0x0000000720600000, 0x0000000720600000| Complete 
| 222|0x0000000720800000, 0x0000000720a00000, 0x0000000720a00000|100%| E|CS|TAMS 0x0000000720800000, 0x0000000720800000| Complete 
| 223|0x0000000720a00000, 0x0000000720c00000, 0x0000000720c00000|100%| E|CS|TAMS 0x0000000720a00000, 0x0000000720a00000| Complete 
| 224|0x0000000720c00000, 0x0000000720e00000, 0x0000000720e00000|100%| E|CS|TAMS 0x0000000720c00000, 0x0000000720c00000| Complete 
| 225|0x0000000720e00000, 0x0000000721000000, 0x0000000721000000|100%| E|CS|TAMS 0x0000000720e00000, 0x0000000720e00000| Complete 
| 226|0x0000000721000000, 0x0000000721200000, 0x0000000721200000|100%| E|CS|TAMS 0x0000000721000000, 0x0000000721000000| Complete 
| 227|0x0000000721200000, 0x0000000721400000, 0x0000000721400000|100%| E|CS|TAMS 0x0000000721200000, 0x0000000721200000| Complete 
| 228|0x0000000721400000, 0x0000000721600000, 0x0000000721600000|100%| E|CS|TAMS 0x0000000721400000, 0x0000000721400000| Complete 
| 229|0x0000000721600000, 0x0000000721800000, 0x0000000721800000|100%| E|CS|TAMS 0x0000000721600000, 0x0000000721600000| Complete 
| 230|0x0000000721800000, 0x0000000721a00000, 0x0000000721a00000|100%| E|CS|TAMS 0x0000000721800000, 0x0000000721800000| Complete 
| 231|0x0000000721a00000, 0x0000000721c00000, 0x0000000721c00000|100%| E|CS|TAMS 0x0000000721a00000, 0x0000000721a00000| Complete 
| 232|0x0000000721c00000, 0x0000000721e00000, 0x0000000721e00000|100%| E|CS|TAMS 0x0000000721c00000, 0x0000000721c00000| Complete 
| 233|0x0000000721e00000, 0x0000000722000000, 0x0000000722000000|100%| E|CS|TAMS 0x0000000721e00000, 0x0000000721e00000| Complete 
| 234|0x0000000722000000, 0x0000000722200000, 0x0000000722200000|100%| E|CS|TAMS 0x0000000722000000, 0x0000000722000000| Complete 
| 235|0x0000000722200000, 0x0000000722400000, 0x0000000722400000|100%| E|CS|TAMS 0x0000000722200000, 0x0000000722200000| Complete 
| 236|0x0000000722400000, 0x0000000722600000, 0x0000000722600000|100%| E|CS|TAMS 0x0000000722400000, 0x0000000722400000| Complete 
| 237|0x0000000722600000, 0x0000000722800000, 0x0000000722800000|100%| E|CS|TAMS 0x0000000722600000, 0x0000000722600000| Complete 
| 238|0x0000000722800000, 0x0000000722a00000, 0x0000000722a00000|100%| E|CS|TAMS 0x0000000722800000, 0x0000000722800000| Complete 
| 239|0x0000000722a00000, 0x0000000722c00000, 0x0000000722c00000|100%| E|CS|TAMS 0x0000000722a00000, 0x0000000722a00000| Complete 
| 240|0x0000000722c00000, 0x0000000722e00000, 0x0000000722e00000|100%| E|CS|TAMS 0x0000000722c00000, 0x0000000722c00000| Complete 
| 241|0x0000000722e00000, 0x0000000723000000, 0x0000000723000000|100%| E|CS|TAMS 0x0000000722e00000, 0x0000000722e00000| Complete 
| 242|0x0000000723000000, 0x0000000723200000, 0x0000000723200000|100%| E|CS|TAMS 0x0000000723000000, 0x0000000723000000| Complete 
| 243|0x0000000723200000, 0x0000000723400000, 0x0000000723400000|100%| E|CS|TAMS 0x0000000723200000, 0x0000000723200000| Complete 
| 244|0x0000000723400000, 0x0000000723600000, 0x0000000723600000|100%| E|CS|TAMS 0x0000000723400000, 0x0000000723400000| Complete 
| 245|0x0000000723600000, 0x0000000723800000, 0x0000000723800000|100%| E|CS|TAMS 0x0000000723600000, 0x0000000723600000| Complete 
| 246|0x0000000723800000, 0x0000000723a00000, 0x0000000723a00000|100%| E|CS|TAMS 0x0000000723800000, 0x0000000723800000| Complete 
| 247|0x0000000723a00000, 0x0000000723c00000, 0x0000000723c00000|100%| E|CS|TAMS 0x0000000723a00000, 0x0000000723a00000| Complete 
| 248|0x0000000723c00000, 0x0000000723e00000, 0x0000000723e00000|100%| E|CS|TAMS 0x0000000723c00000, 0x0000000723c00000| Complete 
| 249|0x0000000723e00000, 0x0000000724000000, 0x0000000724000000|100%| E|CS|TAMS 0x0000000723e00000, 0x0000000723e00000| Complete 
| 250|0x0000000724000000, 0x0000000724200000, 0x0000000724200000|100%| E|CS|TAMS 0x0000000724000000, 0x0000000724000000| Complete 
| 251|0x0000000724200000, 0x0000000724400000, 0x0000000724400000|100%| E|CS|TAMS 0x0000000724200000, 0x0000000724200000| Complete 
| 252|0x0000000724400000, 0x0000000724600000, 0x0000000724600000|100%| E|CS|TAMS 0x0000000724400000, 0x0000000724400000| Complete 
| 253|0x0000000724600000, 0x0000000724800000, 0x0000000724800000|100%| E|CS|TAMS 0x0000000724600000, 0x0000000724600000| Complete 
| 254|0x0000000724800000, 0x0000000724a00000, 0x0000000724a00000|100%| E|CS|TAMS 0x0000000724800000, 0x0000000724800000| Complete 
| 255|0x0000000724a00000, 0x0000000724c00000, 0x0000000724c00000|100%| E|CS|TAMS 0x0000000724a00000, 0x0000000724a00000| Complete 
| 256|0x0000000724c00000, 0x0000000724e00000, 0x0000000724e00000|100%| E|CS|TAMS 0x0000000724c00000, 0x0000000724c00000| Complete 
| 257|0x0000000724e00000, 0x0000000725000000, 0x0000000725000000|100%| E|CS|TAMS 0x0000000724e00000, 0x0000000724e00000| Complete 
| 258|0x0000000725000000, 0x0000000725200000, 0x0000000725200000|100%| E|CS|TAMS 0x0000000725000000, 0x0000000725000000| Complete 
| 259|0x0000000725200000, 0x0000000725400000, 0x0000000725400000|100%| E|CS|TAMS 0x0000000725200000, 0x0000000725200000| Complete 
| 260|0x0000000725400000, 0x0000000725600000, 0x0000000725600000|100%| E|CS|TAMS 0x0000000725400000, 0x0000000725400000| Complete 
| 261|0x0000000725600000, 0x0000000725800000, 0x0000000725800000|100%| E|CS|TAMS 0x0000000725600000, 0x0000000725600000| Complete 
| 262|0x0000000725800000, 0x0000000725a00000, 0x0000000725a00000|100%| E|CS|TAMS 0x0000000725800000, 0x0000000725800000| Complete 
| 263|0x0000000725a00000, 0x0000000725c00000, 0x0000000725c00000|100%| E|CS|TAMS 0x0000000725a00000, 0x0000000725a00000| Complete 
| 264|0x0000000725c00000, 0x0000000725e00000, 0x0000000725e00000|100%| E|CS|TAMS 0x0000000725c00000, 0x0000000725c00000| Complete 
| 265|0x0000000725e00000, 0x0000000726000000, 0x0000000726000000|100%| E|CS|TAMS 0x0000000725e00000, 0x0000000725e00000| Complete 
| 266|0x0000000726000000, 0x0000000726200000, 0x0000000726200000|100%| E|CS|TAMS 0x0000000726000000, 0x0000000726000000| Complete 
| 267|0x0000000726200000, 0x0000000726400000, 0x0000000726400000|100%| E|CS|TAMS 0x0000000726200000, 0x0000000726200000| Complete 
| 268|0x0000000726400000, 0x0000000726600000, 0x0000000726600000|100%| E|CS|TAMS 0x0000000726400000, 0x0000000726400000| Complete 
| 269|0x0000000726600000, 0x0000000726800000, 0x0000000726800000|100%| E|CS|TAMS 0x0000000726600000, 0x0000000726600000| Complete 
| 270|0x0000000726800000, 0x0000000726a00000, 0x0000000726a00000|100%| E|CS|TAMS 0x0000000726800000, 0x0000000726800000| Complete 
| 271|0x0000000726a00000, 0x0000000726c00000, 0x0000000726c00000|100%| E|CS|TAMS 0x0000000726a00000, 0x0000000726a00000| Complete 
| 272|0x0000000726c00000, 0x0000000726e00000, 0x0000000726e00000|100%| E|CS|TAMS 0x0000000726c00000, 0x0000000726c00000| Complete 
| 273|0x0000000726e00000, 0x0000000727000000, 0x0000000727000000|100%| E|CS|TAMS 0x0000000726e00000, 0x0000000726e00000| Complete 
| 274|0x0000000727000000, 0x0000000727200000, 0x0000000727200000|100%| E|CS|TAMS 0x0000000727000000, 0x0000000727000000| Complete 
| 275|0x0000000727200000, 0x0000000727400000, 0x0000000727400000|100%| E|CS|TAMS 0x0000000727200000, 0x0000000727200000| Complete 
| 276|0x0000000727400000, 0x0000000727600000, 0x0000000727600000|100%| E|CS|TAMS 0x0000000727400000, 0x0000000727400000| Complete 
| 277|0x0000000727600000, 0x0000000727800000, 0x0000000727800000|100%| E|CS|TAMS 0x0000000727600000, 0x0000000727600000| Complete 
| 278|0x0000000727800000, 0x0000000727a00000, 0x0000000727a00000|100%| E|CS|TAMS 0x0000000727800000, 0x0000000727800000| Complete 
| 279|0x0000000727a00000, 0x0000000727c00000, 0x0000000727c00000|100%| E|CS|TAMS 0x0000000727a00000, 0x0000000727a00000| Complete 
| 280|0x0000000727c00000, 0x0000000727e00000, 0x0000000727e00000|100%| E|CS|TAMS 0x0000000727c00000, 0x0000000727c00000| Complete 
|1997|0x00000007fe600000, 0x00000007fe800000, 0x00000007fe800000|100%| O|  |TAMS 0x00000007fe6ecc00, 0x00000007fe600000| Untracked 
|1998|0x00000007fe800000, 0x00000007fea00000, 0x00000007fea00000|100%| O|  |TAMS 0x00000007fea00000, 0x00000007fe800000| Untracked 
|1999|0x00000007fea00000, 0x00000007fec00000, 0x00000007fec00000|100%| O|  |TAMS 0x00000007fec00000, 0x00000007fea00000| Untracked 
|2000|0x00000007fec00000, 0x00000007fee00000, 0x00000007fee00000|100%| O|  |TAMS 0x00000007fee00000, 0x00000007fec00000| Untracked 
|2001|0x00000007fee00000, 0x00000007ff000000, 0x00000007ff000000|100%| O|  |TAMS 0x00000007ff000000, 0x00000007fee00000| Untracked 
|2002|0x00000007ff000000, 0x00000007ff200000, 0x00000007ff200000|100%| O|  |TAMS 0x00000007ff200000, 0x00000007ff000000| Untracked 
|2003|0x00000007ff200000, 0x00000007ff400000, 0x00000007ff400000|100%| O|  |TAMS 0x00000007ff400000, 0x00000007ff200000| Untracked 
|2004|0x00000007ff400000, 0x00000007ff600000, 0x00000007ff600000|100%| O|  |TAMS 0x00000007ff600000, 0x00000007ff400000| Untracked 
|2005|0x00000007ff600000, 0x00000007ff800000, 0x00000007ff800000|100%| O|  |TAMS 0x00000007ff800000, 0x00000007ff600000| Untracked 
|2006|0x00000007ff800000, 0x00000007ffa00000, 0x00000007ffa00000|100%| O|  |TAMS 0x00000007ffa00000, 0x00000007ff800000| Untracked 
|2007|0x00000007ffa00000, 0x00000007ffc00000, 0x00000007ffc00000|100%| O|  |TAMS 0x00000007ffc00000, 0x00000007ffa00000| Untracked 
|2008|0x00000007ffc00000, 0x00000007ffe00000, 0x00000007ffe00000|100%| O|  |TAMS 0x00000007ffe00000, 0x00000007ffc00000| Untracked 
|2009|0x00000007ffe00000, 0x0000000800000000, 0x0000000800000000|100%| O|  |TAMS 0x0000000800000000, 0x00000007ffe00000| Untracked 

Card table byte_map: [0x0000020e0f7e0000,0x0000020e0ffc0000] _byte_map_base: 0x0000020e0bfba000

Marking Bits (Prev, Next): (CMBitMap*) 0x0000020e77c1ef20, (CMBitMap*) 0x0000020e77c1ef60
 Prev Bits: [0x0000020e107a0000, 0x0000020e14670000)
 Next Bits: [0x0000020e14670000, 0x0000020e18540000)

Polling page: 0x0000020e75b30000

Metaspace:

Usage:
  Non-class:    113.61 MB used.
      Class:     16.44 MB used.
       Both:    130.05 MB used.

Virtual space:
  Non-class space:      128.00 MB reserved,     113.88 MB ( 89%) committed,  2 nodes.
      Class space:        1.00 GB reserved,      16.75 MB (  2%) committed,  1 nodes.
             Both:        1.12 GB reserved,     130.62 MB ( 11%) committed. 

Chunk freelists:
   Non-Class:  14.06 MB
       Class:  15.27 MB
        Both:  29.33 MB

MaxMetaspaceSize: unlimited
CompressedClassSpaceSize: 1.00 GB
Initial GC threshold: 21.00 MB
Current GC threshold: 178.06 MB
CDS: on
MetaspaceReclaimPolicy: balanced
 - commit_granule_bytes: 65536.
 - commit_granule_words: 8192.
 - virtual_space_node_default_size: 8388608.
 - enlarge_chunks_in_place: 1.
 - new_chunks_are_fully_committed: 0.
 - uncommit_free_chunks: 1.
 - use_allocation_guard: 0.
 - handle_deallocations: 1.


Internal statistics:

num_allocs_failed_limit: 11.
num_arena_births: 980.
num_arena_deaths: 0.
num_vsnodes_births: 3.
num_vsnodes_deaths: 0.
num_space_committed: 2091.
num_space_uncommitted: 0.
num_chunks_returned_to_freelist: 11.
num_chunks_taken_from_freelist: 5762.
num_chunk_merges: 11.
num_chunk_splits: 4473.
num_chunks_enlarged: 3756.
num_inconsistent_stats: 0.

CodeHeap 'non-profiled nmethods': size=119168Kb used=15102Kb max_used=15102Kb free=104065Kb
 bounds [0x0000020e07ba0000, 0x0000020e08a60000, 0x0000020e0f000000]
CodeHeap 'profiled nmethods': size=119104Kb used=25350Kb max_used=25350Kb free=93753Kb
 bounds [0x0000020e00000000, 0x0000020e018d0000, 0x0000020e07450000]
CodeHeap 'non-nmethods': size=7488Kb used=3161Kb max_used=3236Kb free=4326Kb
 bounds [0x0000020e07450000, 0x0000020e07790000, 0x0000020e07ba0000]
 total_blobs=14641 nmethods=13830 adapters=719
 compilation: enabled
              stopped_count=0, restarted_count=0
 full_count=0

Compilation events (20 events):
Event: 16.365 Thread 0x0000020e1ba76660 17666       3       java.time.LocalDateTime::compareTo (22 bytes)
Event: 16.365 Thread 0x0000020e1b950830 17667       3       java.time.LocalDateTime::compareTo0 (30 bytes)
Event: 16.365 Thread 0x0000020e1ba76b80 nmethod 17663 0x0000020e018b9790 code [0x0000020e018b9940, 0x0000020e018b9aa8]
Event: 16.366 Thread 0x0000020e1b950830 nmethod 17667 0x0000020e018b9b90 code [0x0000020e018b9d40, 0x0000020e018b9f58]
Event: 16.366 Thread 0x0000020e1ba76660 nmethod 17666 0x0000020e018ba090 code [0x0000020e018ba280, 0x0000020e018ba788]
Event: 16.366 Thread 0x0000020e1b950830 17668       3       org.springframework.scheduling.support.CronField$Type::get (11 bytes)
Event: 16.366 Thread 0x0000020e1ba76660 17669       3       java.time.ZonedDateTime::get (82 bytes)
Event: 16.366 Thread 0x0000020e1ba76b80 17670       3       java.time.LocalDateTime::get (45 bytes)
Event: 16.366 Thread 0x0000020e61211a50 nmethod 17665 0x0000020e018ba910 code [0x0000020e018bab00, 0x0000020e018bb168]
Event: 16.366 Thread 0x0000020e1b950830 nmethod 17668 0x0000020e018bb310 code [0x0000020e018bb4c0, 0x0000020e018bb6a8]
Event: 16.366 Thread 0x0000020e61211a50 17671       3       java.time.LocalTime::get0 (255 bytes)
Event: 16.366 Thread 0x0000020e1ba76b80 nmethod 17670 0x0000020e018bb790 code [0x0000020e018bb9e0, 0x0000020e018bc328]
Event: 16.366 Thread 0x0000020e1ba76660 nmethod 17669 0x0000020e018bc510 code [0x0000020e018bc700, 0x0000020e018bcc68]
Event: 16.366 Thread 0x0000020e61211a50 nmethod 17671 0x0000020e018bce10 code [0x0000020e018bd140, 0x0000020e018be1b8]
Event: 16.367 Thread 0x0000020e61211a50 17672       3       org.springframework.beans.support.ResourceEditorRegistrar::doRegisterEditor (32 bytes)
Event: 16.367 Thread 0x0000020e61211a50 nmethod 17672 0x0000020e018be690 code [0x0000020e018be880, 0x0000020e018bf0d8]
Event: 16.367 Thread 0x0000020e1b950830 17673       3       java.util.ArrayList::indexOfRange (71 bytes)
Event: 16.367 Thread 0x0000020e1b950830 nmethod 17673 0x0000020e018bf310 code [0x0000020e018bf4e0, 0x0000020e018bf9a8]
Event: 16.371 Thread 0x0000020e1b950830 17674       3       org.springframework.core.ResolvableType::isArray (59 bytes)
Event: 16.371 Thread 0x0000020e1b950830 nmethod 17674 0x0000020e018bfb90 code [0x0000020e018bfd80, 0x0000020e018c04c8]

GC Heap History (20 events):
Event: 14.219 GC heap before
{Heap before GC invocations=56 (full 0):
 garbage-first heap   total 501760K, used 417972K [0x0000000704c00000, 0x0000000800000000)
  region size 2048K, 55 young (112640K), 5 survivors (10240K)
 Metaspace       used 124827K, committed 125440K, reserved 1179648K
  class space    used 15914K, committed 16192K, reserved 1048576K
}
Event: 14.223 GC heap after
{Heap after GC invocations=57 (full 0):
 garbage-first heap   total 501760K, used 319547K [0x0000000704c00000, 0x0000000800000000)
  region size 2048K, 5 young (10240K), 5 survivors (10240K)
 Metaspace       used 124827K, committed 125440K, reserved 1179648K
  class space    used 15914K, committed 16192K, reserved 1048576K
}
Event: 14.393 GC heap before
{Heap before GC invocations=57 (full 0):
 garbage-first heap   total 501760K, used 421947K [0x0000000704c00000, 0x0000000800000000)
  region size 2048K, 55 young (112640K), 5 survivors (10240K)
 Metaspace       used 124963K, committed 125568K, reserved 1179648K
  class space    used 15921K, committed 16192K, reserved 1048576K
}
Event: 14.396 GC heap after
{Heap after GC invocations=58 (full 0):
 garbage-first heap   total 501760K, used 323683K [0x0000000704c00000, 0x0000000800000000)
  region size 2048K, 5 young (10240K), 5 survivors (10240K)
 Metaspace       used 124963K, committed 125568K, reserved 1179648K
  class space    used 15921K, committed 16192K, reserved 1048576K
}
Event: 14.561 GC heap before
{Heap before GC invocations=58 (full 0):
 garbage-first heap   total 501760K, used 426083K [0x0000000704c00000, 0x0000000800000000)
  region size 2048K, 55 young (112640K), 5 survivors (10240K)
 Metaspace       used 125177K, committed 125696K, reserved 1179648K
  class space    used 15941K, committed 16192K, reserved 1048576K
}
Event: 14.564 GC heap after
{Heap after GC invocations=59 (full 0):
 garbage-first heap   total 501760K, used 327670K [0x0000000704c00000, 0x0000000800000000)
  region size 2048K, 5 young (10240K), 5 survivors (10240K)
 Metaspace       used 125177K, committed 125696K, reserved 1179648K
  class space    used 15941K, committed 16192K, reserved 1048576K
}
Event: 14.773 GC heap before
{Heap before GC invocations=59 (full 0):
 garbage-first heap   total 501760K, used 428022K [0x0000000704c00000, 0x0000000800000000)
  region size 2048K, 54 young (110592K), 5 survivors (10240K)
 Metaspace       used 125995K, committed 126592K, reserved 1179648K
  class space    used 15980K, committed 16256K, reserved 1048576K
}
Event: 14.776 GC heap after
{Heap after GC invocations=60 (full 0):
 garbage-first heap   total 501760K, used 330897K [0x0000000704c00000, 0x0000000800000000)
  region size 2048K, 4 young (8192K), 4 survivors (8192K)
 Metaspace       used 125995K, committed 126592K, reserved 1179648K
  class space    used 15980K, committed 16256K, reserved 1048576K
}
Event: 14.950 GC heap before
{Heap before GC invocations=60 (full 0):
 garbage-first heap   total 501760K, used 431249K [0x0000000704c00000, 0x0000000800000000)
  region size 2048K, 53 young (108544K), 4 survivors (8192K)
 Metaspace       used 126575K, committed 127232K, reserved 1179648K
  class space    used 16014K, committed 16320K, reserved 1048576K
}
Event: 14.954 GC heap after
{Heap after GC invocations=61 (full 0):
 garbage-first heap   total 501760K, used 334118K [0x0000000704c00000, 0x0000000800000000)
  region size 2048K, 6 young (12288K), 6 survivors (12288K)
 Metaspace       used 126575K, committed 127232K, reserved 1179648K
  class space    used 16014K, committed 16320K, reserved 1048576K
}
Event: 15.108 GC heap before
{Heap before GC invocations=61 (full 0):
 garbage-first heap   total 501760K, used 432422K [0x0000000704c00000, 0x0000000800000000)
  region size 2048K, 54 young (110592K), 6 survivors (12288K)
 Metaspace       used 126807K, committed 127424K, reserved 1179648K
  class space    used 16028K, committed 16320K, reserved 1048576K
}
Event: 15.112 GC heap after
{Heap after GC invocations=62 (full 0):
 garbage-first heap   total 501760K, used 338115K [0x0000000704c00000, 0x0000000800000000)
  region size 2048K, 6 young (12288K), 6 survivors (12288K)
 Metaspace       used 126807K, committed 127424K, reserved 1179648K
  class space    used 16028K, committed 16320K, reserved 1048576K
}
Event: 15.262 GC heap before
{Heap before GC invocations=62 (full 0):
 garbage-first heap   total 501760K, used 434371K [0x0000000704c00000, 0x0000000800000000)
  region size 2048K, 53 young (108544K), 6 survivors (12288K)
 Metaspace       used 126835K, committed 127424K, reserved 1179648K
  class space    used 16029K, committed 16320K, reserved 1048576K
}
Event: 15.266 GC heap after
{Heap after GC invocations=63 (full 0):
 garbage-first heap   total 501760K, used 342347K [0x0000000704c00000, 0x0000000800000000)
  region size 2048K, 6 young (12288K), 6 survivors (12288K)
 Metaspace       used 126835K, committed 127424K, reserved 1179648K
  class space    used 16029K, committed 16320K, reserved 1048576K
}
Event: 15.431 GC heap before
{Heap before GC invocations=63 (full 0):
 garbage-first heap   total 501760K, used 436555K [0x0000000704c00000, 0x0000000800000000)
  region size 2048K, 52 young (106496K), 6 survivors (12288K)
 Metaspace       used 127304K, committed 127872K, reserved 1179648K
  class space    used 16057K, committed 16320K, reserved 1048576K
}
Event: 15.435 GC heap after
{Heap after GC invocations=64 (full 0):
 garbage-first heap   total 501760K, used 345430K [0x0000000704c00000, 0x0000000800000000)
  region size 2048K, 4 young (8192K), 4 survivors (8192K)
 Metaspace       used 127304K, committed 127872K, reserved 1179648K
  class space    used 16057K, committed 16320K, reserved 1048576K
}
Event: 15.565 GC heap before
{Heap before GC invocations=64 (full 0):
 garbage-first heap   total 501760K, used 437590K [0x0000000704c00000, 0x0000000800000000)
  region size 2048K, 49 young (100352K), 4 survivors (8192K)
 Metaspace       used 127477K, committed 128064K, reserved 1179648K
  class space    used 16068K, committed 16320K, reserved 1048576K
}
Event: 15.568 GC heap after
{Heap after GC invocations=65 (full 0):
 garbage-first heap   total 501760K, used 348293K [0x0000000704c00000, 0x0000000800000000)
  region size 2048K, 6 young (12288K), 6 survivors (12288K)
 Metaspace       used 127477K, committed 128064K, reserved 1179648K
  class space    used 16068K, committed 16320K, reserved 1048576K
}
Event: 15.834 GC heap before
{Heap before GC invocations=65 (full 0):
 garbage-first heap   total 501760K, used 436357K [0x0000000704c00000, 0x0000000800000000)
  region size 2048K, 49 young (100352K), 6 survivors (12288K)
 Metaspace       used 129024K, committed 129664K, reserved 1179648K
  class space    used 16244K, committed 16576K, reserved 1048576K
}
Event: 15.838 GC heap after
{Heap after GC invocations=66 (full 0):
 garbage-first heap   total 602112K, used 352930K [0x0000000704c00000, 0x0000000800000000)
  region size 2048K, 6 young (12288K), 6 survivors (12288K)
 Metaspace       used 129024K, committed 129664K, reserved 1179648K
  class space    used 16244K, committed 16576K, reserved 1048576K
}

Deoptimization events (20 events):
Event: 16.369 Thread 0x0000020e77bb15d0 Uncommon trap: trap_request=0xffffffde fr.pc=0x0000020e0895d92c relative=0x000000000000294c
Event: 16.369 Thread 0x0000020e77bb15d0 Uncommon trap: reason=class_check action=maybe_recompile pc=0x0000020e0895d92c method=org.springframework.core.ResolvableType.resolveType()Lorg/springframework/core/ResolvableType; @ 44 c2
Event: 16.369 Thread 0x0000020e77bb15d0 DEOPT PACKING pc=0x0000020e0895d92c sp=0x000000aea4afadd0
Event: 16.369 Thread 0x0000020e77bb15d0 DEOPT UNPACKING pc=0x0000020e074a23a3 sp=0x000000aea4aface0 mode 2
Event: 16.369 Thread 0x0000020e77bb15d0 Uncommon trap: trap_request=0xffffffde fr.pc=0x0000020e088b3dec relative=0x000000000000072c
Event: 16.369 Thread 0x0000020e77bb15d0 Uncommon trap: reason=class_check action=maybe_recompile pc=0x0000020e088b3dec method=org.springframework.core.ResolvableType.resolveType()Lorg/springframework/core/ResolvableType; @ 44 c2
Event: 16.369 Thread 0x0000020e77bb15d0 DEOPT PACKING pc=0x0000020e088b3dec sp=0x000000aea4afae20
Event: 16.369 Thread 0x0000020e77bb15d0 DEOPT UNPACKING pc=0x0000020e074a23a3 sp=0x000000aea4afad68 mode 2
Event: 16.371 Thread 0x0000020e77bb15d0 Uncommon trap: trap_request=0xffffffde fr.pc=0x0000020e0890b9ac relative=0x000000000000068c
Event: 16.371 Thread 0x0000020e77bb15d0 Uncommon trap: reason=class_check action=maybe_recompile pc=0x0000020e0890b9ac method=org.springframework.core.ResolvableType.resolveType()Lorg/springframework/core/ResolvableType; @ 44 c2
Event: 16.371 Thread 0x0000020e77bb15d0 DEOPT PACKING pc=0x0000020e0890b9ac sp=0x000000aea4afad30
Event: 16.371 Thread 0x0000020e77bb15d0 DEOPT UNPACKING pc=0x0000020e074a23a3 sp=0x000000aea4afacf0 mode 2
Event: 16.371 Thread 0x0000020e77bb15d0 Uncommon trap: trap_request=0xffffffc6 fr.pc=0x0000020e082c54ac relative=0x00000000000005ac
Event: 16.371 Thread 0x0000020e77bb15d0 Uncommon trap: reason=bimorphic_or_optimized_type_check action=maybe_recompile pc=0x0000020e082c54ac method=java.util.Collections$UnmodifiableList.hashCode()I @ 4 c2
Event: 16.371 Thread 0x0000020e77bb15d0 DEOPT PACKING pc=0x0000020e082c54ac sp=0x000000aea4afbbe0
Event: 16.371 Thread 0x0000020e77bb15d0 DEOPT UNPACKING pc=0x0000020e074a23a3 sp=0x000000aea4afbb90 mode 2
Event: 16.371 Thread 0x0000020e77bb15d0 Uncommon trap: trap_request=0xffffffc6 fr.pc=0x0000020e082c54ac relative=0x00000000000005ac
Event: 16.371 Thread 0x0000020e77bb15d0 Uncommon trap: reason=bimorphic_or_optimized_type_check action=maybe_recompile pc=0x0000020e082c54ac method=java.util.Collections$UnmodifiableList.hashCode()I @ 4 c2
Event: 16.371 Thread 0x0000020e77bb15d0 DEOPT PACKING pc=0x0000020e082c54ac sp=0x000000aea4afbbe0
Event: 16.371 Thread 0x0000020e77bb15d0 DEOPT UNPACKING pc=0x0000020e074a23a3 sp=0x000000aea4afbb90 mode 2

Classes unloaded (0 events):
No events

Classes redefined (0 events):
No events

Internal exceptions (20 events):
Event: 15.848 Thread 0x0000020e77bb15d0 Exception <a 'java/lang/NoSuchMethodError'{0x0000000727812a00}: 'java.lang.Object java.lang.invoke.DirectMethodHandle$Holder.invokeVirtual(java.lang.Object, java.lang.Object, java.lang.Object, int)'> (0x0000000727812a00) 
thrown [s\open\src\hotspot\share\interpreter\linkResolver.cpp, line 759]
Event: 15.901 Thread 0x0000020e77bb15d0 Exception <a 'java/lang/NoSuchMethodError'{0x000000072750a578}: 'java.lang.Object java.lang.invoke.DirectMethodHandle$Holder.invokeVirtual(java.lang.Object, java.lang.Object, int)'> (0x000000072750a578) 
thrown [s\open\src\hotspot\share\interpreter\linkResolver.cpp, line 759]
Event: 15.961 Thread 0x0000020e77bb15d0 Exception <a 'java/lang/IncompatibleClassChangeError'{0x0000000726f4e328}: Found class java.lang.Object, but interface was expected> (0x0000000726f4e328) 
thrown [s\open\src\hotspot\share\interpreter\linkResolver.cpp, line 826]
Event: 16.053 Thread 0x0000020e77bb15d0 Exception <a 'java/lang/NoSuchMethodError'{0x00000007262444f8}: 'void java.lang.invoke.DirectMethodHandle$Holder.invokeVirtual(java.lang.Object, java.lang.Object, int)'> (0x00000007262444f8) 
thrown [s\open\src\hotspot\share\interpreter\linkResolver.cpp, line 759]
Event: 16.066 Thread 0x0000020e77bb15d0 Exception <a 'java/lang/IncompatibleClassChangeError'{0x00000007260160a0}: Found class java.lang.Object, but interface was expected> (0x00000007260160a0) 
thrown [s\open\src\hotspot\share\interpreter\linkResolver.cpp, line 826]
Event: 16.080 Thread 0x0000020e77bb15d0 Implicit null exception at 0x0000020e089f52cc to 0x0000020e089f549c
Event: 16.335 Thread 0x0000020e77bb15d0 Exception <a 'java/lang/NoSuchMethodError'{0x000000071ed2d668}: 'void java.lang.invoke.DirectMethodHandle$Holder.invokeInterface(java.lang.Object, java.lang.Object, int)'> (0x000000071ed2d668) 
thrown [s\open\src\hotspot\share\interpreter\linkResolver.cpp, line 759]
Event: 16.336 Thread 0x0000020e77bb15d0 Exception <a 'java/lang/IncompatibleClassChangeError'{0x000000071ed3e320}: Found class java.lang.Object, but interface was expected> (0x000000071ed3e320) 
thrown [s\open\src\hotspot\share\interpreter\linkResolver.cpp, line 826]
Event: 16.336 Thread 0x0000020e77bb15d0 Exception <a 'java/lang/IncompatibleClassChangeError'{0x000000071ed45390}: Found class java.lang.Object, but interface was expected> (0x000000071ed45390) 
thrown [s\open\src\hotspot\share\interpreter\linkResolver.cpp, line 826]
Event: 16.336 Thread 0x0000020e77bb15d0 Exception <a 'java/lang/IncompatibleClassChangeError'{0x000000071ed4c898}: Found class java.lang.Object, but interface was expected> (0x000000071ed4c898) 
thrown [s\open\src\hotspot\share\interpreter\linkResolver.cpp, line 826]
Event: 16.336 Thread 0x0000020e77bb15d0 Exception <a 'java/lang/IncompatibleClassChangeError'{0x000000071ed54020}: Found class java.lang.Object, but interface was expected> (0x000000071ed54020) 
thrown [s\open\src\hotspot\share\interpreter\linkResolver.cpp, line 826]
Event: 16.337 Thread 0x0000020e77bb15d0 Exception <a 'java/lang/IncompatibleClassChangeError'{0x000000071ed62290}: Found class java.lang.Object, but interface was expected> (0x000000071ed62290) 
thrown [s\open\src\hotspot\share\interpreter\linkResolver.cpp, line 826]
Event: 16.337 Thread 0x0000020e77bb15d0 Exception <a 'java/lang/IncompatibleClassChangeError'{0x000000071ed7cae0}: Found class java.lang.Object, but interface was expected> (0x000000071ed7cae0) 
thrown [s\open\src\hotspot\share\interpreter\linkResolver.cpp, line 826]
Event: 16.337 Thread 0x0000020e77bb15d0 Exception <a 'java/lang/IncompatibleClassChangeError'{0x000000071ed80ca0}: Found class java.lang.Object, but interface was expected> (0x000000071ed80ca0) 
thrown [s\open\src\hotspot\share\interpreter\linkResolver.cpp, line 826]
Event: 16.338 Thread 0x0000020e77bb15d0 Exception <a 'java/lang/IncompatibleClassChangeError'{0x000000071ed918a0}: Found class java.lang.Object, but interface was expected> (0x000000071ed918a0) 
thrown [s\open\src\hotspot\share\interpreter\linkResolver.cpp, line 826]
Event: 16.338 Thread 0x0000020e77bb15d0 Exception <a 'java/lang/IncompatibleClassChangeError'{0x000000071ed98de8}: Found class java.lang.Object, but interface was expected> (0x000000071ed98de8) 
thrown [s\open\src\hotspot\share\interpreter\linkResolver.cpp, line 826]
Event: 16.339 Thread 0x0000020e77bb15d0 Exception <a 'java/lang/IncompatibleClassChangeError'{0x000000071eda40c0}: Found class java.lang.Object, but interface was expected> (0x000000071eda40c0) 
thrown [s\open\src\hotspot\share\interpreter\linkResolver.cpp, line 826]
Event: 16.339 Thread 0x0000020e77bb15d0 Exception <a 'java/lang/NoSuchMethodError'{0x000000071edace78}: 'void java.lang.invoke.DirectMethodHandle$Holder.invokeStatic(java.lang.Object, int, java.lang.Object)'> (0x000000071edace78) 
thrown [s\open\src\hotspot\share\interpreter\linkResolver.cpp, line 759]
Event: 16.359 Thread 0x0000020e77bb15d0 Exception <a 'java/lang/NoSuchMethodError'{0x000000071e62f780}: 'java.lang.Object java.lang.invoke.DirectMethodHandle$Holder.newInvokeSpecial(java.lang.Object, java.lang.Object, int, java.lang.Object, java.lang.Object)'> (0x000000071e62f780) 
thrown [s\open\src\hotspot\share\interpreter\linkResolver.cpp, line 759]
Event: 16.359 Thread 0x0000020e77bb15d0 Exception <a 'java/lang/NoSuchMethodError'{0x000000071e633e38}: 'java.lang.Object java.lang.invoke.DirectMethodHandle$Holder.invokeSpecial(java.lang.Object, java.lang.Object, java.lang.Object, int, java.lang.Object, java.lang.Object)'> (0x000000071e633e38) 
thrown [s\open\src\hotspot\share\interpreter\linkResolver.cpp, line 759]

VM Operations (20 events):
Event: 15.775 Executing VM operation: HandshakeAllThreads
Event: 15.775 Executing VM operation: HandshakeAllThreads done
Event: 15.780 Executing VM operation: HandshakeAllThreads
Event: 15.780 Executing VM operation: HandshakeAllThreads done
Event: 15.833 Executing VM operation: G1CollectForAllocation
Event: 15.838 Executing VM operation: G1CollectForAllocation done
Event: 15.934 Executing VM operation: HandshakeAllThreads
Event: 15.934 Executing VM operation: HandshakeAllThreads done
Event: 15.938 Executing VM operation: HandshakeAllThreads
Event: 15.938 Executing VM operation: HandshakeAllThreads done
Event: 15.939 Executing VM operation: HandshakeAllThreads
Event: 15.939 Executing VM operation: HandshakeAllThreads done
Event: 15.967 Executing VM operation: HandshakeAllThreads
Event: 15.967 Executing VM operation: HandshakeAllThreads done
Event: 15.998 Executing VM operation: HandshakeAllThreads
Event: 15.998 Executing VM operation: HandshakeAllThreads done
Event: 16.056 Executing VM operation: HandshakeAllThreads
Event: 16.056 Executing VM operation: HandshakeAllThreads done
Event: 16.368 Executing VM operation: ICBufferFull
Event: 16.368 Executing VM operation: ICBufferFull done

Events (20 events):
Event: 15.971 loading class sun/nio/fs/WindowsPath$1 done
Event: 15.971 loading class java/io/DeleteOnExitHook
Event: 15.971 loading class java/io/DeleteOnExitHook done
Event: 15.971 loading class java/io/DeleteOnExitHook$1
Event: 15.971 loading class java/io/DeleteOnExitHook$1 done
Event: 16.046 loading class java/security/KeyStoreException
Event: 16.046 loading class java/security/KeyStoreException done
Event: 16.046 loading class java/security/UnrecoverableKeyException
Event: 16.046 loading class java/security/UnrecoverableEntryException
Event: 16.046 loading class java/security/UnrecoverableEntryException done
Event: 16.046 loading class java/security/UnrecoverableKeyException done
Event: 16.364 loading class java/time/DayOfWeek
Event: 16.364 loading class java/time/DayOfWeek done
Event: 16.365 Thread 0x0000020e646ad5a0 Thread added: 0x0000020e646ad5a0
Event: 16.370 loading class java/util/IdentityHashMap$KeySpliterator
Event: 16.370 loading class java/util/IdentityHashMap$IdentityHashMapSpliterator
Event: 16.370 loading class java/util/IdentityHashMap$IdentityHashMapSpliterator done
Event: 16.370 loading class java/util/IdentityHashMap$KeySpliterator done
Event: 16.372 loading class java/net/InetAddress$CachedLocalHost
Event: 16.372 loading class java/net/InetAddress$CachedLocalHost done


Dynamic libraries:
0x00007ff7f0080000 - 0x00007ff7f0090000 	C:\Program Files\Java\jdk-17\bin\java.exe
0x00007ffea7a50000 - 0x00007ffea7c67000 	C:\Windows\SYSTEM32\ntdll.dll
0x00007ffea6540000 - 0x00007ffea6604000 	C:\Windows\System32\KERNEL32.DLL
0x00007ffea4e40000 - 0x00007ffea51ed000 	C:\Windows\System32\KERNELBASE.dll
0x00007ffea5290000 - 0x00007ffea53a1000 	C:\Windows\System32\ucrtbase.dll
0x00007ffe90e00000 - 0x00007ffe90e1b000 	C:\Program Files\Java\jdk-17\bin\VCRUNTIME140.dll
0x00007ffe90970000 - 0x00007ffe90989000 	C:\Program Files\Java\jdk-17\bin\jli.dll
0x00007ffea7360000 - 0x00007ffea7412000 	C:\Windows\System32\ADVAPI32.dll
0x00007ffea6610000 - 0x00007ffea66b7000 	C:\Windows\System32\msvcrt.dll
0x00007ffea5950000 - 0x00007ffea59f9000 	C:\Windows\System32\sechost.dll
0x00007ffea5260000 - 0x00007ffea5288000 	C:\Windows\System32\bcrypt.dll
0x00007ffea66c0000 - 0x00007ffea67d4000 	C:\Windows\System32\RPCRT4.dll
0x00007ffea71b0000 - 0x00007ffea735e000 	C:\Windows\System32\USER32.dll
0x00007ffea54d0000 - 0x00007ffea54f6000 	C:\Windows\System32\win32u.dll
0x00007ffea6500000 - 0x00007ffea6529000 	C:\Windows\System32\GDI32.dll
0x00007ffe8a5f0000 - 0x00007ffe8a883000 	C:\Windows\WinSxS\amd64_microsoft.windows.common-controls_6595b64144ccf1df_6.0.22621.3672_none_2713b9d173822955\COMCTL32.dll
0x00007ffea5670000 - 0x00007ffea5789000 	C:\Windows\System32\gdi32full.dll
0x00007ffea53b0000 - 0x00007ffea544a000 	C:\Windows\System32\msvcp_win.dll
0x00007ffe9fbb0000 - 0x00007ffe9fbba000 	C:\Windows\SYSTEM32\VERSION.dll
0x00007ffea5910000 - 0x00007ffea5941000 	C:\Windows\System32\IMM32.DLL
0x00007ffe911e0000 - 0x00007ffe911ec000 	C:\Program Files\Java\jdk-17\bin\vcruntime140_1.dll
0x00007ffe82410000 - 0x00007ffe8249e000 	C:\Program Files\Java\jdk-17\bin\msvcp140.dll
0x00007ffe104d0000 - 0x00007ffe110b0000 	C:\Program Files\Java\jdk-17\bin\server\jvm.dll
0x00007ffea68c0000 - 0x00007ffea68c8000 	C:\Windows\System32\PSAPI.DLL
0x00007ffe9c5a0000 - 0x00007ffe9c5d4000 	C:\Windows\SYSTEM32\WINMM.dll
0x00007ffe9e880000 - 0x00007ffe9e889000 	C:\Windows\SYSTEM32\WSOCK32.dll
0x00007ffea6480000 - 0x00007ffea64f1000 	C:\Windows\System32\WS2_32.dll
0x00007ffea3e60000 - 0x00007ffea3e78000 	C:\Windows\SYSTEM32\kernel.appcore.dll
0x00007ffe90f60000 - 0x00007ffe90f6a000 	C:\Program Files\Java\jdk-17\bin\jimage.dll
0x00007ffea1e00000 - 0x00007ffea2032000 	C:\Windows\SYSTEM32\DBGHELP.DLL
0x00007ffea7520000 - 0x00007ffea78a8000 	C:\Windows\System32\combase.dll
0x00007ffea78d0000 - 0x00007ffea79a7000 	C:\Windows\System32\OLEAUT32.dll
0x00007ffe82ff0000 - 0x00007ffe83022000 	C:\Windows\SYSTEM32\dbgcore.DLL
0x00007ffea5450000 - 0x00007ffea54cb000 	C:\Windows\System32\bcryptPrimitives.dll
0x00007ffe90100000 - 0x00007ffe90125000 	C:\Program Files\Java\jdk-17\bin\java.dll
0x00007ffe6c0f0000 - 0x00007ffe6c1c7000 	C:\Program Files\Java\jdk-17\bin\jsvml.dll
0x00007ffea5a60000 - 0x00007ffea62bf000 	C:\Windows\System32\SHELL32.dll
0x00007ffea2c80000 - 0x00007ffea357c000 	C:\Windows\SYSTEM32\windows.storage.dll
0x00007ffea2b40000 - 0x00007ffea2c7f000 	C:\Windows\SYSTEM32\wintypes.dll
0x00007ffea7420000 - 0x00007ffea7514000 	C:\Windows\System32\SHCORE.dll
0x00007ffea5a00000 - 0x00007ffea5a5e000 	C:\Windows\System32\shlwapi.dll
0x00007ffea4cb0000 - 0x00007ffea4cd1000 	C:\Windows\SYSTEM32\profapi.dll
0x00007ffe8fce0000 - 0x00007ffe8fcf9000 	C:\Program Files\Java\jdk-17\bin\net.dll
0x00007ffea0430000 - 0x00007ffea0566000 	C:\Windows\SYSTEM32\WINHTTP.dll
0x00007ffea42c0000 - 0x00007ffea4329000 	C:\Windows\system32\mswsock.dll
0x00007ffe8fbf0000 - 0x00007ffe8fc06000 	C:\Program Files\Java\jdk-17\bin\nio.dll
0x00007ffe8fbd0000 - 0x00007ffe8fbe8000 	C:\Program Files\Java\jdk-17\bin\zip.dll
0x00007ffe90df0000 - 0x00007ffe90dfa000 	C:\Program Files\Java\jdk-17\bin\management.dll
0x00007ffe90b00000 - 0x00007ffe90b0b000 	C:\Program Files\Java\jdk-17\bin\management_ext.dll
0x00007ffe90a10000 - 0x00007ffe90a1e000 	C:\Program Files\Java\jdk-17\bin\sunmscapi.dll
0x00007ffea5500000 - 0x00007ffea5667000 	C:\Windows\System32\CRYPT32.dll
0x00007ffea4710000 - 0x00007ffea473e000 	C:\Windows\SYSTEM32\ncrypt.dll
0x00007ffea46d0000 - 0x00007ffea4707000 	C:\Windows\SYSTEM32\NTASN1.dll
0x00007ffea4610000 - 0x00007ffea462b000 	C:\Windows\SYSTEM32\CRYPTSP.dll
0x00007ffea3d40000 - 0x00007ffea3d75000 	C:\Windows\system32\rsaenh.dll
0x00007ffea4360000 - 0x00007ffea4388000 	C:\Windows\SYSTEM32\USERENV.dll
0x00007ffea45f0000 - 0x00007ffea45fc000 	C:\Windows\SYSTEM32\CRYPTBASE.dll
0x00007ffea37e0000 - 0x00007ffea380d000 	C:\Windows\SYSTEM32\IPHLPAPI.DLL
0x00007ffea6a90000 - 0x00007ffea6a99000 	C:\Windows\System32\NSI.dll
0x00007ffe9fc30000 - 0x00007ffe9fc49000 	C:\Windows\SYSTEM32\dhcpcsvc6.DLL
0x00007ffe9fb80000 - 0x00007ffe9fb9f000 	C:\Windows\SYSTEM32\dhcpcsvc.DLL
0x00007ffea3810000 - 0x00007ffea3908000 	C:\Windows\SYSTEM32\DNSAPI.dll
0x00007ffe9c7d0000 - 0x00007ffe9c7da000 	C:\Windows\System32\rasadhlp.dll
0x00007ffe9cf10000 - 0x00007ffe9cf93000 	C:\Windows\System32\fwpuclnt.dll
0x00007ffe4ea20000 - 0x00007ffe4ea37000 	C:\Windows\system32\napinsp.dll
0x00007ffe4ea00000 - 0x00007ffe4ea1b000 	C:\Windows\system32\pnrpnsp.dll
0x00007ffe4e9e0000 - 0x00007ffe4e9f1000 	C:\Windows\System32\winrnr.dll
0x00007ffe9c970000 - 0x00007ffe9c985000 	C:\Windows\system32\wshbth.dll
0x00007ffe4e9b0000 - 0x00007ffe4e9d7000 	C:\Windows\system32\nlansp_c.dll

dbghelp: loaded successfully - version: 4.0.5 - missing functions: none
symbol engine: initialized successfully - sym options: 0x614 - pdb path: .;C:\Program Files\Java\jdk-17\bin;C:\Windows\SYSTEM32;C:\Windows\WinSxS\amd64_microsoft.windows.common-controls_6595b64144ccf1df_6.0.22621.3672_none_2713b9d173822955;C:\Program Files\Java\jdk-17\bin\server

VM Arguments:
jvm_args: -Dfile.encoding-UTF8 
java_command: C:\Users\AIO16\AppData\Local\Temp\surefire17780619700900902958\surefirebooter-20260519125241724_3.jar C:\Users\AIO16\AppData\Local\Temp\surefire17780619700900902958 2026-05-19T12-52-41_613-jvmRun1 surefire-20260519125241724_1tmp surefire_0-20260519125241724_2tmp
java_class_path (initial): C:\Users\AIO16\AppData\Local\Temp\surefire17780619700900902958\surefirebooter-20260519125241724_3.jar
Launcher Type: SUN_STANDARD

[Global flags]
     intx CICompilerCount                          = 12                                        {product} {ergonomic}
     uint ConcGCThreads                            = 4                                         {product} {ergonomic}
     uint G1ConcRefinementThreads                  = 15                                        {product} {ergonomic}
   size_t G1HeapRegionSize                         = 2097152                                   {product} {ergonomic}
    uintx GCDrainStackTargetSize                   = 64                                        {product} {ergonomic}
   size_t InitialHeapSize                          = 264241152                                 {product} {ergonomic}
   size_t MarkStackSize                            = 4194304                                   {product} {ergonomic}
   size_t MaxHeapSize                              = 4215275520                                {product} {ergonomic}
   size_t MaxNewSize                               = 2529165312                                {product} {ergonomic}
   size_t MinHeapDeltaBytes                        = 2097152                                   {product} {ergonomic}
   size_t MinHeapSize                              = 8388608                                   {product} {ergonomic}
    uintx NonNMethodCodeHeapSize                   = 7602480                                {pd product} {ergonomic}
    uintx NonProfiledCodeHeapSize                  = 122027880                              {pd product} {ergonomic}
    uintx ProfiledCodeHeapSize                     = 122027880                              {pd product} {ergonomic}
    uintx ReservedCodeCacheSize                    = 251658240                              {pd product} {ergonomic}
     bool SegmentedCodeCache                       = true                                      {product} {ergonomic}
   size_t SoftMaxHeapSize                          = 4215275520                             {manageable} {ergonomic}
     bool UseCompressedClassPointers               = true                           {product lp64_product} {ergonomic}
     bool UseCompressedOops                        = true                           {product lp64_product} {ergonomic}
     bool UseG1GC                                  = true                                      {product} {ergonomic}
     bool UseLargePagesIndividualAllocation        = false                                  {pd product} {ergonomic}

Logging:
Log output configuration:
 #0: stdout all=warning uptime,level,tags
 #1: stderr all=off uptime,level,tags

Environment Variables:
JAVA_HOME=C:\Program Files\Java\jdk1.8.0_202
JAVA_TOOL_OPTIONS=-Dfile.encoding-UTF8
PATH=D:/Project/sts-5.0.1.RELEASE//plugins/org.eclipse.justj.openjdk.hotspot.jre.full.win32.x86_64_25.0.1.v20251108-1451/jre/bin/server;D:/Project/sts-5.0.1.RELEASE//plugins/org.eclipse.justj.openjdk.hotspot.jre.full.win32.x86_64_25.0.1.v20251108-1451/jre/bin;C:\Program Files\Apache\Maven\apache-maven-3.9.14\bin;C:\Program Files\Java\jdk-17;C:\Program Files\Common Files\Oracle\Java\javapath;C:\Program Files (x86)\Common Files\Oracle\Java\java8path;C:\Program Files (x86)\Common Files\Oracle\Java\javapath;C:\Windows\system32;C:\Windows;C:\Windows\System32\Wbem;C:\Windows\System32\WindowsPowerShell\v1.0\;C:\Windows\System32\OpenSSH\;C:\Program Files\dotnet\;C:\Program Files\Git\cmd;C:\Program Files\nodejs\;C:\Users\AIO16\AppData\Local\Microsoft\WindowsApps;C:\Users\AIO16\AppData\Local\Programs\Microsoft VS Code\bin;C:\Users\AIO16\AppData\Local\GitHubDesktop\bin;C:\Users\AIO16\AppData\Roaming\npm;D:\Project\sts-5.0.1.RELEASE;
USERNAME=AIO16
OS=Windows_NT
PROCESSOR_IDENTIFIER=Intel64 Family 6 Model 191 Stepping 2, GenuineIntel



---------------  S Y S T E M  ---------------

OS:
 Windows 11 , 64 bit Build 22621 (10.0.22621.3672)
OS uptime: 20 days 16:52 hours
Hyper-V role detected

CPU: total 20 (initial active 20) (10 cores per cpu, 2 threads per core) family 6 model 191 stepping 2 microcode 0x3e, cx8, cmov, fxsr, ht, mmx, 3dnowpref, sse, sse2, sse3, ssse3, sse4.1, sse4.2, popcnt, lzcnt, tsc, tscinvbit, avx, avx2, aes, erms, clmul, bmi1, bmi2, adx, sha, fma, vzeroupper, clflush, clflushopt, clwb, hv

Memory: 4k page, system-wide physical 16072M (258M free)
TotalPageFile size 44753M (AvailPageFile size 6M)
current process WorkingSet (physical memory assigned to process): 914M, peak: 914M
current process commit charge ("private bytes"): 976M, peak: 979M

vm_info: Java HotSpot(TM) 64-Bit Server VM (17.0.12+8-LTS-286) for windows-amd64 JRE (17.0.12+8-LTS-286), built on Jun  5 2024 06:46:59 by "mach5one" with MS VC++ 17.6 (VS2022)

END.
