#
# There is insufficient memory for the Java Runtime Environment to continue.
# Native memory allocation (mmap) failed to map 134217728 bytes for G1 virtual space
# Possible reasons:
#   The system is out of physical RAM or swap space
#   The process is running with CompressedOops enabled, and the Java Heap may be blocking the growth of the native heap
# Possible solutions:
#   Reduce memory load on the system
#   Increase physical memory or swap space
#   Check if swap backing store is full
#   Decrease Java heap size (-Xmx/-Xms)
#   Decrease number of Java threads
#   Decrease Java thread stack sizes (-Xss)
#   Set larger code cache with -XX:ReservedCodeCacheSize=
#   JVM is running with Zero Based Compressed Oops mode in which the Java heap is
#     placed in the first 32GB address space. The Java Heap base address is the
#     maximum limit for the native heap growth. Please use -XX:HeapBaseMinAddress
#     to set the Java Heap base and to place the Java Heap above 32GB virtual address.
# This output file may be truncated or incomplete.
#
#  Out of Memory Error (os_windows.cpp:3548), pid=11508, tid=6696
#
# JRE version: Java(TM) SE Runtime Environment (17.0.12+8) (build 17.0.12+8-LTS-286)
# Java VM: Java HotSpot(TM) 64-Bit Server VM (17.0.12+8-LTS-286, mixed mode, emulated-client, sharing, tiered, compressed oops, compressed class ptrs, g1 gc, windows-amd64)
# No core dump will be written. Minidumps are not enabled by default on client versions of Windows
#

---------------  S U M M A R Y ------------

Command Line: -Dfile.encoding-UTF8 -Dcom.sun.management.jmxremote -Dcom.sun.management.jmxremote.port=51328 -Dcom.sun.management.jmxremote.authenticate=false -Dcom.sun.management.jmxremote.ssl=false -Djava.rmi.server.hostname=localhost -Dspring.jmx.enabled=true -Dmanagement.endpoints.jmx.exposure.include=* -Dspring.application.admin.enabled=true -Dspring.output.ansi.enabled=always -XX:TieredStopAtLevel=1 -Dspring.boot.project.name=asm_gstn_return_db_store6_pre -Dfile.encoding=UTF-8 -Dstdout.encoding=UTF-8 -Dstderr.encoding=UTF-8 -XX:+ShowCodeDetailsInExceptionMessages com.deloitte.AsmEwayBillApplication

Host: 13th Gen Intel(R) Core(TM) i5-13500, 20 cores, 15G,  Windows 11 , 64 bit Build 22621 (10.0.22621.3672)
Time: Tue Apr 28 19:47:50 2026 India Standard Time elapsed time: 8.271351 seconds (0d 0h 0m 8s)

---------------  T H R E A D  ---------------

Current thread (0x000001c66ab0c7d0):  VMThread "VM Thread" [stack: 0x000000a2a9b00000,0x000000a2a9c00000] [id=6696]

Stack: [0x000000a2a9b00000,0x000000a2a9c00000]
Native frames: (J=compiled Java code, j=interpreted, Vv=VM code, C=native code)
V  [jvm.dll+0x67a04a]
V  [jvm.dll+0x7da4ed]
V  [jvm.dll+0x7dbe33]
V  [jvm.dll+0x7dc4a3]
V  [jvm.dll+0x24508f]
V  [jvm.dll+0x677089]
V  [jvm.dll+0x66bd32]
V  [jvm.dll+0x301fa6]
V  [jvm.dll+0x309546]
V  [jvm.dll+0x359d2e]
V  [jvm.dll+0x359f5f]
V  [jvm.dll+0x2d9078]
V  [jvm.dll+0x2d74ad]
V  [jvm.dll+0x2d6afc]
V  [jvm.dll+0x31a65b]
V  [jvm.dll+0x7e0d9b]
V  [jvm.dll+0x7e1ad4]
V  [jvm.dll+0x7e1fed]
V  [jvm.dll+0x7e23c4]
V  [jvm.dll+0x7e2490]
V  [jvm.dll+0x78abea]
V  [jvm.dll+0x678f35]
C  [ucrtbase.dll+0x29333]
C  [KERNEL32.DLL+0x1257d]
C  [ntdll.dll+0x5af28]

VM_Operation (0x000000a2a95fbd00): G1CollectForAllocation, mode: safepoint, requested by thread 0x000001c653ca3d50


---------------  P R O C E S S  ---------------

Threads class SMR info:
_java_thread_list=0x000001c671794d80, length=26, elements={
0x000001c653ca3d50, 0x000001c66ab122e0, 0x000001c66ab12f60, 0x000001c66ab24c80,
0x000001c66ab27ae0, 0x000001c66ab293c0, 0x000001c66ab29c90, 0x000001c66ab34d30,
0x000001c66ab35250, 0x000001c66b6c6790, 0x000001c66b6a0530, 0x000001c66b6a0a50,
0x000001c66b747f80, 0x000001c66b7ad800, 0x000001c67034a040, 0x000001c670325fb0,
0x000001c670326490, 0x000001c6709ac1a0, 0x000001c6709b8af0, 0x000001c6709ba170,
0x000001c6709d3fc0, 0x000001c6709d6330, 0x000001c6709d5400, 0x000001c6709d49e0,
0x000001c6709d6d50, 0x000001c6709d6840
}

Java Threads: ( => current thread )
  0x000001c653ca3d50 JavaThread "main" [_thread_blocked, id=25692, stack(0x000000a2a9500000,0x000000a2a9600000)]
  0x000001c66ab122e0 JavaThread "Reference Handler" daemon [_thread_blocked, id=7920, stack(0x000000a2a9c00000,0x000000a2a9d00000)]
  0x000001c66ab12f60 JavaThread "Finalizer" daemon [_thread_blocked, id=14140, stack(0x000000a2a9d00000,0x000000a2a9e00000)]
  0x000001c66ab24c80 JavaThread "Signal Dispatcher" daemon [_thread_blocked, id=18072, stack(0x000000a2a9e00000,0x000000a2a9f00000)]
  0x000001c66ab27ae0 JavaThread "Attach Listener" daemon [_thread_blocked, id=30672, stack(0x000000a2a9f00000,0x000000a2aa000000)]
  0x000001c66ab293c0 JavaThread "Service Thread" daemon [_thread_blocked, id=34768, stack(0x000000a2aa000000,0x000000a2aa100000)]
  0x000001c66ab29c90 JavaThread "Monitor Deflation Thread" daemon [_thread_blocked, id=26296, stack(0x000000a2aa100000,0x000000a2aa200000)]
  0x000001c66ab34d30 JavaThread "C1 CompilerThread0" daemon [_thread_blocked, id=34644, stack(0x000000a2aa200000,0x000000a2aa300000)]
  0x000001c66ab35250 JavaThread "Sweeper thread" daemon [_thread_blocked, id=35464, stack(0x000000a2aa300000,0x000000a2aa400000)]
  0x000001c66b6c6790 JavaThread "Common-Cleaner" daemon [_thread_blocked, id=33904, stack(0x000000a2aa400000,0x000000a2aa500000)]
  0x000001c66b6a0530 JavaThread "C1 CompilerThread1" daemon [_thread_blocked, id=30644, stack(0x000000a2aa500000,0x000000a2aa600000)]
  0x000001c66b6a0a50 JavaThread "C1 CompilerThread2" daemon [_thread_blocked, id=36732, stack(0x000000a2aa600000,0x000000a2aa700000)]
  0x000001c66b747f80 JavaThread "C1 CompilerThread3" daemon [_thread_blocked, id=30080, stack(0x000000a2aa700000,0x000000a2aa800000)]
  0x000001c66b7ad800 JavaThread "Notification Thread" daemon [_thread_blocked, id=37756, stack(0x000000a2aa800000,0x000000a2aa900000)]
  0x000001c67034a040 JavaThread "RMI TCP Accept-0" daemon [_thread_in_native, id=32872, stack(0x000000a2aa900000,0x000000a2aaa00000)]
  0x000001c670325fb0 JavaThread "RMI TCP Accept-51328" daemon [_thread_in_native, id=37080, stack(0x000000a2aaa00000,0x000000a2aab00000)]
  0x000001c670326490 JavaThread "RMI TCP Accept-0" daemon [_thread_in_native, id=38744, stack(0x000000a2aab00000,0x000000a2aac00000)]
  0x000001c6709ac1a0 JavaThread "RMI TCP Connection(1)-127.0.0.1" daemon [_thread_in_native, id=36628, stack(0x000000a2ab600000,0x000000a2ab700000)]
  0x000001c6709b8af0 JavaThread "RMI Scheduler(0)" daemon [_thread_blocked, id=38676, stack(0x000000a2ab700000,0x000000a2ab800000)]
  0x000001c6709ba170 JavaThread "RMI TCP Connection(2)-127.0.0.1" daemon [_thread_in_native, id=12576, stack(0x000000a2ab800000,0x000000a2ab900000)]
  0x000001c6709d3fc0 JavaThread "JMX server connection timeout 30" daemon [_thread_blocked, id=33592, stack(0x000000a2ab900000,0x000000a2aba00000)]
  0x000001c6709d6330 JavaThread "Catalina-utility-1" [_thread_blocked, id=1972, stack(0x000000a2abc00000,0x000000a2abd00000)]
  0x000001c6709d5400 JavaThread "Catalina-utility-2" [_thread_blocked, id=22976, stack(0x000000a2ac500000,0x000000a2ac600000)]
  0x000001c6709d49e0 JavaThread "container-0" [_thread_blocked, id=35588, stack(0x000000a2ac600000,0x000000a2ac700000)]
  0x000001c6709d6d50 JavaThread "Cleaner-0" daemon [_thread_blocked, id=11448, stack(0x000000a2ac800000,0x000000a2ac900000)]
  0x000001c6709d6840 JavaThread "HikariPool-1:housekeeper" daemon [_thread_blocked, id=33828, stack(0x000000a2ac900000,0x000000a2aca00000)]

Other Threads:
=>0x000001c66ab0c7d0 VMThread "VM Thread" [stack: 0x000000a2a9b00000,0x000000a2a9c00000] [id=6696]
  0x000001c653d41db0 WatcherThread [stack: 0x000000a2aac00000,0x000000a2aad00000] [id=18584]
  0x000001c653d13f10 GCTaskThread "GC Thread#0" [stack: 0x000000a2a9600000,0x000000a2a9700000] [id=36952]
  0x000001c67050dd80 GCTaskThread "GC Thread#1" [stack: 0x000000a2aad00000,0x000000a2aae00000] [id=38224]
  0x000001c67050e040 GCTaskThread "GC Thread#2" [stack: 0x000000a2aae00000,0x000000a2aaf00000] [id=19780]
  0x000001c67050e300 GCTaskThread "GC Thread#3" [stack: 0x000000a2aaf00000,0x000000a2ab000000] [id=32720]
  0x000001c67050e5c0 GCTaskThread "GC Thread#4" [stack: 0x000000a2ab000000,0x000000a2ab100000] [id=26016]
  0x000001c67070c970 GCTaskThread "GC Thread#5" [stack: 0x000000a2ab100000,0x000000a2ab200000] [id=21708]
  0x000001c67070b630 GCTaskThread "GC Thread#6" [stack: 0x000000a2ab200000,0x000000a2ab300000] [id=30472]
  0x000001c67070b370 GCTaskThread "GC Thread#7" [stack: 0x000000a2ab300000,0x000000a2ab400000] [id=37176]
  0x000001c67070b8f0 GCTaskThread "GC Thread#8" [stack: 0x000000a2ab400000,0x000000a2ab500000] [id=37568]
  0x000001c67070c3f0 GCTaskThread "GC Thread#9" [stack: 0x000000a2ab500000,0x000000a2ab600000] [id=18196]
  0x000001c67070be70 GCTaskThread "GC Thread#10" [stack: 0x000000a2abd00000,0x000000a2abe00000] [id=8812]
  0x000001c67070c130 GCTaskThread "GC Thread#11" [stack: 0x000000a2abe00000,0x000000a2abf00000] [id=35124]
  0x000001c67070b0b0 GCTaskThread "GC Thread#12" [stack: 0x000000a2abf00000,0x000000a2ac000000] [id=11432]
  0x000001c670dea2a0 GCTaskThread "GC Thread#13" [stack: 0x000000a2ac000000,0x000000a2ac100000] [id=27232]
  0x000001c670deb8a0 GCTaskThread "GC Thread#14" [stack: 0x000000a2ac100000,0x000000a2ac200000] [id=37004]
  0x000001c653d248a0 ConcurrentGCThread "G1 Main Marker" [stack: 0x000000a2a9700000,0x000000a2a9800000] [id=25376]
  0x000001c653d261c0 ConcurrentGCThread "G1 Conc#0" [stack: 0x000000a2a9800000,0x000000a2a9900000] [id=14896]
  0x000001c670dea820 ConcurrentGCThread "G1 Conc#1" [stack: 0x000000a2ac200000,0x000000a2ac300000] [id=25740]
  0x000001c670dea560 ConcurrentGCThread "G1 Conc#2" [stack: 0x000000a2ac300000,0x000000a2ac400000] [id=36592]
  0x000001c670de97a0 ConcurrentGCThread "G1 Conc#3" [stack: 0x000000a2ac400000,0x000000a2ac500000] [id=38876]
  0x000001c66aa4acc0 ConcurrentGCThread "G1 Refine#0" [stack: 0x000000a2a9900000,0x000000a2a9a00000] [id=38540]
  0x000001c671e4fd80 ConcurrentGCThread "G1 Refine#1" [stack: 0x000000a2acb00000,0x000000a2acc00000] [id=34996]
  0x000001c671e4e310 ConcurrentGCThread "G1 Refine#2" [stack: 0x000000a2acc00000,0x000000a2acd00000] [id=16212]
  0x000001c671e4fa90 ConcurrentGCThread "G1 Refine#3" [stack: 0x000000a2acd00000,0x000000a2ace00000] [id=27928]
  0x000001c671e4f4b0 ConcurrentGCThread "G1 Refine#4" [stack: 0x000000a2ace00000,0x000000a2acf00000] [id=8996]
  0x000001c671e4d170 ConcurrentGCThread "G1 Refine#5" [stack: 0x000000a2acf00000,0x000000a2ad000000] [id=30648]
  0x000001c671e4ce80 ConcurrentGCThread "G1 Refine#6" [stack: 0x000000a2ad000000,0x000000a2ad100000] [id=36596]
  0x000001c66aa4b5f0 ConcurrentGCThread "G1 Service" [stack: 0x000000a2a9a00000,0x000000a2a9b00000] [id=21148]

Threads with active compile tasks:

VM state: at safepoint (normal execution)

VM Mutex/Monitor currently owned by a thread:  ([mutex/lock_event])
[0x000001c653ca1760] Threads_lock - owner thread: 0x000001c66ab0c7d0
[0x000001c653ca0e60] Heap_lock - owner thread: 0x000001c653ca3d50

Heap address: 0x0000000704c00000, size: 4020 MB, Compressed Oops mode: Zero based, Oop shift amount: 3

CDS archive(s) mapped at: [0x000001c600000000-0x000001c600bd0000-0x000001c600bd0000), size 12386304, SharedBaseAddress: 0x000001c600000000, ArchiveRelocationMode: 1.
Compressed class space mapped at: 0x000001c601000000-0x000001c641000000, reserved size: 1073741824
Narrow klass base: 0x000001c600000000, Narrow klass shift: 0, Narrow klass range: 0x100000000

GC Precious Log:
 CPUs: 20 total, 20 available
 Memory: 16072M
 Large Page Support: Disabled
 NUMA Support: Disabled
 Compressed Oops: Enabled (Zero based)
 Heap Region Size: 2M
 Heap Min Capacity: 8M
 Heap Initial Capacity: 252M
 Heap Max Capacity: 4020M
 Pre-touch: Disabled
 Parallel Workers: 15
 Concurrent Workers: 4
 Concurrent Refinement Workers: 15
 Periodic GC: Disabled

Heap:
 garbage-first heap   total 382976K, used 145141K [0x0000000704c00000, 0x0000000800000000)
  region size 2048K, 8 young (16384K), 8 survivors (16384K)
 Metaspace       used 96710K, committed 97344K, reserved 1179648K
  class space    used 12749K, committed 13056K, reserved 1048576K

Heap Regions: E=young(eden), S=young(survivor), O=old, HS=humongous(starts), HC=humongous(continues), CS=collection set, F=free, OA=open archive, CA=closed archive, TAMS=top-at-mark-start (previous, next)
|   0|0x0000000704c00000, 0x0000000704e00000, 0x0000000704e00000|100%| O|  |TAMS 0x0000000704e00000, 0x0000000704c00000| Untracked 
|   1|0x0000000704e00000, 0x0000000705000000, 0x0000000705000000|100%| O|  |TAMS 0x0000000705000000, 0x0000000704e00000| Untracked 
|   2|0x0000000705000000, 0x0000000705200000, 0x0000000705200000|100%| O|  |TAMS 0x0000000705200000, 0x0000000705000000| Untracked 
|   3|0x0000000705200000, 0x0000000705400000, 0x0000000705400000|100%| O|  |TAMS 0x0000000705400000, 0x0000000705200000| Untracked 
|   4|0x0000000705400000, 0x000000070559f800, 0x0000000705600000| 81%| O|  |TAMS 0x000000070559f800, 0x0000000705400000| Untracked 
|   5|0x0000000705600000, 0x0000000705800000, 0x0000000705800000|100%| O|  |TAMS 0x0000000705800000, 0x0000000705600000| Untracked 
|   6|0x0000000705800000, 0x0000000705a00000, 0x0000000705a00000|100%| O|  |TAMS 0x0000000705a00000, 0x0000000705800000| Untracked 
|   7|0x0000000705a00000, 0x0000000705c00000, 0x0000000705c00000|100%| O|  |TAMS 0x0000000705c00000, 0x0000000705a00000| Untracked 
|   8|0x0000000705c00000, 0x0000000705e00000, 0x0000000705e00000|100%| O|  |TAMS 0x0000000705e00000, 0x0000000705c00000| Untracked 
|   9|0x0000000705e00000, 0x0000000706000000, 0x0000000706000000|100%| O|  |TAMS 0x0000000706000000, 0x0000000705e00000| Untracked 
|  10|0x0000000706000000, 0x0000000706200000, 0x0000000706200000|100%| O|  |TAMS 0x0000000706200000, 0x0000000706000000| Untracked 
|  11|0x0000000706200000, 0x0000000706400000, 0x0000000706400000|100%| O|  |TAMS 0x0000000706400000, 0x0000000706200000| Untracked 
|  12|0x0000000706400000, 0x0000000706600000, 0x0000000706600000|100%| O|  |TAMS 0x0000000706600000, 0x0000000706400000| Untracked 
|  13|0x0000000706600000, 0x0000000706800000, 0x0000000706800000|100%| O|  |TAMS 0x0000000706800000, 0x0000000706600000| Untracked 
|  14|0x0000000706800000, 0x0000000706a00000, 0x0000000706a00000|100%| O|  |TAMS 0x0000000706a00000, 0x0000000706800000| Untracked 
|  15|0x0000000706a00000, 0x0000000706c00000, 0x0000000706c00000|100%| O|  |TAMS 0x0000000706a00000, 0x0000000706a00000| Untracked 
|  16|0x0000000706c00000, 0x0000000706e00000, 0x0000000706e00000|100%| O|  |TAMS 0x0000000706e00000, 0x0000000706c00000| Untracked 
|  17|0x0000000706e00000, 0x0000000707000000, 0x0000000707000000|100%| O|  |TAMS 0x0000000707000000, 0x0000000706e00000| Untracked 
|  18|0x0000000707000000, 0x0000000707200000, 0x0000000707200000|100%| O|  |TAMS 0x0000000707200000, 0x0000000707000000| Untracked 
|  19|0x0000000707200000, 0x0000000707400000, 0x0000000707400000|100%| O|  |TAMS 0x0000000707400000, 0x0000000707200000| Untracked 
|  20|0x0000000707400000, 0x0000000707600000, 0x0000000707600000|100%| O|  |TAMS 0x0000000707600000, 0x0000000707400000| Untracked 
|  21|0x0000000707600000, 0x0000000707800000, 0x0000000707800000|100%| O|  |TAMS 0x0000000707800000, 0x0000000707600000| Untracked 
|  22|0x0000000707800000, 0x0000000707a00000, 0x0000000707a00000|100%| O|  |TAMS 0x0000000707a00000, 0x0000000707800000| Untracked 
|  23|0x0000000707a00000, 0x0000000707c00000, 0x0000000707c00000|100%| O|  |TAMS 0x0000000707c00000, 0x0000000707a00000| Untracked 
|  24|0x0000000707c00000, 0x0000000707e00000, 0x0000000707e00000|100%| O|  |TAMS 0x0000000707e00000, 0x0000000707c00000| Untracked 
|  25|0x0000000707e00000, 0x0000000708000000, 0x0000000708000000|100%| O|  |TAMS 0x0000000708000000, 0x0000000707e00000| Untracked 
|  26|0x0000000708000000, 0x0000000708200000, 0x0000000708200000|100%| O|  |TAMS 0x0000000708200000, 0x0000000708000000| Untracked 
|  27|0x0000000708200000, 0x0000000708400000, 0x0000000708400000|100%| O|  |TAMS 0x0000000708400000, 0x0000000708200000| Untracked 
|  28|0x0000000708400000, 0x0000000708600000, 0x0000000708600000|100%| O|  |TAMS 0x0000000708600000, 0x0000000708400000| Untracked 
|  29|0x0000000708600000, 0x0000000708800000, 0x0000000708800000|100%| O|  |TAMS 0x0000000708800000, 0x0000000708600000| Untracked 
|  30|0x0000000708800000, 0x0000000708a00000, 0x0000000708a00000|100%| O|  |TAMS 0x0000000708a00000, 0x0000000708800000| Untracked 
|  31|0x0000000708a00000, 0x0000000708c00000, 0x0000000708c00000|100%| O|  |TAMS 0x0000000708c00000, 0x0000000708a00000| Untracked 
|  32|0x0000000708c00000, 0x0000000708e00000, 0x0000000708e00000|100%| O|  |TAMS 0x0000000708e00000, 0x0000000708c00000| Untracked 
|  33|0x0000000708e00000, 0x0000000709000000, 0x0000000709000000|100%| O|  |TAMS 0x0000000709000000, 0x0000000708e00000| Untracked 
|  34|0x0000000709000000, 0x0000000709200000, 0x0000000709200000|100%| O|  |TAMS 0x0000000709200000, 0x0000000709000000| Untracked 
|  35|0x0000000709200000, 0x0000000709400000, 0x0000000709400000|100%| O|  |TAMS 0x0000000709400000, 0x0000000709200000| Untracked 
|  36|0x0000000709400000, 0x0000000709600000, 0x0000000709600000|100%| O|  |TAMS 0x0000000709600000, 0x0000000709400000| Untracked 
|  37|0x0000000709600000, 0x0000000709800000, 0x0000000709800000|100%| O|  |TAMS 0x0000000709800000, 0x0000000709600000| Untracked 
|  38|0x0000000709800000, 0x0000000709a00000, 0x0000000709a00000|100%| O|  |TAMS 0x0000000709a00000, 0x0000000709800000| Untracked 
|  39|0x0000000709a00000, 0x0000000709c00000, 0x0000000709c00000|100%| O|  |TAMS 0x0000000709a00000, 0x0000000709a00000| Untracked 
|  40|0x0000000709c00000, 0x0000000709e00000, 0x0000000709e00000|100%| O|  |TAMS 0x0000000709e00000, 0x0000000709c00000| Untracked 
|  41|0x0000000709e00000, 0x000000070a000000, 0x000000070a000000|100%| O|  |TAMS 0x000000070a000000, 0x0000000709e00000| Untracked 
|  42|0x000000070a000000, 0x000000070a200000, 0x000000070a200000|100%| O|  |TAMS 0x000000070a200000, 0x000000070a000000| Untracked 
|  43|0x000000070a200000, 0x000000070a400000, 0x000000070a400000|100%| O|  |TAMS 0x000000070a400000, 0x000000070a200000| Untracked 
|  44|0x000000070a400000, 0x000000070a600000, 0x000000070a600000|100%| O|  |TAMS 0x000000070a400000, 0x000000070a400000| Untracked 
|  45|0x000000070a600000, 0x000000070a800000, 0x000000070a800000|100%| O|  |TAMS 0x000000070a800000, 0x000000070a600000| Untracked 
|  46|0x000000070a800000, 0x000000070aa00000, 0x000000070aa00000|100%| O|  |TAMS 0x000000070aa00000, 0x000000070a800000| Untracked 
|  47|0x000000070aa00000, 0x000000070ac00000, 0x000000070ac00000|100%| O|  |TAMS 0x000000070ac00000, 0x000000070aa00000| Untracked 
|  48|0x000000070ac00000, 0x000000070ae00000, 0x000000070ae00000|100%| O|  |TAMS 0x000000070ac00000, 0x000000070ac00000| Untracked 
|  49|0x000000070ae00000, 0x000000070b000000, 0x000000070b000000|100%| O|  |TAMS 0x000000070b000000, 0x000000070ae00000| Untracked 
|  50|0x000000070b000000, 0x000000070b200000, 0x000000070b200000|100%| O|  |TAMS 0x000000070b200000, 0x000000070b000000| Untracked 
|  51|0x000000070b200000, 0x000000070b400000, 0x000000070b400000|100%| O|  |TAMS 0x000000070b400000, 0x000000070b200000| Untracked 
|  52|0x000000070b400000, 0x000000070b600000, 0x000000070b600000|100%| O|  |TAMS 0x000000070b600000, 0x000000070b400000| Untracked 
|  53|0x000000070b600000, 0x000000070b800000, 0x000000070b800000|100%| O|  |TAMS 0x000000070b800000, 0x000000070b600000| Untracked 
|  54|0x000000070b800000, 0x000000070ba00000, 0x000000070ba00000|100%| O|  |TAMS 0x000000070ba00000, 0x000000070b800000| Untracked 
|  55|0x000000070ba00000, 0x000000070bc00000, 0x000000070bc00000|100%| O|  |TAMS 0x000000070bc00000, 0x000000070ba00000| Untracked 
|  56|0x000000070bc00000, 0x000000070be00000, 0x000000070be00000|100%| O|  |TAMS 0x000000070be00000, 0x000000070bc00000| Untracked 
|  57|0x000000070be00000, 0x000000070c000000, 0x000000070c000000|100%| O|  |TAMS 0x000000070c000000, 0x000000070be00000| Untracked 
|  58|0x000000070c000000, 0x000000070c200000, 0x000000070c200000|100%| O|  |TAMS 0x000000070c200000, 0x000000070c000000| Untracked 
|  59|0x000000070c200000, 0x000000070c400000, 0x000000070c400000|100%| O|  |TAMS 0x000000070c2dd400, 0x000000070c200000| Untracked 
|  60|0x000000070c400000, 0x000000070c600000, 0x000000070c600000|100%| O|  |TAMS 0x000000070c400000, 0x000000070c400000| Untracked 
|  61|0x000000070c600000, 0x000000070c800000, 0x000000070c800000|100%| O|  |TAMS 0x000000070c600000, 0x000000070c600000| Untracked 
|  62|0x000000070c800000, 0x000000070ca00000, 0x000000070ca00000|100%| O|  |TAMS 0x000000070c800000, 0x000000070c800000| Untracked 
|  63|0x000000070ca00000, 0x000000070cb13000, 0x000000070cc00000| 53%| O|  |TAMS 0x000000070ca00000, 0x000000070ca00000| Untracked 
|  64|0x000000070cc00000, 0x000000070cc00000, 0x000000070ce00000|  0%| F|  |TAMS 0x000000070cc00000, 0x000000070cc00000| Untracked 
|  65|0x000000070ce00000, 0x000000070ce00000, 0x000000070d000000|  0%| F|  |TAMS 0x000000070ce00000, 0x000000070ce00000| Untracked 
|  66|0x000000070d000000, 0x000000070d000000, 0x000000070d200000|  0%| F|  |TAMS 0x000000070d000000, 0x000000070d000000| Untracked 
|  67|0x000000070d200000, 0x000000070d200000, 0x000000070d400000|  0%| F|  |TAMS 0x000000070d200000, 0x000000070d200000| Untracked 
|  68|0x000000070d400000, 0x000000070d400000, 0x000000070d600000|  0%| F|  |TAMS 0x000000070d400000, 0x000000070d400000| Untracked 
|  69|0x000000070d600000, 0x000000070d600000, 0x000000070d800000|  0%| F|  |TAMS 0x000000070d600000, 0x000000070d600000| Untracked 
|  70|0x000000070d800000, 0x000000070d800000, 0x000000070da00000|  0%| F|  |TAMS 0x000000070d800000, 0x000000070d800000| Untracked 
|  71|0x000000070da00000, 0x000000070da00000, 0x000000070dc00000|  0%| F|  |TAMS 0x000000070da00000, 0x000000070da00000| Untracked 
|  72|0x000000070dc00000, 0x000000070dc00000, 0x000000070de00000|  0%| F|  |TAMS 0x000000070dc00000, 0x000000070dc00000| Untracked 
|  73|0x000000070de00000, 0x000000070de00000, 0x000000070e000000|  0%| F|  |TAMS 0x000000070de00000, 0x000000070de00000| Untracked 
|  74|0x000000070e000000, 0x000000070e000000, 0x000000070e200000|  0%| F|  |TAMS 0x000000070e000000, 0x000000070e000000| Untracked 
|  75|0x000000070e200000, 0x000000070e200000, 0x000000070e400000|  0%| F|  |TAMS 0x000000070e200000, 0x000000070e200000| Untracked 
|  76|0x000000070e400000, 0x000000070e400000, 0x000000070e600000|  0%| F|  |TAMS 0x000000070e400000, 0x000000070e400000| Untracked 
|  77|0x000000070e600000, 0x000000070e600000, 0x000000070e800000|  0%| F|  |TAMS 0x000000070e600000, 0x000000070e600000| Untracked 
|  78|0x000000070e800000, 0x000000070e800000, 0x000000070ea00000|  0%| F|  |TAMS 0x000000070e800000, 0x000000070e800000| Untracked 
|  79|0x000000070ea00000, 0x000000070ea00000, 0x000000070ec00000|  0%| F|  |TAMS 0x000000070ea00000, 0x000000070ea00000| Untracked 
|  80|0x000000070ec00000, 0x000000070ec00000, 0x000000070ee00000|  0%| F|  |TAMS 0x000000070ec00000, 0x000000070ec00000| Untracked 
|  81|0x000000070ee00000, 0x000000070ee00000, 0x000000070f000000|  0%| F|  |TAMS 0x000000070ee00000, 0x000000070ee00000| Untracked 
|  82|0x000000070f000000, 0x000000070f000000, 0x000000070f200000|  0%| F|  |TAMS 0x000000070f000000, 0x000000070f000000| Untracked 
|  83|0x000000070f200000, 0x000000070f30ada8, 0x000000070f400000| 52%| S|CS|TAMS 0x000000070f200000, 0x000000070f200000| Complete 
|  84|0x000000070f400000, 0x000000070f400000, 0x000000070f600000|  0%| F|  |TAMS 0x000000070f400000, 0x000000070f400000| Untracked 
|  85|0x000000070f600000, 0x000000070f600000, 0x000000070f800000|  0%| F|  |TAMS 0x000000070f600000, 0x000000070f600000| Untracked 
|  86|0x000000070f800000, 0x000000070f800000, 0x000000070fa00000|  0%| F|  |TAMS 0x000000070f800000, 0x000000070f800000| Untracked 
|  87|0x000000070fa00000, 0x000000070fc00000, 0x000000070fc00000|100%| S|CS|TAMS 0x000000070fa00000, 0x000000070fa00000| Complete 
|  88|0x000000070fc00000, 0x000000070fe00000, 0x000000070fe00000|100%| S|CS|TAMS 0x000000070fc00000, 0x000000070fc00000| Complete 
|  89|0x000000070fe00000, 0x0000000710000000, 0x0000000710000000|100%| S|CS|TAMS 0x000000070fe00000, 0x000000070fe00000| Complete 
|  90|0x0000000710000000, 0x0000000710000000, 0x0000000710200000|  0%| F|  |TAMS 0x0000000710000000, 0x0000000710000000| Untracked 
|  91|0x0000000710200000, 0x0000000710400000, 0x0000000710400000|100%| S|CS|TAMS 0x0000000710200000, 0x0000000710200000| Complete 
|  92|0x0000000710400000, 0x0000000710400000, 0x0000000710600000|  0%| F|  |TAMS 0x0000000710400000, 0x0000000710400000| Untracked 
|  93|0x0000000710600000, 0x0000000710600000, 0x0000000710800000|  0%| F|  |TAMS 0x0000000710600000, 0x0000000710600000| Untracked 
|  94|0x0000000710800000, 0x0000000710a00000, 0x0000000710a00000|100%| S|CS|TAMS 0x0000000710800000, 0x0000000710800000| Complete 
|  95|0x0000000710a00000, 0x0000000710a00000, 0x0000000710c00000|  0%| F|  |TAMS 0x0000000710a00000, 0x0000000710a00000| Untracked 
|  96|0x0000000710c00000, 0x0000000710e00000, 0x0000000710e00000|100%| S|CS|TAMS 0x0000000710c00000, 0x0000000710c00000| Complete 
|  97|0x0000000710e00000, 0x0000000711000000, 0x0000000711000000|100%| S|CS|TAMS 0x0000000710e00000, 0x0000000710e00000| Complete 
|  98|0x0000000711000000, 0x0000000711000000, 0x0000000711200000|  0%| F|  |TAMS 0x0000000711000000, 0x0000000711000000| Untracked 
|  99|0x0000000711200000, 0x0000000711200000, 0x0000000711400000|  0%| F|  |TAMS 0x0000000711200000, 0x0000000711200000| Untracked 
| 100|0x0000000711400000, 0x0000000711400000, 0x0000000711600000|  0%| F|  |TAMS 0x0000000711400000, 0x0000000711400000| Untracked 
| 101|0x0000000711600000, 0x0000000711600000, 0x0000000711800000|  0%| F|  |TAMS 0x0000000711600000, 0x0000000711600000| Untracked 
| 102|0x0000000711800000, 0x0000000711800000, 0x0000000711a00000|  0%| F|  |TAMS 0x0000000711800000, 0x0000000711800000| Untracked 
| 103|0x0000000711a00000, 0x0000000711a00000, 0x0000000711c00000|  0%| F|  |TAMS 0x0000000711a00000, 0x0000000711a00000| Untracked 
| 104|0x0000000711c00000, 0x0000000711c00000, 0x0000000711e00000|  0%| F|  |TAMS 0x0000000711c00000, 0x0000000711c00000| Untracked 
| 105|0x0000000711e00000, 0x0000000711e00000, 0x0000000712000000|  0%| F|  |TAMS 0x0000000711e00000, 0x0000000711e00000| Untracked 
| 106|0x0000000712000000, 0x0000000712000000, 0x0000000712200000|  0%| F|  |TAMS 0x0000000712000000, 0x0000000712000000| Untracked 
| 107|0x0000000712200000, 0x0000000712200000, 0x0000000712400000|  0%| F|  |TAMS 0x0000000712200000, 0x0000000712200000| Untracked 
| 108|0x0000000712400000, 0x0000000712400000, 0x0000000712600000|  0%| F|  |TAMS 0x0000000712400000, 0x0000000712400000| Untracked 
| 109|0x0000000712600000, 0x0000000712600000, 0x0000000712800000|  0%| F|  |TAMS 0x0000000712600000, 0x0000000712600000| Untracked 
| 110|0x0000000712800000, 0x0000000712800000, 0x0000000712a00000|  0%| F|  |TAMS 0x0000000712800000, 0x0000000712800000| Untracked 
| 111|0x0000000712a00000, 0x0000000712a00000, 0x0000000712c00000|  0%| F|  |TAMS 0x0000000712a00000, 0x0000000712a00000| Untracked 
| 112|0x0000000712c00000, 0x0000000712c00000, 0x0000000712e00000|  0%| F|  |TAMS 0x0000000712c00000, 0x0000000712c00000| Untracked 
| 113|0x0000000712e00000, 0x0000000712e00000, 0x0000000713000000|  0%| F|  |TAMS 0x0000000712e00000, 0x0000000712e00000| Untracked 
| 114|0x0000000713000000, 0x0000000713000000, 0x0000000713200000|  0%| F|  |TAMS 0x0000000713000000, 0x0000000713000000| Untracked 
| 115|0x0000000713200000, 0x0000000713200000, 0x0000000713400000|  0%| F|  |TAMS 0x0000000713200000, 0x0000000713200000| Untracked 
| 116|0x0000000713400000, 0x0000000713400000, 0x0000000713600000|  0%| F|  |TAMS 0x0000000713400000, 0x0000000713400000| Untracked 
| 117|0x0000000713600000, 0x0000000713600000, 0x0000000713800000|  0%| F|  |TAMS 0x0000000713600000, 0x0000000713600000| Untracked 
| 118|0x0000000713800000, 0x0000000713800000, 0x0000000713a00000|  0%| F|  |TAMS 0x0000000713800000, 0x0000000713800000| Untracked 
| 119|0x0000000713a00000, 0x0000000713a00000, 0x0000000713c00000|  0%| F|  |TAMS 0x0000000713a00000, 0x0000000713a00000| Untracked 
| 120|0x0000000713c00000, 0x0000000713c00000, 0x0000000713e00000|  0%| F|  |TAMS 0x0000000713c00000, 0x0000000713c00000| Untracked 
| 121|0x0000000713e00000, 0x0000000713e00000, 0x0000000714000000|  0%| F|  |TAMS 0x0000000713e00000, 0x0000000713e00000| Untracked 
| 122|0x0000000714000000, 0x0000000714000000, 0x0000000714200000|  0%| F|  |TAMS 0x0000000714000000, 0x0000000714000000| Untracked 
| 123|0x0000000714200000, 0x0000000714200000, 0x0000000714400000|  0%| F|  |TAMS 0x0000000714200000, 0x0000000714200000| Untracked 
| 124|0x0000000714400000, 0x0000000714400000, 0x0000000714600000|  0%| F|  |TAMS 0x0000000714400000, 0x0000000714400000| Untracked 
| 125|0x0000000714600000, 0x0000000714600000, 0x0000000714800000|  0%| F|  |TAMS 0x0000000714600000, 0x0000000714600000| Untracked 
| 126|0x0000000714800000, 0x0000000714800000, 0x0000000714a00000|  0%| F|  |TAMS 0x0000000714800000, 0x0000000714800000| Untracked 
| 127|0x0000000714a00000, 0x0000000714a00000, 0x0000000714c00000|  0%| F|  |TAMS 0x0000000714a00000, 0x0000000714a00000| Untracked 
| 128|0x0000000714c00000, 0x0000000714c00000, 0x0000000714e00000|  0%| F|  |TAMS 0x0000000714c00000, 0x0000000714c00000| Untracked 
| 129|0x0000000714e00000, 0x0000000714e00000, 0x0000000715000000|  0%| F|  |TAMS 0x0000000714e00000, 0x0000000714e00000| Untracked 
| 130|0x0000000715000000, 0x0000000715000000, 0x0000000715200000|  0%| F|  |TAMS 0x0000000715000000, 0x0000000715000000| Untracked 
| 131|0x0000000715200000, 0x0000000715200000, 0x0000000715400000|  0%| F|  |TAMS 0x0000000715200000, 0x0000000715200000| Untracked 
| 132|0x0000000715400000, 0x0000000715400000, 0x0000000715600000|  0%| F|  |TAMS 0x0000000715400000, 0x0000000715400000| Untracked 
| 133|0x0000000715600000, 0x0000000715600000, 0x0000000715800000|  0%| F|  |TAMS 0x0000000715600000, 0x0000000715600000| Untracked 
| 134|0x0000000715800000, 0x0000000715800000, 0x0000000715a00000|  0%| F|  |TAMS 0x0000000715800000, 0x0000000715800000| Untracked 
| 135|0x0000000715a00000, 0x0000000715a00000, 0x0000000715c00000|  0%| F|  |TAMS 0x0000000715a00000, 0x0000000715a00000| Untracked 
| 136|0x0000000715c00000, 0x0000000715c00000, 0x0000000715e00000|  0%| F|  |TAMS 0x0000000715c00000, 0x0000000715c00000| Untracked 
| 137|0x0000000715e00000, 0x0000000715e00000, 0x0000000716000000|  0%| F|  |TAMS 0x0000000715e00000, 0x0000000715e00000| Untracked 
| 138|0x0000000716000000, 0x0000000716000000, 0x0000000716200000|  0%| F|  |TAMS 0x0000000716000000, 0x0000000716000000| Untracked 
| 139|0x0000000716200000, 0x0000000716200000, 0x0000000716400000|  0%| F|  |TAMS 0x0000000716200000, 0x0000000716200000| Untracked 
| 140|0x0000000716400000, 0x0000000716400000, 0x0000000716600000|  0%| F|  |TAMS 0x0000000716400000, 0x0000000716400000| Untracked 
| 141|0x0000000716600000, 0x0000000716600000, 0x0000000716800000|  0%| F|  |TAMS 0x0000000716600000, 0x0000000716600000| Untracked 
| 142|0x0000000716800000, 0x0000000716800000, 0x0000000716a00000|  0%| F|  |TAMS 0x0000000716800000, 0x0000000716800000| Untracked 
| 143|0x0000000716a00000, 0x0000000716a00000, 0x0000000716c00000|  0%| F|  |TAMS 0x0000000716a00000, 0x0000000716a00000| Untracked 
| 144|0x0000000716c00000, 0x0000000716c00000, 0x0000000716e00000|  0%| F|  |TAMS 0x0000000716c00000, 0x0000000716c00000| Untracked 
| 145|0x0000000716e00000, 0x0000000716e00000, 0x0000000717000000|  0%| F|  |TAMS 0x0000000716e00000, 0x0000000716e00000| Untracked 
| 146|0x0000000717000000, 0x0000000717000000, 0x0000000717200000|  0%| F|  |TAMS 0x0000000717000000, 0x0000000717000000| Untracked 
| 147|0x0000000717200000, 0x0000000717200000, 0x0000000717400000|  0%| F|  |TAMS 0x0000000717200000, 0x0000000717200000| Untracked 
| 148|0x0000000717400000, 0x0000000717400000, 0x0000000717600000|  0%| F|  |TAMS 0x0000000717400000, 0x0000000717400000| Untracked 
| 149|0x0000000717600000, 0x0000000717600000, 0x0000000717800000|  0%| F|  |TAMS 0x0000000717600000, 0x0000000717600000| Untracked 
| 150|0x0000000717800000, 0x0000000717800000, 0x0000000717a00000|  0%| F|  |TAMS 0x0000000717800000, 0x0000000717800000| Untracked 
| 151|0x0000000717a00000, 0x0000000717a00000, 0x0000000717c00000|  0%| F|  |TAMS 0x0000000717a00000, 0x0000000717a00000| Untracked 
| 152|0x0000000717c00000, 0x0000000717c00000, 0x0000000717e00000|  0%| F|  |TAMS 0x0000000717c00000, 0x0000000717c00000| Untracked 
| 153|0x0000000717e00000, 0x0000000717e00000, 0x0000000718000000|  0%| F|  |TAMS 0x0000000717e00000, 0x0000000717e00000| Untracked 
| 154|0x0000000718000000, 0x0000000718000000, 0x0000000718200000|  0%| F|  |TAMS 0x0000000718000000, 0x0000000718000000| Untracked 
| 155|0x0000000718200000, 0x0000000718200000, 0x0000000718400000|  0%| F|  |TAMS 0x0000000718200000, 0x0000000718200000| Untracked 
| 156|0x0000000718400000, 0x0000000718400000, 0x0000000718600000|  0%| F|  |TAMS 0x0000000718400000, 0x0000000718400000| Untracked 
| 157|0x0000000718600000, 0x0000000718600000, 0x0000000718800000|  0%| F|  |TAMS 0x0000000718600000, 0x0000000718600000| Untracked 
| 158|0x0000000718800000, 0x0000000718800000, 0x0000000718a00000|  0%| F|  |TAMS 0x0000000718800000, 0x0000000718800000| Untracked 
| 159|0x0000000718a00000, 0x0000000718a00000, 0x0000000718c00000|  0%| F|  |TAMS 0x0000000718a00000, 0x0000000718a00000| Untracked 
| 160|0x0000000718c00000, 0x0000000718c00000, 0x0000000718e00000|  0%| F|  |TAMS 0x0000000718c00000, 0x0000000718c00000| Untracked 
| 161|0x0000000718e00000, 0x0000000718e00000, 0x0000000719000000|  0%| F|  |TAMS 0x0000000718e00000, 0x0000000718e00000| Untracked 
| 162|0x0000000719000000, 0x0000000719000000, 0x0000000719200000|  0%| F|  |TAMS 0x0000000719000000, 0x0000000719000000| Untracked 
| 163|0x0000000719200000, 0x0000000719200000, 0x0000000719400000|  0%| F|  |TAMS 0x0000000719200000, 0x0000000719200000| Untracked 
| 164|0x0000000719400000, 0x0000000719400000, 0x0000000719600000|  0%| F|  |TAMS 0x0000000719400000, 0x0000000719400000| Untracked 
| 165|0x0000000719600000, 0x0000000719600000, 0x0000000719800000|  0%| F|  |TAMS 0x0000000719600000, 0x0000000719600000| Untracked 
| 166|0x0000000719800000, 0x0000000719800000, 0x0000000719a00000|  0%| F|  |TAMS 0x0000000719800000, 0x0000000719800000| Untracked 
| 167|0x0000000719a00000, 0x0000000719a00000, 0x0000000719c00000|  0%| F|  |TAMS 0x0000000719a00000, 0x0000000719a00000| Untracked 
| 168|0x0000000719c00000, 0x0000000719c00000, 0x0000000719e00000|  0%| F|  |TAMS 0x0000000719c00000, 0x0000000719c00000| Untracked 
| 169|0x0000000719e00000, 0x0000000719e00000, 0x000000071a000000|  0%| F|  |TAMS 0x0000000719e00000, 0x0000000719e00000| Untracked 
| 170|0x000000071a000000, 0x000000071a000000, 0x000000071a200000|  0%| F|  |TAMS 0x000000071a000000, 0x000000071a000000| Untracked 
| 171|0x000000071a200000, 0x000000071a200000, 0x000000071a400000|  0%| F|  |TAMS 0x000000071a200000, 0x000000071a200000| Untracked 
| 172|0x000000071a400000, 0x000000071a400000, 0x000000071a600000|  0%| F|  |TAMS 0x000000071a400000, 0x000000071a400000| Untracked 
| 173|0x000000071a600000, 0x000000071a600000, 0x000000071a800000|  0%| F|  |TAMS 0x000000071a600000, 0x000000071a600000| Untracked 
| 174|0x000000071a800000, 0x000000071a800000, 0x000000071aa00000|  0%| F|  |TAMS 0x000000071a800000, 0x000000071a800000| Untracked 
| 175|0x000000071aa00000, 0x000000071aa00000, 0x000000071ac00000|  0%| F|  |TAMS 0x000000071aa00000, 0x000000071aa00000| Untracked 
| 176|0x000000071ac00000, 0x000000071ac00000, 0x000000071ae00000|  0%| F|  |TAMS 0x000000071ac00000, 0x000000071ac00000| Untracked 
| 177|0x000000071ae00000, 0x000000071ae00000, 0x000000071b000000|  0%| F|  |TAMS 0x000000071ae00000, 0x000000071ae00000| Untracked 
| 178|0x000000071b000000, 0x000000071b000000, 0x000000071b200000|  0%| F|  |TAMS 0x000000071b000000, 0x000000071b000000| Untracked 
| 179|0x000000071b200000, 0x000000071b200000, 0x000000071b400000|  0%| F|  |TAMS 0x000000071b200000, 0x000000071b200000| Untracked 
| 180|0x000000071b400000, 0x000000071b400000, 0x000000071b600000|  0%| F|  |TAMS 0x000000071b400000, 0x000000071b400000| Untracked 
| 181|0x000000071b600000, 0x000000071b600000, 0x000000071b800000|  0%| F|  |TAMS 0x000000071b600000, 0x000000071b600000| Untracked 
| 182|0x000000071b800000, 0x000000071b800000, 0x000000071ba00000|  0%| F|  |TAMS 0x000000071b800000, 0x000000071b800000| Untracked 
| 183|0x000000071ba00000, 0x000000071ba00000, 0x000000071bc00000|  0%| F|  |TAMS 0x000000071ba00000, 0x000000071ba00000| Untracked 
| 184|0x000000071bc00000, 0x000000071bc00000, 0x000000071be00000|  0%| F|  |TAMS 0x000000071bc00000, 0x000000071bc00000| Untracked 
| 185|0x000000071be00000, 0x000000071be00000, 0x000000071c000000|  0%| F|  |TAMS 0x000000071be00000, 0x000000071be00000| Untracked 
| 186|0x000000071c000000, 0x000000071c000000, 0x000000071c200000|  0%| F|  |TAMS 0x000000071c000000, 0x000000071c000000| Untracked 

Card table byte_map: [0x000001c65f5c0000,0x000001c65fda0000] _byte_map_base: 0x000001c65bd9a000

Marking Bits (Prev, Next): (CMBitMap*) 0x000001c653d14430, (CMBitMap*) 0x000001c653d14470
 Prev Bits: [0x000001c660580000, 0x000001c664450000)
 Next Bits: [0x000001c664450000, 0x000001c668320000)

Polling page: 0x000001c653460000

Metaspace:

Usage:
  Non-class:     81.99 MB used.
      Class:     12.45 MB used.
       Both:     94.44 MB used.

Virtual space:
  Non-class space:      128.00 MB reserved,      82.31 MB ( 64%) committed,  2 nodes.
      Class space:        1.00 GB reserved,      12.75 MB (  1%) committed,  1 nodes.
             Both:        1.12 GB reserved,      95.06 MB (  8%) committed. 

Chunk freelists:
   Non-Class:  13.19 MB
       Class:  3.23 MB
        Both:  16.42 MB

MaxMetaspaceSize: unlimited
CompressedClassSpaceSize: 1.00 GB
Initial GC threshold: 21.00 MB
Current GC threshold: 130.31 MB
CDS: on
MetaspaceReclaimPolicy: balanced
 - commit_granule_bytes: 65536.
 - commit_granule_words: 8192.
 - virtual_space_node_default_size: 8388608.
 - enlarge_chunks_in_place: 1.
 - new_chunks_are_fully_committed: 0.
 - uncommit_free_chunks: 1.
 - use_allocation_guard: 0.
 - handle_deallocations: 1.


Internal statistics:

num_allocs_failed_limit: 11.
num_arena_births: 894.
num_arena_deaths: 0.
num_vsnodes_births: 3.
num_vsnodes_deaths: 0.
num_space_committed: 1521.
num_space_uncommitted: 0.
num_chunks_returned_to_freelist: 11.
num_chunks_taken_from_freelist: 4249.
num_chunk_merges: 11.
num_chunk_splits: 3371.
num_chunks_enlarged: 2831.
num_inconsistent_stats: 0.

CodeCache: size=49152Kb used=17215Kb max_used=18316Kb free=31936Kb
 bounds [0x000001c65b550000, 0x000001c65c740000, 0x000001c65e550000]
 total_blobs=9645 nmethods=8919 adapters=649
 compilation: enabled
              stopped_count=0, restarted_count=0
 full_count=0

Compilation events (20 events):
Event: 7.194 Thread 0x000001c66b6a0a50 nmethod 8910 0x000001c65bc57a90 code [0x000001c65bc57c40, 0x000001c65bc57da8]
Event: 7.194 Thread 0x000001c66b6a0530 nmethod 8911 0x000001c65bc57790 code [0x000001c65bc57920, 0x000001c65bc579f8]
Event: 7.385 Thread 0x000001c66b6a0a50 8912       1       net.bytebuddy.description.type.TypeDescription$Generic$OfGenericArray$Latent::getComponentType (5 bytes)
Event: 7.385 Thread 0x000001c66b6a0a50 nmethod 8912 0x000001c65bc57490 code [0x000001c65bc57620, 0x000001c65bc576f8]
Event: 7.407 Thread 0x000001c66ab34d30 8913       1       net.bytebuddy.description.type.TypeDescription$ForLoadedType::getComponentType (23 bytes)
Event: 7.408 Thread 0x000001c66ab34d30 nmethod 8913 0x000001c65bc56e10 code [0x000001c65bc56fe0, 0x000001c65bc572f8]
Event: 7.559 Thread 0x000001c66b6a0530 8914       1       net.bytebuddy.implementation.Implementation$Simple::<init> (17 bytes)
Event: 7.559 Thread 0x000001c66b6a0a50 8915       1       net.bytebuddy.implementation.Implementation$Simple::prepare (2 bytes)
Event: 7.559 Thread 0x000001c66b6a0530 nmethod 8914 0x000001c65bc56790 code [0x000001c65bc56940, 0x000001c65bc56c78]
Event: 7.559 Thread 0x000001c66b6a0a50 nmethod 8915 0x000001c65bc56490 code [0x000001c65bc56620, 0x000001c65bc566f8]
Event: 7.559 Thread 0x000001c66b6a0530 8916       1       net.bytebuddy.implementation.Implementation$Simple::appender (5 bytes)
Event: 7.559 Thread 0x000001c66b6a0530 nmethod 8916 0x000001c65bc56190 code [0x000001c65bc56320, 0x000001c65bc563f8]
Event: 8.200 Thread 0x000001c66ab34d30 8917       1       java.io.ObjectInputStream$BlockDataInputStream::readByte (20 bytes)
Event: 8.200 Thread 0x000001c66b6a0a50 8918       1       java.io.ObjectInputStream$BlockDataInputStream::read (62 bytes)
Event: 8.200 Thread 0x000001c66b747f80 8919       1       java.io.ObjectInputStream$PeekInputStream::read (47 bytes)
Event: 8.200 Thread 0x000001c66ab34d30 nmethod 8917 0x000001c65bc55d90 code [0x000001c65bc55f40, 0x000001c65bc560b8]
Event: 8.200 Thread 0x000001c66b747f80 nmethod 8919 0x000001c65bc55a10 code [0x000001c65bc55bc0, 0x000001c65bc55d28]
Event: 8.200 Thread 0x000001c66b6a0a50 nmethod 8918 0x000001c65bc55590 code [0x000001c65bc55740, 0x000001c65bc55918]
Event: 8.200 Thread 0x000001c66b6a0a50 8920       1       jdk.internal.reflect.ClassFileAssembler::opc_aload_1 (24 bytes)
Event: 8.200 Thread 0x000001c66b6a0a50 nmethod 8920 0x000001c65bc55190 code [0x000001c65bc55320, 0x000001c65bc55488]

GC Heap History (20 events):
Event: 5.184 GC heap after
{Heap after GC invocations=28 (full 0):
 garbage-first heap   total 382976K, used 119571K [0x0000000704c00000, 0x0000000800000000)
  region size 2048K, 1 young (2048K), 1 survivors (2048K)
 Metaspace       used 80726K, committed 81344K, reserved 1179648K
  class space    used 10533K, committed 10816K, reserved 1048576K
}
Event: 5.517 GC heap before
{Heap before GC invocations=28 (full 0):
 garbage-first heap   total 382976K, used 312083K [0x0000000704c00000, 0x0000000800000000)
  region size 2048K, 95 young (194560K), 1 survivors (2048K)
 Metaspace       used 82332K, committed 83008K, reserved 1179648K
  class space    used 10753K, committed 11072K, reserved 1048576K
}
Event: 5.519 GC heap after
{Heap after GC invocations=29 (full 0):
 garbage-first heap   total 382976K, used 121924K [0x0000000704c00000, 0x0000000800000000)
  region size 2048K, 2 young (4096K), 2 survivors (4096K)
 Metaspace       used 82332K, committed 83008K, reserved 1179648K
  class space    used 10753K, committed 11072K, reserved 1048576K
}
Event: 5.854 GC heap before
{Heap before GC invocations=29 (full 0):
 garbage-first heap   total 382976K, used 316484K [0x0000000704c00000, 0x0000000800000000)
  region size 2048K, 97 young (198656K), 2 survivors (4096K)
 Metaspace       used 83969K, committed 84608K, reserved 1179648K
  class space    used 10983K, committed 11264K, reserved 1048576K
}
Event: 5.856 GC heap after
{Heap after GC invocations=30 (full 0):
 garbage-first heap   total 382976K, used 124400K [0x0000000704c00000, 0x0000000800000000)
  region size 2048K, 3 young (6144K), 3 survivors (6144K)
 Metaspace       used 83969K, committed 84608K, reserved 1179648K
  class space    used 10983K, committed 11264K, reserved 1048576K
}
Event: 6.159 GC heap before
{Heap before GC invocations=30 (full 0):
 garbage-first heap   total 382976K, used 321008K [0x0000000704c00000, 0x0000000800000000)
  region size 2048K, 99 young (202752K), 3 survivors (6144K)
 Metaspace       used 85600K, committed 86272K, reserved 1179648K
  class space    used 11202K, committed 11520K, reserved 1048576K
}
Event: 6.161 GC heap after
{Heap after GC invocations=31 (full 0):
 garbage-first heap   total 382976K, used 127032K [0x0000000704c00000, 0x0000000800000000)
  region size 2048K, 4 young (8192K), 4 survivors (8192K)
 Metaspace       used 85600K, committed 86272K, reserved 1179648K
  class space    used 11202K, committed 11520K, reserved 1048576K
}
Event: 6.466 GC heap before
{Heap before GC invocations=31 (full 0):
 garbage-first heap   total 382976K, used 323640K [0x0000000704c00000, 0x0000000800000000)
  region size 2048K, 100 young (204800K), 4 survivors (8192K)
 Metaspace       used 87261K, committed 87872K, reserved 1179648K
  class space    used 11435K, committed 11712K, reserved 1048576K
}
Event: 6.469 GC heap after
{Heap after GC invocations=32 (full 0):
 garbage-first heap   total 382976K, used 130006K [0x0000000704c00000, 0x0000000800000000)
  region size 2048K, 6 young (12288K), 6 survivors (12288K)
 Metaspace       used 87261K, committed 87872K, reserved 1179648K
  class space    used 11435K, committed 11712K, reserved 1048576K
}
Event: 6.792 GC heap before
{Heap before GC invocations=32 (full 0):
 garbage-first heap   total 382976K, used 326614K [0x0000000704c00000, 0x0000000800000000)
  region size 2048K, 102 young (208896K), 6 survivors (12288K)
 Metaspace       used 88922K, committed 89536K, reserved 1179648K
  class space    used 11671K, committed 11968K, reserved 1048576K
}
Event: 6.797 GC heap after
{Heap after GC invocations=33 (full 0):
 garbage-first heap   total 382976K, used 132347K [0x0000000704c00000, 0x0000000800000000)
  region size 2048K, 7 young (14336K), 7 survivors (14336K)
 Metaspace       used 88922K, committed 89536K, reserved 1179648K
  class space    used 11671K, committed 11968K, reserved 1048576K
}
Event: 7.098 GC heap before
{Heap before GC invocations=33 (full 0):
 garbage-first heap   total 382976K, used 326907K [0x0000000704c00000, 0x0000000800000000)
  region size 2048K, 102 young (208896K), 7 survivors (14336K)
 Metaspace       used 90558K, committed 91136K, reserved 1179648K
  class space    used 11903K, committed 12160K, reserved 1048576K
}
Event: 7.102 GC heap after
{Heap after GC invocations=34 (full 0):
 garbage-first heap   total 382976K, used 135015K [0x0000000704c00000, 0x0000000800000000)
  region size 2048K, 8 young (16384K), 8 survivors (16384K)
 Metaspace       used 90558K, committed 91136K, reserved 1179648K
  class space    used 11903K, committed 12160K, reserved 1048576K
}
Event: 7.395 GC heap before
{Heap before GC invocations=34 (full 0):
 garbage-first heap   total 382976K, used 325479K [0x0000000704c00000, 0x0000000800000000)
  region size 2048K, 101 young (206848K), 8 survivors (16384K)
 Metaspace       used 92118K, committed 92736K, reserved 1179648K
  class space    used 12116K, committed 12416K, reserved 1048576K
}
Event: 7.399 GC heap after
{Heap after GC invocations=35 (full 0):
 garbage-first heap   total 382976K, used 137797K [0x0000000704c00000, 0x0000000800000000)
  region size 2048K, 8 young (16384K), 8 survivors (16384K)
 Metaspace       used 92118K, committed 92736K, reserved 1179648K
  class space    used 12116K, committed 12416K, reserved 1048576K
}
Event: 7.691 GC heap before
{Heap before GC invocations=35 (full 0):
 garbage-first heap   total 382976K, used 326213K [0x0000000704c00000, 0x0000000800000000)
  region size 2048K, 100 young (204800K), 8 survivors (16384K)
 Metaspace       used 93686K, committed 94336K, reserved 1179648K
  class space    used 12335K, committed 12608K, reserved 1048576K
}
Event: 7.695 GC heap after
{Heap after GC invocations=36 (full 0):
 garbage-first heap   total 382976K, used 140421K [0x0000000704c00000, 0x0000000800000000)
  region size 2048K, 8 young (16384K), 8 survivors (16384K)
 Metaspace       used 93686K, committed 94336K, reserved 1179648K
  class space    used 12335K, committed 12608K, reserved 1048576K
}
Event: 7.982 GC heap before
{Heap before GC invocations=36 (full 0):
 garbage-first heap   total 382976K, used 326789K [0x0000000704c00000, 0x0000000800000000)
  region size 2048K, 99 young (202752K), 8 survivors (16384K)
 Metaspace       used 95220K, committed 95872K, reserved 1179648K
  class space    used 12547K, committed 12864K, reserved 1048576K
}
Event: 7.987 GC heap after
{Heap after GC invocations=37 (full 0):
 garbage-first heap   total 382976K, used 142461K [0x0000000704c00000, 0x0000000800000000)
  region size 2048K, 8 young (16384K), 8 survivors (16384K)
 Metaspace       used 95220K, committed 95872K, reserved 1179648K
  class space    used 12547K, committed 12864K, reserved 1048576K
}
Event: 8.265 GC heap before
{Heap before GC invocations=37 (full 0):
 garbage-first heap   total 382976K, used 324733K [0x0000000704c00000, 0x0000000800000000)
  region size 2048K, 97 young (198656K), 8 survivors (16384K)
 Metaspace       used 96710K, committed 97344K, reserved 1179648K
  class space    used 12749K, committed 13056K, reserved 1048576K
}

Deoptimization events (10 events):
Event: 0.577 Thread 0x000001c653ca3d50 DEOPT PACKING pc=0x000001c65ba8035c sp=0x000000a2a95fdca0
Event: 0.577 Thread 0x000001c653ca3d50 DEOPT UNPACKING pc=0x000001c65b5a2b43 sp=0x000000a2a95fd1d0 mode 0
Event: 1.780 Thread 0x000001c653ca3d50 DEOPT PACKING pc=0x000001c65be3efec sp=0x000000a2a95fada0
Event: 1.780 Thread 0x000001c653ca3d50 DEOPT UNPACKING pc=0x000001c65b5a2b43 sp=0x000000a2a95fa260 mode 0
Event: 2.025 Thread 0x000001c653ca3d50 DEOPT PACKING pc=0x000001c65bab3a89 sp=0x000000a2a95fe840
Event: 2.025 Thread 0x000001c653ca3d50 DEOPT UNPACKING pc=0x000001c65b5a2b43 sp=0x000000a2a95fdcd0 mode 3
Event: 2.025 Thread 0x000001c6709d5400 DEOPT PACKING pc=0x000001c65ba2f91f sp=0x000000a2ac5ff380
Event: 2.025 Thread 0x000001c6709d5400 DEOPT UNPACKING pc=0x000001c65b5a2b43 sp=0x000000a2ac5fe7d8 mode 3
Event: 3.260 Thread 0x000001c653ca3d50 DEOPT PACKING pc=0x000001c65c13287c sp=0x000000a2a95fd090
Event: 3.260 Thread 0x000001c653ca3d50 DEOPT UNPACKING pc=0x000001c65b5a2b43 sp=0x000000a2a95fc560 mode 0

Classes unloaded (0 events):
No events

Classes redefined (0 events):
No events

Internal exceptions (20 events):
Event: 2.652 Thread 0x000001c6709d6840 Exception <a 'java/lang/NoSuchMethodError'{0x000000070d600960}: 'int java.lang.invoke.DirectMethodHandle$Holder.invokeStatic(java.lang.Object, int, java.lang.Object)'> (0x000000070d600960) 
thrown [s\open\src\hotspot\share\interpreter\linkResolver.cpp, line 759]
Event: 3.120 Thread 0x000001c6709ba170 Exception <a 'java/lang/reflect/InvocationTargetException'{0x000000070d8054e8}> (0x000000070d8054e8) 
thrown [s\open\src\hotspot\share\runtime\reflection.cpp, line 1121]
Event: 3.229 Thread 0x000001c653ca3d50 Exception <a 'java/lang/NoSuchMethodError'{0x000000070ab0ab08}: 'java.lang.Object java.lang.invoke.DirectMethodHandle$Holder.invokeSpecial(java.lang.Object, java.lang.Object, int, java.lang.Object, int)'> (0x000000070ab0ab08) 
thrown [s\open\src\hotspot\share\interpreter\linkResolver.cpp, line 759]
Event: 3.671 Thread 0x000001c6709ba170 Exception <a 'java/lang/reflect/InvocationTargetException'{0x000000070c001b90}> (0x000000070c001b90) 
thrown [s\open\src\hotspot\share\runtime\reflection.cpp, line 1121]
Event: 4.049 Thread 0x000001c653ca3d50 Exception <a 'java/lang/NoSuchMethodError'{0x000000070f967738}: 'void java.lang.invoke.DirectMethodHandle$Holder.invokeSpecial(java.lang.Object, java.lang.Object, int, java.lang.Object)'> (0x000000070f967738) 
thrown [s\open\src\hotspot\share\interpreter\linkResolver.cpp, line 759]
Event: 4.049 Thread 0x000001c653ca3d50 Exception <a 'java/lang/NoSuchMethodError'{0x000000070f96de58}: 'java.lang.Object java.lang.invoke.DirectMethodHandle$Holder.newInvokeSpecial(java.lang.Object, java.lang.Object, int)'> (0x000000070f96de58) 
thrown [s\open\src\hotspot\share\interpreter\linkResolver.cpp, line 759]
Event: 4.055 Thread 0x000001c653ca3d50 Exception <a 'java/lang/NoSuchMethodError'{0x000000070f6155d8}: 'java.lang.Object java.lang.invoke.DirectMethodHandle$Holder.newInvokeSpecial(java.lang.Object, java.lang.Object, java.lang.Object, int, java.lang.Object, java.lang.Object)'> (0x000000070f6155d8) 
thrown [s\open\src\hotspot\share\interpreter\linkResolver.cpp, line 759]
Event: 4.055 Thread 0x000001c653ca3d50 Exception <a 'java/lang/NoSuchMethodError'{0x000000070f619948}: 'java.lang.Object java.lang.invoke.DirectMethodHandle$Holder.invokeSpecial(java.lang.Object, java.lang.Object, java.lang.Object, java.lang.Object, int, java.lang.Object, java.lang.Object)'> (0x000000070f619948) 
thrown [s\open\src\hotspot\share\interpreter\linkResolver.cpp, line 759]
Event: 4.174 Thread 0x000001c6709ba170 Exception <a 'java/lang/reflect/InvocationTargetException'{0x00000007119ec5c0}> (0x00000007119ec5c0) 
thrown [s\open\src\hotspot\share\runtime\reflection.cpp, line 1121]
Event: 4.310 Thread 0x000001c653ca3d50 Exception <a 'java/lang/IncompatibleClassChangeError'{0x000000070ff1ffd0}: Found class java.lang.Object, but interface was expected> (0x000000070ff1ffd0) 
thrown [s\open\src\hotspot\share\interpreter\linkResolver.cpp, line 826]
Event: 4.316 Thread 0x000001c653ca3d50 Exception <a 'java/lang/NoSuchMethodError'{0x000000070ffc6b70}: 'java.lang.Object java.lang.invoke.DirectMethodHandle$Holder.invokeStatic(java.lang.Object, java.lang.Object, int, java.lang.Object)'> (0x000000070ffc6b70) 
thrown [s\open\src\hotspot\share\interpreter\linkResolver.cpp, line 759]
Event: 4.316 Thread 0x000001c653ca3d50 Exception <a 'java/lang/NoSuchMethodError'{0x000000070ffca608}: 'java.lang.Object java.lang.invoke.DirectMethodHandle$Holder.invokeStaticInit(java.lang.Object, java.lang.Object, int, java.lang.Object)'> (0x000000070ffca608) 
thrown [s\open\src\hotspot\share\interpreter\linkResolver.cpp, line 759]
Event: 4.676 Thread 0x000001c6709ba170 Exception <a 'java/lang/reflect/InvocationTargetException'{0x0000000712601b90}> (0x0000000712601b90) 
thrown [s\open\src\hotspot\share\runtime\reflection.cpp, line 1121]
Event: 5.184 Thread 0x000001c6709ba170 Exception <a 'java/lang/reflect/InvocationTargetException'{0x000000071c002360}> (0x000000071c002360) 
thrown [s\open\src\hotspot\share\runtime\reflection.cpp, line 1121]
Event: 5.687 Thread 0x000001c6709ba170 Exception <a 'java/lang/reflect/InvocationTargetException'{0x0000000716702360}> (0x0000000716702360) 
thrown [s\open\src\hotspot\share\runtime\reflection.cpp, line 1121]
Event: 6.189 Thread 0x000001c6709ba170 Exception <a 'java/lang/reflect/InvocationTargetException'{0x000000071b102360}> (0x000000071b102360) 
thrown [s\open\src\hotspot\share\runtime\reflection.cpp, line 1121]
Event: 6.691 Thread 0x000001c6709ba170 Exception <a 'java/lang/reflect/InvocationTargetException'{0x00000007141023c8}> (0x00000007141023c8) 
thrown [s\open\src\hotspot\share\runtime\reflection.cpp, line 1121]
Event: 7.194 Thread 0x000001c6709ba170 Exception <a 'java/lang/reflect/InvocationTargetException'{0x0000000718902388}> (0x0000000718902388) 
thrown [s\open\src\hotspot\share\runtime\reflection.cpp, line 1121]
Event: 7.697 Thread 0x000001c6709ba170 Exception <a 'java/lang/reflect/InvocationTargetException'{0x000000071c102398}> (0x000000071c102398) 
thrown [s\open\src\hotspot\share\runtime\reflection.cpp, line 1121]
Event: 8.200 Thread 0x000001c6709ba170 Exception <a 'java/lang/reflect/InvocationTargetException'{0x0000000713606c68}> (0x0000000713606c68) 
thrown [s\open\src\hotspot\share\runtime\reflection.cpp, line 1121]

VM Operations (20 events):
Event: 5.184 Executing VM operation: G1CollectForAllocation done
Event: 5.517 Executing VM operation: G1CollectForAllocation
Event: 5.519 Executing VM operation: G1CollectForAllocation done
Event: 5.854 Executing VM operation: G1CollectForAllocation
Event: 5.856 Executing VM operation: G1CollectForAllocation done
Event: 6.159 Executing VM operation: G1CollectForAllocation
Event: 6.161 Executing VM operation: G1CollectForAllocation done
Event: 6.466 Executing VM operation: G1CollectForAllocation
Event: 6.470 Executing VM operation: G1CollectForAllocation done
Event: 6.791 Executing VM operation: G1CollectForAllocation
Event: 6.797 Executing VM operation: G1CollectForAllocation done
Event: 7.098 Executing VM operation: G1CollectForAllocation
Event: 7.102 Executing VM operation: G1CollectForAllocation done
Event: 7.394 Executing VM operation: G1CollectForAllocation
Event: 7.399 Executing VM operation: G1CollectForAllocation done
Event: 7.691 Executing VM operation: G1CollectForAllocation
Event: 7.695 Executing VM operation: G1CollectForAllocation done
Event: 7.982 Executing VM operation: G1CollectForAllocation
Event: 7.987 Executing VM operation: G1CollectForAllocation done
Event: 8.265 Executing VM operation: G1CollectForAllocation

Events (20 events):
Event: 4.041 loading class java/util/stream/ReduceOps$1ReducingSink done
Event: 4.257 loading class javax/naming/RefAddr
Event: 4.257 loading class javax/naming/RefAddr done
Event: 4.257 loading class javax/naming/StringRefAddr
Event: 4.257 loading class javax/naming/StringRefAddr done
Event: 4.273 loading class java/util/concurrent/CompletableFuture$AltResult
Event: 4.273 loading class java/util/concurrent/CompletableFuture$AltResult done
Event: 4.273 loading class java/util/concurrent/CompletableFuture$Completion
Event: 4.273 loading class java/util/concurrent/CompletableFuture$AsynchronousCompletionTask
Event: 4.273 loading class java/util/concurrent/CompletableFuture$AsynchronousCompletionTask done
Event: 4.273 loading class java/util/concurrent/CompletableFuture$Completion done
Event: 4.425 loading class java/util/concurrent/CancellationException
Event: 4.425 loading class java/util/concurrent/CancellationException done
Event: 4.514 loading class java/lang/reflect/AnnotatedArrayType
Event: 4.514 loading class java/lang/reflect/AnnotatedArrayType done
Event: 4.684 loading class sun/reflect/generics/tree/DoubleSignature
Event: 4.684 loading class sun/reflect/generics/tree/DoubleSignature done
Event: 6.541 Thread 0x000001c670a12d10 Thread exited: 0x000001c670a12d10
Event: 6.691 Thread 0x000001c670a0f740 Thread exited: 0x000001c670a0f740
Event: 7.913 Thread 0x000001c6709d5910 Thread exited: 0x000001c6709d5910


Dynamic libraries:
0x00007ff6ebbd0000 - 0x00007ff6ebbe0000 	C:\Program Files\Java\jdk-17\bin\javaw.exe
0x00007ffe2f3d0000 - 0x00007ffe2f5e7000 	C:\Windows\SYSTEM32\ntdll.dll
0x00007ffe2ec90000 - 0x00007ffe2ed54000 	C:\Windows\System32\KERNEL32.DLL
0x00007ffe2c910000 - 0x00007ffe2ccbd000 	C:\Windows\System32\KERNELBASE.dll
0x00007ffe2cfc0000 - 0x00007ffe2d0d1000 	C:\Windows\System32\ucrtbase.dll
0x00007ffe22d50000 - 0x00007ffe22d6b000 	C:\Program Files\Java\jdk-17\bin\VCRUNTIME140.dll
0x00007ffe20310000 - 0x00007ffe20329000 	C:\Program Files\Java\jdk-17\bin\jli.dll
0x00007ffe2eb00000 - 0x00007ffe2ebb2000 	C:\Windows\System32\ADVAPI32.dll
0x00007ffe2e310000 - 0x00007ffe2e3b7000 	C:\Windows\System32\msvcrt.dll
0x00007ffe2edf0000 - 0x00007ffe2ee99000 	C:\Windows\System32\sechost.dll
0x00007ffe2cde0000 - 0x00007ffe2ce08000 	C:\Windows\System32\bcrypt.dll
0x00007ffe2d120000 - 0x00007ffe2d234000 	C:\Windows\System32\RPCRT4.dll
0x00007ffe2efc0000 - 0x00007ffe2f16e000 	C:\Windows\System32\USER32.dll
0x00007ffe2d0e0000 - 0x00007ffe2d106000 	C:\Windows\System32\win32u.dll
0x00007ffe1dad0000 - 0x00007ffe1dd63000 	C:\Windows\WinSxS\amd64_microsoft.windows.common-controls_6595b64144ccf1df_6.0.22621.3672_none_2713b9d173822955\COMCTL32.dll
0x00007ffe2dba0000 - 0x00007ffe2dbc9000 	C:\Windows\System32\GDI32.dll
0x00007ffe2ccc0000 - 0x00007ffe2cdd9000 	C:\Windows\System32\gdi32full.dll
0x00007ffe2c870000 - 0x00007ffe2c90a000 	C:\Windows\System32\msvcp_win.dll
0x00007ffe250a0000 - 0x00007ffe250aa000 	C:\Windows\SYSTEM32\VERSION.dll
0x00007ffe2eea0000 - 0x00007ffe2eed1000 	C:\Windows\System32\IMM32.DLL
0x00007ffe252d0000 - 0x00007ffe252dc000 	C:\Program Files\Java\jdk-17\bin\vcruntime140_1.dll
0x00007ffe01a30000 - 0x00007ffe01abe000 	C:\Program Files\Java\jdk-17\bin\msvcp140.dll
0x00007ffd90da0000 - 0x00007ffd91980000 	C:\Program Files\Java\jdk-17\bin\server\jvm.dll
0x00007ffe2e200000 - 0x00007ffe2e208000 	C:\Windows\System32\PSAPI.DLL
0x00007ffe1de70000 - 0x00007ffe1de79000 	C:\Windows\SYSTEM32\WSOCK32.dll
0x00007ffe244f0000 - 0x00007ffe24524000 	C:\Windows\SYSTEM32\WINMM.dll
0x00007ffe2e210000 - 0x00007ffe2e281000 	C:\Windows\System32\WS2_32.dll
0x00007ffe2b7e0000 - 0x00007ffe2b7f8000 	C:\Windows\SYSTEM32\kernel.appcore.dll
0x00007ffe245b0000 - 0x00007ffe245ba000 	C:\Program Files\Java\jdk-17\bin\jimage.dll
0x00007ffe29850000 - 0x00007ffe29a82000 	C:\Windows\SYSTEM32\DBGHELP.DLL
0x00007ffe2e770000 - 0x00007ffe2eaf8000 	C:\Windows\System32\combase.dll
0x00007ffe2eee0000 - 0x00007ffe2efb7000 	C:\Windows\System32\OLEAUT32.dll
0x00007ffe181b0000 - 0x00007ffe181e2000 	C:\Windows\SYSTEM32\dbgcore.DLL
0x00007ffe2ce10000 - 0x00007ffe2ce8b000 	C:\Windows\System32\bcryptPrimitives.dll
0x00007ffe0bfd0000 - 0x00007ffe0bff5000 	C:\Program Files\Java\jdk-17\bin\java.dll
0x00007ffdefd20000 - 0x00007ffdefdf7000 	C:\Program Files\Java\jdk-17\bin\jsvml.dll
0x00007ffe2d340000 - 0x00007ffe2db9f000 	C:\Windows\System32\SHELL32.dll
0x00007ffe2a600000 - 0x00007ffe2aefc000 	C:\Windows\SYSTEM32\windows.storage.dll
0x00007ffe2a4c0000 - 0x00007ffe2a5ff000 	C:\Windows\SYSTEM32\wintypes.dll
0x00007ffe2d240000 - 0x00007ffe2d334000 	C:\Windows\System32\SHCORE.dll
0x00007ffe2f2d0000 - 0x00007ffe2f32e000 	C:\Windows\System32\shlwapi.dll
0x00007ffe2c630000 - 0x00007ffe2c651000 	C:\Windows\SYSTEM32\profapi.dll
0x00007ffe14df0000 - 0x00007ffe14e09000 	C:\Program Files\Java\jdk-17\bin\net.dll
0x00007ffe27330000 - 0x00007ffe27466000 	C:\Windows\SYSTEM32\WINHTTP.dll
0x00007ffe2bc40000 - 0x00007ffe2bca9000 	C:\Windows\system32\mswsock.dll
0x00007ffe0bf10000 - 0x00007ffe0bf26000 	C:\Program Files\Java\jdk-17\bin\nio.dll
0x00007ffe0b3a0000 - 0x00007ffe0b3b8000 	C:\Program Files\Java\jdk-17\bin\zip.dll
0x00007ffe23840000 - 0x00007ffe2384a000 	C:\Program Files\Java\jdk-17\bin\management.dll
0x00007ffe22c50000 - 0x00007ffe22c5b000 	C:\Program Files\Java\jdk-17\bin\management_ext.dll
0x00007ffe22e30000 - 0x00007ffe22e47000 	C:\Windows\system32\napinsp.dll
0x00007ffe22e10000 - 0x00007ffe22e2b000 	C:\Windows\system32\pnrpnsp.dll
0x00007ffe2b190000 - 0x00007ffe2b288000 	C:\Windows\SYSTEM32\DNSAPI.dll
0x00007ffe2b160000 - 0x00007ffe2b18d000 	C:\Windows\SYSTEM32\IPHLPAPI.DLL
0x00007ffe2f170000 - 0x00007ffe2f179000 	C:\Windows\System32\NSI.dll
0x00007ffe22df0000 - 0x00007ffe22e01000 	C:\Windows\System32\winrnr.dll
0x00007ffe23870000 - 0x00007ffe23885000 	C:\Windows\system32\wshbth.dll
0x00007ffe22dc0000 - 0x00007ffe22de7000 	C:\Windows\system32\nlansp_c.dll
0x00007ffe23d80000 - 0x00007ffe23d8a000 	C:\Windows\System32\rasadhlp.dll
0x00007ffe24280000 - 0x00007ffe24303000 	C:\Windows\System32\fwpuclnt.dll
0x00007ffe2bf90000 - 0x00007ffe2bfab000 	C:\Windows\SYSTEM32\CRYPTSP.dll
0x00007ffe2b6c0000 - 0x00007ffe2b6f5000 	C:\Windows\system32\rsaenh.dll
0x00007ffe2bce0000 - 0x00007ffe2bd08000 	C:\Windows\SYSTEM32\USERENV.dll
0x00007ffe2bf70000 - 0x00007ffe2bf7c000 	C:\Windows\SYSTEM32\CRYPTBASE.dll
0x00007ffe270e0000 - 0x00007ffe270f9000 	C:\Windows\SYSTEM32\dhcpcsvc6.DLL
0x00007ffe26ae0000 - 0x00007ffe26aff000 	C:\Windows\SYSTEM32\dhcpcsvc.DLL
0x00007ffe20220000 - 0x00007ffe2022e000 	C:\Program Files\Java\jdk-17\bin\sunmscapi.dll
0x00007ffe2c700000 - 0x00007ffe2c867000 	C:\Windows\System32\CRYPT32.dll
0x00007ffe2c090000 - 0x00007ffe2c0be000 	C:\Windows\SYSTEM32\ncrypt.dll
0x00007ffe2c050000 - 0x00007ffe2c087000 	C:\Windows\SYSTEM32\NTASN1.dll

dbghelp: loaded successfully - version: 4.0.5 - missing functions: none
symbol engine: initialized successfully - sym options: 0x614 - pdb path: .;C:\Program Files\Java\jdk-17\bin;C:\Windows\SYSTEM32;C:\Windows\WinSxS\amd64_microsoft.windows.common-controls_6595b64144ccf1df_6.0.22621.3672_none_2713b9d173822955;C:\Program Files\Java\jdk-17\bin\server

VM Arguments:
jvm_args: -Dfile.encoding-UTF8 -Dcom.sun.management.jmxremote -Dcom.sun.management.jmxremote.port=51328 -Dcom.sun.management.jmxremote.authenticate=false -Dcom.sun.management.jmxremote.ssl=false -Djava.rmi.server.hostname=localhost -Dspring.jmx.enabled=true -Dmanagement.endpoints.jmx.exposure.include=* -Dspring.application.admin.enabled=true -Dspring.output.ansi.enabled=always -XX:TieredStopAtLevel=1 -Dspring.boot.project.name=asm_gstn_return_db_store6_pre -Dfile.encoding=UTF-8 -Dstdout.encoding=UTF-8 -Dstderr.encoding=UTF-8 -XX:+ShowCodeDetailsInExceptionMessages 
java_command: com.deloitte.AsmEwayBillApplication
java_class_path (initial): D:\Project\workspace\workspace280126\asm_gstn_return_db_store6_pre\target\classes;C:\Users\AIO16\.m2\repository\org\springframework\boot\spring-boot-starter-data-jpa\4.0.3\spring-boot-starter-data-jpa-4.0.3.jar;C:\Users\AIO16\.m2\repository\org\springframework\boot\spring-boot-starter\4.0.3\spring-boot-starter-4.0.3.jar;C:\Users\AIO16\.m2\repository\org\springframework\boot\spring-boot-starter-logging\4.0.3\spring-boot-starter-logging-4.0.3.jar;C:\Users\AIO16\.m2\repository\ch\qos\logback\logback-classic\1.5.32\logback-classic-1.5.32.jar;C:\Users\AIO16\.m2\repository\ch\qos\logback\logback-core\1.5.32\logback-core-1.5.32.jar;C:\Users\AIO16\.m2\repository\org\apache\logging\log4j\log4j-to-slf4j\2.25.3\log4j-to-slf4j-2.25.3.jar;C:\Users\AIO16\.m2\repository\org\slf4j\jul-to-slf4j\2.0.17\jul-to-slf4j-2.0.17.jar;C:\Users\AIO16\.m2\repository\org\springframework\boot\spring-boot-autoconfigure\4.0.3\spring-boot-autoconfigure-4.0.3.jar;C:\Users\AIO16\.m2\repository\jakarta\annotation\jakarta.annotation-api\3.0.0\jakarta.annotation-api-3.0.0.jar;C:\Users\AIO16\.m2\repository\org\yaml\snakeyaml\2.5\snakeyaml-2.5.jar;C:\Users\AIO16\.m2\repository\org\springframework\boot\spring-boot-starter-jdbc\4.0.3\spring-boot-starter-jdbc-4.0.3.jar;C:\Users\AIO16\.m2\repository\com\zaxxer\HikariCP\7.0.2\HikariCP-7.0.2.jar;C:\Users\AIO16\.m2\repository\org\springframework\boot\spring-boot-data-jpa\4.0.3\spring-boot-data-jpa-4.0.3.jar;C:\Users\AIO16\.m2\repository\org\springframework\boot\spring-boot-data-commons\4.0.3\spring-boot-data-commons-4.0.3.jar;C:\Users\AIO16\.m2\repository\org\springframework\boot\spring-boot-persistence\4.0.3\spring-boot-persistence-4.0.3.jar;C:\Users\AIO16\.m2\repository\org\springframework\data\spring-data-commons\4.0.3\spring-data-commons-4.0.3.jar;C:\Users\AIO16\.m2\repository\org\springframework\boot\spring-boot-hibernate\4.0.3\spring-boot-hibernate-4.0.3.jar;C:\Users\AIO16\.m2\repository\org\springframework\boot\spring-boot-jpa\
Launcher Type: SUN_STANDARD

[Global flags]
     intx CICompilerCount                          = 12                                        {product} {ergonomic}
     uint ConcGCThreads                            = 4                                         {product} {ergonomic}
     uint G1ConcRefinementThreads                  = 15                                        {product} {ergonomic}
   size_t G1HeapRegionSize                         = 2097152                                   {product} {ergonomic}
    uintx GCDrainStackTargetSize                   = 64                                        {product} {ergonomic}
   size_t InitialHeapSize                          = 264241152                                 {product} {ergonomic}
     bool ManagementServer                         = true                                      {product} {command line}
   size_t MarkStackSize                            = 4194304                                   {product} {ergonomic}
   size_t MaxHeapSize                              = 4215275520                                {product} {ergonomic}
   size_t MaxNewSize                               = 2529165312                                {product} {ergonomic}
   size_t MinHeapDeltaBytes                        = 2097152                                   {product} {ergonomic}
   size_t MinHeapSize                              = 8388608                                   {product} {ergonomic}
    uintx NonProfiledCodeHeapSize                  = 0                                      {pd product} {ergonomic}
     bool ProfileInterpreter                       = false                                  {pd product} {command line}
    uintx ProfiledCodeHeapSize                     = 0                                      {pd product} {ergonomic}
     bool ShowCodeDetailsInExceptionMessages       = true                                   {manageable} {command line}
   size_t SoftMaxHeapSize                          = 4215275520                             {manageable} {ergonomic}
     intx TieredStopAtLevel                        = 1                                         {product} {command line}
     bool UseCompressedClassPointers               = true                           {product lp64_product} {ergonomic}
     bool UseCompressedOops                        = true                           {product lp64_product} {ergonomic}
     bool UseG1GC                                  = true                                      {product} {ergonomic}
     bool UseLargePagesIndividualAllocation        = false                                  {pd product} {ergonomic}

Logging:
Log output configuration:
 #0: stdout all=warning uptime,level,tags
 #1: stderr all=off uptime,level,tags

Environment Variables:
JAVA_HOME=C:\Program Files\Java\jdk-17
JAVA_TOOL_OPTIONS=-Dfile.encoding-UTF8
PATH=D:/Project/sts-5.0.1.RELEASE//plugins/org.eclipse.justj.openjdk.hotspot.jre.full.win32.x86_64_25.0.1.v20251108-1451/jre/bin/server;D:/Project/sts-5.0.1.RELEASE//plugins/org.eclipse.justj.openjdk.hotspot.jre.full.win32.x86_64_25.0.1.v20251108-1451/jre/bin;C:\Program Files\Apache\Maven\apache-maven-3.9.14\bin;C:\Program Files\Java\jdk-17;C:\Program Files\Common Files\Oracle\Java\javapath;C:\Program Files (x86)\Common Files\Oracle\Java\javapath;C:\Windows\system32;C:\Windows;C:\Windows\System32\Wbem;C:\Windows\System32\WindowsPowerShell\v1.0\;C:\Windows\System32\OpenSSH\;C:\Program Files\dotnet\;C:\Users\AIO16\AppData\Local\Microsoft\WindowsApps;C:\Users\AIO16\AppData\Local\Programs\Microsoft VS Code\bin;C:\Users\AIO16\AppData\Local\GitHubDesktop\bin;D:\Project\sts-5.0.1.RELEASE;
USERNAME=AIO16
OS=Windows_NT
PROCESSOR_IDENTIFIER=Intel64 Family 6 Model 191 Stepping 2, GenuineIntel



---------------  S Y S T E M  ---------------

OS:
 Windows 11 , 64 bit Build 22621 (10.0.22621.3672)
OS uptime: 24 days 9:00 hours
Hyper-V role detected

CPU: total 20 (initial active 20) (10 cores per cpu, 2 threads per core) family 6 model 191 stepping 2 microcode 0x3e, cx8, cmov, fxsr, ht, mmx, 3dnowpref, sse, sse2, sse3, ssse3, sse4.1, sse4.2, popcnt, lzcnt, tsc, tscinvbit, avx, avx2, aes, erms, clmul, bmi1, bmi2, adx, sha, fma, vzeroupper, clflush, clflushopt, clwb, hv

Memory: 4k page, system-wide physical 16072M (525M free)
TotalPageFile size 48072M (AvailPageFile size 101M)
current process WorkingSet (physical memory assigned to process): 575M, peak: 575M
current process commit charge ("private bytes"): 636M, peak: 764M

vm_info: Java HotSpot(TM) 64-Bit Server VM (17.0.12+8-LTS-286) for windows-amd64 JRE (17.0.12+8-LTS-286), built on Jun  5 2024 06:46:59 by "mach5one" with MS VC++ 17.6 (VS2022)

END.
