#
# There is insufficient memory for the Java Runtime Environment to continue.
# Native memory allocation (mmap) failed to map 264241152 bytes for G1 virtual space
# Possible reasons:
#   The system is out of physical RAM or swap space
#   The process is running with CompressedOops enabled, and the Java Heap may be blocking the growth of the native heap
# Possible solutions:
#   Reduce memory load on the system
#   Increase physical memory or swap space
#   Check if swap backing store is full
#   Decrease Java heap size (-Xmx/-Xms)
#   Decrease number of Java threads
#   Decrease Java thread stack sizes (-Xss)
#   Set larger code cache with -XX:ReservedCodeCacheSize=
#   JVM is running with Zero Based Compressed Oops mode in which the Java heap is
#     placed in the first 32GB address space. The Java Heap base address is the
#     maximum limit for the native heap growth. Please use -XX:HeapBaseMinAddress
#     to set the Java Heap base and to place the Java Heap above 32GB virtual address.
# This output file may be truncated or incomplete.
#
#  Out of Memory Error (os_windows.cpp:3548), pid=35228, tid=16836
#
# JRE version:  (17.0.12+8) (build )
# Java VM: Java HotSpot(TM) 64-Bit Server VM (17.0.12+8-LTS-286, mixed mode, sharing, tiered, compressed oops, compressed class ptrs, g1 gc, windows-amd64)
# No core dump will be written. Minidumps are not enabled by default on client versions of Windows
#

---------------  S U M M A R Y ------------

Command Line: -Dfile.encoding-UTF8 C:\Users\AIO16\AppData\Local\Temp\surefire11330271297726501177\surefirebooter-20260730110435364_3.jar C:\Users\AIO16\AppData\Local\Temp\surefire11330271297726501177 2026-07-30T11-04-35_246-jvmRun1 surefire-20260730110435364_1tmp surefire_0-20260730110435364_2tmp

Host: 13th Gen Intel(R) Core(TM) i5-13500, 20 cores, 15G,  Windows 11 , 64 bit Build 22621 (10.0.22621.3672)
Time: Thu Jul 30 11:04:35 2026 India Standard Time elapsed time: 0.007465 seconds (0d 0h 0m 0s)

---------------  T H R E A D  ---------------

Current thread (0x0000020e6d6614d0):  JavaThread "Unknown thread" [_thread_in_vm, id=16836, stack(0x000000795ef00000,0x000000795f000000)]

Stack: [0x000000795ef00000,0x000000795f000000]
Native frames: (J=compiled Java code, j=interpreted, Vv=VM code, C=native code)
V  [jvm.dll+0x67a04a]
V  [jvm.dll+0x7da4ed]
V  [jvm.dll+0x7dbe33]
V  [jvm.dll+0x7dc4a3]
V  [jvm.dll+0x24508f]
V  [jvm.dll+0x677089]
V  [jvm.dll+0x66bd32]
V  [jvm.dll+0x301fa6]
V  [jvm.dll+0x309546]
V  [jvm.dll+0x359d2e]
V  [jvm.dll+0x359f5f]
V  [jvm.dll+0x2d9078]
V  [jvm.dll+0x2d9fe4]
V  [jvm.dll+0x7aca21]
V  [jvm.dll+0x367591]
V  [jvm.dll+0x78b999]
V  [jvm.dll+0x3ec83f]
V  [jvm.dll+0x3ee471]
C  [jli.dll+0x5297]
C  [ucrtbase.dll+0x29333]
C  [KERNEL32.DLL+0x1257d]
C  [ntdll.dll+0x5af28]


---------------  P R O C E S S  ---------------

Threads class SMR info:
_java_thread_list=0x00007ffb62117a18, length=0, elements={
}

Java Threads: ( => current thread )

Other Threads:
  0x0000020e6d6ce960 GCTaskThread "GC Thread#0" [stack: 0x000000795f000000,0x000000795f100000] [id=8216]
  0x0000020e6d6df300 ConcurrentGCThread "G1 Main Marker" [stack: 0x000000795f100000,0x000000795f200000] [id=2420]
  0x0000020e6d6dfc20 ConcurrentGCThread "G1 Conc#0" [stack: 0x000000795f200000,0x000000795f300000] [id=4652]

[error occurred during error reporting (printing all threads), id 0xc0000005, EXCEPTION_ACCESS_VIOLATION (0xc0000005) at pc=0x00007ffb61949b67]

VM state: not at safepoint (not fully initialized)

VM Mutex/Monitor currently owned by a thread:  ([mutex/lock_event])
[0x0000020e6d65cb30] Heap_lock - owner thread: 0x0000020e6d6614d0

Heap address: 0x0000000704c00000, size: 4020 MB, Compressed Oops mode: Zero based, Oop shift amount: 3

CDS archive(s) mapped at: [0x0000000000000000-0x0000000000000000-0x0000000000000000), size 0, SharedBaseAddress: 0x0000000800000000, ArchiveRelocationMode: 1.
Narrow klass base: 0x0000000000000000, Narrow klass shift: 0, Narrow klass range: 0x0

GC Precious Log:
<Empty>

Heap:
 garbage-first heap   total 0K, used 0K [0x0000000704c00000, 0x0000000800000000)
  region size 2048K, 0 young (0K), 0 survivors (0K)

[error occurred during error reporting (printing heap information), id 0xc0000005, EXCEPTION_ACCESS_VIOLATION (0xc0000005) at pc=0x00007ffb61d33859]

GC Heap History (0 events):
No events

Deoptimization events (0 events):
No events

Classes unloaded (0 events):
No events

Classes redefined (0 events):
No events

Internal exceptions (0 events):
No events

VM Operations (0 events):
No events

Events (1 events):
Event: 0.005 Loaded shared library C:\Program Files\Java\jdk-17\bin\java.dll


Dynamic libraries:
0x00007ff77e700000 - 0x00007ff77e710000 	C:\Program Files\Java\jdk-17\bin\java.exe
0x00007ffbd7c10000 - 0x00007ffbd7e27000 	C:\Windows\SYSTEM32\ntdll.dll
0x00007ffbd63f0000 - 0x00007ffbd64b4000 	C:\Windows\System32\KERNEL32.DLL
0x00007ffbd5360000 - 0x00007ffbd570d000 	C:\Windows\System32\KERNELBASE.dll
0x00007ffbd51a0000 - 0x00007ffbd52b1000 	C:\Windows\System32\ucrtbase.dll
0x00007ffbc0ab0000 - 0x00007ffbc0acb000 	C:\Program Files\Java\jdk-17\bin\VCRUNTIME140.dll
0x00007ffbb3370000 - 0x00007ffbb3389000 	C:\Program Files\Java\jdk-17\bin\jli.dll
0x00007ffbd5f50000 - 0x00007ffbd6002000 	C:\Windows\System32\ADVAPI32.dll
0x00007ffbd6690000 - 0x00007ffbd6737000 	C:\Windows\System32\msvcrt.dll
0x00007ffbd5ab0000 - 0x00007ffbd5b59000 	C:\Windows\System32\sechost.dll
0x00007ffbd5920000 - 0x00007ffbd5948000 	C:\Windows\System32\bcrypt.dll
0x00007ffbd7a60000 - 0x00007ffbd7b74000 	C:\Windows\System32\RPCRT4.dll
0x00007ffbd7360000 - 0x00007ffbd750e000 	C:\Windows\System32\USER32.dll
0x00007ffbd58f0000 - 0x00007ffbd5916000 	C:\Windows\System32\win32u.dll
0x00007ffbb9460000 - 0x00007ffbb96f3000 	C:\Windows\WinSxS\amd64_microsoft.windows.common-controls_6595b64144ccf1df_6.0.22621.3672_none_2713b9d173822955\COMCTL32.dll
0x00007ffbd7a30000 - 0x00007ffbd7a59000 	C:\Windows\System32\GDI32.dll
0x00007ffbd5080000 - 0x00007ffbd5199000 	C:\Windows\System32\gdi32full.dll
0x00007ffbd52c0000 - 0x00007ffbd535a000 	C:\Windows\System32\msvcp_win.dll
0x00007ffbcc9e0000 - 0x00007ffbcc9ea000 	C:\Windows\SYSTEM32\VERSION.dll
0x00007ffbd7b90000 - 0x00007ffbd7bc1000 	C:\Windows\System32\IMM32.DLL
0x00007ffbcc2d0000 - 0x00007ffbcc2dc000 	C:\Program Files\Java\jdk-17\bin\vcruntime140_1.dll
0x00007ffb93de0000 - 0x00007ffb93e6e000 	C:\Program Files\Java\jdk-17\bin\msvcp140.dll
0x00007ffb61660000 - 0x00007ffb62240000 	C:\Program Files\Java\jdk-17\bin\server\jvm.dll
0x00007ffbd7b80000 - 0x00007ffbd7b88000 	C:\Windows\System32\PSAPI.DLL
0x00007ffbcd610000 - 0x00007ffbcd619000 	C:\Windows\SYSTEM32\WSOCK32.dll
0x00007ffbcc430000 - 0x00007ffbcc464000 	C:\Windows\SYSTEM32\WINMM.dll
0x00007ffbd61c0000 - 0x00007ffbd6231000 	C:\Windows\System32\WS2_32.dll
0x00007ffbd3f20000 - 0x00007ffbd3f38000 	C:\Windows\SYSTEM32\kernel.appcore.dll
0x00007ffbb04d0000 - 0x00007ffbb04da000 	C:\Program Files\Java\jdk-17\bin\jimage.dll
0x00007ffbd2710000 - 0x00007ffbd2942000 	C:\Windows\SYSTEM32\DBGHELP.DLL
0x00007ffbd5bc0000 - 0x00007ffbd5f48000 	C:\Windows\System32\combase.dll
0x00007ffbd6840000 - 0x00007ffbd6917000 	C:\Windows\System32\OLEAUT32.dll
0x00007ffbb1160000 - 0x00007ffbb1192000 	C:\Windows\SYSTEM32\dbgcore.DLL
0x00007ffbd5000000 - 0x00007ffbd507b000 	C:\Windows\System32\bcryptPrimitives.dll
0x00007ffb9e710000 - 0x00007ffb9e735000 	C:\Program Files\Java\jdk-17\bin\java.dll

dbghelp: loaded successfully - version: 4.0.5 - missing functions: none
symbol engine: initialized successfully - sym options: 0x614 - pdb path: .;C:\Program Files\Java\jdk-17\bin;C:\Windows\SYSTEM32;C:\Windows\WinSxS\amd64_microsoft.windows.common-controls_6595b64144ccf1df_6.0.22621.3672_none_2713b9d173822955;C:\Program Files\Java\jdk-17\bin\server

VM Arguments:
jvm_args: -Dfile.encoding-UTF8 
java_command: C:\Users\AIO16\AppData\Local\Temp\surefire11330271297726501177\surefirebooter-20260730110435364_3.jar C:\Users\AIO16\AppData\Local\Temp\surefire11330271297726501177 2026-07-30T11-04-35_246-jvmRun1 surefire-20260730110435364_1tmp surefire_0-20260730110435364_2tmp
java_class_path (initial): C:\Users\AIO16\AppData\Local\Temp\surefire11330271297726501177\surefirebooter-20260730110435364_3.jar
Launcher Type: SUN_STANDARD

[Global flags]
     intx CICompilerCount                          = 12                                        {product} {ergonomic}
     uint ConcGCThreads                            = 4                                         {product} {ergonomic}
     uint G1ConcRefinementThreads                  = 15                                        {product} {ergonomic}
   size_t G1HeapRegionSize                         = 2097152                                   {product} {ergonomic}
    uintx GCDrainStackTargetSize                   = 64                                        {product} {ergonomic}
   size_t InitialHeapSize                          = 264241152                                 {product} {ergonomic}
   size_t MarkStackSize                            = 4194304                                   {product} {ergonomic}
   size_t MaxHeapSize                              = 4215275520                                {product} {ergonomic}
   size_t MinHeapDeltaBytes                        = 2097152                                   {product} {ergonomic}
   size_t MinHeapSize                              = 8388608                                   {product} {ergonomic}
    uintx NonNMethodCodeHeapSize                   = 7602480                                {pd product} {ergonomic}
    uintx NonProfiledCodeHeapSize                  = 122027880                              {pd product} {ergonomic}
    uintx ProfiledCodeHeapSize                     = 122027880                              {pd product} {ergonomic}
    uintx ReservedCodeCacheSize                    = 251658240                              {pd product} {ergonomic}
     bool SegmentedCodeCache                       = true                                      {product} {ergonomic}
   size_t SoftMaxHeapSize                          = 4215275520                             {manageable} {ergonomic}
     bool UseCompressedClassPointers               = true                           {product lp64_product} {ergonomic}
     bool UseCompressedOops                        = true                           {product lp64_product} {ergonomic}
     bool UseG1GC                                  = true                                      {product} {ergonomic}
     bool UseLargePagesIndividualAllocation        = false                                  {pd product} {ergonomic}

Logging:
Log output configuration:
 #0: stdout all=warning uptime,level,tags
 #1: stderr all=off uptime,level,tags

Environment Variables:
JAVA_HOME=C:\Program Files\Java\jdk1.8.0_202
JAVA_TOOL_OPTIONS=-Dfile.encoding-UTF8
PATH=D:/Project/sts-5.0.1.RELEASE//plugins/org.eclipse.justj.openjdk.hotspot.jre.full.win32.x86_64_25.0.1.v20251108-1451/jre/bin/server;D:/Project/sts-5.0.1.RELEASE//plugins/org.eclipse.justj.openjdk.hotspot.jre.full.win32.x86_64_25.0.1.v20251108-1451/jre/bin;C:\Program Files\Apache\Maven\apache-maven-3.9.14\bin;C:\Program Files\Java\jdk-17;C:\Program Files\Common Files\Oracle\Java\javapath;C:\Program Files (x86)\Common Files\Oracle\Java\java8path;C:\Program Files (x86)\Common Files\Oracle\Java\javapath;C:\Windows\system32;C:\Windows;C:\Windows\System32\Wbem;C:\Windows\System32\WindowsPowerShell\v1.0\;C:\Windows\System32\OpenSSH\;C:\Program Files\dotnet\;C:\Program Files\Git\cmd;C:\Program Files\nodejs\;C:\Users\AIO16\AppData\Local\Microsoft\WindowsApps;C:\Users\AIO16\AppData\Local\Programs\Microsoft VS Code\bin;C:\Users\AIO16\AppData\Local\GitHubDesktop\bin;C:\Users\AIO16\AppData\Roaming\npm;D:\Project\sts-5.0.1.RELEASE;
USERNAME=AIO16
OS=Windows_NT
PROCESSOR_IDENTIFIER=Intel64 Family 6 Model 191 Stepping 2, GenuineIntel



---------------  S Y S T E M  ---------------

OS:
 Windows 11 , 64 bit Build 22621 (10.0.22621.3672)
OS uptime: 27 days 16:15 hours
Hyper-V role detected

CPU: total 20 (initial active 20) (10 cores per cpu, 2 threads per core) family 6 model 191 stepping 2 microcode 0x3e, cx8, cmov, fxsr, ht, mmx, 3dnowpref, sse, sse2, sse3, ssse3, sse4.1, sse4.2, popcnt, lzcnt, tsc, tscinvbit, avx, avx2, aes, erms, clmul, bmi1, bmi2, adx, sha, fma, vzeroupper, clflush, clflushopt, clwb, hv

Memory: 4k page, system-wide physical 16072M (1116M free)
TotalPageFile size 32456M (AvailPageFile size 179M)
current process WorkingSet (physical memory assigned to process): 11M, peak: 11M
current process commit charge ("private bytes"): 75M, peak: 327M

vm_info: Java HotSpot(TM) 64-Bit Server VM (17.0.12+8-LTS-286) for windows-amd64 JRE (17.0.12+8-LTS-286), built on Jun  5 2024 06:46:59 by "mach5one" with MS VC++ 17.6 (VS2022)

END.
