#
# There is insufficient memory for the Java Runtime Environment to continue.
# Native memory allocation (mmap) failed to map 262144000 bytes for G1 virtual space
# Possible reasons:
#   The system is out of physical RAM or swap space
#   The process is running with CompressedOops enabled, and the Java Heap may be blocking the growth of the native heap
# Possible solutions:
#   Reduce memory load on the system
#   Increase physical memory or swap space
#   Check if swap backing store is full
#   Decrease Java heap size (-Xmx/-Xms)
#   Decrease number of Java threads
#   Decrease Java thread stack sizes (-Xss)
#   Set larger code cache with -XX:ReservedCodeCacheSize=
#   JVM is running with Zero Based Compressed Oops mode in which the Java heap is
#     placed in the first 32GB address space. The Java Heap base address is the
#     maximum limit for the native heap growth. Please use -XX:HeapBaseMinAddress
#     to set the Java Heap base and to place the Java Heap above 32GB virtual address.
# This output file may be truncated or incomplete.
#
#  Out of Memory Error (os_windows.cpp:3548), pid=35584, tid=15404
#
# JRE version: Java(TM) SE Runtime Environment (17.0.12+8) (build 17.0.12+8-LTS-286)
# Java VM: Java HotSpot(TM) 64-Bit Server VM (17.0.12+8-LTS-286, mixed mode, sharing, tiered, compressed oops, compressed class ptrs, g1 gc, windows-amd64)
# No core dump will be written. Minidumps are not enabled by default on client versions of Windows
#

---------------  S U M M A R Y ------------

Command Line: -Dfile.encoding-UTF8 C:\Users\AIO16\AppData\Local\Temp\surefire18361946898770529717\surefirebooter-20260519125140068_3.jar C:\Users\AIO16\AppData\Local\Temp\surefire18361946898770529717 2026-05-19T12-51-39_921-jvmRun1 surefire-20260519125140068_1tmp surefire_0-20260519125140068_2tmp

Host: 13th Gen Intel(R) Core(TM) i5-13500, 20 cores, 15G,  Windows 11 , 64 bit Build 22621 (10.0.22621.3672)
Time: Tue May 19 12:51:48 2026 India Standard Time elapsed time: 8.172072 seconds (0d 0h 0m 8s)

---------------  T H R E A D  ---------------

Current thread (0x0000018872680d30):  VMThread "VM Thread" [stack: 0x0000004db9400000,0x0000004db9500000] [id=15404]

Stack: [0x0000004db9400000,0x0000004db9500000]
Native frames: (J=compiled Java code, j=interpreted, Vv=VM code, C=native code)
V  [jvm.dll+0x67a04a]
V  [jvm.dll+0x7da4ed]
V  [jvm.dll+0x7dbe33]
V  [jvm.dll+0x7dc4a3]
V  [jvm.dll+0x24508f]
V  [jvm.dll+0x677089]
V  [jvm.dll+0x66bd32]
V  [jvm.dll+0x301fa6]
V  [jvm.dll+0x309546]
V  [jvm.dll+0x359d2e]
V  [jvm.dll+0x359f5f]
V  [jvm.dll+0x2d9078]
V  [jvm.dll+0x2d74ad]
V  [jvm.dll+0x2d6afc]
V  [jvm.dll+0x31a65b]
V  [jvm.dll+0x7e0d9b]
V  [jvm.dll+0x7e1ad4]
V  [jvm.dll+0x7e1fed]
V  [jvm.dll+0x7e23c4]
V  [jvm.dll+0x7e2490]
V  [jvm.dll+0x78abea]
V  [jvm.dll+0x678f35]
C  [ucrtbase.dll+0x29333]
C  [KERNEL32.DLL+0x1257d]
C  [ntdll.dll+0x5af28]

VM_Operation (0x0000004db8ef7a10): G1CollectForAllocation, mode: safepoint, requested by thread 0x000001884eaf0ca0


---------------  P R O C E S S  ---------------

Threads class SMR info:
_java_thread_list=0x00000188799c22a0, length=22, elements={
0x000001884eaf0ca0, 0x0000018872687950, 0x00000188726887d0, 0x000001887279ec70,
0x00000188727a0840, 0x00000188727a1400, 0x00000188727a3dd0, 0x00000188727a4b70,
0x00000188727b3100, 0x00000188727a82c0, 0x00000188729033a0, 0x0000018872903970,
0x00000188729348e0, 0x00000188729386e0, 0x0000018877321900, 0x00000188773bd8e0,
0x00000188776a11c0, 0x000001887a6b3850, 0x000001887a6b0fd0, 0x000001887a6b2410,
0x000001887abab840, 0x000001887abac2e0
}

Java Threads: ( => current thread )
  0x000001884eaf0ca0 JavaThread "main" [_thread_blocked, id=23608, stack(0x0000004db8e00000,0x0000004db8f00000)]
  0x0000018872687950 JavaThread "Reference Handler" daemon [_thread_blocked, id=36788, stack(0x0000004db9500000,0x0000004db9600000)]
  0x00000188726887d0 JavaThread "Finalizer" daemon [_thread_blocked, id=34560, stack(0x0000004db9600000,0x0000004db9700000)]
  0x000001887279ec70 JavaThread "Signal Dispatcher" daemon [_thread_blocked, id=14524, stack(0x0000004db9700000,0x0000004db9800000)]
  0x00000188727a0840 JavaThread "Attach Listener" daemon [_thread_blocked, id=32532, stack(0x0000004db9800000,0x0000004db9900000)]
  0x00000188727a1400 JavaThread "Service Thread" daemon [_thread_blocked, id=30728, stack(0x0000004db9900000,0x0000004db9a00000)]
  0x00000188727a3dd0 JavaThread "Monitor Deflation Thread" daemon [_thread_blocked, id=29744, stack(0x0000004db9a00000,0x0000004db9b00000)]
  0x00000188727a4b70 JavaThread "C2 CompilerThread0" daemon [_thread_blocked, id=7304, stack(0x0000004db9b00000,0x0000004db9c00000)]
  0x00000188727b3100 JavaThread "C1 CompilerThread0" daemon [_thread_blocked, id=3192, stack(0x0000004db9c00000,0x0000004db9d00000)]
  0x00000188727a82c0 JavaThread "Sweeper thread" daemon [_thread_blocked, id=20248, stack(0x0000004db9d00000,0x0000004db9e00000)]
  0x00000188729033a0 JavaThread "C1 CompilerThread1" daemon [_thread_blocked, id=16880, stack(0x0000004db9e00000,0x0000004db9f00000)]
  0x0000018872903970 JavaThread "C1 CompilerThread2" daemon [_thread_blocked, id=33400, stack(0x0000004db9f00000,0x0000004dba000000)]
  0x00000188729348e0 JavaThread "Notification Thread" daemon [_thread_blocked, id=34564, stack(0x0000004dba000000,0x0000004dba100000)]
  0x00000188729386e0 JavaThread "Common-Cleaner" daemon [_thread_blocked, id=27252, stack(0x0000004dba200000,0x0000004dba300000)]
  0x0000018877321900 JavaThread "surefire-forkedjvm-stream-flusher" daemon [_thread_blocked, id=10992, stack(0x0000004dba300000,0x0000004dba400000)]
  0x00000188773bd8e0 JavaThread "surefire-forkedjvm-command-thread" daemon [_thread_in_native, id=16176, stack(0x0000004dba400000,0x0000004dba500000)]
  0x00000188776a11c0 JavaThread "C1 CompilerThread3" daemon [_thread_blocked, id=23324, stack(0x0000004dba500000,0x0000004dba600000)]
  0x000001887a6b3850 JavaThread "Cleaner-0" daemon [_thread_blocked, id=9292, stack(0x0000004dbbb00000,0x0000004dbbc00000)]
  0x000001887a6b0fd0 JavaThread "HikariPool-1:housekeeper" daemon [_thread_blocked, id=15472, stack(0x0000004dbbc00000,0x0000004dbbd00000)]
  0x000001887a6b2410 JavaThread "HikariPool-1:connection-adder" daemon [_thread_blocked, id=21508, stack(0x0000004dbbd00000,0x0000004dbbe00000)]
  0x000001887abab840 JavaThread "C2 CompilerThread1" daemon [_thread_blocked, id=22444, stack(0x0000004dba600000,0x0000004dba700000)]
  0x000001887abac2e0 JavaThread "C2 CompilerThread2" daemon [_thread_blocked, id=24892, stack(0x0000004dba700000,0x0000004dba800000)]

Other Threads:
=>0x0000018872680d30 VMThread "VM Thread" [stack: 0x0000004db9400000,0x0000004db9500000] [id=15404]
  0x0000018872937460 WatcherThread [stack: 0x0000004dba100000,0x0000004dba200000] [id=31912]
  0x000001884eb5dfb0 GCTaskThread "GC Thread#0" [stack: 0x0000004db8f00000,0x0000004db9000000] [id=17300]
  0x0000018878187560 GCTaskThread "GC Thread#1" [stack: 0x0000004dba800000,0x0000004dba900000] [id=16128]
  0x0000018878469e40 GCTaskThread "GC Thread#2" [stack: 0x0000004dba900000,0x0000004dbaa00000] [id=8480]
  0x0000018877e50400 GCTaskThread "GC Thread#3" [stack: 0x0000004dbaa00000,0x0000004dbab00000] [id=7944]
  0x0000018877d09520 GCTaskThread "GC Thread#4" [stack: 0x0000004dbab00000,0x0000004dbac00000] [id=11780]
  0x0000018877d097e0 GCTaskThread "GC Thread#5" [stack: 0x0000004dbac00000,0x0000004dbad00000] [id=14996]
  0x00000188785c9b90 GCTaskThread "GC Thread#6" [stack: 0x0000004dbad00000,0x0000004dbae00000] [id=24948]
  0x000001887827dc30 GCTaskThread "GC Thread#7" [stack: 0x0000004dbaf00000,0x0000004dbb000000] [id=34528]
  0x00000188788eec20 GCTaskThread "GC Thread#8" [stack: 0x0000004dbb000000,0x0000004dbb100000] [id=32712]
  0x000001887811e020 GCTaskThread "GC Thread#9" [stack: 0x0000004dbb100000,0x0000004dbb200000] [id=22620]
  0x000001887811d7e0 GCTaskThread "GC Thread#10" [stack: 0x0000004dbb200000,0x0000004dbb300000] [id=27040]
  0x000001887811daa0 GCTaskThread "GC Thread#11" [stack: 0x0000004dbb300000,0x0000004dbb400000] [id=32260]
  0x000001887849f690 GCTaskThread "GC Thread#12" [stack: 0x0000004dbb400000,0x0000004dbb500000] [id=36768]
  0x00000188784a0f50 GCTaskThread "GC Thread#13" [stack: 0x0000004dbb500000,0x0000004dbb600000] [id=12160]
  0x000001887849f950 GCTaskThread "GC Thread#14" [stack: 0x0000004dbb700000,0x0000004dbb800000] [id=18700]
  0x000001884eb6ea40 ConcurrentGCThread "G1 Main Marker" [stack: 0x0000004db9000000,0x0000004db9100000] [id=17232]
  0x000001884eb6f450 ConcurrentGCThread "G1 Conc#0" [stack: 0x0000004db9100000,0x0000004db9200000] [id=22464]
  0x000001887849e610 ConcurrentGCThread "G1 Conc#1" [stack: 0x0000004dbb800000,0x0000004dbb900000] [id=16600]
  0x000001887849f110 ConcurrentGCThread "G1 Conc#2" [stack: 0x0000004dbb900000,0x0000004dbba00000] [id=31788]
  0x000001887849d590 ConcurrentGCThread "G1 Conc#3" [stack: 0x0000004dbba00000,0x0000004dbbb00000] [id=16652]
  0x000001884ebbe7e0 ConcurrentGCThread "G1 Refine#0" [stack: 0x0000004db9200000,0x0000004db9300000] [id=28896]
  0x000001887b7a8660 ConcurrentGCThread "G1 Refine#1" [stack: 0x0000004dbbe00000,0x0000004dbbf00000] [id=23612]
  0x000001887b7a4e90 ConcurrentGCThread "G1 Refine#2" [stack: 0x0000004dbbf00000,0x0000004dbc000000] [id=19700]
  0x000001887b7a74c0 ConcurrentGCThread "G1 Refine#3" [stack: 0x0000004dbc000000,0x0000004dbc100000] [id=16588]
  0x000001887b7a5470 ConcurrentGCThread "G1 Refine#4" [stack: 0x0000004dbc100000,0x0000004dbc200000] [id=31256]
  0x000001887b7a6610 ConcurrentGCThread "G1 Refine#5" [stack: 0x0000004dbc200000,0x0000004dbc300000] [id=11196]
  0x000001887b7a7d90 ConcurrentGCThread "G1 Refine#6" [stack: 0x0000004dbc300000,0x0000004dbc400000] [id=36468]
  0x000001887253a450 ConcurrentGCThread "G1 Service" [stack: 0x0000004db9300000,0x0000004db9400000] [id=26608]

Threads with active compile tasks:
C2 CompilerThread0     8191 10746 %     4       net.bytebuddy.dynamic.scaffold.MethodRegistry$Default::prepare @ 274 (743 bytes)
C2 CompilerThread1     8191 10565       4       org.hibernate.mapping.Column::getAlias (210 bytes)
C2 CompilerThread2     8191 10749       4       net.bytebuddy.implementation.bind.annotation.AllArguments$Binder::bind (445 bytes)

VM state: at safepoint (normal execution)

VM Mutex/Monitor currently owned by a thread:  ([mutex/lock_event])
[0x000001884eaeba60] Threads_lock - owner thread: 0x0000018872680d30
[0x000001884eaeb9d0] Heap_lock - owner thread: 0x000001884eaf0ca0

Heap address: 0x0000000704c00000, size: 4020 MB, Compressed Oops mode: Zero based, Oop shift amount: 3

CDS archive(s) mapped at: [0x0000018800000000-0x0000018800bd0000-0x0000018800bd0000), size 12386304, SharedBaseAddress: 0x0000018800000000, ArchiveRelocationMode: 1.
Compressed class space mapped at: 0x0000018801000000-0x0000018841000000, reserved size: 1073741824
Narrow klass base: 0x0000018800000000, Narrow klass shift: 0, Narrow klass range: 0x100000000

GC Precious Log:
 CPUs: 20 total, 20 available
 Memory: 16072M
 Large Page Support: Disabled
 NUMA Support: Disabled
 Compressed Oops: Enabled (Zero based)
 Heap Region Size: 2M
 Heap Min Capacity: 8M
 Heap Initial Capacity: 252M
 Heap Max Capacity: 4020M
 Pre-touch: Disabled
 Parallel Workers: 15
 Concurrent Workers: 4
 Concurrent Refinement Workers: 15
 Periodic GC: Disabled

Heap:
 garbage-first heap   total 309248K, used 128587K [0x0000000704c00000, 0x0000000800000000)
  region size 2048K, 5 young (10240K), 5 survivors (10240K)
 Metaspace       used 89407K, committed 89984K, reserved 1179648K
  class space    used 11008K, committed 11328K, reserved 1048576K

Heap Regions: E=young(eden), S=young(survivor), O=old, HS=humongous(starts), HC=humongous(continues), CS=collection set, F=free, OA=open archive, CA=closed archive, TAMS=top-at-mark-start (previous, next)
|   0|0x0000000704c00000, 0x0000000704e00000, 0x0000000704e00000|100%| O|  |TAMS 0x0000000704e00000, 0x0000000704c00000| Untracked 
|   1|0x0000000704e00000, 0x0000000705000000, 0x0000000705000000|100%| O|  |TAMS 0x0000000705000000, 0x0000000704e00000| Untracked 
|   2|0x0000000705000000, 0x0000000705200000, 0x0000000705200000|100%| O|  |TAMS 0x0000000705200000, 0x0000000705000000| Untracked 
|   3|0x0000000705200000, 0x0000000705400000, 0x0000000705400000|100%| O|  |TAMS 0x0000000705400000, 0x0000000705200000| Untracked 
|   4|0x0000000705400000, 0x0000000705600000, 0x0000000705600000|100%| O|  |TAMS 0x0000000705600000, 0x0000000705400000| Untracked 
|   5|0x0000000705600000, 0x0000000705757800, 0x0000000705800000| 67%| O|  |TAMS 0x0000000705757800, 0x0000000705600000| Untracked 
|   6|0x0000000705800000, 0x0000000705a00000, 0x0000000705a00000|100%| O|  |TAMS 0x0000000705a00000, 0x0000000705800000| Untracked 
|   7|0x0000000705a00000, 0x0000000705c00000, 0x0000000705c00000|100%| O|  |TAMS 0x0000000705c00000, 0x0000000705a00000| Untracked 
|   8|0x0000000705c00000, 0x0000000705e00000, 0x0000000705e00000|100%| O|  |TAMS 0x0000000705e00000, 0x0000000705c00000| Untracked 
|   9|0x0000000705e00000, 0x0000000706000000, 0x0000000706000000|100%| O|  |TAMS 0x0000000706000000, 0x0000000705e00000| Untracked 
|  10|0x0000000706000000, 0x0000000706200000, 0x0000000706200000|100%| O|  |TAMS 0x0000000706200000, 0x0000000706000000| Untracked 
|  11|0x0000000706200000, 0x0000000706400000, 0x0000000706400000|100%| O|  |TAMS 0x0000000706400000, 0x0000000706200000| Untracked 
|  12|0x0000000706400000, 0x0000000706600000, 0x0000000706600000|100%| O|  |TAMS 0x0000000706600000, 0x0000000706400000| Untracked 
|  13|0x0000000706600000, 0x0000000706800000, 0x0000000706800000|100%| O|  |TAMS 0x0000000706800000, 0x0000000706600000| Untracked 
|  14|0x0000000706800000, 0x0000000706a00000, 0x0000000706a00000|100%| O|  |TAMS 0x0000000706a00000, 0x0000000706800000| Untracked 
|  15|0x0000000706a00000, 0x0000000706c00000, 0x0000000706c00000|100%| O|  |TAMS 0x0000000706c00000, 0x0000000706a00000| Untracked 
|  16|0x0000000706c00000, 0x0000000706e00000, 0x0000000706e00000|100%| O|  |TAMS 0x0000000706e00000, 0x0000000706c00000| Untracked 
|  17|0x0000000706e00000, 0x0000000707000000, 0x0000000707000000|100%| O|  |TAMS 0x0000000707000000, 0x0000000706e00000| Untracked 
|  18|0x0000000707000000, 0x0000000707200000, 0x0000000707200000|100%| O|  |TAMS 0x0000000707200000, 0x0000000707000000| Untracked 
|  19|0x0000000707200000, 0x0000000707400000, 0x0000000707400000|100%| O|  |TAMS 0x0000000707400000, 0x0000000707200000| Untracked 
|  20|0x0000000707400000, 0x0000000707600000, 0x0000000707600000|100%| O|  |TAMS 0x0000000707600000, 0x0000000707400000| Untracked 
|  21|0x0000000707600000, 0x0000000707800000, 0x0000000707800000|100%| O|  |TAMS 0x0000000707800000, 0x0000000707600000| Untracked 
|  22|0x0000000707800000, 0x0000000707a00000, 0x0000000707a00000|100%| O|  |TAMS 0x0000000707a00000, 0x0000000707800000| Untracked 
|  23|0x0000000707a00000, 0x0000000707c00000, 0x0000000707c00000|100%| O|  |TAMS 0x0000000707c00000, 0x0000000707a00000| Untracked 
|  24|0x0000000707c00000, 0x0000000707e00000, 0x0000000707e00000|100%| O|  |TAMS 0x0000000707e00000, 0x0000000707c00000| Untracked 
|  25|0x0000000707e00000, 0x0000000708000000, 0x0000000708000000|100%| O|  |TAMS 0x0000000708000000, 0x0000000707e00000| Untracked 
|  26|0x0000000708000000, 0x0000000708200000, 0x0000000708200000|100%| O|  |TAMS 0x0000000708200000, 0x0000000708000000| Untracked 
|  27|0x0000000708200000, 0x0000000708400000, 0x0000000708400000|100%| O|  |TAMS 0x0000000708400000, 0x0000000708200000| Untracked 
|  28|0x0000000708400000, 0x0000000708600000, 0x0000000708600000|100%| O|  |TAMS 0x0000000708600000, 0x0000000708400000| Untracked 
|  29|0x0000000708600000, 0x0000000708800000, 0x0000000708800000|100%| O|  |TAMS 0x0000000708800000, 0x0000000708600000| Untracked 
|  30|0x0000000708800000, 0x0000000708a00000, 0x0000000708a00000|100%| O|  |TAMS 0x0000000708a00000, 0x0000000708800000| Untracked 
|  31|0x0000000708a00000, 0x0000000708c00000, 0x0000000708c00000|100%| O|  |TAMS 0x0000000708c00000, 0x0000000708a00000| Untracked 
|  32|0x0000000708c00000, 0x0000000708e00000, 0x0000000708e00000|100%| O|  |TAMS 0x0000000708e00000, 0x0000000708c00000| Untracked 
|  33|0x0000000708e00000, 0x0000000709000000, 0x0000000709000000|100%| O|  |TAMS 0x0000000709000000, 0x0000000708e00000| Untracked 
|  34|0x0000000709000000, 0x0000000709200000, 0x0000000709200000|100%| O|  |TAMS 0x0000000709200000, 0x0000000709000000| Untracked 
|  35|0x0000000709200000, 0x0000000709400000, 0x0000000709400000|100%| O|  |TAMS 0x0000000709400000, 0x0000000709200000| Untracked 
|  36|0x0000000709400000, 0x0000000709600000, 0x0000000709600000|100%| O|  |TAMS 0x0000000709600000, 0x0000000709400000| Untracked 
|  37|0x0000000709600000, 0x0000000709800000, 0x0000000709800000|100%| O|  |TAMS 0x0000000709600000, 0x0000000709600000| Untracked 
|  38|0x0000000709800000, 0x0000000709a00000, 0x0000000709a00000|100%| O|  |TAMS 0x0000000709a00000, 0x0000000709800000| Untracked 
|  39|0x0000000709a00000, 0x0000000709a00000, 0x0000000709c00000|  0%| F|  |TAMS 0x0000000709a00000, 0x0000000709a00000| Untracked 
|  40|0x0000000709c00000, 0x0000000709e00000, 0x0000000709e00000|100%| O|  |TAMS 0x0000000709e00000, 0x0000000709c00000| Untracked 
|  41|0x0000000709e00000, 0x000000070a000000, 0x000000070a000000|100%| O|  |TAMS 0x000000070a000000, 0x0000000709e00000| Untracked 
|  42|0x000000070a000000, 0x000000070a200000, 0x000000070a200000|100%| O|  |TAMS 0x000000070a200000, 0x000000070a000000| Untracked 
|  43|0x000000070a200000, 0x000000070a400000, 0x000000070a400000|100%| O|  |TAMS 0x000000070a400000, 0x000000070a200000| Untracked 
|  44|0x000000070a400000, 0x000000070a600000, 0x000000070a600000|100%| O|  |TAMS 0x000000070a600000, 0x000000070a400000| Untracked 
|  45|0x000000070a600000, 0x000000070a800000, 0x000000070a800000|100%| O|  |TAMS 0x000000070a746800, 0x000000070a600000| Untracked 
|  46|0x000000070a800000, 0x000000070aa00000, 0x000000070aa00000|100%| O|  |TAMS 0x000000070a800000, 0x000000070a800000| Untracked 
|  47|0x000000070aa00000, 0x000000070ac00000, 0x000000070ac00000|100%| O|  |TAMS 0x000000070aa00000, 0x000000070aa00000| Untracked 
|  48|0x000000070ac00000, 0x000000070ae00000, 0x000000070ae00000|100%| O|  |TAMS 0x000000070ac00000, 0x000000070ac00000| Untracked 
|  49|0x000000070ae00000, 0x000000070b000000, 0x000000070b000000|100%| O|  |TAMS 0x000000070ae00000, 0x000000070ae00000| Untracked 
|  50|0x000000070b000000, 0x000000070b200000, 0x000000070b200000|100%| O|  |TAMS 0x000000070b000000, 0x000000070b000000| Untracked 
|  51|0x000000070b200000, 0x000000070b400000, 0x000000070b400000|100%| O|  |TAMS 0x000000070b200000, 0x000000070b200000| Untracked 
|  52|0x000000070b400000, 0x000000070b600000, 0x000000070b600000|100%| O|  |TAMS 0x000000070b400000, 0x000000070b400000| Untracked 
|  53|0x000000070b600000, 0x000000070b800000, 0x000000070b800000|100%| O|  |TAMS 0x000000070b600000, 0x000000070b600000| Untracked 
|  54|0x000000070b800000, 0x000000070ba00000, 0x000000070ba00000|100%| O|  |TAMS 0x000000070b800000, 0x000000070b800000| Untracked 
|  55|0x000000070ba00000, 0x000000070bc00000, 0x000000070bc00000|100%| O|  |TAMS 0x000000070ba00000, 0x000000070ba00000| Untracked 
|  56|0x000000070bc00000, 0x000000070be00000, 0x000000070be00000|100%| O|  |TAMS 0x000000070bc00000, 0x000000070bc00000| Untracked 
|  57|0x000000070be00000, 0x000000070c000000, 0x000000070c000000|100%| O|  |TAMS 0x000000070be00000, 0x000000070be00000| Untracked 
|  58|0x000000070c000000, 0x000000070c200000, 0x000000070c200000|100%| O|  |TAMS 0x000000070c000000, 0x000000070c000000| Untracked 
|  59|0x000000070c200000, 0x000000070c280a00, 0x000000070c400000| 25%| O|  |TAMS 0x000000070c200000, 0x000000070c200000| Untracked 
|  60|0x000000070c400000, 0x000000070c400000, 0x000000070c600000|  0%| F|  |TAMS 0x000000070c400000, 0x000000070c400000| Untracked 
|  61|0x000000070c600000, 0x000000070c600000, 0x000000070c800000|  0%| F|  |TAMS 0x000000070c600000, 0x000000070c600000| Untracked 
|  62|0x000000070c800000, 0x000000070c800000, 0x000000070ca00000|  0%| F|  |TAMS 0x000000070c800000, 0x000000070c800000| Untracked 
|  63|0x000000070ca00000, 0x000000070ca00000, 0x000000070cc00000|  0%| F|  |TAMS 0x000000070ca00000, 0x000000070ca00000| Untracked 
|  64|0x000000070cc00000, 0x000000070cc00000, 0x000000070ce00000|  0%| F|  |TAMS 0x000000070cc00000, 0x000000070cc00000| Untracked 
|  65|0x000000070ce00000, 0x000000070ce00000, 0x000000070d000000|  0%| F|  |TAMS 0x000000070ce00000, 0x000000070ce00000| Untracked 
|  66|0x000000070d000000, 0x000000070d000000, 0x000000070d200000|  0%| F|  |TAMS 0x000000070d000000, 0x000000070d000000| Untracked 
|  67|0x000000070d200000, 0x000000070d200000, 0x000000070d400000|  0%| F|  |TAMS 0x000000070d200000, 0x000000070d200000| Untracked 
|  68|0x000000070d400000, 0x000000070d400000, 0x000000070d600000|  0%| F|  |TAMS 0x000000070d400000, 0x000000070d400000| Untracked 
|  69|0x000000070d600000, 0x000000070d600000, 0x000000070d800000|  0%| F|  |TAMS 0x000000070d600000, 0x000000070d600000| Untracked 
|  70|0x000000070d800000, 0x000000070d800000, 0x000000070da00000|  0%| F|  |TAMS 0x000000070d800000, 0x000000070d800000| Untracked 
|  71|0x000000070da00000, 0x000000070da00000, 0x000000070dc00000|  0%| F|  |TAMS 0x000000070da00000, 0x000000070da00000| Untracked 
|  72|0x000000070dc00000, 0x000000070dc00000, 0x000000070de00000|  0%| F|  |TAMS 0x000000070dc00000, 0x000000070dc00000| Untracked 
|  73|0x000000070de00000, 0x000000070de00000, 0x000000070e000000|  0%| F|  |TAMS 0x000000070de00000, 0x000000070de00000| Untracked 
|  74|0x000000070e000000, 0x000000070e000000, 0x000000070e200000|  0%| F|  |TAMS 0x000000070e000000, 0x000000070e000000| Untracked 
|  75|0x000000070e200000, 0x000000070e200000, 0x000000070e400000|  0%| F|  |TAMS 0x000000070e200000, 0x000000070e200000| Untracked 
|  76|0x000000070e400000, 0x000000070e400000, 0x000000070e600000|  0%| F|  |TAMS 0x000000070e400000, 0x000000070e400000| Untracked 
|  77|0x000000070e600000, 0x000000070e600000, 0x000000070e800000|  0%| F|  |TAMS 0x000000070e600000, 0x000000070e600000| Untracked 
|  78|0x000000070e800000, 0x000000070e800000, 0x000000070ea00000|  0%| F|  |TAMS 0x000000070e800000, 0x000000070e800000| Untracked 
|  79|0x000000070ea00000, 0x000000070ea00000, 0x000000070ec00000|  0%| F|  |TAMS 0x000000070ea00000, 0x000000070ea00000| Untracked 
|  80|0x000000070ec00000, 0x000000070ec00000, 0x000000070ee00000|  0%| F|  |TAMS 0x000000070ec00000, 0x000000070ec00000| Untracked 
|  81|0x000000070ee00000, 0x000000070ee00000, 0x000000070f000000|  0%| F|  |TAMS 0x000000070ee00000, 0x000000070ee00000| Untracked 
|  82|0x000000070f000000, 0x000000070f000000, 0x000000070f200000|  0%| F|  |TAMS 0x000000070f000000, 0x000000070f000000| Untracked 
|  83|0x000000070f200000, 0x000000070f3baa28, 0x000000070f400000| 86%| S|CS|TAMS 0x000000070f200000, 0x000000070f200000| Complete 
|  84|0x000000070f400000, 0x000000070f600000, 0x000000070f600000|100%| S|CS|TAMS 0x000000070f400000, 0x000000070f400000| Complete 
|  85|0x000000070f600000, 0x000000070f800000, 0x000000070f800000|100%| S|CS|TAMS 0x000000070f600000, 0x000000070f600000| Complete 
|  86|0x000000070f800000, 0x000000070f800000, 0x000000070fa00000|  0%| F|  |TAMS 0x000000070f800000, 0x000000070f800000| Untracked 
|  87|0x000000070fa00000, 0x000000070fa00000, 0x000000070fc00000|  0%| F|  |TAMS 0x000000070fa00000, 0x000000070fa00000| Untracked 
|  88|0x000000070fc00000, 0x000000070fc00000, 0x000000070fe00000|  0%| F|  |TAMS 0x000000070fc00000, 0x000000070fc00000| Untracked 
|  89|0x000000070fe00000, 0x000000070fe00000, 0x0000000710000000|  0%| F|  |TAMS 0x000000070fe00000, 0x000000070fe00000| Untracked 
|  90|0x0000000710000000, 0x0000000710200000, 0x0000000710200000|100%| S|CS|TAMS 0x0000000710000000, 0x0000000710000000| Complete 
|  91|0x0000000710200000, 0x0000000710400000, 0x0000000710400000|100%| S|CS|TAMS 0x0000000710200000, 0x0000000710200000| Complete 
|  92|0x0000000710400000, 0x0000000710400000, 0x0000000710600000|  0%| F|  |TAMS 0x0000000710400000, 0x0000000710400000| Untracked 
|  93|0x0000000710600000, 0x0000000710600000, 0x0000000710800000|  0%| F|  |TAMS 0x0000000710600000, 0x0000000710600000| Untracked 
|  94|0x0000000710800000, 0x0000000710800000, 0x0000000710a00000|  0%| F|  |TAMS 0x0000000710800000, 0x0000000710800000| Untracked 
|  95|0x0000000710a00000, 0x0000000710a00000, 0x0000000710c00000|  0%| F|  |TAMS 0x0000000710a00000, 0x0000000710a00000| Untracked 
|  96|0x0000000710c00000, 0x0000000710c00000, 0x0000000710e00000|  0%| F|  |TAMS 0x0000000710c00000, 0x0000000710c00000| Untracked 
|  97|0x0000000710e00000, 0x0000000710e00000, 0x0000000711000000|  0%| F|  |TAMS 0x0000000710e00000, 0x0000000710e00000| Untracked 
|  98|0x0000000711000000, 0x0000000711000000, 0x0000000711200000|  0%| F|  |TAMS 0x0000000711000000, 0x0000000711000000| Untracked 
|  99|0x0000000711200000, 0x0000000711200000, 0x0000000711400000|  0%| F|  |TAMS 0x0000000711200000, 0x0000000711200000| Untracked 
| 100|0x0000000711400000, 0x0000000711400000, 0x0000000711600000|  0%| F|  |TAMS 0x0000000711400000, 0x0000000711400000| Untracked 
| 101|0x0000000711600000, 0x0000000711600000, 0x0000000711800000|  0%| F|  |TAMS 0x0000000711600000, 0x0000000711600000| Untracked 
| 102|0x0000000711800000, 0x0000000711800000, 0x0000000711a00000|  0%| F|  |TAMS 0x0000000711800000, 0x0000000711800000| Untracked 
| 103|0x0000000711a00000, 0x0000000711a00000, 0x0000000711c00000|  0%| F|  |TAMS 0x0000000711a00000, 0x0000000711a00000| Untracked 
| 104|0x0000000711c00000, 0x0000000711c00000, 0x0000000711e00000|  0%| F|  |TAMS 0x0000000711c00000, 0x0000000711c00000| Untracked 
| 105|0x0000000711e00000, 0x0000000711e00000, 0x0000000712000000|  0%| F|  |TAMS 0x0000000711e00000, 0x0000000711e00000| Untracked 
| 106|0x0000000712000000, 0x0000000712000000, 0x0000000712200000|  0%| F|  |TAMS 0x0000000712000000, 0x0000000712000000| Untracked 
| 107|0x0000000712200000, 0x0000000712200000, 0x0000000712400000|  0%| F|  |TAMS 0x0000000712200000, 0x0000000712200000| Untracked 
| 108|0x0000000712400000, 0x0000000712400000, 0x0000000712600000|  0%| F|  |TAMS 0x0000000712400000, 0x0000000712400000| Untracked 
| 109|0x0000000712600000, 0x0000000712600000, 0x0000000712800000|  0%| F|  |TAMS 0x0000000712600000, 0x0000000712600000| Untracked 
| 110|0x0000000712800000, 0x0000000712800000, 0x0000000712a00000|  0%| F|  |TAMS 0x0000000712800000, 0x0000000712800000| Untracked 
| 111|0x0000000712a00000, 0x0000000712a00000, 0x0000000712c00000|  0%| F|  |TAMS 0x0000000712a00000, 0x0000000712a00000| Untracked 
| 112|0x0000000712c00000, 0x0000000712c00000, 0x0000000712e00000|  0%| F|  |TAMS 0x0000000712c00000, 0x0000000712c00000| Untracked 
| 113|0x0000000712e00000, 0x0000000712e00000, 0x0000000713000000|  0%| F|  |TAMS 0x0000000712e00000, 0x0000000712e00000| Untracked 
| 114|0x0000000713000000, 0x0000000713000000, 0x0000000713200000|  0%| F|  |TAMS 0x0000000713000000, 0x0000000713000000| Untracked 
| 115|0x0000000713200000, 0x0000000713200000, 0x0000000713400000|  0%| F|  |TAMS 0x0000000713200000, 0x0000000713200000| Untracked 
| 116|0x0000000713400000, 0x0000000713400000, 0x0000000713600000|  0%| F|  |TAMS 0x0000000713400000, 0x0000000713400000| Untracked 
| 117|0x0000000713600000, 0x0000000713600000, 0x0000000713800000|  0%| F|  |TAMS 0x0000000713600000, 0x0000000713600000| Untracked 
| 118|0x0000000713800000, 0x0000000713800000, 0x0000000713a00000|  0%| F|  |TAMS 0x0000000713800000, 0x0000000713800000| Untracked 
| 119|0x0000000713a00000, 0x0000000713a00000, 0x0000000713c00000|  0%| F|  |TAMS 0x0000000713a00000, 0x0000000713a00000| Untracked 
| 120|0x0000000713c00000, 0x0000000713c00000, 0x0000000713e00000|  0%| F|  |TAMS 0x0000000713c00000, 0x0000000713c00000| Untracked 
| 121|0x0000000713e00000, 0x0000000713e00000, 0x0000000714000000|  0%| F|  |TAMS 0x0000000713e00000, 0x0000000713e00000| Untracked 
| 122|0x0000000714000000, 0x0000000714000000, 0x0000000714200000|  0%| F|  |TAMS 0x0000000714000000, 0x0000000714000000| Untracked 
| 123|0x0000000714200000, 0x0000000714200000, 0x0000000714400000|  0%| F|  |TAMS 0x0000000714200000, 0x0000000714200000| Untracked 
| 124|0x0000000714400000, 0x0000000714400000, 0x0000000714600000|  0%| F|  |TAMS 0x0000000714400000, 0x0000000714400000| Untracked 
| 125|0x0000000714600000, 0x0000000714600000, 0x0000000714800000|  0%| F|  |TAMS 0x0000000714600000, 0x0000000714600000| Untracked 
| 126|0x0000000714800000, 0x0000000714800000, 0x0000000714a00000|  0%| F|  |TAMS 0x0000000714800000, 0x0000000714800000| Untracked 
| 127|0x0000000714a00000, 0x0000000714a00000, 0x0000000714c00000|  0%| F|  |TAMS 0x0000000714a00000, 0x0000000714a00000| Untracked 
| 128|0x0000000714c00000, 0x0000000714c00000, 0x0000000714e00000|  0%| F|  |TAMS 0x0000000714c00000, 0x0000000714c00000| Untracked 
| 129|0x0000000714e00000, 0x0000000714e00000, 0x0000000715000000|  0%| F|  |TAMS 0x0000000714e00000, 0x0000000714e00000| Untracked 
| 130|0x0000000715000000, 0x0000000715000000, 0x0000000715200000|  0%| F|  |TAMS 0x0000000715000000, 0x0000000715000000| Untracked 
| 131|0x0000000715200000, 0x0000000715200000, 0x0000000715400000|  0%| F|  |TAMS 0x0000000715200000, 0x0000000715200000| Untracked 
| 132|0x0000000715400000, 0x0000000715400000, 0x0000000715600000|  0%| F|  |TAMS 0x0000000715400000, 0x0000000715400000| Untracked 
| 133|0x0000000715600000, 0x0000000715600000, 0x0000000715800000|  0%| F|  |TAMS 0x0000000715600000, 0x0000000715600000| Untracked 
| 134|0x0000000715800000, 0x0000000715800000, 0x0000000715a00000|  0%| F|  |TAMS 0x0000000715800000, 0x0000000715800000| Untracked 
| 135|0x0000000715a00000, 0x0000000715a00000, 0x0000000715c00000|  0%| F|  |TAMS 0x0000000715a00000, 0x0000000715a00000| Untracked 
| 136|0x0000000715c00000, 0x0000000715c00000, 0x0000000715e00000|  0%| F|  |TAMS 0x0000000715c00000, 0x0000000715c00000| Untracked 
| 137|0x0000000715e00000, 0x0000000715e00000, 0x0000000716000000|  0%| F|  |TAMS 0x0000000715e00000, 0x0000000715e00000| Untracked 
| 138|0x0000000716000000, 0x0000000716000000, 0x0000000716200000|  0%| F|  |TAMS 0x0000000716000000, 0x0000000716000000| Untracked 
| 139|0x0000000716200000, 0x0000000716200000, 0x0000000716400000|  0%| F|  |TAMS 0x0000000716200000, 0x0000000716200000| Untracked 
| 140|0x0000000716400000, 0x0000000716400000, 0x0000000716600000|  0%| F|  |TAMS 0x0000000716400000, 0x0000000716400000| Untracked 
| 141|0x0000000716600000, 0x0000000716600000, 0x0000000716800000|  0%| F|  |TAMS 0x0000000716600000, 0x0000000716600000| Untracked 
| 142|0x0000000716800000, 0x0000000716800000, 0x0000000716a00000|  0%| F|  |TAMS 0x0000000716800000, 0x0000000716800000| Untracked 
| 143|0x0000000716a00000, 0x0000000716a00000, 0x0000000716c00000|  0%| F|  |TAMS 0x0000000716a00000, 0x0000000716a00000| Untracked 
| 144|0x0000000716c00000, 0x0000000716c00000, 0x0000000716e00000|  0%| F|  |TAMS 0x0000000716c00000, 0x0000000716c00000| Untracked 
| 145|0x0000000716e00000, 0x0000000716e00000, 0x0000000717000000|  0%| F|  |TAMS 0x0000000716e00000, 0x0000000716e00000| Untracked 
| 146|0x0000000717000000, 0x0000000717000000, 0x0000000717200000|  0%| F|  |TAMS 0x0000000717000000, 0x0000000717000000| Untracked 
| 147|0x0000000717200000, 0x0000000717200000, 0x0000000717400000|  0%| F|  |TAMS 0x0000000717200000, 0x0000000717200000| Untracked 
| 148|0x0000000717400000, 0x0000000717400000, 0x0000000717600000|  0%| F|  |TAMS 0x0000000717400000, 0x0000000717400000| Untracked 
| 149|0x0000000717600000, 0x0000000717600000, 0x0000000717800000|  0%| F|  |TAMS 0x0000000717600000, 0x0000000717600000| Untracked 
| 150|0x0000000717800000, 0x0000000717800000, 0x0000000717a00000|  0%| F|  |TAMS 0x0000000717800000, 0x0000000717800000| Untracked 

Card table byte_map: [0x0000018866640000,0x0000018866e20000] _byte_map_base: 0x0000018862e1a000

Marking Bits (Prev, Next): (CMBitMap*) 0x000001884eb5e610, (CMBitMap*) 0x000001884eb5e5d0
 Prev Bits: [0x000001886b4d0000, 0x000001886f3a0000)
 Next Bits: [0x0000018867600000, 0x000001886b4d0000)

Polling page: 0x000001884e2c0000

Metaspace:

Usage:
  Non-class:     76.56 MB used.
      Class:     10.75 MB used.
       Both:     87.31 MB used.

Virtual space:
  Non-class space:      128.00 MB reserved,      76.81 MB ( 60%) committed,  2 nodes.
      Class space:        1.00 GB reserved,      11.06 MB (  1%) committed,  1 nodes.
             Both:        1.12 GB reserved,      87.88 MB (  8%) committed. 

Chunk freelists:
   Non-Class:  2.64 MB
       Class:  4.80 MB
        Both:  7.44 MB

MaxMetaspaceSize: unlimited
CompressedClassSpaceSize: 1.00 GB
Initial GC threshold: 21.00 MB
Current GC threshold: 115.88 MB
CDS: on
MetaspaceReclaimPolicy: balanced
 - commit_granule_bytes: 65536.
 - commit_granule_words: 8192.
 - virtual_space_node_default_size: 8388608.
 - enlarge_chunks_in_place: 1.
 - new_chunks_are_fully_committed: 0.
 - uncommit_free_chunks: 1.
 - use_allocation_guard: 0.
 - handle_deallocations: 1.


Internal statistics:

num_allocs_failed_limit: 9.
num_arena_births: 762.
num_arena_deaths: 0.
num_vsnodes_births: 3.
num_vsnodes_deaths: 0.
num_space_committed: 1406.
num_space_uncommitted: 0.
num_chunks_returned_to_freelist: 9.
num_chunks_taken_from_freelist: 3976.
num_chunk_merges: 9.
num_chunk_splits: 3031.
num_chunks_enlarged: 2494.
num_inconsistent_stats: 0.

CodeHeap 'non-profiled nmethods': size=119168Kb used=8515Kb max_used=8515Kb free=110652Kb
 bounds [0x000001885df50000, 0x000001885e7b0000, 0x00000188653b0000]
CodeHeap 'profiled nmethods': size=119104Kb used=17385Kb max_used=17528Kb free=101718Kb
 bounds [0x00000188563b0000, 0x0000018857530000, 0x000001885d800000]
CodeHeap 'non-nmethods': size=7488Kb used=3095Kb max_used=3164Kb free=4392Kb
 bounds [0x000001885d800000, 0x000001885db20000, 0x000001885df50000]
 total_blobs=9584 nmethods=8848 adapters=644
 compilation: enabled
              stopped_count=0, restarted_count=0
 full_count=0

Compilation events (20 events):
Event: 8.136 Thread 0x000001887abac2e0 nmethod 10670 0x000001885e793a10 code [0x000001885e793c40, 0x000001885e794e60]
Event: 8.137 Thread 0x000001887abac2e0 10663       4       java.lang.Integer::toString (55 bytes)
Event: 8.139 Thread 0x00000188727a4b70 nmethod 10741 0x000001885e795c90 code [0x000001885e795e40, 0x000001885e7961d8]
Event: 8.139 Thread 0x00000188727a4b70 10739       4       net.bytebuddy.implementation.bytecode.constant.DefaultValue::of (81 bytes)
Event: 8.140 Thread 0x000001887abab840 nmethod 10706 0x000001885e796510 code [0x000001885e7967e0, 0x000001885e797850]
Event: 8.140 Thread 0x000001887abab840 10565       4       org.hibernate.mapping.Column::getAlias (210 bytes)
Event: 8.142 Thread 0x000001887abac2e0 nmethod 10663 0x000001885e798390 code [0x000001885e798520, 0x000001885e798bd8]
Event: 8.142 Thread 0x000001887abac2e0 9876       4       org.hibernate.mapping.RootClass::getRootClass (2 bytes)
Event: 8.142 Thread 0x000001887abac2e0 nmethod 9876 0x000001885e798e90 code [0x000001885e799000, 0x000001885e799078]
Event: 8.142 Thread 0x000001887abac2e0 10718       4       org.hibernate.jdbc.Expectation::validate (1 bytes)
Event: 8.142 Thread 0x000001887abac2e0 nmethod 10718 0x000001885e799190 code [0x000001885e799300, 0x000001885e799378]
Event: 8.143 Thread 0x000001887abac2e0 10742       4       org.hibernate.mapping.PersistentClass::getJoinNumber (51 bytes)
Event: 8.146 Thread 0x000001887abac2e0 nmethod 10742 0x000001885e799490 code [0x000001885e799660, 0x000001885e799b08]
Event: 8.146 Thread 0x000001887abac2e0 10743   !   4       org.hibernate.mapping.PersistentClass::getMappedClass (52 bytes)
Event: 8.155 Thread 0x00000188727a4b70 nmethod 10739 0x000001885e799e90 code [0x000001885e79a260, 0x000001885e79c438]
Event: 8.155 Thread 0x00000188727a4b70 10746 %     4       net.bytebuddy.dynamic.scaffold.MethodRegistry$Default::prepare @ 274 (743 bytes)
Event: 8.163 Thread 0x000001887abac2e0 nmethod 10743 0x000001885e79da10 code [0x000001885e79dcc0, 0x000001885e79f020]
Event: 8.163 Thread 0x000001887abac2e0 10745       4       java.util.Spliterators$ArraySpliterator::forEachRemaining (68 bytes)
Event: 8.166 Thread 0x000001887abac2e0 nmethod 10745 0x000001885e7a0410 code [0x000001885e7a05c0, 0x000001885e7a09f8]
Event: 8.166 Thread 0x000001887abac2e0 10749       4       net.bytebuddy.implementation.bind.annotation.AllArguments$Binder::bind (445 bytes)

GC Heap History (20 events):
Event: 5.751 GC heap after
{Heap after GC invocations=24 (full 0):
 garbage-first heap   total 147456K, used 91431K [0x0000000704c00000, 0x0000000800000000)
  region size 2048K, 2 young (4096K), 2 survivors (4096K)
 Metaspace       used 70664K, committed 71168K, reserved 1114112K
  class space    used 8499K, committed 8704K, reserved 1048576K
}
Event: 5.759 GC heap before
{Heap before GC invocations=24 (full 0):
 garbage-first heap   total 147456K, used 93479K [0x0000000704c00000, 0x0000000800000000)
  region size 2048K, 3 young (6144K), 2 survivors (4096K)
 Metaspace       used 70664K, committed 71168K, reserved 1114112K
  class space    used 8499K, committed 8704K, reserved 1048576K
}
Event: 5.765 GC heap after
{Heap after GC invocations=25 (full 0):
 garbage-first heap   total 147456K, used 91869K [0x0000000704c00000, 0x0000000800000000)
  region size 2048K, 1 young (2048K), 1 survivors (2048K)
 Metaspace       used 70664K, committed 71168K, reserved 1114112K
  class space    used 8499K, committed 8704K, reserved 1048576K
}
Event: 5.851 GC heap before
{Heap before GC invocations=25 (full 0):
 garbage-first heap   total 147456K, used 112349K [0x0000000704c00000, 0x0000000800000000)
  region size 2048K, 11 young (22528K), 1 survivors (2048K)
 Metaspace       used 70664K, committed 71168K, reserved 1114112K
  class space    used 8500K, committed 8704K, reserved 1048576K
}
Event: 5.855 GC heap after
{Heap after GC invocations=26 (full 0):
 garbage-first heap   total 309248K, used 97630K [0x0000000704c00000, 0x0000000800000000)
  region size 2048K, 2 young (4096K), 2 survivors (4096K)
 Metaspace       used 70664K, committed 71168K, reserved 1114112K
  class space    used 8500K, committed 8704K, reserved 1048576K
}
Event: 6.543 GC heap before
{Heap before GC invocations=27 (full 0):
 garbage-first heap   total 309248K, used 202078K [0x0000000704c00000, 0x0000000800000000)
  region size 2048K, 53 young (108544K), 2 survivors (4096K)
 Metaspace       used 74320K, committed 74752K, reserved 1179648K
  class space    used 8881K, committed 9088K, reserved 1048576K
}
Event: 6.551 GC heap after
{Heap after GC invocations=28 (full 0):
 garbage-first heap   total 309248K, used 119233K [0x0000000704c00000, 0x0000000800000000)
  region size 2048K, 7 young (14336K), 7 survivors (14336K)
 Metaspace       used 74320K, committed 74752K, reserved 1179648K
  class space    used 8881K, committed 9088K, reserved 1048576K
}
Event: 6.563 GC heap before
{Heap before GC invocations=28 (full 0):
 garbage-first heap   total 309248K, used 121281K [0x0000000704c00000, 0x0000000800000000)
  region size 2048K, 8 young (16384K), 7 survivors (14336K)
 Metaspace       used 74726K, committed 75200K, reserved 1179648K
  class space    used 8931K, committed 9152K, reserved 1048576K
}
Event: 6.567 GC heap after
{Heap after GC invocations=29 (full 0):
 garbage-first heap   total 309248K, used 120277K [0x0000000704c00000, 0x0000000800000000)
  region size 2048K, 1 young (2048K), 1 survivors (2048K)
 Metaspace       used 74726K, committed 75200K, reserved 1179648K
  class space    used 8931K, committed 9152K, reserved 1048576K
}
Event: 7.131 GC heap before
{Heap before GC invocations=29 (full 0):
 garbage-first heap   total 309248K, used 202197K [0x0000000704c00000, 0x0000000800000000)
  region size 2048K, 41 young (83968K), 1 survivors (2048K)
 Metaspace       used 84001K, committed 84544K, reserved 1179648K
  class space    used 10334K, committed 10624K, reserved 1048576K
}
Event: 7.134 GC heap after
{Heap after GC invocations=30 (full 0):
 garbage-first heap   total 309248K, used 120672K [0x0000000704c00000, 0x0000000800000000)
  region size 2048K, 1 young (2048K), 1 survivors (2048K)
 Metaspace       used 84001K, committed 84544K, reserved 1179648K
  class space    used 10334K, committed 10624K, reserved 1048576K
}
Event: 7.345 GC heap before
{Heap before GC invocations=30 (full 0):
 garbage-first heap   total 309248K, used 212832K [0x0000000704c00000, 0x0000000800000000)
  region size 2048K, 46 young (94208K), 1 survivors (2048K)
 Metaspace       used 85066K, committed 85696K, reserved 1179648K
  class space    used 10449K, committed 10752K, reserved 1048576K
}
Event: 7.347 GC heap after
{Heap after GC invocations=31 (full 0):
 garbage-first heap   total 309248K, used 121957K [0x0000000704c00000, 0x0000000800000000)
  region size 2048K, 2 young (4096K), 2 survivors (4096K)
 Metaspace       used 85066K, committed 85696K, reserved 1179648K
  class space    used 10449K, committed 10752K, reserved 1048576K
}
Event: 7.569 GC heap before
{Heap before GC invocations=31 (full 0):
 garbage-first heap   total 309248K, used 224357K [0x0000000704c00000, 0x0000000800000000)
  region size 2048K, 52 young (106496K), 2 survivors (4096K)
 Metaspace       used 86175K, committed 86784K, reserved 1179648K
  class space    used 10582K, committed 10880K, reserved 1048576K
}
Event: 7.571 GC heap after
{Heap after GC invocations=32 (full 0):
 garbage-first heap   total 309248K, used 123444K [0x0000000704c00000, 0x0000000800000000)
  region size 2048K, 3 young (6144K), 3 survivors (6144K)
 Metaspace       used 86175K, committed 86784K, reserved 1179648K
  class space    used 10582K, committed 10880K, reserved 1048576K
}
Event: 7.774 GC heap before
{Heap before GC invocations=32 (full 0):
 garbage-first heap   total 309248K, used 231988K [0x0000000704c00000, 0x0000000800000000)
  region size 2048K, 56 young (114688K), 3 survivors (6144K)
 Metaspace       used 87205K, committed 87808K, reserved 1179648K
  class space    used 10708K, committed 11008K, reserved 1048576K
}
Event: 7.776 GC heap after
{Heap after GC invocations=33 (full 0):
 garbage-first heap   total 309248K, used 124996K [0x0000000704c00000, 0x0000000800000000)
  region size 2048K, 4 young (8192K), 4 survivors (8192K)
 Metaspace       used 87205K, committed 87808K, reserved 1179648K
  class space    used 10708K, committed 11008K, reserved 1048576K
}
Event: 7.965 GC heap before
{Heap before GC invocations=33 (full 0):
 garbage-first heap   total 309248K, used 241732K [0x0000000704c00000, 0x0000000800000000)
  region size 2048K, 61 young (124928K), 4 survivors (8192K)
 Metaspace       used 88286K, committed 88832K, reserved 1179648K
  class space    used 10856K, committed 11136K, reserved 1048576K
}
Event: 7.969 GC heap after
{Heap after GC invocations=34 (full 0):
 garbage-first heap   total 309248K, used 126816K [0x0000000704c00000, 0x0000000800000000)
  region size 2048K, 4 young (8192K), 4 survivors (8192K)
 Metaspace       used 88286K, committed 88832K, reserved 1179648K
  class space    used 10856K, committed 11136K, reserved 1048576K
}
Event: 8.166 GC heap before
{Heap before GC invocations=34 (full 0):
 garbage-first heap   total 309248K, used 247648K [0x0000000704c00000, 0x0000000800000000)
  region size 2048K, 63 young (129024K), 4 survivors (8192K)
 Metaspace       used 89407K, committed 89984K, reserved 1179648K
  class space    used 11008K, committed 11328K, reserved 1048576K
}

Deoptimization events (20 events):
Event: 7.833 Thread 0x000001884eaf0ca0 DEOPT PACKING pc=0x000001885e6ffc58 sp=0x0000004db8ef9300
Event: 7.833 Thread 0x000001884eaf0ca0 DEOPT UNPACKING pc=0x000001885d8523a3 sp=0x0000004db8ef9028 mode 2
Event: 7.856 Thread 0x000001884eaf0ca0 Uncommon trap: trap_request=0xffffff45 fr.pc=0x000001885dff7c18 relative=0x0000000000000118
Event: 7.856 Thread 0x000001884eaf0ca0 Uncommon trap: reason=unstable_if action=reinterpret pc=0x000001885dff7c18 method=net.bytebuddy.jar.asm.ByteVector.putInt(I)Lnet/bytebuddy/jar/asm/ByteVector; @ 13 c2
Event: 7.856 Thread 0x000001884eaf0ca0 DEOPT PACKING pc=0x000001885dff7c18 sp=0x0000004db8ef9170
Event: 7.856 Thread 0x000001884eaf0ca0 DEOPT UNPACKING pc=0x000001885d8523a3 sp=0x0000004db8ef90f8 mode 2
Event: 8.036 Thread 0x000001884eaf0ca0 DEOPT PACKING pc=0x0000018856583116 sp=0x0000004db8efa9f0
Event: 8.036 Thread 0x000001884eaf0ca0 DEOPT UNPACKING pc=0x000001885d852b43 sp=0x0000004db8ef9e98 mode 0
Event: 8.108 Thread 0x000001884eaf0ca0 Uncommon trap: trap_request=0xffffff45 fr.pc=0x000001885e6f7634 relative=0x0000000000001f54
Event: 8.108 Thread 0x000001884eaf0ca0 Uncommon trap: reason=unstable_if action=reinterpret pc=0x000001885e6f7634 method=org.hibernate.internal.util.ReflectHelper.findGetterMethodForFieldAccess(Ljava/lang/reflect/Field;Ljava/lang/String;)Ljava/lang/reflect/Method; @ 96 c2
Event: 8.108 Thread 0x000001884eaf0ca0 DEOPT PACKING pc=0x000001885e6f7634 sp=0x0000004db8ef98a0
Event: 8.108 Thread 0x000001884eaf0ca0 DEOPT UNPACKING pc=0x000001885d8523a3 sp=0x0000004db8ef9898 mode 2
Event: 8.108 Thread 0x000001884eaf0ca0 Uncommon trap: trap_request=0xffffff45 fr.pc=0x000001885e76f26c relative=0x0000000000001acc
Event: 8.108 Thread 0x000001884eaf0ca0 Uncommon trap: reason=unstable_if action=reinterpret pc=0x000001885e76f26c method=org.hibernate.internal.util.ReflectHelper.likelySetterMethodNameForProperty(Ljava/lang/String;)Ljava/lang/String; @ 10 c2
Event: 8.108 Thread 0x000001884eaf0ca0 DEOPT PACKING pc=0x000001885e76f26c sp=0x0000004db8ef9970
Event: 8.108 Thread 0x000001884eaf0ca0 DEOPT UNPACKING pc=0x000001885d8523a3 sp=0x0000004db8ef9768 mode 2
Event: 8.108 Thread 0x000001884eaf0ca0 Uncommon trap: trap_request=0xffffff45 fr.pc=0x000001885e772ff4 relative=0x0000000000001b54
Event: 8.108 Thread 0x000001884eaf0ca0 Uncommon trap: reason=unstable_if action=reinterpret pc=0x000001885e772ff4 method=org.hibernate.internal.util.ReflectHelper.likelySetterMethodNameForProperty(Ljava/lang/String;)Ljava/lang/String; @ 10 c2
Event: 8.108 Thread 0x000001884eaf0ca0 DEOPT PACKING pc=0x000001885e772ff4 sp=0x0000004db8ef98c0
Event: 8.108 Thread 0x000001884eaf0ca0 DEOPT UNPACKING pc=0x000001885d8523a3 sp=0x0000004db8ef9758 mode 2

Classes unloaded (0 events):
No events

Classes redefined (0 events):
No events

Internal exceptions (20 events):
Event: 5.584 Thread 0x000001884eaf0ca0 Implicit null exception at 0x000001885e43a324 to 0x000001885e43ba1c
Event: 5.980 Thread 0x000001884eaf0ca0 Implicit null exception at 0x000001885e454d81 to 0x000001885e456478
Event: 6.248 Thread 0x000001884eaf0ca0 Exception <a 'java/lang/NoSuchMethodError'{0x00000007130b9c90}: 'void java.lang.invoke.DirectMethodHandle$Holder.invokeSpecial(java.lang.Object, java.lang.Object, int, java.lang.Object)'> (0x00000007130b9c90) 
thrown [s\open\src\hotspot\share\interpreter\linkResolver.cpp, line 759]
Event: 6.252 Thread 0x000001884eaf0ca0 Implicit null exception at 0x000001885e15da2c to 0x000001885e15db00
Event: 6.255 Thread 0x000001884eaf0ca0 Implicit null exception at 0x000001885e2d7e89 to 0x000001885e2d970c
Event: 6.255 Thread 0x000001884eaf0ca0 Implicit null exception at 0x000001885e3c2f13 to 0x000001885e3c3064
Event: 6.259 Thread 0x000001884eaf0ca0 Exception <a 'java/lang/NoSuchMethodError'{0x0000000713167ad8}: 'java.lang.Object java.lang.invoke.DirectMethodHandle$Holder.newInvokeSpecial(java.lang.Object, java.lang.Object, java.lang.Object, int, java.lang.Object, java.lang.Object)'> (0x0000000713167ad8) 
thrown [s\open\src\hotspot\share\interpreter\linkResolver.cpp, line 759]
Event: 6.260 Thread 0x000001884eaf0ca0 Exception <a 'java/lang/NoSuchMethodError'{0x000000071316c5f8}: 'java.lang.Object java.lang.invoke.DirectMethodHandle$Holder.invokeSpecial(java.lang.Object, java.lang.Object, java.lang.Object, java.lang.Object, int, java.lang.Object, java.lang.Object)'> (0x000000071316c5f8) 
thrown [s\open\src\hotspot\share\interpreter\linkResolver.cpp, line 759]
Event: 6.395 Thread 0x000001884eaf0ca0 Implicit null exception at 0x000001885e2a3ad9 to 0x000001885e2a4880
Event: 6.395 Thread 0x000001884eaf0ca0 Implicit null exception at 0x000001885e28c04c to 0x000001885e28c0f4
Event: 6.395 Thread 0x000001884eaf0ca0 Implicit null exception at 0x000001885e4b5e9b to 0x000001885e4b6eb0
Event: 6.658 Thread 0x000001884eaf0ca0 Implicit null exception at 0x000001885e0a030c to 0x000001885e0a033c
Event: 6.670 Thread 0x000001884eaf0ca0 Exception <a 'java/lang/IncompatibleClassChangeError'{0x000000071698e258}: Found class java.lang.Object, but interface was expected> (0x000000071698e258) 
thrown [s\open\src\hotspot\share\interpreter\linkResolver.cpp, line 826]
Event: 6.679 Thread 0x000001884eaf0ca0 Exception <a 'java/lang/NoSuchMethodError'{0x000000071663ac00}: 'java.lang.Object java.lang.invoke.DirectMethodHandle$Holder.invokeStatic(java.lang.Object, java.lang.Object, int, java.lang.Object)'> (0x000000071663ac00) 
thrown [s\open\src\hotspot\share\interpreter\linkResolver.cpp, line 759]
Event: 6.679 Thread 0x000001884eaf0ca0 Exception <a 'java/lang/NoSuchMethodError'{0x000000071663ee48}: 'java.lang.Object java.lang.invoke.DirectMethodHandle$Holder.invokeStaticInit(java.lang.Object, java.lang.Object, int, java.lang.Object)'> (0x000000071663ee48) 
thrown [s\open\src\hotspot\share\interpreter\linkResolver.cpp, line 759]
Event: 7.179 Thread 0x000001884eaf0ca0 Implicit null exception at 0x000001885e67f315 to 0x000001885e67f830
Event: 7.186 Thread 0x000001884eaf0ca0 Implicit null exception at 0x000001885e680c73 to 0x000001885e681154
Event: 7.198 Thread 0x000001884eaf0ca0 Implicit null exception at 0x000001885e687e8f to 0x000001885e688354
Event: 7.204 Thread 0x000001884eaf0ca0 Implicit null exception at 0x000001885e68b854 to 0x000001885e68bcc8
Event: 7.287 Thread 0x000001884eaf0ca0 Implicit null exception at 0x000001885e2558f7 to 0x000001885e2577f8

VM Operations (20 events):
Event: 7.134 Executing VM operation: G1CollectForAllocation done
Event: 7.191 Executing VM operation: HandshakeAllThreads
Event: 7.191 Executing VM operation: HandshakeAllThreads done
Event: 7.199 Executing VM operation: ICBufferFull
Event: 7.199 Executing VM operation: ICBufferFull done
Event: 7.204 Executing VM operation: HandshakeAllThreads
Event: 7.204 Executing VM operation: HandshakeAllThreads done
Event: 7.214 Executing VM operation: HandshakeAllThreads
Event: 7.214 Executing VM operation: HandshakeAllThreads done
Event: 7.328 Executing VM operation: ICBufferFull
Event: 7.328 Executing VM operation: ICBufferFull done
Event: 7.345 Executing VM operation: G1CollectForAllocation
Event: 7.347 Executing VM operation: G1CollectForAllocation done
Event: 7.569 Executing VM operation: G1CollectForAllocation
Event: 7.571 Executing VM operation: G1CollectForAllocation done
Event: 7.774 Executing VM operation: G1CollectForAllocation
Event: 7.776 Executing VM operation: G1CollectForAllocation done
Event: 7.965 Executing VM operation: G1CollectForAllocation
Event: 7.969 Executing VM operation: G1CollectForAllocation done
Event: 8.166 Executing VM operation: G1CollectForAllocation

Events (20 events):
Event: 7.220 Thread 0x00000188727a82c0 flushing nmethod 0x00000188572ae490
Event: 7.220 Thread 0x00000188727a82c0 flushing nmethod 0x00000188572aea10
Event: 7.220 Thread 0x00000188727a82c0 flushing nmethod 0x00000188572af690
Event: 7.220 Thread 0x00000188727a82c0 flushing nmethod 0x00000188572afb90
Event: 7.220 Thread 0x00000188727a82c0 flushing nmethod 0x00000188572b1290
Event: 7.220 Thread 0x00000188727a82c0 flushing nmethod 0x00000188572b3290
Event: 7.220 Thread 0x00000188727a82c0 flushing nmethod 0x00000188572b5990
Event: 7.220 Thread 0x00000188727a82c0 flushing nmethod 0x00000188572b9410
Event: 7.220 Thread 0x00000188727a82c0 flushing nmethod 0x00000188572b9990
Event: 7.220 Thread 0x00000188727a82c0 flushing nmethod 0x00000188572c1990
Event: 7.220 Thread 0x00000188727a82c0 flushing nmethod 0x00000188572c2390
Event: 7.220 Thread 0x00000188727a82c0 flushing nmethod 0x00000188572c4090
Event: 7.220 Thread 0x00000188727a82c0 flushing nmethod 0x00000188572ca910
Event: 7.220 Thread 0x00000188727a82c0 flushing nmethod 0x00000188572cbb90
Event: 7.220 Thread 0x00000188727a82c0 flushing nmethod 0x00000188572cc090
Event: 7.220 Thread 0x00000188727a82c0 flushing nmethod 0x00000188572ce110
Event: 7.220 Thread 0x00000188727a82c0 flushing nmethod 0x00000188572cec90
Event: 7.221 Thread 0x00000188727a82c0 flushing nmethod 0x0000018857326c10
Event: 7.624 loading class sun/reflect/generics/tree/LongSignature
Event: 7.624 loading class sun/reflect/generics/tree/LongSignature done


Dynamic libraries:
0x00007ff7722d0000 - 0x00007ff7722e0000 	C:\Program Files\Java\jdk-17\bin\java.exe
0x00007ffea7a50000 - 0x00007ffea7c67000 	C:\Windows\SYSTEM32\ntdll.dll
0x00007ffea6540000 - 0x00007ffea6604000 	C:\Windows\System32\KERNEL32.DLL
0x00007ffea4e40000 - 0x00007ffea51ed000 	C:\Windows\System32\KERNELBASE.dll
0x00007ffea5290000 - 0x00007ffea53a1000 	C:\Windows\System32\ucrtbase.dll
0x00007ffe90e00000 - 0x00007ffe90e1b000 	C:\Program Files\Java\jdk-17\bin\VCRUNTIME140.dll
0x00007ffe90970000 - 0x00007ffe90989000 	C:\Program Files\Java\jdk-17\bin\jli.dll
0x00007ffea7360000 - 0x00007ffea7412000 	C:\Windows\System32\ADVAPI32.dll
0x00007ffea6610000 - 0x00007ffea66b7000 	C:\Windows\System32\msvcrt.dll
0x00007ffea5950000 - 0x00007ffea59f9000 	C:\Windows\System32\sechost.dll
0x00007ffea5260000 - 0x00007ffea5288000 	C:\Windows\System32\bcrypt.dll
0x00007ffea66c0000 - 0x00007ffea67d4000 	C:\Windows\System32\RPCRT4.dll
0x00007ffea71b0000 - 0x00007ffea735e000 	C:\Windows\System32\USER32.dll
0x00007ffea54d0000 - 0x00007ffea54f6000 	C:\Windows\System32\win32u.dll
0x00007ffe8a5f0000 - 0x00007ffe8a883000 	C:\Windows\WinSxS\amd64_microsoft.windows.common-controls_6595b64144ccf1df_6.0.22621.3672_none_2713b9d173822955\COMCTL32.dll
0x00007ffea6500000 - 0x00007ffea6529000 	C:\Windows\System32\GDI32.dll
0x00007ffea5670000 - 0x00007ffea5789000 	C:\Windows\System32\gdi32full.dll
0x00007ffea53b0000 - 0x00007ffea544a000 	C:\Windows\System32\msvcp_win.dll
0x00007ffe9fbb0000 - 0x00007ffe9fbba000 	C:\Windows\SYSTEM32\VERSION.dll
0x00007ffea5910000 - 0x00007ffea5941000 	C:\Windows\System32\IMM32.DLL
0x00007ffe911e0000 - 0x00007ffe911ec000 	C:\Program Files\Java\jdk-17\bin\vcruntime140_1.dll
0x00007ffe82410000 - 0x00007ffe8249e000 	C:\Program Files\Java\jdk-17\bin\msvcp140.dll
0x00007ffe104d0000 - 0x00007ffe110b0000 	C:\Program Files\Java\jdk-17\bin\server\jvm.dll
0x00007ffea68c0000 - 0x00007ffea68c8000 	C:\Windows\System32\PSAPI.DLL
0x00007ffe9e880000 - 0x00007ffe9e889000 	C:\Windows\SYSTEM32\WSOCK32.dll
0x00007ffe9c5a0000 - 0x00007ffe9c5d4000 	C:\Windows\SYSTEM32\WINMM.dll
0x00007ffea6480000 - 0x00007ffea64f1000 	C:\Windows\System32\WS2_32.dll
0x00007ffea3e60000 - 0x00007ffea3e78000 	C:\Windows\SYSTEM32\kernel.appcore.dll
0x00007ffe90f60000 - 0x00007ffe90f6a000 	C:\Program Files\Java\jdk-17\bin\jimage.dll
0x00007ffea1e00000 - 0x00007ffea2032000 	C:\Windows\SYSTEM32\DBGHELP.DLL
0x00007ffea7520000 - 0x00007ffea78a8000 	C:\Windows\System32\combase.dll
0x00007ffea78d0000 - 0x00007ffea79a7000 	C:\Windows\System32\OLEAUT32.dll
0x00007ffe82ff0000 - 0x00007ffe83022000 	C:\Windows\SYSTEM32\dbgcore.DLL
0x00007ffea5450000 - 0x00007ffea54cb000 	C:\Windows\System32\bcryptPrimitives.dll
0x00007ffe90100000 - 0x00007ffe90125000 	C:\Program Files\Java\jdk-17\bin\java.dll
0x00007ffe6c0f0000 - 0x00007ffe6c1c7000 	C:\Program Files\Java\jdk-17\bin\jsvml.dll
0x00007ffea5a60000 - 0x00007ffea62bf000 	C:\Windows\System32\SHELL32.dll
0x00007ffea2c80000 - 0x00007ffea357c000 	C:\Windows\SYSTEM32\windows.storage.dll
0x00007ffea2b40000 - 0x00007ffea2c7f000 	C:\Windows\SYSTEM32\wintypes.dll
0x00007ffea7420000 - 0x00007ffea7514000 	C:\Windows\System32\SHCORE.dll
0x00007ffea5a00000 - 0x00007ffea5a5e000 	C:\Windows\System32\shlwapi.dll
0x00007ffea4cb0000 - 0x00007ffea4cd1000 	C:\Windows\SYSTEM32\profapi.dll
0x00007ffe8fce0000 - 0x00007ffe8fcf9000 	C:\Program Files\Java\jdk-17\bin\net.dll
0x00007ffea0430000 - 0x00007ffea0566000 	C:\Windows\SYSTEM32\WINHTTP.dll
0x00007ffea42c0000 - 0x00007ffea4329000 	C:\Windows\system32\mswsock.dll
0x00007ffe8fbf0000 - 0x00007ffe8fc06000 	C:\Program Files\Java\jdk-17\bin\nio.dll
0x00007ffe8fbd0000 - 0x00007ffe8fbe8000 	C:\Program Files\Java\jdk-17\bin\zip.dll
0x00007ffe90df0000 - 0x00007ffe90dfa000 	C:\Program Files\Java\jdk-17\bin\management.dll
0x00007ffe90b00000 - 0x00007ffe90b0b000 	C:\Program Files\Java\jdk-17\bin\management_ext.dll
0x00007ffe90a10000 - 0x00007ffe90a1e000 	C:\Program Files\Java\jdk-17\bin\sunmscapi.dll
0x00007ffea5500000 - 0x00007ffea5667000 	C:\Windows\System32\CRYPT32.dll
0x00007ffea4710000 - 0x00007ffea473e000 	C:\Windows\SYSTEM32\ncrypt.dll
0x00007ffea46d0000 - 0x00007ffea4707000 	C:\Windows\SYSTEM32\NTASN1.dll
0x00007ffea4610000 - 0x00007ffea462b000 	C:\Windows\SYSTEM32\CRYPTSP.dll
0x00007ffea3d40000 - 0x00007ffea3d75000 	C:\Windows\system32\rsaenh.dll
0x00007ffea4360000 - 0x00007ffea4388000 	C:\Windows\SYSTEM32\USERENV.dll
0x00007ffea45f0000 - 0x00007ffea45fc000 	C:\Windows\SYSTEM32\CRYPTBASE.dll
0x00007ffea37e0000 - 0x00007ffea380d000 	C:\Windows\SYSTEM32\IPHLPAPI.DLL
0x00007ffea6a90000 - 0x00007ffea6a99000 	C:\Windows\System32\NSI.dll
0x00007ffe9fc30000 - 0x00007ffe9fc49000 	C:\Windows\SYSTEM32\dhcpcsvc6.DLL
0x00007ffe9fb80000 - 0x00007ffe9fb9f000 	C:\Windows\SYSTEM32\dhcpcsvc.DLL
0x00007ffea3810000 - 0x00007ffea3908000 	C:\Windows\SYSTEM32\DNSAPI.dll
0x00007ffe9c7d0000 - 0x00007ffe9c7da000 	C:\Windows\System32\rasadhlp.dll
0x00007ffe9cf10000 - 0x00007ffe9cf93000 	C:\Windows\System32\fwpuclnt.dll

dbghelp: loaded successfully - version: 4.0.5 - missing functions: none
symbol engine: initialized successfully - sym options: 0x614 - pdb path: .;C:\Program Files\Java\jdk-17\bin;C:\Windows\SYSTEM32;C:\Windows\WinSxS\amd64_microsoft.windows.common-controls_6595b64144ccf1df_6.0.22621.3672_none_2713b9d173822955;C:\Program Files\Java\jdk-17\bin\server

VM Arguments:
jvm_args: -Dfile.encoding-UTF8 
java_command: C:\Users\AIO16\AppData\Local\Temp\surefire18361946898770529717\surefirebooter-20260519125140068_3.jar C:\Users\AIO16\AppData\Local\Temp\surefire18361946898770529717 2026-05-19T12-51-39_921-jvmRun1 surefire-20260519125140068_1tmp surefire_0-20260519125140068_2tmp
java_class_path (initial): C:\Users\AIO16\AppData\Local\Temp\surefire18361946898770529717\surefirebooter-20260519125140068_3.jar
Launcher Type: SUN_STANDARD

[Global flags]
     intx CICompilerCount                          = 12                                        {product} {ergonomic}
     uint ConcGCThreads                            = 4                                         {product} {ergonomic}
     uint G1ConcRefinementThreads                  = 15                                        {product} {ergonomic}
   size_t G1HeapRegionSize                         = 2097152                                   {product} {ergonomic}
    uintx GCDrainStackTargetSize                   = 64                                        {product} {ergonomic}
   size_t InitialHeapSize                          = 264241152                                 {product} {ergonomic}
   size_t MarkStackSize                            = 4194304                                   {product} {ergonomic}
   size_t MaxHeapSize                              = 4215275520                                {product} {ergonomic}
   size_t MaxNewSize                               = 2529165312                                {product} {ergonomic}
   size_t MinHeapDeltaBytes                        = 2097152                                   {product} {ergonomic}
   size_t MinHeapSize                              = 8388608                                   {product} {ergonomic}
    uintx NonNMethodCodeHeapSize                   = 7602480                                {pd product} {ergonomic}
    uintx NonProfiledCodeHeapSize                  = 122027880                              {pd product} {ergonomic}
    uintx ProfiledCodeHeapSize                     = 122027880                              {pd product} {ergonomic}
    uintx ReservedCodeCacheSize                    = 251658240                              {pd product} {ergonomic}
     bool SegmentedCodeCache                       = true                                      {product} {ergonomic}
   size_t SoftMaxHeapSize                          = 4215275520                             {manageable} {ergonomic}
     bool UseCompressedClassPointers               = true                           {product lp64_product} {ergonomic}
     bool UseCompressedOops                        = true                           {product lp64_product} {ergonomic}
     bool UseG1GC                                  = true                                      {product} {ergonomic}
     bool UseLargePagesIndividualAllocation        = false                                  {pd product} {ergonomic}

Logging:
Log output configuration:
 #0: stdout all=warning uptime,level,tags
 #1: stderr all=off uptime,level,tags

Environment Variables:
JAVA_HOME=C:\Program Files\Java\jdk1.8.0_202
JAVA_TOOL_OPTIONS=-Dfile.encoding-UTF8
PATH=D:/Project/sts-5.0.1.RELEASE//plugins/org.eclipse.justj.openjdk.hotspot.jre.full.win32.x86_64_25.0.1.v20251108-1451/jre/bin/server;D:/Project/sts-5.0.1.RELEASE//plugins/org.eclipse.justj.openjdk.hotspot.jre.full.win32.x86_64_25.0.1.v20251108-1451/jre/bin;C:\Program Files\Apache\Maven\apache-maven-3.9.14\bin;C:\Program Files\Java\jdk-17;C:\Program Files\Common Files\Oracle\Java\javapath;C:\Program Files (x86)\Common Files\Oracle\Java\java8path;C:\Program Files (x86)\Common Files\Oracle\Java\javapath;C:\Windows\system32;C:\Windows;C:\Windows\System32\Wbem;C:\Windows\System32\WindowsPowerShell\v1.0\;C:\Windows\System32\OpenSSH\;C:\Program Files\dotnet\;C:\Program Files\Git\cmd;C:\Program Files\nodejs\;C:\Users\AIO16\AppData\Local\Microsoft\WindowsApps;C:\Users\AIO16\AppData\Local\Programs\Microsoft VS Code\bin;C:\Users\AIO16\AppData\Local\GitHubDesktop\bin;C:\Users\AIO16\AppData\Roaming\npm;D:\Project\sts-5.0.1.RELEASE;
USERNAME=AIO16
OS=Windows_NT
PROCESSOR_IDENTIFIER=Intel64 Family 6 Model 191 Stepping 2, GenuineIntel



---------------  S Y S T E M  ---------------

OS:
 Windows 11 , 64 bit Build 22621 (10.0.22621.3672)
OS uptime: 20 days 16:51 hours
Hyper-V role detected

CPU: total 20 (initial active 20) (10 cores per cpu, 2 threads per core) family 6 model 191 stepping 2 microcode 0x3e, cx8, cmov, fxsr, ht, mmx, 3dnowpref, sse, sse2, sse3, ssse3, sse4.1, sse4.2, popcnt, lzcnt, tsc, tscinvbit, avx, avx2, aes, erms, clmul, bmi1, bmi2, adx, sha, fma, vzeroupper, clflush, clflushopt, clwb, hv

Memory: 4k page, system-wide physical 16072M (733M free)
TotalPageFile size 44753M (AvailPageFile size 255M)
current process WorkingSet (physical memory assigned to process): 536M, peak: 536M
current process commit charge ("private bytes"): 625M, peak: 875M

vm_info: Java HotSpot(TM) 64-Bit Server VM (17.0.12+8-LTS-286) for windows-amd64 JRE (17.0.12+8-LTS-286), built on Jun  5 2024 06:46:59 by "mach5one" with MS VC++ 17.6 (VS2022)

END.
