#
# There is insufficient memory for the Java Runtime Environment to continue.
# Native memory allocation (mmap) failed to map 203423744 bytes for G1 virtual space
# Possible reasons:
#   The system is out of physical RAM or swap space
#   The process is running with CompressedOops enabled, and the Java Heap may be blocking the growth of the native heap
# Possible solutions:
#   Reduce memory load on the system
#   Increase physical memory or swap space
#   Check if swap backing store is full
#   Decrease Java heap size (-Xmx/-Xms)
#   Decrease number of Java threads
#   Decrease Java thread stack sizes (-Xss)
#   Set larger code cache with -XX:ReservedCodeCacheSize=
#   JVM is running with Zero Based Compressed Oops mode in which the Java heap is
#     placed in the first 32GB address space. The Java Heap base address is the
#     maximum limit for the native heap growth. Please use -XX:HeapBaseMinAddress
#     to set the Java Heap base and to place the Java Heap above 32GB virtual address.
# This output file may be truncated or incomplete.
#
#  Out of Memory Error (os_windows.cpp:3548), pid=15504, tid=34668
#
# JRE version: Java(TM) SE Runtime Environment (17.0.12+8) (build 17.0.12+8-LTS-286)
# Java VM: Java HotSpot(TM) 64-Bit Server VM (17.0.12+8-LTS-286, mixed mode, emulated-client, sharing, tiered, compressed oops, compressed class ptrs, g1 gc, windows-amd64)
# No core dump will be written. Minidumps are not enabled by default on client versions of Windows
#

---------------  S U M M A R Y ------------

Command Line: -Dfile.encoding-UTF8 -Dcom.sun.management.jmxremote -Dcom.sun.management.jmxremote.port=50424 -Dcom.sun.management.jmxremote.authenticate=false -Dcom.sun.management.jmxremote.ssl=false -Djava.rmi.server.hostname=localhost -Dspring.jmx.enabled=true -Dmanagement.endpoints.jmx.exposure.include=* -Dspring.application.admin.enabled=true -Dspring.output.ansi.enabled=always -XX:TieredStopAtLevel=1 -Dspring.boot.project.name=asm_gstn_return_db_store6_pre -Dfile.encoding=UTF-8 -Dstdout.encoding=UTF-8 -Dstderr.encoding=UTF-8 -XX:+ShowCodeDetailsInExceptionMessages com.deloitte.AsmEwayBillApplication

Host: 13th Gen Intel(R) Core(TM) i5-13500, 20 cores, 15G,  Windows 11 , 64 bit Build 22621 (10.0.22621.3672)
Time: Tue Apr 28 19:47:10 2026 India Standard Time elapsed time: 8.641567 seconds (0d 0h 0m 8s)

---------------  T H R E A D  ---------------

Current thread (0x000001da83003340):  VMThread "VM Thread" [stack: 0x000000cd3a500000,0x000000cd3a600000] [id=34668]

Stack: [0x000000cd3a500000,0x000000cd3a600000]
Native frames: (J=compiled Java code, j=interpreted, Vv=VM code, C=native code)
V  [jvm.dll+0x67a04a]
V  [jvm.dll+0x7da4ed]
V  [jvm.dll+0x7dbe33]
V  [jvm.dll+0x7dc4a3]
V  [jvm.dll+0x24508f]
V  [jvm.dll+0x677089]
V  [jvm.dll+0x66bd32]
V  [jvm.dll+0x301fa6]
V  [jvm.dll+0x309546]
V  [jvm.dll+0x359d2e]
V  [jvm.dll+0x359f5f]
V  [jvm.dll+0x2d9078]
V  [jvm.dll+0x2d74ad]
V  [jvm.dll+0x2d6afc]
V  [jvm.dll+0x31a65b]
V  [jvm.dll+0x7e0d9b]
V  [jvm.dll+0x7e1ad4]
V  [jvm.dll+0x7e1fed]
V  [jvm.dll+0x7e23c4]
V  [jvm.dll+0x7e2490]
V  [jvm.dll+0x78abea]
V  [jvm.dll+0x678f35]
C  [ucrtbase.dll+0x29333]
C  [KERNEL32.DLL+0x1257d]
C  [ntdll.dll+0x5af28]

VM_Operation (0x000000cd39ffc0d0): G1CollectForAllocation, mode: safepoint, requested by thread 0x000001da2a303bb0


---------------  P R O C E S S  ---------------

Threads class SMR info:
_java_thread_list=0x000001da889f94e0, length=29, elements={
0x000001da2a303bb0, 0x000001da83006e40, 0x000001da83009ad0, 0x000001da8301b080,
0x000001da8301ced0, 0x000001da8301edc0, 0x000001da8301f690, 0x000001da83028430,
0x000001da8302c240, 0x000001da8308c020, 0x000001da41a42a10, 0x000001da8310d650,
0x000001da831a1cb0, 0x000001da8372de70, 0x000001da8372e350, 0x000001da8377d040,
0x000001da83aebc40, 0x000001da83b8ab70, 0x000001da83ba36c0, 0x000001da83b8f9d0,
0x000001da88893fe0, 0x000001da88825360, 0x000001da88869ad0, 0x000001da83b91320,
0x000001da83b8fee0, 0x000001da83b92250, 0x000001da83b8f4c0, 0x000001da83b903f0,
0x000001da83b90e10
}

Java Threads: ( => current thread )
  0x000001da2a303bb0 JavaThread "main" [_thread_blocked, id=22568, stack(0x000000cd39f00000,0x000000cd3a000000)]
  0x000001da83006e40 JavaThread "Reference Handler" daemon [_thread_blocked, id=6156, stack(0x000000cd3a600000,0x000000cd3a700000)]
  0x000001da83009ad0 JavaThread "Finalizer" daemon [_thread_blocked, id=34136, stack(0x000000cd3a700000,0x000000cd3a800000)]
  0x000001da8301b080 JavaThread "Signal Dispatcher" daemon [_thread_blocked, id=38400, stack(0x000000cd3a800000,0x000000cd3a900000)]
  0x000001da8301ced0 JavaThread "Attach Listener" daemon [_thread_blocked, id=38748, stack(0x000000cd3a900000,0x000000cd3aa00000)]
  0x000001da8301edc0 JavaThread "Service Thread" daemon [_thread_blocked, id=20744, stack(0x000000cd3aa00000,0x000000cd3ab00000)]
  0x000001da8301f690 JavaThread "Monitor Deflation Thread" daemon [_thread_blocked, id=25120, stack(0x000000cd3ab00000,0x000000cd3ac00000)]
  0x000001da83028430 JavaThread "C1 CompilerThread0" daemon [_thread_blocked, id=27168, stack(0x000000cd3ac00000,0x000000cd3ad00000)]
  0x000001da8302c240 JavaThread "Sweeper thread" daemon [_thread_blocked, id=18016, stack(0x000000cd3ad00000,0x000000cd3ae00000)]
  0x000001da8308c020 JavaThread "Common-Cleaner" daemon [_thread_blocked, id=8544, stack(0x000000cd3ae00000,0x000000cd3af00000)]
  0x000001da41a42a10 JavaThread "C1 CompilerThread1" daemon [_thread_blocked, id=21168, stack(0x000000cd3af00000,0x000000cd3b000000)]
  0x000001da8310d650 JavaThread "C1 CompilerThread2" daemon [_thread_blocked, id=38284, stack(0x000000cd3b000000,0x000000cd3b100000)]
  0x000001da831a1cb0 JavaThread "Notification Thread" daemon [_thread_blocked, id=32868, stack(0x000000cd3b400000,0x000000cd3b500000)]
  0x000001da8372de70 JavaThread "RMI TCP Accept-0" daemon [_thread_in_native, id=27108, stack(0x000000cd3b500000,0x000000cd3b600000)]
  0x000001da8372e350 JavaThread "RMI TCP Accept-50424" daemon [_thread_in_native, id=22552, stack(0x000000cd3b600000,0x000000cd3b700000)]
  0x000001da8377d040 JavaThread "RMI TCP Accept-0" daemon [_thread_in_native, id=9048, stack(0x000000cd3b700000,0x000000cd3b800000)]
  0x000001da83aebc40 JavaThread "RMI TCP Connection(1)-127.0.0.1" daemon [_thread_in_native, id=19296, stack(0x000000cd3c000000,0x000000cd3c100000)]
  0x000001da83b8ab70 JavaThread "RMI Scheduler(0)" daemon [_thread_blocked, id=36528, stack(0x000000cd3c100000,0x000000cd3c200000)]
  0x000001da83ba36c0 JavaThread "RMI TCP Connection(2)-127.0.0.1" daemon [_thread_in_native, id=30812, stack(0x000000cd3c200000,0x000000cd3c300000)]
  0x000001da83b8f9d0 JavaThread "JMX server connection timeout 30" daemon [_thread_blocked, id=25572, stack(0x000000cd3c300000,0x000000cd3c400000)]
  0x000001da88893fe0 JavaThread "C1 CompilerThread3" daemon [_thread_blocked, id=14120, stack(0x000000cd3b100000,0x000000cd3b200000)]
  0x000001da88825360 JavaThread "C1 CompilerThread4" daemon [_thread_blocked, id=38776, stack(0x000000cd3b200000,0x000000cd3b300000)]
  0x000001da88869ad0 JavaThread "C1 CompilerThread5" daemon [_thread_blocked, id=34916, stack(0x000000cd3b300000,0x000000cd3b400000)]
  0x000001da83b91320 JavaThread "Catalina-utility-1" [_thread_blocked, id=28260, stack(0x000000cd3c700000,0x000000cd3c800000)]
  0x000001da83b8fee0 JavaThread "Catalina-utility-2" [_thread_blocked, id=36400, stack(0x000000cd3cf00000,0x000000cd3d000000)]
  0x000001da83b92250 JavaThread "container-0" [_thread_blocked, id=21448, stack(0x000000cd3d000000,0x000000cd3d100000)]
  0x000001da83b8f4c0 JavaThread "Cleaner-0" daemon [_thread_blocked, id=13548, stack(0x000000cd3d200000,0x000000cd3d300000)]
  0x000001da83b903f0 JavaThread "HikariPool-1:housekeeper" daemon [_thread_blocked, id=37884, stack(0x000000cd3d300000,0x000000cd3d400000)]
  0x000001da83b90e10 JavaThread "HikariPool-1:connection-adder" daemon [_thread_blocked, id=24484, stack(0x000000cd3d400000,0x000000cd3d500000)]

Other Threads:
=>0x000001da83003340 VMThread "VM Thread" [stack: 0x000000cd3a500000,0x000000cd3a600000] [id=34668]
  0x000001da836da290 WatcherThread [stack: 0x000000cd3b800000,0x000000cd3b900000] [id=37040]
  0x000001da2a373300 GCTaskThread "GC Thread#0" [stack: 0x000000cd3a000000,0x000000cd3a100000] [id=11628]
  0x000001da837fcdb0 GCTaskThread "GC Thread#1" [stack: 0x000000cd3b900000,0x000000cd3ba00000] [id=14860]
  0x000001da83a4cee0 GCTaskThread "GC Thread#2" [stack: 0x000000cd3ba00000,0x000000cd3bb00000] [id=33072]
  0x000001da83a4d1a0 GCTaskThread "GC Thread#3" [stack: 0x000000cd3bb00000,0x000000cd3bc00000] [id=31336]
  0x000001da83a4d460 GCTaskThread "GC Thread#4" [stack: 0x000000cd3bc00000,0x000000cd3bd00000] [id=36844]
  0x000001da83a4d720 GCTaskThread "GC Thread#5" [stack: 0x000000cd3bd00000,0x000000cd3be00000] [id=28528]
  0x000001da83ab54e0 GCTaskThread "GC Thread#6" [stack: 0x000000cd3be00000,0x000000cd3bf00000] [id=7904]
  0x000001da83ab57a0 GCTaskThread "GC Thread#7" [stack: 0x000000cd3bf00000,0x000000cd3c000000] [id=11756]
  0x000001da8810ca40 GCTaskThread "GC Thread#8" [stack: 0x000000cd3c400000,0x000000cd3c500000] [id=33348]
  0x000001da8810cd00 GCTaskThread "GC Thread#9" [stack: 0x000000cd3c500000,0x000000cd3c600000] [id=23852]
  0x000001da8810cfc0 GCTaskThread "GC Thread#10" [stack: 0x000000cd3c600000,0x000000cd3c700000] [id=6572]
  0x000001da8841f280 GCTaskThread "GC Thread#11" [stack: 0x000000cd3c800000,0x000000cd3c900000] [id=17176]
  0x000001da8841e200 GCTaskThread "GC Thread#12" [stack: 0x000000cd3c900000,0x000000cd3ca00000] [id=36916]
  0x000001da8841ed00 GCTaskThread "GC Thread#13" [stack: 0x000000cd3ca00000,0x000000cd3cb00000] [id=4284]
  0x000001da8841df40 GCTaskThread "GC Thread#14" [stack: 0x000000cd3cb00000,0x000000cd3cc00000] [id=11188]
  0x000001da2a384430 ConcurrentGCThread "G1 Main Marker" [stack: 0x000000cd3a100000,0x000000cd3a200000] [id=27144]
  0x000001da2a385d50 ConcurrentGCThread "G1 Conc#0" [stack: 0x000000cd3a200000,0x000000cd3a300000] [id=31464]
  0x000001da8841f540 ConcurrentGCThread "G1 Conc#1" [stack: 0x000000cd3cc00000,0x000000cd3cd00000] [id=27812]
  0x000001da8841e4c0 ConcurrentGCThread "G1 Conc#2" [stack: 0x000000cd3cd00000,0x000000cd3ce00000] [id=22004]
  0x000001da8841efc0 ConcurrentGCThread "G1 Conc#3" [stack: 0x000000cd3ce00000,0x000000cd3cf00000] [id=11000]
  0x000001da4190cc20 ConcurrentGCThread "G1 Refine#0" [stack: 0x000000cd3a300000,0x000000cd3a400000] [id=20560]
  0x000001da89376410 ConcurrentGCThread "G1 Refine#1" [stack: 0x000000cd3d500000,0x000000cd3d600000] [id=19232]
  0x000001da89376700 ConcurrentGCThread "G1 Refine#2" [stack: 0x000000cd3d600000,0x000000cd3d700000] [id=27952]
  0x000001da893769f0 ConcurrentGCThread "G1 Refine#3" [stack: 0x000000cd3d700000,0x000000cd3d800000] [id=36928]
  0x000001da893772c0 ConcurrentGCThread "G1 Refine#4" [stack: 0x000000cd3d800000,0x000000cd3d900000] [id=35600]
  0x000001da8972a830 ConcurrentGCThread "G1 Refine#5" [stack: 0x000000cd3d900000,0x000000cd3da00000] [id=38628]
  0x000001da89728200 ConcurrentGCThread "G1 Refine#6" [stack: 0x000000cd3da00000,0x000000cd3db00000] [id=26468]
  0x000001da4190d550 ConcurrentGCThread "G1 Service" [stack: 0x000000cd3a400000,0x000000cd3a500000] [id=23988]

Threads with active compile tasks:

VM state: at safepoint (normal execution)

VM Mutex/Monitor currently owned by a thread:  ([mutex/lock_event])
[0x000001da2a3004b0] Threads_lock - owner thread: 0x000001da83003340
[0x000001da2a300930] Heap_lock - owner thread: 0x000001da2a303bb0

Heap address: 0x0000000704c00000, size: 4020 MB, Compressed Oops mode: Zero based, Oop shift amount: 3

CDS archive(s) mapped at: [0x000001da42000000-0x000001da42bd0000-0x000001da42bd0000), size 12386304, SharedBaseAddress: 0x000001da42000000, ArchiveRelocationMode: 1.
Compressed class space mapped at: 0x000001da43000000-0x000001da83000000, reserved size: 1073741824
Narrow klass base: 0x000001da42000000, Narrow klass shift: 0, Narrow klass range: 0x100000000

GC Precious Log:
 CPUs: 20 total, 20 available
 Memory: 16072M
 Large Page Support: Disabled
 NUMA Support: Disabled
 Compressed Oops: Enabled (Zero based)
 Heap Region Size: 2M
 Heap Min Capacity: 8M
 Heap Initial Capacity: 252M
 Heap Max Capacity: 4020M
 Pre-touch: Disabled
 Parallel Workers: 15
 Concurrent Workers: 4
 Concurrent Refinement Workers: 15
 Periodic GC: Disabled

Heap:
 garbage-first heap   total 385024K, used 130206K [0x0000000704c00000, 0x0000000800000000)
  region size 2048K, 9 young (18432K), 9 survivors (18432K)
 Metaspace       used 84998K, committed 85632K, reserved 1179648K
  class space    used 11089K, committed 11392K, reserved 1048576K

Heap Regions: E=young(eden), S=young(survivor), O=old, HS=humongous(starts), HC=humongous(continues), CS=collection set, F=free, OA=open archive, CA=closed archive, TAMS=top-at-mark-start (previous, next)
|   0|0x0000000704c00000, 0x0000000704e00000, 0x0000000704e00000|100%| O|  |TAMS 0x0000000704e00000, 0x0000000704c00000| Untracked 
|   1|0x0000000704e00000, 0x0000000705000000, 0x0000000705000000|100%| O|  |TAMS 0x0000000705000000, 0x0000000704e00000| Untracked 
|   2|0x0000000705000000, 0x0000000705200000, 0x0000000705200000|100%| O|  |TAMS 0x0000000705200000, 0x0000000705000000| Untracked 
|   3|0x0000000705200000, 0x0000000705400000, 0x0000000705400000|100%| O|  |TAMS 0x0000000705400000, 0x0000000705200000| Untracked 
|   4|0x0000000705400000, 0x0000000705538c00, 0x0000000705600000| 61%| O|  |TAMS 0x0000000705538c00, 0x0000000705400000| Untracked 
|   5|0x0000000705600000, 0x0000000705800000, 0x0000000705800000|100%| O|  |TAMS 0x0000000705800000, 0x0000000705600000| Untracked 
|   6|0x0000000705800000, 0x0000000705a00000, 0x0000000705a00000|100%| O|  |TAMS 0x0000000705a00000, 0x0000000705800000| Untracked 
|   7|0x0000000705a00000, 0x0000000705c00000, 0x0000000705c00000|100%| O|  |TAMS 0x0000000705c00000, 0x0000000705a00000| Untracked 
|   8|0x0000000705c00000, 0x0000000705e00000, 0x0000000705e00000|100%| O|  |TAMS 0x0000000705e00000, 0x0000000705c00000| Untracked 
|   9|0x0000000705e00000, 0x0000000706000000, 0x0000000706000000|100%| O|  |TAMS 0x0000000706000000, 0x0000000705e00000| Untracked 
|  10|0x0000000706000000, 0x0000000706200000, 0x0000000706200000|100%| O|  |TAMS 0x0000000706200000, 0x0000000706000000| Untracked 
|  11|0x0000000706200000, 0x0000000706400000, 0x0000000706400000|100%| O|  |TAMS 0x0000000706200000, 0x0000000706200000| Untracked 
|  12|0x0000000706400000, 0x0000000706600000, 0x0000000706600000|100%| O|  |TAMS 0x0000000706600000, 0x0000000706400000| Untracked 
|  13|0x0000000706600000, 0x0000000706800000, 0x0000000706800000|100%| O|  |TAMS 0x0000000706800000, 0x0000000706600000| Untracked 
|  14|0x0000000706800000, 0x0000000706a00000, 0x0000000706a00000|100%| O|  |TAMS 0x0000000706a00000, 0x0000000706800000| Untracked 
|  15|0x0000000706a00000, 0x0000000706c00000, 0x0000000706c00000|100%| O|  |TAMS 0x0000000706c00000, 0x0000000706a00000| Untracked 
|  16|0x0000000706c00000, 0x0000000706e00000, 0x0000000706e00000|100%| O|  |TAMS 0x0000000706e00000, 0x0000000706c00000| Untracked 
|  17|0x0000000706e00000, 0x0000000707000000, 0x0000000707000000|100%| O|  |TAMS 0x0000000707000000, 0x0000000706e00000| Untracked 
|  18|0x0000000707000000, 0x0000000707200000, 0x0000000707200000|100%| O|  |TAMS 0x0000000707200000, 0x0000000707000000| Untracked 
|  19|0x0000000707200000, 0x0000000707400000, 0x0000000707400000|100%| O|  |TAMS 0x0000000707400000, 0x0000000707200000| Untracked 
|  20|0x0000000707400000, 0x0000000707600000, 0x0000000707600000|100%| O|  |TAMS 0x0000000707600000, 0x0000000707400000| Untracked 
|  21|0x0000000707600000, 0x0000000707800000, 0x0000000707800000|100%| O|  |TAMS 0x0000000707800000, 0x0000000707600000| Untracked 
|  22|0x0000000707800000, 0x0000000707a00000, 0x0000000707a00000|100%| O|  |TAMS 0x0000000707a00000, 0x0000000707800000| Untracked 
|  23|0x0000000707a00000, 0x0000000707c00000, 0x0000000707c00000|100%| O|  |TAMS 0x0000000707c00000, 0x0000000707a00000| Untracked 
|  24|0x0000000707c00000, 0x0000000707e00000, 0x0000000707e00000|100%| O|  |TAMS 0x0000000707e00000, 0x0000000707c00000| Untracked 
|  25|0x0000000707e00000, 0x0000000708000000, 0x0000000708000000|100%| O|  |TAMS 0x0000000708000000, 0x0000000707e00000| Untracked 
|  26|0x0000000708000000, 0x0000000708200000, 0x0000000708200000|100%| O|  |TAMS 0x0000000708200000, 0x0000000708000000| Untracked 
|  27|0x0000000708200000, 0x0000000708400000, 0x0000000708400000|100%| O|  |TAMS 0x0000000708400000, 0x0000000708200000| Untracked 
|  28|0x0000000708400000, 0x0000000708600000, 0x0000000708600000|100%| O|  |TAMS 0x0000000708600000, 0x0000000708400000| Untracked 
|  29|0x0000000708600000, 0x0000000708800000, 0x0000000708800000|100%| O|  |TAMS 0x0000000708800000, 0x0000000708600000| Untracked 
|  30|0x0000000708800000, 0x0000000708a00000, 0x0000000708a00000|100%| O|  |TAMS 0x0000000708a00000, 0x0000000708800000| Untracked 
|  31|0x0000000708a00000, 0x0000000708c00000, 0x0000000708c00000|100%| O|  |TAMS 0x0000000708c00000, 0x0000000708a00000| Untracked 
|  32|0x0000000708c00000, 0x0000000708e00000, 0x0000000708e00000|100%| O|  |TAMS 0x0000000708e00000, 0x0000000708c00000| Untracked 
|  33|0x0000000708e00000, 0x0000000709000000, 0x0000000709000000|100%| O|  |TAMS 0x0000000709000000, 0x0000000708e00000| Untracked 
|  34|0x0000000709000000, 0x0000000709200000, 0x0000000709200000|100%| O|  |TAMS 0x0000000709200000, 0x0000000709000000| Untracked 
|  35|0x0000000709200000, 0x0000000709200000, 0x0000000709400000|  0%| F|  |TAMS 0x0000000709200000, 0x0000000709200000| Untracked 
|  36|0x0000000709400000, 0x0000000709600000, 0x0000000709600000|100%| O|  |TAMS 0x0000000709600000, 0x0000000709400000| Untracked 
|  37|0x0000000709600000, 0x0000000709800000, 0x0000000709800000|100%| O|  |TAMS 0x0000000709800000, 0x0000000709600000| Untracked 
|  38|0x0000000709800000, 0x0000000709a00000, 0x0000000709a00000|100%| O|  |TAMS 0x0000000709a00000, 0x0000000709800000| Untracked 
|  39|0x0000000709a00000, 0x0000000709c00000, 0x0000000709c00000|100%| O|  |TAMS 0x0000000709c00000, 0x0000000709a00000| Untracked 
|  40|0x0000000709c00000, 0x0000000709e00000, 0x0000000709e00000|100%| O|  |TAMS 0x0000000709e00000, 0x0000000709c00000| Untracked 
|  41|0x0000000709e00000, 0x000000070a000000, 0x000000070a000000|100%| O|  |TAMS 0x000000070a000000, 0x0000000709e00000| Untracked 
|  42|0x000000070a000000, 0x000000070a200000, 0x000000070a200000|100%| O|  |TAMS 0x000000070a200000, 0x000000070a000000| Untracked 
|  43|0x000000070a200000, 0x000000070a400000, 0x000000070a400000|100%| O|  |TAMS 0x000000070a400000, 0x000000070a200000| Untracked 
|  44|0x000000070a400000, 0x000000070a600000, 0x000000070a600000|100%| O|  |TAMS 0x000000070a600000, 0x000000070a400000| Untracked 
|  45|0x000000070a600000, 0x000000070a800000, 0x000000070a800000|100%| O|  |TAMS 0x000000070a800000, 0x000000070a600000| Untracked 
|  46|0x000000070a800000, 0x000000070aa00000, 0x000000070aa00000|100%| O|  |TAMS 0x000000070aa00000, 0x000000070a800000| Untracked 
|  47|0x000000070aa00000, 0x000000070ac00000, 0x000000070ac00000|100%| O|  |TAMS 0x000000070ac00000, 0x000000070aa00000| Untracked 
|  48|0x000000070ac00000, 0x000000070ae00000, 0x000000070ae00000|100%| O|  |TAMS 0x000000070ae00000, 0x000000070ac00000| Untracked 
|  49|0x000000070ae00000, 0x000000070b000000, 0x000000070b000000|100%| O|  |TAMS 0x000000070ae68400, 0x000000070ae00000| Untracked 
|  50|0x000000070b000000, 0x000000070b200000, 0x000000070b200000|100%| O|  |TAMS 0x000000070b000000, 0x000000070b000000| Untracked 
|  51|0x000000070b200000, 0x000000070b400000, 0x000000070b400000|100%| O|  |TAMS 0x000000070b200000, 0x000000070b200000| Untracked 
|  52|0x000000070b400000, 0x000000070b600000, 0x000000070b600000|100%| O|  |TAMS 0x000000070b400000, 0x000000070b400000| Untracked 
|  53|0x000000070b600000, 0x000000070b800000, 0x000000070b800000|100%| O|  |TAMS 0x000000070b600000, 0x000000070b600000| Untracked 
|  54|0x000000070b800000, 0x000000070ba00000, 0x000000070ba00000|100%| O|  |TAMS 0x000000070b800000, 0x000000070b800000| Untracked 
|  55|0x000000070ba00000, 0x000000070bc00000, 0x000000070bc00000|100%| O|  |TAMS 0x000000070ba00000, 0x000000070ba00000| Untracked 
|  56|0x000000070bc00000, 0x000000070bd1f800, 0x000000070be00000| 56%| O|  |TAMS 0x000000070bc00000, 0x000000070bc00000| Untracked 
|  57|0x000000070be00000, 0x000000070be00000, 0x000000070c000000|  0%| F|  |TAMS 0x000000070be00000, 0x000000070be00000| Untracked 
|  58|0x000000070c000000, 0x000000070c000000, 0x000000070c200000|  0%| F|  |TAMS 0x000000070c000000, 0x000000070c000000| Untracked 
|  59|0x000000070c200000, 0x000000070c200000, 0x000000070c400000|  0%| F|  |TAMS 0x000000070c200000, 0x000000070c200000| Untracked 
|  60|0x000000070c400000, 0x000000070c400000, 0x000000070c600000|  0%| F|  |TAMS 0x000000070c400000, 0x000000070c400000| Untracked 
|  61|0x000000070c600000, 0x000000070c600000, 0x000000070c800000|  0%| F|  |TAMS 0x000000070c600000, 0x000000070c600000| Untracked 
|  62|0x000000070c800000, 0x000000070c800000, 0x000000070ca00000|  0%| F|  |TAMS 0x000000070c800000, 0x000000070c800000| Untracked 
|  63|0x000000070ca00000, 0x000000070ca00000, 0x000000070cc00000|  0%| F|  |TAMS 0x000000070ca00000, 0x000000070ca00000| Untracked 
|  64|0x000000070cc00000, 0x000000070cc00000, 0x000000070ce00000|  0%| F|  |TAMS 0x000000070cc00000, 0x000000070cc00000| Untracked 
|  65|0x000000070ce00000, 0x000000070ce00000, 0x000000070d000000|  0%| F|  |TAMS 0x000000070ce00000, 0x000000070ce00000| Untracked 
|  66|0x000000070d000000, 0x000000070d000000, 0x000000070d200000|  0%| F|  |TAMS 0x000000070d000000, 0x000000070d000000| Untracked 
|  67|0x000000070d200000, 0x000000070d200000, 0x000000070d400000|  0%| F|  |TAMS 0x000000070d200000, 0x000000070d200000| Untracked 
|  68|0x000000070d400000, 0x000000070d400000, 0x000000070d600000|  0%| F|  |TAMS 0x000000070d400000, 0x000000070d400000| Untracked 
|  69|0x000000070d600000, 0x000000070d600000, 0x000000070d800000|  0%| F|  |TAMS 0x000000070d600000, 0x000000070d600000| Untracked 
|  70|0x000000070d800000, 0x000000070d800000, 0x000000070da00000|  0%| F|  |TAMS 0x000000070d800000, 0x000000070d800000| Untracked 
|  71|0x000000070da00000, 0x000000070da00000, 0x000000070dc00000|  0%| F|  |TAMS 0x000000070da00000, 0x000000070da00000| Untracked 
|  72|0x000000070dc00000, 0x000000070dc00000, 0x000000070de00000|  0%| F|  |TAMS 0x000000070dc00000, 0x000000070dc00000| Untracked 
|  73|0x000000070de00000, 0x000000070de00000, 0x000000070e000000|  0%| F|  |TAMS 0x000000070de00000, 0x000000070de00000| Untracked 
|  74|0x000000070e000000, 0x000000070e000000, 0x000000070e200000|  0%| F|  |TAMS 0x000000070e000000, 0x000000070e000000| Untracked 
|  75|0x000000070e200000, 0x000000070e200000, 0x000000070e400000|  0%| F|  |TAMS 0x000000070e200000, 0x000000070e200000| Untracked 
|  76|0x000000070e400000, 0x000000070e400000, 0x000000070e600000|  0%| F|  |TAMS 0x000000070e400000, 0x000000070e400000| Untracked 
|  77|0x000000070e600000, 0x000000070e600000, 0x000000070e800000|  0%| F|  |TAMS 0x000000070e600000, 0x000000070e600000| Untracked 
|  78|0x000000070e800000, 0x000000070e800000, 0x000000070ea00000|  0%| F|  |TAMS 0x000000070e800000, 0x000000070e800000| Untracked 
|  79|0x000000070ea00000, 0x000000070ea00000, 0x000000070ec00000|  0%| F|  |TAMS 0x000000070ea00000, 0x000000070ea00000| Untracked 
|  80|0x000000070ec00000, 0x000000070eccf738, 0x000000070ee00000| 40%| S|CS|TAMS 0x000000070ec00000, 0x000000070ec00000| Complete 
|  81|0x000000070ee00000, 0x000000070f000000, 0x000000070f000000|100%| S|CS|TAMS 0x000000070ee00000, 0x000000070ee00000| Complete 
|  82|0x000000070f000000, 0x000000070f200000, 0x000000070f200000|100%| S|CS|TAMS 0x000000070f000000, 0x000000070f000000| Complete 
|  83|0x000000070f200000, 0x000000070f400000, 0x000000070f400000|100%| S|CS|TAMS 0x000000070f200000, 0x000000070f200000| Complete 
|  84|0x000000070f400000, 0x000000070f600000, 0x000000070f600000|100%| S|CS|TAMS 0x000000070f400000, 0x000000070f400000| Complete 
|  85|0x000000070f600000, 0x000000070f800000, 0x000000070f800000|100%| S|CS|TAMS 0x000000070f600000, 0x000000070f600000| Complete 
|  86|0x000000070f800000, 0x000000070f800000, 0x000000070fa00000|  0%| F|  |TAMS 0x000000070f800000, 0x000000070f800000| Untracked 
|  87|0x000000070fa00000, 0x000000070fa00000, 0x000000070fc00000|  0%| F|  |TAMS 0x000000070fa00000, 0x000000070fa00000| Untracked 
|  88|0x000000070fc00000, 0x000000070fc00000, 0x000000070fe00000|  0%| F|  |TAMS 0x000000070fc00000, 0x000000070fc00000| Untracked 
|  89|0x000000070fe00000, 0x000000070fe00000, 0x0000000710000000|  0%| F|  |TAMS 0x000000070fe00000, 0x000000070fe00000| Untracked 
|  90|0x0000000710000000, 0x0000000710000000, 0x0000000710200000|  0%| F|  |TAMS 0x0000000710000000, 0x0000000710000000| Untracked 
|  91|0x0000000710200000, 0x0000000710400000, 0x0000000710400000|100%| S|CS|TAMS 0x0000000710200000, 0x0000000710200000| Complete 
|  92|0x0000000710400000, 0x0000000710600000, 0x0000000710600000|100%| S|CS|TAMS 0x0000000710400000, 0x0000000710400000| Complete 
|  93|0x0000000710600000, 0x0000000710800000, 0x0000000710800000|100%| S|CS|TAMS 0x0000000710600000, 0x0000000710600000| Complete 
|  94|0x0000000710800000, 0x0000000710800000, 0x0000000710a00000|  0%| F|  |TAMS 0x0000000710800000, 0x0000000710800000| Untracked 
|  95|0x0000000710a00000, 0x0000000710a00000, 0x0000000710c00000|  0%| F|  |TAMS 0x0000000710a00000, 0x0000000710a00000| Untracked 
|  96|0x0000000710c00000, 0x0000000710c00000, 0x0000000710e00000|  0%| F|  |TAMS 0x0000000710c00000, 0x0000000710c00000| Untracked 
|  97|0x0000000710e00000, 0x0000000710e00000, 0x0000000711000000|  0%| F|  |TAMS 0x0000000710e00000, 0x0000000710e00000| Untracked 
|  98|0x0000000711000000, 0x0000000711000000, 0x0000000711200000|  0%| F|  |TAMS 0x0000000711000000, 0x0000000711000000| Untracked 
|  99|0x0000000711200000, 0x0000000711200000, 0x0000000711400000|  0%| F|  |TAMS 0x0000000711200000, 0x0000000711200000| Untracked 
| 100|0x0000000711400000, 0x0000000711400000, 0x0000000711600000|  0%| F|  |TAMS 0x0000000711400000, 0x0000000711400000| Untracked 
| 101|0x0000000711600000, 0x0000000711600000, 0x0000000711800000|  0%| F|  |TAMS 0x0000000711600000, 0x0000000711600000| Untracked 
| 102|0x0000000711800000, 0x0000000711800000, 0x0000000711a00000|  0%| F|  |TAMS 0x0000000711800000, 0x0000000711800000| Untracked 
| 103|0x0000000711a00000, 0x0000000711a00000, 0x0000000711c00000|  0%| F|  |TAMS 0x0000000711a00000, 0x0000000711a00000| Untracked 
| 104|0x0000000711c00000, 0x0000000711c00000, 0x0000000711e00000|  0%| F|  |TAMS 0x0000000711c00000, 0x0000000711c00000| Untracked 
| 105|0x0000000711e00000, 0x0000000711e00000, 0x0000000712000000|  0%| F|  |TAMS 0x0000000711e00000, 0x0000000711e00000| Untracked 
| 106|0x0000000712000000, 0x0000000712000000, 0x0000000712200000|  0%| F|  |TAMS 0x0000000712000000, 0x0000000712000000| Untracked 
| 107|0x0000000712200000, 0x0000000712200000, 0x0000000712400000|  0%| F|  |TAMS 0x0000000712200000, 0x0000000712200000| Untracked 
| 108|0x0000000712400000, 0x0000000712400000, 0x0000000712600000|  0%| F|  |TAMS 0x0000000712400000, 0x0000000712400000| Untracked 
| 109|0x0000000712600000, 0x0000000712600000, 0x0000000712800000|  0%| F|  |TAMS 0x0000000712600000, 0x0000000712600000| Untracked 
| 110|0x0000000712800000, 0x0000000712800000, 0x0000000712a00000|  0%| F|  |TAMS 0x0000000712800000, 0x0000000712800000| Untracked 
| 111|0x0000000712a00000, 0x0000000712a00000, 0x0000000712c00000|  0%| F|  |TAMS 0x0000000712a00000, 0x0000000712a00000| Untracked 
| 112|0x0000000712c00000, 0x0000000712c00000, 0x0000000712e00000|  0%| F|  |TAMS 0x0000000712c00000, 0x0000000712c00000| Untracked 
| 113|0x0000000712e00000, 0x0000000712e00000, 0x0000000713000000|  0%| F|  |TAMS 0x0000000712e00000, 0x0000000712e00000| Untracked 
| 114|0x0000000713000000, 0x0000000713000000, 0x0000000713200000|  0%| F|  |TAMS 0x0000000713000000, 0x0000000713000000| Untracked 
| 115|0x0000000713200000, 0x0000000713200000, 0x0000000713400000|  0%| F|  |TAMS 0x0000000713200000, 0x0000000713200000| Untracked 
| 116|0x0000000713400000, 0x0000000713400000, 0x0000000713600000|  0%| F|  |TAMS 0x0000000713400000, 0x0000000713400000| Untracked 
| 117|0x0000000713600000, 0x0000000713600000, 0x0000000713800000|  0%| F|  |TAMS 0x0000000713600000, 0x0000000713600000| Untracked 
| 118|0x0000000713800000, 0x0000000713800000, 0x0000000713a00000|  0%| F|  |TAMS 0x0000000713800000, 0x0000000713800000| Untracked 
| 119|0x0000000713a00000, 0x0000000713a00000, 0x0000000713c00000|  0%| F|  |TAMS 0x0000000713a00000, 0x0000000713a00000| Untracked 
| 120|0x0000000713c00000, 0x0000000713c00000, 0x0000000713e00000|  0%| F|  |TAMS 0x0000000713c00000, 0x0000000713c00000| Untracked 
| 121|0x0000000713e00000, 0x0000000713e00000, 0x0000000714000000|  0%| F|  |TAMS 0x0000000713e00000, 0x0000000713e00000| Untracked 
| 122|0x0000000714000000, 0x0000000714000000, 0x0000000714200000|  0%| F|  |TAMS 0x0000000714000000, 0x0000000714000000| Untracked 
| 123|0x0000000714200000, 0x0000000714200000, 0x0000000714400000|  0%| F|  |TAMS 0x0000000714200000, 0x0000000714200000| Untracked 
| 124|0x0000000714400000, 0x0000000714400000, 0x0000000714600000|  0%| F|  |TAMS 0x0000000714400000, 0x0000000714400000| Untracked 
| 125|0x0000000714600000, 0x0000000714600000, 0x0000000714800000|  0%| F|  |TAMS 0x0000000714600000, 0x0000000714600000| Untracked 
| 126|0x0000000714800000, 0x0000000714800000, 0x0000000714a00000|  0%| F|  |TAMS 0x0000000714800000, 0x0000000714800000| Untracked 
| 127|0x0000000714a00000, 0x0000000714a00000, 0x0000000714c00000|  0%| F|  |TAMS 0x0000000714a00000, 0x0000000714a00000| Untracked 
| 128|0x0000000714c00000, 0x0000000714c00000, 0x0000000714e00000|  0%| F|  |TAMS 0x0000000714c00000, 0x0000000714c00000| Untracked 
| 129|0x0000000714e00000, 0x0000000714e00000, 0x0000000715000000|  0%| F|  |TAMS 0x0000000714e00000, 0x0000000714e00000| Untracked 
| 130|0x0000000715000000, 0x0000000715000000, 0x0000000715200000|  0%| F|  |TAMS 0x0000000715000000, 0x0000000715000000| Untracked 
| 131|0x0000000715200000, 0x0000000715200000, 0x0000000715400000|  0%| F|  |TAMS 0x0000000715200000, 0x0000000715200000| Untracked 
| 132|0x0000000715400000, 0x0000000715400000, 0x0000000715600000|  0%| F|  |TAMS 0x0000000715400000, 0x0000000715400000| Untracked 
| 133|0x0000000715600000, 0x0000000715600000, 0x0000000715800000|  0%| F|  |TAMS 0x0000000715600000, 0x0000000715600000| Untracked 
| 134|0x0000000715800000, 0x0000000715800000, 0x0000000715a00000|  0%| F|  |TAMS 0x0000000715800000, 0x0000000715800000| Untracked 
| 135|0x0000000715a00000, 0x0000000715a00000, 0x0000000715c00000|  0%| F|  |TAMS 0x0000000715a00000, 0x0000000715a00000| Untracked 
| 136|0x0000000715c00000, 0x0000000715c00000, 0x0000000715e00000|  0%| F|  |TAMS 0x0000000715c00000, 0x0000000715c00000| Untracked 
| 137|0x0000000715e00000, 0x0000000715e00000, 0x0000000716000000|  0%| F|  |TAMS 0x0000000715e00000, 0x0000000715e00000| Untracked 
| 138|0x0000000716000000, 0x0000000716000000, 0x0000000716200000|  0%| F|  |TAMS 0x0000000716000000, 0x0000000716000000| Untracked 
| 139|0x0000000716200000, 0x0000000716200000, 0x0000000716400000|  0%| F|  |TAMS 0x0000000716200000, 0x0000000716200000| Untracked 
| 140|0x0000000716400000, 0x0000000716400000, 0x0000000716600000|  0%| F|  |TAMS 0x0000000716400000, 0x0000000716400000| Untracked 
| 141|0x0000000716600000, 0x0000000716600000, 0x0000000716800000|  0%| F|  |TAMS 0x0000000716600000, 0x0000000716600000| Untracked 
| 142|0x0000000716800000, 0x0000000716800000, 0x0000000716a00000|  0%| F|  |TAMS 0x0000000716800000, 0x0000000716800000| Untracked 
| 143|0x0000000716a00000, 0x0000000716a00000, 0x0000000716c00000|  0%| F|  |TAMS 0x0000000716a00000, 0x0000000716a00000| Untracked 
| 144|0x0000000716c00000, 0x0000000716c00000, 0x0000000716e00000|  0%| F|  |TAMS 0x0000000716c00000, 0x0000000716c00000| Untracked 
| 145|0x0000000716e00000, 0x0000000716e00000, 0x0000000717000000|  0%| F|  |TAMS 0x0000000716e00000, 0x0000000716e00000| Untracked 
| 146|0x0000000717000000, 0x0000000717000000, 0x0000000717200000|  0%| F|  |TAMS 0x0000000717000000, 0x0000000717000000| Untracked 
| 147|0x0000000717200000, 0x0000000717200000, 0x0000000717400000|  0%| F|  |TAMS 0x0000000717200000, 0x0000000717200000| Untracked 
| 148|0x0000000717400000, 0x0000000717400000, 0x0000000717600000|  0%| F|  |TAMS 0x0000000717400000, 0x0000000717400000| Untracked 
| 149|0x0000000717600000, 0x0000000717600000, 0x0000000717800000|  0%| F|  |TAMS 0x0000000717600000, 0x0000000717600000| Untracked 
| 150|0x0000000717800000, 0x0000000717800000, 0x0000000717a00000|  0%| F|  |TAMS 0x0000000717800000, 0x0000000717800000| Untracked 
| 151|0x0000000717a00000, 0x0000000717a00000, 0x0000000717c00000|  0%| F|  |TAMS 0x0000000717a00000, 0x0000000717a00000| Untracked 
| 152|0x0000000717c00000, 0x0000000717c00000, 0x0000000717e00000|  0%| F|  |TAMS 0x0000000717c00000, 0x0000000717c00000| Untracked 
| 153|0x0000000717e00000, 0x0000000717e00000, 0x0000000718000000|  0%| F|  |TAMS 0x0000000717e00000, 0x0000000717e00000| Untracked 
| 154|0x0000000718000000, 0x0000000718000000, 0x0000000718200000|  0%| F|  |TAMS 0x0000000718000000, 0x0000000718000000| Untracked 
| 155|0x0000000718200000, 0x0000000718200000, 0x0000000718400000|  0%| F|  |TAMS 0x0000000718200000, 0x0000000718200000| Untracked 
| 156|0x0000000718400000, 0x0000000718400000, 0x0000000718600000|  0%| F|  |TAMS 0x0000000718400000, 0x0000000718400000| Untracked 
| 157|0x0000000718600000, 0x0000000718600000, 0x0000000718800000|  0%| F|  |TAMS 0x0000000718600000, 0x0000000718600000| Untracked 
| 158|0x0000000718800000, 0x0000000718800000, 0x0000000718a00000|  0%| F|  |TAMS 0x0000000718800000, 0x0000000718800000| Untracked 
| 159|0x0000000718a00000, 0x0000000718a00000, 0x0000000718c00000|  0%| F|  |TAMS 0x0000000718a00000, 0x0000000718a00000| Untracked 
| 160|0x0000000718c00000, 0x0000000718c00000, 0x0000000718e00000|  0%| F|  |TAMS 0x0000000718c00000, 0x0000000718c00000| Untracked 
| 161|0x0000000718e00000, 0x0000000718e00000, 0x0000000719000000|  0%| F|  |TAMS 0x0000000718e00000, 0x0000000718e00000| Untracked 
| 162|0x0000000719000000, 0x0000000719000000, 0x0000000719200000|  0%| F|  |TAMS 0x0000000719000000, 0x0000000719000000| Untracked 
| 163|0x0000000719200000, 0x0000000719200000, 0x0000000719400000|  0%| F|  |TAMS 0x0000000719200000, 0x0000000719200000| Untracked 
| 164|0x0000000719400000, 0x0000000719400000, 0x0000000719600000|  0%| F|  |TAMS 0x0000000719400000, 0x0000000719400000| Untracked 
| 165|0x0000000719600000, 0x0000000719600000, 0x0000000719800000|  0%| F|  |TAMS 0x0000000719600000, 0x0000000719600000| Untracked 
| 166|0x0000000719800000, 0x0000000719800000, 0x0000000719a00000|  0%| F|  |TAMS 0x0000000719800000, 0x0000000719800000| Untracked 
| 167|0x0000000719a00000, 0x0000000719a00000, 0x0000000719c00000|  0%| F|  |TAMS 0x0000000719a00000, 0x0000000719a00000| Untracked 
| 168|0x0000000719c00000, 0x0000000719c00000, 0x0000000719e00000|  0%| F|  |TAMS 0x0000000719c00000, 0x0000000719c00000| Untracked 
| 169|0x0000000719e00000, 0x0000000719e00000, 0x000000071a000000|  0%| F|  |TAMS 0x0000000719e00000, 0x0000000719e00000| Untracked 
| 170|0x000000071a000000, 0x000000071a000000, 0x000000071a200000|  0%| F|  |TAMS 0x000000071a000000, 0x000000071a000000| Untracked 
| 171|0x000000071a200000, 0x000000071a200000, 0x000000071a400000|  0%| F|  |TAMS 0x000000071a200000, 0x000000071a200000| Untracked 
| 172|0x000000071a400000, 0x000000071a400000, 0x000000071a600000|  0%| F|  |TAMS 0x000000071a400000, 0x000000071a400000| Untracked 
| 173|0x000000071a600000, 0x000000071a600000, 0x000000071a800000|  0%| F|  |TAMS 0x000000071a600000, 0x000000071a600000| Untracked 
| 174|0x000000071a800000, 0x000000071a800000, 0x000000071aa00000|  0%| F|  |TAMS 0x000000071a800000, 0x000000071a800000| Untracked 
| 175|0x000000071aa00000, 0x000000071aa00000, 0x000000071ac00000|  0%| F|  |TAMS 0x000000071aa00000, 0x000000071aa00000| Untracked 
| 176|0x000000071ac00000, 0x000000071ac00000, 0x000000071ae00000|  0%| F|  |TAMS 0x000000071ac00000, 0x000000071ac00000| Untracked 
| 177|0x000000071ae00000, 0x000000071ae00000, 0x000000071b000000|  0%| F|  |TAMS 0x000000071ae00000, 0x000000071ae00000| Untracked 
| 178|0x000000071b000000, 0x000000071b000000, 0x000000071b200000|  0%| F|  |TAMS 0x000000071b000000, 0x000000071b000000| Untracked 
| 179|0x000000071b200000, 0x000000071b200000, 0x000000071b400000|  0%| F|  |TAMS 0x000000071b200000, 0x000000071b200000| Untracked 
| 180|0x000000071b400000, 0x000000071b400000, 0x000000071b600000|  0%| F|  |TAMS 0x000000071b400000, 0x000000071b400000| Untracked 
| 181|0x000000071b600000, 0x000000071b600000, 0x000000071b800000|  0%| F|  |TAMS 0x000000071b600000, 0x000000071b600000| Untracked 
| 182|0x000000071b800000, 0x000000071b800000, 0x000000071ba00000|  0%| F|  |TAMS 0x000000071b800000, 0x000000071b800000| Untracked 
| 183|0x000000071ba00000, 0x000000071ba00000, 0x000000071bc00000|  0%| F|  |TAMS 0x000000071ba00000, 0x000000071ba00000| Untracked 
| 184|0x000000071bc00000, 0x000000071bc00000, 0x000000071be00000|  0%| F|  |TAMS 0x000000071bc00000, 0x000000071bc00000| Untracked 
| 185|0x000000071be00000, 0x000000071be00000, 0x000000071c000000|  0%| F|  |TAMS 0x000000071be00000, 0x000000071be00000| Untracked 
| 186|0x000000071c000000, 0x000000071c000000, 0x000000071c200000|  0%| F|  |TAMS 0x000000071c000000, 0x000000071c000000| Untracked 
| 187|0x000000071c200000, 0x000000071c200000, 0x000000071c400000|  0%| F|  |TAMS 0x000000071c200000, 0x000000071c200000| Untracked 

Card table byte_map: [0x000001da35c20000,0x000001da36400000] _byte_map_base: 0x000001da323fa000

Marking Bits (Prev, Next): (CMBitMap*) 0x000001da2a373820, (CMBitMap*) 0x000001da2a373860
 Prev Bits: [0x000001da36be0000, 0x000001da3aab0000)
 Next Bits: [0x000001da3aab0000, 0x000001da3e980000)

Polling page: 0x000001da28260000

Metaspace:

Usage:
  Non-class:     72.18 MB used.
      Class:     10.83 MB used.
       Both:     83.01 MB used.

Virtual space:
  Non-class space:      128.00 MB reserved,      72.50 MB ( 57%) committed,  2 nodes.
      Class space:        1.00 GB reserved,      11.12 MB (  1%) committed,  1 nodes.
             Both:        1.12 GB reserved,      83.62 MB (  7%) committed. 

Chunk freelists:
   Non-Class:  7.38 MB
       Class:  4.86 MB
        Both:  12.23 MB

MaxMetaspaceSize: unlimited
CompressedClassSpaceSize: 1.00 GB
Initial GC threshold: 21.00 MB
Current GC threshold: 109.38 MB
CDS: on
MetaspaceReclaimPolicy: balanced
 - commit_granule_bytes: 65536.
 - commit_granule_words: 8192.
 - virtual_space_node_default_size: 8388608.
 - enlarge_chunks_in_place: 1.
 - new_chunks_are_fully_committed: 0.
 - uncommit_free_chunks: 1.
 - use_allocation_guard: 0.
 - handle_deallocations: 1.


Internal statistics:

num_allocs_failed_limit: 6.
num_arena_births: 894.
num_arena_deaths: 0.
num_vsnodes_births: 3.
num_vsnodes_deaths: 0.
num_space_committed: 1338.
num_space_uncommitted: 0.
num_chunks_returned_to_freelist: 6.
num_chunks_taken_from_freelist: 3880.
num_chunk_merges: 3.
num_chunk_splits: 2995.
num_chunks_enlarged: 2468.
num_inconsistent_stats: 0.

CodeCache: size=49152Kb used=18310Kb max_used=18310Kb free=30841Kb
 bounds [0x000001da31bb0000, 0x000001da32da0000, 0x000001da34bb0000]
 total_blobs=9615 nmethods=8887 adapters=649
 compilation: enabled
              stopped_count=0, restarted_count=0
 full_count=0

Compilation events (20 events):
Event: 8.473 Thread 0x000001da8310d650 nmethod 8876 0x000001da32d8df10 code [0x000001da32d8e0a0, 0x000001da32d8e298]
Event: 8.473 Thread 0x000001da88893fe0 8880       1       net.bytebuddy.implementation.attribute.AnnotationValueFilter$Default::on (2 bytes)
Event: 8.473 Thread 0x000001da41a42a10 8881       1       net.bytebuddy.implementation.attribute.FieldAttributeAppender$ForInstrumentedField::apply (90 bytes)
Event: 8.473 Thread 0x000001da8310d650 8882       1       net.bytebuddy.implementation.attribute.AnnotationAppender$Target$OnField::<init> (10 bytes)
Event: 8.473 Thread 0x000001da88825360 nmethod 8878 0x000001da32d8e310 code [0x000001da32d8e4c0, 0x000001da32d8e628]
Event: 8.473 Thread 0x000001da88825360 8883       1       net.bytebuddy.implementation.attribute.AnnotationAppender$ForTypeAnnotations::ofFieldType (15 bytes)
Event: 8.473 Thread 0x000001da88893fe0 nmethod 8880 0x000001da32d8ea10 code [0x000001da32d8eba0, 0x000001da32d8ec78]
Event: 8.473 Thread 0x000001da83028430 nmethod 8879 0x000001da32d8e710 code [0x000001da32d8e8a0, 0x000001da32d8e978]
Event: 8.473 Thread 0x000001da88893fe0 8884       1       net.bytebuddy.jar.asm.TypeReference::newTypeReference (12 bytes)
Event: 8.473 Thread 0x000001da83028430 8885       1       net.bytebuddy.matcher.TypeSortMatcher::doMatch (9 bytes)
Event: 8.473 Thread 0x000001da8310d650 nmethod 8882 0x000001da32d8ed10 code [0x000001da32d8eea0, 0x000001da32d8efb8]
Event: 8.473 Thread 0x000001da88869ad0 nmethod 8877 0x000001da32d8f010 code [0x000001da32d8f240, 0x000001da32d8f718]
Event: 8.473 Thread 0x000001da8310d650 8886       1       net.bytebuddy.matcher.TypeSortMatcher::doMatch (16 bytes)
Event: 8.473 Thread 0x000001da88893fe0 nmethod 8884 0x000001da32d8fb10 code [0x000001da32d8fca0, 0x000001da32d8fd98]
Event: 8.473 Thread 0x000001da88825360 nmethod 8883 0x000001da32d8fe10 code [0x000001da32d8ffc0, 0x000001da32d90278]
Event: 8.473 Thread 0x000001da83028430 nmethod 8885 0x000001da32d90390 code [0x000001da32d90540, 0x000001da32d906b8]
Event: 8.473 Thread 0x000001da41a42a10 nmethod 8881 0x000001da32d90790 code [0x000001da32d909c0, 0x000001da32d910a8]
Event: 8.473 Thread 0x000001da8310d650 nmethod 8886 0x000001da32d91390 code [0x000001da32d91540, 0x000001da32d91658]
Event: 8.619 Thread 0x000001da88869ad0 8887       1       net.bytebuddy.implementation.bytecode.constant.LongConstant::apply (12 bytes)
Event: 8.619 Thread 0x000001da88869ad0 nmethod 8887 0x000001da32d91710 code [0x000001da32d918a0, 0x000001da32d919a8]

GC Heap History (20 events):
Event: 6.269 GC heap after
{Heap after GC invocations=23 (full 0):
 garbage-first heap   total 157696K, used 88159K [0x0000000704c00000, 0x0000000800000000)
  region size 2048K, 3 young (6144K), 3 survivors (6144K)
 Metaspace       used 66666K, committed 67200K, reserved 1114112K
  class space    used 8429K, committed 8704K, reserved 1048576K
}
Event: 6.362 GC heap before
{Heap before GC invocations=24 (full 0):
 garbage-first heap   total 161792K, used 116831K [0x0000000704c00000, 0x0000000800000000)
  region size 2048K, 17 young (34816K), 3 survivors (6144K)
 Metaspace       used 66708K, committed 67264K, reserved 1114112K
  class space    used 8434K, committed 8704K, reserved 1048576K
}
Event: 6.367 GC heap after
{Heap after GC invocations=25 (full 0):
 garbage-first heap   total 161792K, used 97318K [0x0000000704c00000, 0x0000000800000000)
  region size 2048K, 3 young (6144K), 3 survivors (6144K)
 Metaspace       used 66708K, committed 67264K, reserved 1114112K
  class space    used 8434K, committed 8704K, reserved 1048576K
}
Event: 6.374 GC heap before
{Heap before GC invocations=25 (full 0):
 garbage-first heap   total 161792K, used 99366K [0x0000000704c00000, 0x0000000800000000)
  region size 2048K, 4 young (8192K), 3 survivors (6144K)
 Metaspace       used 66708K, committed 67264K, reserved 1114112K
  class space    used 8434K, committed 8704K, reserved 1048576K
}
Event: 6.377 GC heap after
{Heap after GC invocations=26 (full 0):
 garbage-first heap   total 161792K, used 99131K [0x0000000704c00000, 0x0000000800000000)
  region size 2048K, 1 young (2048K), 1 survivors (2048K)
 Metaspace       used 66708K, committed 67264K, reserved 1114112K
  class space    used 8434K, committed 8704K, reserved 1048576K
}
Event: 6.447 GC heap before
{Heap before GC invocations=26 (full 0):
 garbage-first heap   total 161792K, used 123707K [0x0000000704c00000, 0x0000000800000000)
  region size 2048K, 13 young (26624K), 1 survivors (2048K)
 Metaspace       used 66708K, committed 67264K, reserved 1114112K
  class space    used 8434K, committed 8704K, reserved 1048576K
}
Event: 6.450 GC heap after
{Heap after GC invocations=27 (full 0):
 garbage-first heap   total 161792K, used 106653K [0x0000000704c00000, 0x0000000800000000)
  region size 2048K, 2 young (4096K), 2 survivors (4096K)
 Metaspace       used 66708K, committed 67264K, reserved 1114112K
  class space    used 8434K, committed 8704K, reserved 1048576K
}
Event: 6.523 GC heap before
{Heap before GC invocations=28 (full 0):
 garbage-first heap   total 192512K, used 127133K [0x0000000704c00000, 0x0000000800000000)
  region size 2048K, 12 young (24576K), 2 survivors (4096K)
 Metaspace       used 66708K, committed 67264K, reserved 1114112K
  class space    used 8434K, committed 8704K, reserved 1048576K
}
Event: 6.527 GC heap after
{Heap after GC invocations=29 (full 0):
 garbage-first heap   total 385024K, used 113248K [0x0000000704c00000, 0x0000000800000000)
  region size 2048K, 2 young (4096K), 2 survivors (4096K)
 Metaspace       used 66708K, committed 67264K, reserved 1114112K
  class space    used 8434K, committed 8704K, reserved 1048576K
}
Event: 6.585 GC heap before
{Heap before GC invocations=29 (full 0):
 garbage-first heap   total 385024K, used 127584K [0x0000000704c00000, 0x0000000800000000)
  region size 2048K, 9 young (18432K), 2 survivors (4096K)
 Metaspace       used 66799K, committed 67328K, reserved 1114112K
  class space    used 8450K, committed 8704K, reserved 1048576K
}
Event: 6.589 GC heap after
{Heap after GC invocations=30 (full 0):
 garbage-first heap   total 385024K, used 116081K [0x0000000704c00000, 0x0000000800000000)
  region size 2048K, 2 young (4096K), 2 survivors (4096K)
 Metaspace       used 66799K, committed 67328K, reserved 1114112K
  class space    used 8450K, committed 8704K, reserved 1048576K
}
Event: 7.356 GC heap before
{Heap before GC invocations=30 (full 0):
 garbage-first heap   total 385024K, used 247153K [0x0000000704c00000, 0x0000000800000000)
  region size 2048K, 66 young (135168K), 2 survivors (4096K)
 Metaspace       used 79113K, committed 79744K, reserved 1179648K
  class space    used 10275K, committed 10560K, reserved 1048576K
}
Event: 7.361 GC heap after
{Heap after GC invocations=31 (full 0):
 garbage-first heap   total 385024K, used 120181K [0x0000000704c00000, 0x0000000800000000)
  region size 2048K, 4 young (8192K), 4 survivors (8192K)
 Metaspace       used 79113K, committed 79744K, reserved 1179648K
  class space    used 10275K, committed 10560K, reserved 1048576K
}
Event: 7.680 GC heap before
{Heap before GC invocations=31 (full 0):
 garbage-first heap   total 385024K, used 271733K [0x0000000704c00000, 0x0000000800000000)
  region size 2048K, 78 young (159744K), 4 survivors (8192K)
 Metaspace       used 80420K, committed 81088K, reserved 1179648K
  class space    used 10458K, committed 10752K, reserved 1048576K
}
Event: 7.684 GC heap after
{Heap after GC invocations=32 (full 0):
 garbage-first heap   total 385024K, used 122220K [0x0000000704c00000, 0x0000000800000000)
  region size 2048K, 5 young (10240K), 5 survivors (10240K)
 Metaspace       used 80420K, committed 81088K, reserved 1179648K
  class space    used 10458K, committed 10752K, reserved 1048576K
}
Event: 8.002 GC heap before
{Heap before GC invocations=32 (full 0):
 garbage-first heap   total 385024K, used 298348K [0x0000000704c00000, 0x0000000800000000)
  region size 2048K, 91 young (186368K), 5 survivors (10240K)
 Metaspace       used 81895K, committed 82560K, reserved 1179648K
  class space    used 10659K, committed 10944K, reserved 1048576K
}
Event: 8.007 GC heap after
{Heap after GC invocations=33 (full 0):
 garbage-first heap   total 385024K, used 124638K [0x0000000704c00000, 0x0000000800000000)
  region size 2048K, 6 young (12288K), 6 survivors (12288K)
 Metaspace       used 81895K, committed 82560K, reserved 1179648K
  class space    used 10659K, committed 10944K, reserved 1048576K
}
Event: 8.328 GC heap before
{Heap before GC invocations=33 (full 0):
 garbage-first heap   total 385024K, used 306910K [0x0000000704c00000, 0x0000000800000000)
  region size 2048K, 95 young (194560K), 6 survivors (12288K)
 Metaspace       used 83451K, committed 84032K, reserved 1179648K
  class space    used 10881K, committed 11136K, reserved 1048576K
}
Event: 8.334 GC heap after
{Heap after GC invocations=34 (full 0):
 garbage-first heap   total 385024K, used 127291K [0x0000000704c00000, 0x0000000800000000)
  region size 2048K, 7 young (14336K), 7 survivors (14336K)
 Metaspace       used 83451K, committed 84032K, reserved 1179648K
  class space    used 10881K, committed 11136K, reserved 1048576K
}
Event: 8.633 GC heap before
{Heap before GC invocations=34 (full 0):
 garbage-first heap   total 385024K, used 315707K [0x0000000704c00000, 0x0000000800000000)
  region size 2048K, 99 young (202752K), 7 survivors (14336K)
 Metaspace       used 84998K, committed 85632K, reserved 1179648K
  class space    used 11089K, committed 11392K, reserved 1048576K
}

Deoptimization events (6 events):
Event: 0.835 Thread 0x000001da2a303bb0 DEOPT PACKING pc=0x000001da3221445c sp=0x000000cd39ffdf90
Event: 0.835 Thread 0x000001da2a303bb0 DEOPT UNPACKING pc=0x000001da31c02b43 sp=0x000000cd39ffd4c0 mode 0
Event: 3.970 Thread 0x000001da2a303bb0 DEOPT PACKING pc=0x000001da31f576ec sp=0x000000cd39ffb090
Event: 3.970 Thread 0x000001da2a303bb0 DEOPT UNPACKING pc=0x000001da31c02b43 sp=0x000000cd39ffa550 mode 0
Event: 5.784 Thread 0x000001da2a303bb0 DEOPT PACKING pc=0x000001da32796b7c sp=0x000000cd39ffd380
Event: 5.784 Thread 0x000001da2a303bb0 DEOPT UNPACKING pc=0x000001da31c02b43 sp=0x000000cd39ffc850 mode 0

Classes unloaded (0 events):
No events

Classes redefined (0 events):
No events

Internal exceptions (20 events):
Event: 4.896 Thread 0x000001da2a303bb0 Exception <a 'java/lang/NoSuchMethodError'{0x0000000709bc8e50}: 'int java.lang.invoke.DirectMethodHandle$Holder.invokeInterface(java.lang.Object, java.lang.Object, int)'> (0x0000000709bc8e50) 
thrown [s\open\src\hotspot\share\interpreter\linkResolver.cpp, line 759]
Event: 4.896 Thread 0x000001da2a303bb0 Exception <a 'java/lang/IncompatibleClassChangeError'{0x0000000709bcc6d8}: Found class java.lang.Object, but interface was expected> (0x0000000709bcc6d8) 
thrown [s\open\src\hotspot\share\interpreter\linkResolver.cpp, line 826]
Event: 4.994 Thread 0x000001da2a303bb0 Exception <a 'java/lang/NoSuchMethodError'{0x00000007092bd820}: 'java.lang.Object java.lang.invoke.DirectMethodHandle$Holder.invokeStaticInit(java.lang.Object, java.lang.Object, java.lang.Object, java.lang.Object)'> (0x00000007092bd820) 
thrown [s\open\src\hotspot\share\interpreter\linkResolver.cpp, line 759]
Event: 5.017 Thread 0x000001da2a303bb0 Exception <a 'java/lang/NoSuchMethodError'{0x000000070911c3c0}: 'java.lang.Object java.lang.invoke.DirectMethodHandle$Holder.newInvokeSpecial(java.lang.Object, java.lang.Object, java.lang.Object, java.lang.Object, java.lang.Object, int, java.lang.Object)'> (0x000000070911c3c0) 
thrown [s\open\src\hotspot\share\interpreter\linkResolver.cpp, line 759]
Event: 5.050 Thread 0x000001da83b903f0 Exception <a 'java/lang/NoSuchMethodError'{0x00000007096f0b10}: 'int java.lang.invoke.DirectMethodHandle$Holder.invokeStatic(java.lang.Object, int, java.lang.Object)'> (0x00000007096f0b10) 
thrown [s\open\src\hotspot\share\interpreter\linkResolver.cpp, line 759]
Event: 5.123 Thread 0x000001da83ba36c0 Exception <a 'java/lang/reflect/InvocationTargetException'{0x00000007146e53f0}> (0x00000007146e53f0) 
thrown [s\open\src\hotspot\share\runtime\reflection.cpp, line 1121]
Event: 5.676 Thread 0x000001da83ba36c0 Exception <a 'java/lang/reflect/InvocationTargetException'{0x0000000709ae6630}> (0x0000000709ae6630) 
thrown [s\open\src\hotspot\share\runtime\reflection.cpp, line 1121]
Event: 5.754 Thread 0x000001da2a303bb0 Exception <a 'java/lang/NoSuchMethodError'{0x0000000709207fd0}: 'java.lang.Object java.lang.invoke.DirectMethodHandle$Holder.invokeSpecial(java.lang.Object, java.lang.Object, int, java.lang.Object, int)'> (0x0000000709207fd0) 
thrown [s\open\src\hotspot\share\interpreter\linkResolver.cpp, line 759]
Event: 6.178 Thread 0x000001da83ba36c0 Exception <a 'java/lang/reflect/InvocationTargetException'{0x000000070de01ba0}> (0x000000070de01ba0) 
thrown [s\open\src\hotspot\share\runtime\reflection.cpp, line 1121]
Event: 6.597 Thread 0x000001da2a303bb0 Exception <a 'java/lang/NoSuchMethodError'{0x000000071c080d60}: 'void java.lang.invoke.DirectMethodHandle$Holder.invokeSpecial(java.lang.Object, java.lang.Object, int, java.lang.Object)'> (0x000000071c080d60) 
thrown [s\open\src\hotspot\share\interpreter\linkResolver.cpp, line 759]
Event: 6.598 Thread 0x000001da2a303bb0 Exception <a 'java/lang/NoSuchMethodError'{0x000000071c087480}: 'java.lang.Object java.lang.invoke.DirectMethodHandle$Holder.newInvokeSpecial(java.lang.Object, java.lang.Object, int)'> (0x000000071c087480) 
thrown [s\open\src\hotspot\share\interpreter\linkResolver.cpp, line 759]
Event: 6.603 Thread 0x000001da2a303bb0 Exception <a 'java/lang/NoSuchMethodError'{0x000000071c12eb60}: 'java.lang.Object java.lang.invoke.DirectMethodHandle$Holder.newInvokeSpecial(java.lang.Object, java.lang.Object, java.lang.Object, int, java.lang.Object, java.lang.Object)'> (0x000000071c12eb60) 
thrown [s\open\src\hotspot\share\interpreter\linkResolver.cpp, line 759]
Event: 6.603 Thread 0x000001da2a303bb0 Exception <a 'java/lang/NoSuchMethodError'{0x000000071c132ed0}: 'java.lang.Object java.lang.invoke.DirectMethodHandle$Holder.invokeSpecial(java.lang.Object, java.lang.Object, java.lang.Object, java.lang.Object, int, java.lang.Object, java.lang.Object)'> (0x000000071c132ed0) 
thrown [s\open\src\hotspot\share\interpreter\linkResolver.cpp, line 759]
Event: 6.681 Thread 0x000001da83ba36c0 Exception <a 'java/lang/reflect/InvocationTargetException'{0x000000071a801b90}> (0x000000071a801b90) 
thrown [s\open\src\hotspot\share\runtime\reflection.cpp, line 1121]
Event: 6.911 Thread 0x000001da2a303bb0 Exception <a 'java/lang/IncompatibleClassChangeError'{0x0000000718df8168}: Found class java.lang.Object, but interface was expected> (0x0000000718df8168) 
thrown [s\open\src\hotspot\share\interpreter\linkResolver.cpp, line 826]
Event: 6.918 Thread 0x000001da2a303bb0 Exception <a 'java/lang/NoSuchMethodError'{0x0000000718ac5918}: 'java.lang.Object java.lang.invoke.DirectMethodHandle$Holder.invokeStatic(java.lang.Object, java.lang.Object, int, java.lang.Object)'> (0x0000000718ac5918) 
thrown [s\open\src\hotspot\share\interpreter\linkResolver.cpp, line 759]
Event: 6.919 Thread 0x000001da2a303bb0 Exception <a 'java/lang/NoSuchMethodError'{0x0000000718ac93b0}: 'java.lang.Object java.lang.invoke.DirectMethodHandle$Holder.invokeStaticInit(java.lang.Object, java.lang.Object, int, java.lang.Object)'> (0x0000000718ac93b0) 
thrown [s\open\src\hotspot\share\interpreter\linkResolver.cpp, line 759]
Event: 7.184 Thread 0x000001da83ba36c0 Exception <a 'java/lang/reflect/InvocationTargetException'{0x00000007170013a0}> (0x00000007170013a0) 
thrown [s\open\src\hotspot\share\runtime\reflection.cpp, line 1121]
Event: 7.686 Thread 0x000001da83ba36c0 Exception <a 'java/lang/reflect/InvocationTargetException'{0x000000071c3023b0}> (0x000000071c3023b0) 
thrown [s\open\src\hotspot\share\runtime\reflection.cpp, line 1121]
Event: 8.193 Thread 0x000001da83ba36c0 Exception <a 'java/lang/reflect/InvocationTargetException'{0x0000000715a06b38}> (0x0000000715a06b38) 
thrown [s\open\src\hotspot\share\runtime\reflection.cpp, line 1121]

VM Operations (20 events):
Event: 6.887 Executing VM operation: HandshakeAllThreads done
Event: 6.888 Executing VM operation: ICBufferFull
Event: 6.888 Executing VM operation: ICBufferFull done
Event: 7.084 Executing VM operation: HandshakeAllThreads
Event: 7.084 Executing VM operation: HandshakeAllThreads done
Event: 7.098 Executing VM operation: HandshakeAllThreads
Event: 7.098 Executing VM operation: HandshakeAllThreads done
Event: 7.181 Executing VM operation: ICBufferFull
Event: 7.181 Executing VM operation: ICBufferFull done
Event: 7.236 Executing VM operation: ICBufferFull
Event: 7.236 Executing VM operation: ICBufferFull done
Event: 7.356 Executing VM operation: G1CollectForAllocation
Event: 7.361 Executing VM operation: G1CollectForAllocation done
Event: 7.679 Executing VM operation: G1CollectForAllocation
Event: 7.684 Executing VM operation: G1CollectForAllocation done
Event: 8.001 Executing VM operation: G1CollectForAllocation
Event: 8.007 Executing VM operation: G1CollectForAllocation done
Event: 8.328 Executing VM operation: G1CollectForAllocation
Event: 8.334 Executing VM operation: G1CollectForAllocation done
Event: 8.633 Executing VM operation: G1CollectForAllocation

Events (20 events):
Event: 6.591 loading class java/util/stream/ReduceOps$1
Event: 6.591 loading class java/util/stream/ReduceOps$1 done
Event: 6.591 loading class java/util/stream/ReduceOps$1ReducingSink
Event: 6.591 loading class java/util/stream/ReduceOps$1ReducingSink done
Event: 6.848 loading class javax/naming/RefAddr
Event: 6.849 loading class javax/naming/RefAddr done
Event: 6.849 loading class javax/naming/StringRefAddr
Event: 6.849 loading class javax/naming/StringRefAddr done
Event: 6.868 loading class java/util/concurrent/CompletableFuture$AltResult
Event: 6.868 loading class java/util/concurrent/CompletableFuture$AltResult done
Event: 6.868 loading class java/util/concurrent/CompletableFuture$Completion
Event: 6.868 loading class java/util/concurrent/CompletableFuture$AsynchronousCompletionTask
Event: 6.868 loading class java/util/concurrent/CompletableFuture$AsynchronousCompletionTask done
Event: 6.868 loading class java/util/concurrent/CompletableFuture$Completion done
Event: 7.029 loading class java/util/concurrent/CancellationException
Event: 7.029 loading class java/util/concurrent/CancellationException done
Event: 7.139 loading class java/lang/reflect/AnnotatedArrayType
Event: 7.139 loading class java/lang/reflect/AnnotatedArrayType done
Event: 7.323 loading class sun/reflect/generics/tree/DoubleSignature
Event: 7.323 loading class sun/reflect/generics/tree/DoubleSignature done


Dynamic libraries:
0x00007ff6ebbd0000 - 0x00007ff6ebbe0000 	C:\Program Files\Java\jdk-17\bin\javaw.exe
0x00007ffe2f3d0000 - 0x00007ffe2f5e7000 	C:\Windows\SYSTEM32\ntdll.dll
0x00007ffe2ec90000 - 0x00007ffe2ed54000 	C:\Windows\System32\KERNEL32.DLL
0x00007ffe2c910000 - 0x00007ffe2ccbd000 	C:\Windows\System32\KERNELBASE.dll
0x00007ffe2cfc0000 - 0x00007ffe2d0d1000 	C:\Windows\System32\ucrtbase.dll
0x00007ffe22d50000 - 0x00007ffe22d6b000 	C:\Program Files\Java\jdk-17\bin\VCRUNTIME140.dll
0x00007ffe20310000 - 0x00007ffe20329000 	C:\Program Files\Java\jdk-17\bin\jli.dll
0x00007ffe2eb00000 - 0x00007ffe2ebb2000 	C:\Windows\System32\ADVAPI32.dll
0x00007ffe2e310000 - 0x00007ffe2e3b7000 	C:\Windows\System32\msvcrt.dll
0x00007ffe2edf0000 - 0x00007ffe2ee99000 	C:\Windows\System32\sechost.dll
0x00007ffe2cde0000 - 0x00007ffe2ce08000 	C:\Windows\System32\bcrypt.dll
0x00007ffe2d120000 - 0x00007ffe2d234000 	C:\Windows\System32\RPCRT4.dll
0x00007ffe2efc0000 - 0x00007ffe2f16e000 	C:\Windows\System32\USER32.dll
0x00007ffe2d0e0000 - 0x00007ffe2d106000 	C:\Windows\System32\win32u.dll
0x00007ffe2dba0000 - 0x00007ffe2dbc9000 	C:\Windows\System32\GDI32.dll
0x00007ffe2ccc0000 - 0x00007ffe2cdd9000 	C:\Windows\System32\gdi32full.dll
0x00007ffe2c870000 - 0x00007ffe2c90a000 	C:\Windows\System32\msvcp_win.dll
0x00007ffe1dad0000 - 0x00007ffe1dd63000 	C:\Windows\WinSxS\amd64_microsoft.windows.common-controls_6595b64144ccf1df_6.0.22621.3672_none_2713b9d173822955\COMCTL32.dll
0x00007ffe250a0000 - 0x00007ffe250aa000 	C:\Windows\SYSTEM32\VERSION.dll
0x00007ffe2eea0000 - 0x00007ffe2eed1000 	C:\Windows\System32\IMM32.DLL
0x00007ffe252d0000 - 0x00007ffe252dc000 	C:\Program Files\Java\jdk-17\bin\vcruntime140_1.dll
0x00007ffe01a30000 - 0x00007ffe01abe000 	C:\Program Files\Java\jdk-17\bin\msvcp140.dll
0x00007ffd90da0000 - 0x00007ffd91980000 	C:\Program Files\Java\jdk-17\bin\server\jvm.dll
0x00007ffe2e200000 - 0x00007ffe2e208000 	C:\Windows\System32\PSAPI.DLL
0x00007ffe1de70000 - 0x00007ffe1de79000 	C:\Windows\SYSTEM32\WSOCK32.dll
0x00007ffe244f0000 - 0x00007ffe24524000 	C:\Windows\SYSTEM32\WINMM.dll
0x00007ffe2e210000 - 0x00007ffe2e281000 	C:\Windows\System32\WS2_32.dll
0x00007ffe2b7e0000 - 0x00007ffe2b7f8000 	C:\Windows\SYSTEM32\kernel.appcore.dll
0x00007ffe245b0000 - 0x00007ffe245ba000 	C:\Program Files\Java\jdk-17\bin\jimage.dll
0x00007ffe29850000 - 0x00007ffe29a82000 	C:\Windows\SYSTEM32\DBGHELP.DLL
0x00007ffe2e770000 - 0x00007ffe2eaf8000 	C:\Windows\System32\combase.dll
0x00007ffe2eee0000 - 0x00007ffe2efb7000 	C:\Windows\System32\OLEAUT32.dll
0x00007ffe181b0000 - 0x00007ffe181e2000 	C:\Windows\SYSTEM32\dbgcore.DLL
0x00007ffe2ce10000 - 0x00007ffe2ce8b000 	C:\Windows\System32\bcryptPrimitives.dll
0x00007ffe13fa0000 - 0x00007ffe13fc5000 	C:\Program Files\Java\jdk-17\bin\java.dll
0x00007ffdefd20000 - 0x00007ffdefdf7000 	C:\Program Files\Java\jdk-17\bin\jsvml.dll
0x00007ffe2d340000 - 0x00007ffe2db9f000 	C:\Windows\System32\SHELL32.dll
0x00007ffe2a600000 - 0x00007ffe2aefc000 	C:\Windows\SYSTEM32\windows.storage.dll
0x00007ffe2a4c0000 - 0x00007ffe2a5ff000 	C:\Windows\SYSTEM32\wintypes.dll
0x00007ffe2d240000 - 0x00007ffe2d334000 	C:\Windows\System32\SHCORE.dll
0x00007ffe2f2d0000 - 0x00007ffe2f32e000 	C:\Windows\System32\shlwapi.dll
0x00007ffe2c630000 - 0x00007ffe2c651000 	C:\Windows\SYSTEM32\profapi.dll
0x00007ffe14df0000 - 0x00007ffe14e09000 	C:\Program Files\Java\jdk-17\bin\net.dll
0x00007ffe27330000 - 0x00007ffe27466000 	C:\Windows\SYSTEM32\WINHTTP.dll
0x00007ffe2bc40000 - 0x00007ffe2bca9000 	C:\Windows\system32\mswsock.dll
0x00007ffe0bfe0000 - 0x00007ffe0bff6000 	C:\Program Files\Java\jdk-17\bin\nio.dll
0x00007ffe0bf10000 - 0x00007ffe0bf28000 	C:\Program Files\Java\jdk-17\bin\zip.dll
0x00007ffe23840000 - 0x00007ffe2384a000 	C:\Program Files\Java\jdk-17\bin\management.dll
0x00007ffe22c50000 - 0x00007ffe22c5b000 	C:\Program Files\Java\jdk-17\bin\management_ext.dll
0x00007ffe22e30000 - 0x00007ffe22e47000 	C:\Windows\system32\napinsp.dll
0x00007ffe22e10000 - 0x00007ffe22e2b000 	C:\Windows\system32\pnrpnsp.dll
0x00007ffe2b190000 - 0x00007ffe2b288000 	C:\Windows\SYSTEM32\DNSAPI.dll
0x00007ffe2b160000 - 0x00007ffe2b18d000 	C:\Windows\SYSTEM32\IPHLPAPI.DLL
0x00007ffe2f170000 - 0x00007ffe2f179000 	C:\Windows\System32\NSI.dll
0x00007ffe22df0000 - 0x00007ffe22e01000 	C:\Windows\System32\winrnr.dll
0x00007ffe23870000 - 0x00007ffe23885000 	C:\Windows\system32\wshbth.dll
0x00007ffe22dc0000 - 0x00007ffe22de7000 	C:\Windows\system32\nlansp_c.dll
0x00007ffe23d80000 - 0x00007ffe23d8a000 	C:\Windows\System32\rasadhlp.dll
0x00007ffe24280000 - 0x00007ffe24303000 	C:\Windows\System32\fwpuclnt.dll
0x00007ffe2bf90000 - 0x00007ffe2bfab000 	C:\Windows\SYSTEM32\CRYPTSP.dll
0x00007ffe2b6c0000 - 0x00007ffe2b6f5000 	C:\Windows\system32\rsaenh.dll
0x00007ffe2bce0000 - 0x00007ffe2bd08000 	C:\Windows\SYSTEM32\USERENV.dll
0x00007ffe2bf70000 - 0x00007ffe2bf7c000 	C:\Windows\SYSTEM32\CRYPTBASE.dll
0x00007ffe270e0000 - 0x00007ffe270f9000 	C:\Windows\SYSTEM32\dhcpcsvc6.DLL
0x00007ffe26ae0000 - 0x00007ffe26aff000 	C:\Windows\SYSTEM32\dhcpcsvc.DLL
0x00007ffe20220000 - 0x00007ffe2022e000 	C:\Program Files\Java\jdk-17\bin\sunmscapi.dll
0x00007ffe2c700000 - 0x00007ffe2c867000 	C:\Windows\System32\CRYPT32.dll
0x00007ffe2c090000 - 0x00007ffe2c0be000 	C:\Windows\SYSTEM32\ncrypt.dll
0x00007ffe2c050000 - 0x00007ffe2c087000 	C:\Windows\SYSTEM32\NTASN1.dll

dbghelp: loaded successfully - version: 4.0.5 - missing functions: none
symbol engine: initialized successfully - sym options: 0x614 - pdb path: .;C:\Program Files\Java\jdk-17\bin;C:\Windows\SYSTEM32;C:\Windows\WinSxS\amd64_microsoft.windows.common-controls_6595b64144ccf1df_6.0.22621.3672_none_2713b9d173822955;C:\Program Files\Java\jdk-17\bin\server

VM Arguments:
jvm_args: -Dfile.encoding-UTF8 -Dcom.sun.management.jmxremote -Dcom.sun.management.jmxremote.port=50424 -Dcom.sun.management.jmxremote.authenticate=false -Dcom.sun.management.jmxremote.ssl=false -Djava.rmi.server.hostname=localhost -Dspring.jmx.enabled=true -Dmanagement.endpoints.jmx.exposure.include=* -Dspring.application.admin.enabled=true -Dspring.output.ansi.enabled=always -XX:TieredStopAtLevel=1 -Dspring.boot.project.name=asm_gstn_return_db_store6_pre -Dfile.encoding=UTF-8 -Dstdout.encoding=UTF-8 -Dstderr.encoding=UTF-8 -XX:+ShowCodeDetailsInExceptionMessages 
java_command: com.deloitte.AsmEwayBillApplication
java_class_path (initial): D:\Project\workspace\workspace280126\asm_gstn_return_db_store6_pre\target\classes;C:\Users\AIO16\.m2\repository\org\springframework\boot\spring-boot-starter-data-jpa\4.0.3\spring-boot-starter-data-jpa-4.0.3.jar;C:\Users\AIO16\.m2\repository\org\springframework\boot\spring-boot-starter\4.0.3\spring-boot-starter-4.0.3.jar;C:\Users\AIO16\.m2\repository\org\springframework\boot\spring-boot-starter-logging\4.0.3\spring-boot-starter-logging-4.0.3.jar;C:\Users\AIO16\.m2\repository\ch\qos\logback\logback-classic\1.5.32\logback-classic-1.5.32.jar;C:\Users\AIO16\.m2\repository\ch\qos\logback\logback-core\1.5.32\logback-core-1.5.32.jar;C:\Users\AIO16\.m2\repository\org\apache\logging\log4j\log4j-to-slf4j\2.25.3\log4j-to-slf4j-2.25.3.jar;C:\Users\AIO16\.m2\repository\org\slf4j\jul-to-slf4j\2.0.17\jul-to-slf4j-2.0.17.jar;C:\Users\AIO16\.m2\repository\org\springframework\boot\spring-boot-autoconfigure\4.0.3\spring-boot-autoconfigure-4.0.3.jar;C:\Users\AIO16\.m2\repository\jakarta\annotation\jakarta.annotation-api\3.0.0\jakarta.annotation-api-3.0.0.jar;C:\Users\AIO16\.m2\repository\org\yaml\snakeyaml\2.5\snakeyaml-2.5.jar;C:\Users\AIO16\.m2\repository\org\springframework\boot\spring-boot-starter-jdbc\4.0.3\spring-boot-starter-jdbc-4.0.3.jar;C:\Users\AIO16\.m2\repository\com\zaxxer\HikariCP\7.0.2\HikariCP-7.0.2.jar;C:\Users\AIO16\.m2\repository\org\springframework\boot\spring-boot-data-jpa\4.0.3\spring-boot-data-jpa-4.0.3.jar;C:\Users\AIO16\.m2\repository\org\springframework\boot\spring-boot-data-commons\4.0.3\spring-boot-data-commons-4.0.3.jar;C:\Users\AIO16\.m2\repository\org\springframework\boot\spring-boot-persistence\4.0.3\spring-boot-persistence-4.0.3.jar;C:\Users\AIO16\.m2\repository\org\springframework\data\spring-data-commons\4.0.3\spring-data-commons-4.0.3.jar;C:\Users\AIO16\.m2\repository\org\springframework\boot\spring-boot-hibernate\4.0.3\spring-boot-hibernate-4.0.3.jar;C:\Users\AIO16\.m2\repository\org\springframework\boot\spring-boot-jpa\
Launcher Type: SUN_STANDARD

[Global flags]
     intx CICompilerCount                          = 12                                        {product} {ergonomic}
     uint ConcGCThreads                            = 4                                         {product} {ergonomic}
     uint G1ConcRefinementThreads                  = 15                                        {product} {ergonomic}
   size_t G1HeapRegionSize                         = 2097152                                   {product} {ergonomic}
    uintx GCDrainStackTargetSize                   = 64                                        {product} {ergonomic}
   size_t InitialHeapSize                          = 264241152                                 {product} {ergonomic}
     bool ManagementServer                         = true                                      {product} {command line}
   size_t MarkStackSize                            = 4194304                                   {product} {ergonomic}
   size_t MaxHeapSize                              = 4215275520                                {product} {ergonomic}
   size_t MaxNewSize                               = 2529165312                                {product} {ergonomic}
   size_t MinHeapDeltaBytes                        = 2097152                                   {product} {ergonomic}
   size_t MinHeapSize                              = 8388608                                   {product} {ergonomic}
    uintx NonProfiledCodeHeapSize                  = 0                                      {pd product} {ergonomic}
     bool ProfileInterpreter                       = false                                  {pd product} {command line}
    uintx ProfiledCodeHeapSize                     = 0                                      {pd product} {ergonomic}
     bool ShowCodeDetailsInExceptionMessages       = true                                   {manageable} {command line}
   size_t SoftMaxHeapSize                          = 4215275520                             {manageable} {ergonomic}
     intx TieredStopAtLevel                        = 1                                         {product} {command line}
     bool UseCompressedClassPointers               = true                           {product lp64_product} {ergonomic}
     bool UseCompressedOops                        = true                           {product lp64_product} {ergonomic}
     bool UseG1GC                                  = true                                      {product} {ergonomic}
     bool UseLargePagesIndividualAllocation        = false                                  {pd product} {ergonomic}

Logging:
Log output configuration:
 #0: stdout all=warning uptime,level,tags
 #1: stderr all=off uptime,level,tags

Environment Variables:
JAVA_HOME=C:\Program Files\Java\jdk-17
JAVA_TOOL_OPTIONS=-Dfile.encoding-UTF8
PATH=D:/Project/sts-5.0.1.RELEASE//plugins/org.eclipse.justj.openjdk.hotspot.jre.full.win32.x86_64_25.0.1.v20251108-1451/jre/bin/server;D:/Project/sts-5.0.1.RELEASE//plugins/org.eclipse.justj.openjdk.hotspot.jre.full.win32.x86_64_25.0.1.v20251108-1451/jre/bin;C:\Program Files\Apache\Maven\apache-maven-3.9.14\bin;C:\Program Files\Java\jdk-17;C:\Program Files\Common Files\Oracle\Java\javapath;C:\Program Files (x86)\Common Files\Oracle\Java\javapath;C:\Windows\system32;C:\Windows;C:\Windows\System32\Wbem;C:\Windows\System32\WindowsPowerShell\v1.0\;C:\Windows\System32\OpenSSH\;C:\Program Files\dotnet\;C:\Users\AIO16\AppData\Local\Microsoft\WindowsApps;C:\Users\AIO16\AppData\Local\Programs\Microsoft VS Code\bin;C:\Users\AIO16\AppData\Local\GitHubDesktop\bin;D:\Project\sts-5.0.1.RELEASE;
USERNAME=AIO16
OS=Windows_NT
PROCESSOR_IDENTIFIER=Intel64 Family 6 Model 191 Stepping 2, GenuineIntel



---------------  S Y S T E M  ---------------

OS:
 Windows 11 , 64 bit Build 22621 (10.0.22621.3672)
OS uptime: 24 days 9:00 hours
Hyper-V role detected

CPU: total 20 (initial active 20) (10 cores per cpu, 2 threads per core) family 6 model 191 stepping 2 microcode 0x3e, cx8, cmov, fxsr, ht, mmx, 3dnowpref, sse, sse2, sse3, ssse3, sse4.1, sse4.2, popcnt, lzcnt, tsc, tscinvbit, avx, avx2, aes, erms, clmul, bmi1, bmi2, adx, sha, fma, vzeroupper, clflush, clflushopt, clwb, hv

Memory: 4k page, system-wide physical 16072M (469M free)
TotalPageFile size 48072M (AvailPageFile size 0M)
current process WorkingSet (physical memory assigned to process): 554M, peak: 554M
current process commit charge ("private bytes"): 625M, peak: 819M

vm_info: Java HotSpot(TM) 64-Bit Server VM (17.0.12+8-LTS-286) for windows-amd64 JRE (17.0.12+8-LTS-286), built on Jun  5 2024 06:46:59 by "mach5one" with MS VC++ 17.6 (VS2022)

END.
