#
# There is insufficient memory for the Java Runtime Environment to continue.
# Native memory allocation (mmap) failed to map 253755392 bytes for G1 virtual space
# Possible reasons:
#   The system is out of physical RAM or swap space
#   The process is running with CompressedOops enabled, and the Java Heap may be blocking the growth of the native heap
# Possible solutions:
#   Reduce memory load on the system
#   Increase physical memory or swap space
#   Check if swap backing store is full
#   Decrease Java heap size (-Xmx/-Xms)
#   Decrease number of Java threads
#   Decrease Java thread stack sizes (-Xss)
#   Set larger code cache with -XX:ReservedCodeCacheSize=
#   JVM is running with Zero Based Compressed Oops mode in which the Java heap is
#     placed in the first 32GB address space. The Java Heap base address is the
#     maximum limit for the native heap growth. Please use -XX:HeapBaseMinAddress
#     to set the Java Heap base and to place the Java Heap above 32GB virtual address.
# This output file may be truncated or incomplete.
#
#  Out of Memory Error (os_windows.cpp:3548), pid=24636, tid=38096
#
# JRE version: Java(TM) SE Runtime Environment (17.0.12+8) (build 17.0.12+8-LTS-286)
# Java VM: Java HotSpot(TM) 64-Bit Server VM (17.0.12+8-LTS-286, mixed mode, sharing, tiered, compressed oops, compressed class ptrs, g1 gc, windows-amd64)
# No core dump will be written. Minidumps are not enabled by default on client versions of Windows
#

---------------  S U M M A R Y ------------

Command Line: -Dfile.encoding-UTF8 -Dmaven.home=EMBEDDED -Dclassworlds.conf=D:\Project\workspace\workspace280126\.metadata\.plugins\org.eclipse.m2e.launching\launches\m2conf17045069254359234119.tmp -Dmaven.multiModuleProjectDirectory=D:\Project\workspace\workspace280126\asm_gstn_return_db_store -Dm2e.build.project.data.socket.port=53035 -Dfile.encoding=UTF-8 -Dstdout.encoding=UTF-8 -Dstderr.encoding=UTF-8 -XX:+ShowCodeDetailsInExceptionMessages org.codehaus.plexus.classworlds.launcher.Launcher -Ppom.xml -B -Dstyle.color=always install

Host: 13th Gen Intel(R) Core(TM) i5-13500, 20 cores, 15G,  Windows 11 , 64 bit Build 22621 (10.0.22621.3672)
Time: Fri Mar  6 17:09:43 2026 India Standard Time elapsed time: 6.699933 seconds (0d 0h 0m 6s)

---------------  T H R E A D  ---------------

Current thread (0x0000028d1ecde250):  VMThread "VM Thread" [stack: 0x000000a45a800000,0x000000a45a900000] [id=38096]

Stack: [0x000000a45a800000,0x000000a45a900000]
Native frames: (J=compiled Java code, j=interpreted, Vv=VM code, C=native code)
V  [jvm.dll+0x67a04a]
V  [jvm.dll+0x7da4ed]
V  [jvm.dll+0x7dbe33]
V  [jvm.dll+0x7dc4a3]
V  [jvm.dll+0x24508f]
V  [jvm.dll+0x677089]
V  [jvm.dll+0x66bd32]
V  [jvm.dll+0x301fa6]
V  [jvm.dll+0x309546]
V  [jvm.dll+0x359d2e]
V  [jvm.dll+0x359f5f]
V  [jvm.dll+0x2d9078]
V  [jvm.dll+0x2d74ad]
V  [jvm.dll+0x2d6afc]
V  [jvm.dll+0x31a65b]
V  [jvm.dll+0x7e0d9b]
V  [jvm.dll+0x7e1ad4]
V  [jvm.dll+0x7e1fed]
V  [jvm.dll+0x7e23c4]
V  [jvm.dll+0x7e2490]
V  [jvm.dll+0x78abea]
V  [jvm.dll+0x678f35]
C  [ucrtbase.dll+0x29333]
C  [KERNEL32.DLL+0x1257d]
C  [ntdll.dll+0x5af28]

VM_Operation (0x000000a45a2fc210): G1CollectForAllocation, mode: safepoint, requested by thread 0x0000028d7b110850


---------------  P R O C E S S  ---------------

Threads class SMR info:
_java_thread_list=0x0000028d653fd1a0, length=17, elements={
0x0000028d7b110850, 0x0000028d1ece28f0, 0x0000028d1ece3d10, 0x0000028d64009480,
0x0000028d64009d50, 0x0000028d6400adc0, 0x0000028d6400ce40, 0x0000028d6400ea30,
0x0000028d6401b3f0, 0x0000028d640244d0, 0x0000028d6415c4d0, 0x0000028d6415ceb0,
0x0000028d641a2690, 0x0000028d641b1050, 0x0000028d6437c0f0, 0x0000028d649a8a70,
0x0000028d668bd6c0
}

Java Threads: ( => current thread )
  0x0000028d7b110850 JavaThread "main" [_thread_blocked, id=9436, stack(0x000000a45a200000,0x000000a45a300000)]
  0x0000028d1ece28f0 JavaThread "Reference Handler" daemon [_thread_blocked, id=35184, stack(0x000000a45a900000,0x000000a45aa00000)]
  0x0000028d1ece3d10 JavaThread "Finalizer" daemon [_thread_blocked, id=23092, stack(0x000000a45aa00000,0x000000a45ab00000)]
  0x0000028d64009480 JavaThread "Signal Dispatcher" daemon [_thread_blocked, id=30248, stack(0x000000a45ab00000,0x000000a45ac00000)]
  0x0000028d64009d50 JavaThread "Attach Listener" daemon [_thread_blocked, id=30056, stack(0x000000a45ac00000,0x000000a45ad00000)]
  0x0000028d6400adc0 JavaThread "Service Thread" daemon [_thread_blocked, id=5332, stack(0x000000a45ad00000,0x000000a45ae00000)]
  0x0000028d6400ce40 JavaThread "Monitor Deflation Thread" daemon [_thread_blocked, id=4496, stack(0x000000a45ae00000,0x000000a45af00000)]
  0x0000028d6400ea30 JavaThread "C2 CompilerThread0" daemon [_thread_blocked, id=37092, stack(0x000000a45af00000,0x000000a45b000000)]
  0x0000028d6401b3f0 JavaThread "C1 CompilerThread0" daemon [_thread_blocked, id=22428, stack(0x000000a45b000000,0x000000a45b100000)]
  0x0000028d640244d0 JavaThread "Sweeper thread" daemon [_thread_blocked, id=26516, stack(0x000000a45b100000,0x000000a45b200000)]
  0x0000028d6415c4d0 JavaThread "C1 CompilerThread1" daemon [_thread_blocked, id=3456, stack(0x000000a45b200000,0x000000a45b300000)]
  0x0000028d6415ceb0 JavaThread "C1 CompilerThread2" daemon [_thread_blocked, id=40304, stack(0x000000a45b300000,0x000000a45b400000)]
  0x0000028d641a2690 JavaThread "Notification Thread" daemon [_thread_blocked, id=39684, stack(0x000000a45b400000,0x000000a45b500000)]
  0x0000028d641b1050 JavaThread "Common-Cleaner" daemon [_thread_blocked, id=40176, stack(0x000000a45b600000,0x000000a45b700000)]
  0x0000028d6437c0f0 JavaThread "C2 CompilerThread1" daemon [_thread_blocked, id=31692, stack(0x000000a45b700000,0x000000a45b800000)]
  0x0000028d649a8a70 JavaThread "C1 CompilerThread3" daemon [_thread_blocked, id=35484, stack(0x000000a45b800000,0x000000a45b900000)]
  0x0000028d668bd6c0 JavaThread "C2 CompilerThread2" daemon [_thread_blocked, id=17440, stack(0x000000a45ca00000,0x000000a45cb00000)]

Other Threads:
=>0x0000028d1ecde250 VMThread "VM Thread" [stack: 0x000000a45a800000,0x000000a45a900000] [id=38096]
  0x0000028d641a77a0 WatcherThread [stack: 0x000000a45b500000,0x000000a45b600000] [id=22664]
  0x0000028d7b17fdf0 GCTaskThread "GC Thread#0" [stack: 0x000000a45a300000,0x000000a45a400000] [id=13660]
  0x0000028d642d5860 GCTaskThread "GC Thread#1" [stack: 0x000000a45b900000,0x000000a45ba00000] [id=34252]
  0x0000028d647ad1f0 GCTaskThread "GC Thread#2" [stack: 0x000000a45ba00000,0x000000a45bb00000] [id=41112]
  0x0000028d64a1e530 GCTaskThread "GC Thread#3" [stack: 0x000000a45bb00000,0x000000a45bc00000] [id=31428]
  0x0000028d64a1e7f0 GCTaskThread "GC Thread#4" [stack: 0x000000a45bc00000,0x000000a45bd00000] [id=37492]
  0x0000028d64d2fd40 GCTaskThread "GC Thread#5" [stack: 0x000000a45bd00000,0x000000a45be00000] [id=10568]
  0x0000028d64bbbe70 GCTaskThread "GC Thread#6" [stack: 0x000000a45be00000,0x000000a45bf00000] [id=39064]
  0x0000028d64e1d180 GCTaskThread "GC Thread#7" [stack: 0x000000a45bf00000,0x000000a45c000000] [id=9080]
  0x0000028d650058c0 GCTaskThread "GC Thread#8" [stack: 0x000000a45c000000,0x000000a45c100000] [id=34248]
  0x0000028d64f0c6d0 GCTaskThread "GC Thread#9" [stack: 0x000000a45c100000,0x000000a45c200000] [id=1116]
  0x0000028d64f0c990 GCTaskThread "GC Thread#10" [stack: 0x000000a45c200000,0x000000a45c300000] [id=39200]
  0x0000028d64f0cc50 GCTaskThread "GC Thread#11" [stack: 0x000000a45c300000,0x000000a45c400000] [id=29672]
  0x0000028d64f0bbd0 GCTaskThread "GC Thread#12" [stack: 0x000000a45c400000,0x000000a45c500000] [id=34308]
  0x0000028d64f0c150 GCTaskThread "GC Thread#13" [stack: 0x000000a45c500000,0x000000a45c600000] [id=40612]
  0x0000028d64f0cf10 GCTaskThread "GC Thread#14" [stack: 0x000000a45c600000,0x000000a45c700000] [id=38808]
  0x0000028d7b190780 ConcurrentGCThread "G1 Main Marker" [stack: 0x000000a45a400000,0x000000a45a500000] [id=28240]
  0x0000028d7b191090 ConcurrentGCThread "G1 Conc#0" [stack: 0x000000a45a500000,0x000000a45a600000] [id=32828]
  0x0000028d65c31d70 ConcurrentGCThread "G1 Conc#1" [stack: 0x000000a45c700000,0x000000a45c800000] [id=6140]
  0x0000028d65c31530 ConcurrentGCThread "G1 Conc#2" [stack: 0x000000a45c800000,0x000000a45c900000] [id=39412]
  0x0000028d65c325b0 ConcurrentGCThread "G1 Conc#3" [stack: 0x000000a45c900000,0x000000a45ca00000] [id=38844]
  0x0000028d7b1de3f0 ConcurrentGCThread "G1 Refine#0" [stack: 0x000000a45a600000,0x000000a45a700000] [id=24176]
  0x0000028d64a4caf0 ConcurrentGCThread "G1 Refine#1" [stack: 0x000000a45cb00000,0x000000a45cc00000] [id=15252]
  0x0000028d64ce77b0 ConcurrentGCThread "G1 Refine#2" [stack: 0x000000a45cc00000,0x000000a45cd00000] [id=41244]
  0x0000028d6596bb30 ConcurrentGCThread "G1 Refine#3" [stack: 0x000000a45cd00000,0x000000a45ce00000] [id=20196]
  0x0000028d64385ff0 ConcurrentGCThread "G1 Refine#4" [stack: 0x000000a45ce00000,0x000000a45cf00000] [id=2488]
  0x0000028d64144f50 ConcurrentGCThread "G1 Refine#5" [stack: 0x000000a45cf00000,0x000000a45d000000] [id=11548]
  0x0000028d67929c40 ConcurrentGCThread "G1 Refine#6" [stack: 0x000000a45d000000,0x000000a45d100000] [id=15304]
  0x0000028d67929660 ConcurrentGCThread "G1 Refine#7" [stack: 0x000000a45d100000,0x000000a45d200000] [id=16776]
  0x0000028d1eb971b0 ConcurrentGCThread "G1 Service" [stack: 0x000000a45a700000,0x000000a45a800000] [id=38828]

Threads with active compile tasks:
C2 CompilerThread0     6719 9599       4       lombok.javac.handlers.JavacHandlerUtil::injectMethod (212 bytes)
C2 CompilerThread2     6719 9600 %     4       lombok.javac.JavacAST::buildType @ 76 (203 bytes)

VM state: at safepoint (normal execution)

VM Mutex/Monitor currently owned by a thread:  ([mutex/lock_event])
[0x0000028d7b10d800] Threads_lock - owner thread: 0x0000028d1ecde250
[0x0000028d7b10c840] Heap_lock - owner thread: 0x0000028d7b110850

Heap address: 0x0000000704c00000, size: 4020 MB, Compressed Oops mode: Zero based, Oop shift amount: 3

CDS archive(s) mapped at: [0x0000028d1f000000-0x0000028d1fbd0000-0x0000028d1fbd0000), size 12386304, SharedBaseAddress: 0x0000028d1f000000, ArchiveRelocationMode: 1.
Compressed class space mapped at: 0x0000028d20000000-0x0000028d60000000, reserved size: 1073741824
Narrow klass base: 0x0000028d1f000000, Narrow klass shift: 0, Narrow klass range: 0x100000000

GC Precious Log:
 CPUs: 20 total, 20 available
 Memory: 16072M
 Large Page Support: Disabled
 NUMA Support: Disabled
 Compressed Oops: Enabled (Zero based)
 Heap Region Size: 2M
 Heap Min Capacity: 8M
 Heap Initial Capacity: 252M
 Heap Max Capacity: 4020M
 Pre-touch: Disabled
 Parallel Workers: 15
 Concurrent Workers: 4
 Concurrent Refinement Workers: 15
 Periodic GC: Disabled

Heap:
 garbage-first heap   total 374784K, used 143576K [0x0000000704c00000, 0x0000000800000000)
  region size 2048K, 9 young (18432K), 9 survivors (18432K)
 Metaspace       used 30571K, committed 30976K, reserved 1114112K
  class space    used 3365K, committed 3584K, reserved 1048576K

Heap Regions: E=young(eden), S=young(survivor), O=old, HS=humongous(starts), HC=humongous(continues), CS=collection set, F=free, OA=open archive, CA=closed archive, TAMS=top-at-mark-start (previous, next)
|   0|0x0000000704c00000, 0x0000000704e00000, 0x0000000704e00000|100%| O|  |TAMS 0x0000000704e00000, 0x0000000704c00000| Untracked 
|   1|0x0000000704e00000, 0x0000000705000000, 0x0000000705000000|100%| O|  |TAMS 0x0000000705000000, 0x0000000704e00000| Untracked 
|   2|0x0000000705000000, 0x0000000705200000, 0x0000000705200000|100%| O|  |TAMS 0x0000000705200000, 0x0000000705000000| Untracked 
|   3|0x0000000705200000, 0x0000000705400000, 0x0000000705400000|100%| O|  |TAMS 0x0000000705400000, 0x0000000705200000| Untracked 
|   4|0x0000000705400000, 0x0000000705600000, 0x0000000705600000|100%| O|  |TAMS 0x0000000705600000, 0x0000000705400000| Untracked 
|   5|0x0000000705600000, 0x0000000705800000, 0x0000000705800000|100%| O|  |TAMS 0x0000000705800000, 0x0000000705600000| Untracked 
|   6|0x0000000705800000, 0x0000000705a00000, 0x0000000705a00000|100%| O|  |TAMS 0x0000000705a00000, 0x0000000705800000| Untracked 
|   7|0x0000000705a00000, 0x0000000705c00000, 0x0000000705c00000|100%| O|  |TAMS 0x0000000705c00000, 0x0000000705a00000| Untracked 
|   8|0x0000000705c00000, 0x0000000705e00000, 0x0000000705e00000|100%| O|  |TAMS 0x0000000705e00000, 0x0000000705c00000| Untracked 
|   9|0x0000000705e00000, 0x0000000706000000, 0x0000000706000000|100%| O|  |TAMS 0x0000000706000000, 0x0000000705e00000| Untracked 
|  10|0x0000000706000000, 0x0000000706200000, 0x0000000706200000|100%| O|  |TAMS 0x0000000706200000, 0x0000000706000000| Untracked 
|  11|0x0000000706200000, 0x0000000706400000, 0x0000000706400000|100%| O|  |TAMS 0x0000000706400000, 0x0000000706200000| Untracked 
|  12|0x0000000706400000, 0x0000000706600000, 0x0000000706600000|100%| O|  |TAMS 0x0000000706600000, 0x0000000706400000| Untracked 
|  13|0x0000000706600000, 0x0000000706800000, 0x0000000706800000|100%| O|  |TAMS 0x0000000706800000, 0x0000000706600000| Untracked 
|  14|0x0000000706800000, 0x0000000706a00000, 0x0000000706a00000|100%| O|  |TAMS 0x0000000706a00000, 0x0000000706800000| Untracked 
|  15|0x0000000706a00000, 0x0000000706c00000, 0x0000000706c00000|100%|HS|  |TAMS 0x0000000706c00000, 0x0000000706a00000| Complete 
|  16|0x0000000706c00000, 0x0000000706e00000, 0x0000000706e00000|100%| O|  |TAMS 0x0000000706e00000, 0x0000000706c00000| Untracked 
|  17|0x0000000706e00000, 0x0000000707000000, 0x0000000707000000|100%| O|  |TAMS 0x0000000707000000, 0x0000000706e00000| Untracked 
|  18|0x0000000707000000, 0x0000000707200000, 0x0000000707200000|100%| O|  |TAMS 0x0000000707200000, 0x0000000707000000| Untracked 
|  19|0x0000000707200000, 0x0000000707400000, 0x0000000707400000|100%| O|  |TAMS 0x0000000707400000, 0x0000000707200000| Untracked 
|  20|0x0000000707400000, 0x0000000707600000, 0x0000000707600000|100%| O|  |TAMS 0x0000000707600000, 0x0000000707400000| Untracked 
|  21|0x0000000707600000, 0x0000000707800000, 0x0000000707800000|100%| O|  |TAMS 0x0000000707800000, 0x0000000707600000| Untracked 
|  22|0x0000000707800000, 0x0000000707a00000, 0x0000000707a00000|100%| O|  |TAMS 0x0000000707a00000, 0x0000000707800000| Untracked 
|  23|0x0000000707a00000, 0x0000000707c00000, 0x0000000707c00000|100%| O|  |TAMS 0x0000000707c00000, 0x0000000707a00000| Untracked 
|  24|0x0000000707c00000, 0x0000000707e00000, 0x0000000707e00000|100%| O|  |TAMS 0x0000000707e00000, 0x0000000707c00000| Untracked 
|  25|0x0000000707e00000, 0x0000000708000000, 0x0000000708000000|100%| O|  |TAMS 0x0000000707f93200, 0x0000000707e00000| Untracked 
|  26|0x0000000708000000, 0x0000000708200000, 0x0000000708200000|100%| O|  |TAMS 0x0000000708000000, 0x0000000708000000| Untracked 
|  27|0x0000000708200000, 0x0000000708400000, 0x0000000708400000|100%| O|  |TAMS 0x0000000708200000, 0x0000000708200000| Untracked 
|  28|0x0000000708400000, 0x0000000708600000, 0x0000000708600000|100%| O|  |TAMS 0x0000000708400000, 0x0000000708400000| Untracked 
|  29|0x0000000708600000, 0x0000000708800000, 0x0000000708800000|100%| O|  |TAMS 0x0000000708600000, 0x0000000708600000| Untracked 
|  30|0x0000000708800000, 0x0000000708a00000, 0x0000000708a00000|100%| O|  |TAMS 0x0000000708800000, 0x0000000708800000| Untracked 
|  31|0x0000000708a00000, 0x0000000708c00000, 0x0000000708c00000|100%| O|  |TAMS 0x0000000708a00000, 0x0000000708a00000| Untracked 
|  32|0x0000000708c00000, 0x0000000708e00000, 0x0000000708e00000|100%| O|  |TAMS 0x0000000708c00000, 0x0000000708c00000| Untracked 
|  33|0x0000000708e00000, 0x0000000709000000, 0x0000000709000000|100%| O|  |TAMS 0x0000000708e00000, 0x0000000708e00000| Untracked 
|  34|0x0000000709000000, 0x0000000709200000, 0x0000000709200000|100%| O|  |TAMS 0x0000000709000000, 0x0000000709000000| Untracked 
|  35|0x0000000709200000, 0x0000000709400000, 0x0000000709400000|100%| O|  |TAMS 0x0000000709200000, 0x0000000709200000| Untracked 
|  36|0x0000000709400000, 0x0000000709600000, 0x0000000709600000|100%|HS|  |TAMS 0x0000000709400000, 0x0000000709400000| Complete 
|  37|0x0000000709600000, 0x0000000709800000, 0x0000000709800000|100%| O|  |TAMS 0x0000000709600000, 0x0000000709600000| Untracked 
|  38|0x0000000709800000, 0x0000000709a00000, 0x0000000709a00000|100%| O|  |TAMS 0x0000000709800000, 0x0000000709800000| Untracked 
|  39|0x0000000709a00000, 0x0000000709c00000, 0x0000000709c00000|100%| O|  |TAMS 0x0000000709a00000, 0x0000000709a00000| Untracked 
|  40|0x0000000709c00000, 0x0000000709e00000, 0x0000000709e00000|100%| O|  |TAMS 0x0000000709c00000, 0x0000000709c00000| Untracked 
|  41|0x0000000709e00000, 0x000000070a000000, 0x000000070a000000|100%| O|  |TAMS 0x0000000709e00000, 0x0000000709e00000| Untracked 
|  42|0x000000070a000000, 0x000000070a200000, 0x000000070a200000|100%| O|  |TAMS 0x000000070a000000, 0x000000070a000000| Untracked 
|  43|0x000000070a200000, 0x000000070a400000, 0x000000070a400000|100%|HS|  |TAMS 0x000000070a200000, 0x000000070a200000| Complete 
|  44|0x000000070a400000, 0x000000070a600000, 0x000000070a600000|100%|HC|  |TAMS 0x000000070a400000, 0x000000070a400000| Complete 
|  45|0x000000070a600000, 0x000000070a800000, 0x000000070a800000|100%| O|  |TAMS 0x000000070a600000, 0x000000070a600000| Untracked 
|  46|0x000000070a800000, 0x000000070aa00000, 0x000000070aa00000|100%| O|  |TAMS 0x000000070a800000, 0x000000070a800000| Untracked 
|  47|0x000000070aa00000, 0x000000070ac00000, 0x000000070ac00000|100%| O|  |TAMS 0x000000070aa00000, 0x000000070aa00000| Untracked 
|  48|0x000000070ac00000, 0x000000070ae00000, 0x000000070ae00000|100%| O|  |TAMS 0x000000070ac00000, 0x000000070ac00000| Untracked 
|  49|0x000000070ae00000, 0x000000070b000000, 0x000000070b000000|100%| O|  |TAMS 0x000000070ae00000, 0x000000070ae00000| Untracked 
|  50|0x000000070b000000, 0x000000070b200000, 0x000000070b200000|100%| O|  |TAMS 0x000000070b000000, 0x000000070b000000| Untracked 
|  51|0x000000070b200000, 0x000000070b400000, 0x000000070b400000|100%| O|  |TAMS 0x000000070b200000, 0x000000070b200000| Untracked 
|  52|0x000000070b400000, 0x000000070b600000, 0x000000070b600000|100%| O|  |TAMS 0x000000070b400000, 0x000000070b400000| Untracked 
|  53|0x000000070b600000, 0x000000070b800000, 0x000000070b800000|100%| O|  |TAMS 0x000000070b600000, 0x000000070b600000| Untracked 
|  54|0x000000070b800000, 0x000000070ba00000, 0x000000070ba00000|100%|HS|  |TAMS 0x000000070b800000, 0x000000070b800000| Complete 
|  55|0x000000070ba00000, 0x000000070bc00000, 0x000000070bc00000|100%|HC|  |TAMS 0x000000070ba00000, 0x000000070ba00000| Complete 
|  56|0x000000070bc00000, 0x000000070be00000, 0x000000070be00000|100%|HC|  |TAMS 0x000000070bc00000, 0x000000070bc00000| Complete 
|  57|0x000000070be00000, 0x000000070c000000, 0x000000070c000000|100%| O|  |TAMS 0x000000070be00000, 0x000000070be00000| Untracked 
|  58|0x000000070c000000, 0x000000070c200000, 0x000000070c200000|100%| O|  |TAMS 0x000000070c000000, 0x000000070c000000| Untracked 
|  59|0x000000070c200000, 0x000000070c400000, 0x000000070c400000|100%| O|  |TAMS 0x000000070c200000, 0x000000070c200000| Untracked 
|  60|0x000000070c400000, 0x000000070c600000, 0x000000070c600000|100%| O|  |TAMS 0x000000070c400000, 0x000000070c400000| Untracked 
|  61|0x000000070c600000, 0x000000070c636000, 0x000000070c800000| 10%| O|  |TAMS 0x000000070c600000, 0x000000070c600000| Untracked 
|  62|0x000000070c800000, 0x000000070c800000, 0x000000070ca00000|  0%| F|  |TAMS 0x000000070c800000, 0x000000070c800000| Untracked 
|  63|0x000000070ca00000, 0x000000070ca00000, 0x000000070cc00000|  0%| F|  |TAMS 0x000000070ca00000, 0x000000070ca00000| Untracked 
|  64|0x000000070cc00000, 0x000000070cc00000, 0x000000070ce00000|  0%| F|  |TAMS 0x000000070cc00000, 0x000000070cc00000| Untracked 
|  65|0x000000070ce00000, 0x000000070ce00000, 0x000000070d000000|  0%| F|  |TAMS 0x000000070ce00000, 0x000000070ce00000| Untracked 
|  66|0x000000070d000000, 0x000000070d000000, 0x000000070d200000|  0%| F|  |TAMS 0x000000070d000000, 0x000000070d000000| Untracked 
|  67|0x000000070d200000, 0x000000070d200000, 0x000000070d400000|  0%| F|  |TAMS 0x000000070d200000, 0x000000070d200000| Untracked 
|  68|0x000000070d400000, 0x000000070d400000, 0x000000070d600000|  0%| F|  |TAMS 0x000000070d400000, 0x000000070d400000| Untracked 
|  69|0x000000070d600000, 0x000000070d600000, 0x000000070d800000|  0%| F|  |TAMS 0x000000070d600000, 0x000000070d600000| Untracked 
|  70|0x000000070d800000, 0x000000070d800000, 0x000000070da00000|  0%| F|  |TAMS 0x000000070d800000, 0x000000070d800000| Untracked 
|  71|0x000000070da00000, 0x000000070da00000, 0x000000070dc00000|  0%| F|  |TAMS 0x000000070da00000, 0x000000070da00000| Untracked 
|  72|0x000000070dc00000, 0x000000070dc00000, 0x000000070de00000|  0%| F|  |TAMS 0x000000070dc00000, 0x000000070dc00000| Untracked 
|  73|0x000000070de00000, 0x000000070de00000, 0x000000070e000000|  0%| F|  |TAMS 0x000000070de00000, 0x000000070de00000| Untracked 
|  74|0x000000070e000000, 0x000000070e000000, 0x000000070e200000|  0%| F|  |TAMS 0x000000070e000000, 0x000000070e000000| Untracked 
|  75|0x000000070e200000, 0x000000070e200000, 0x000000070e400000|  0%| F|  |TAMS 0x000000070e200000, 0x000000070e200000| Untracked 
|  76|0x000000070e400000, 0x000000070e400000, 0x000000070e600000|  0%| F|  |TAMS 0x000000070e400000, 0x000000070e400000| Untracked 
|  77|0x000000070e600000, 0x000000070e600000, 0x000000070e800000|  0%| F|  |TAMS 0x000000070e600000, 0x000000070e600000| Untracked 
|  78|0x000000070e800000, 0x000000070e800000, 0x000000070ea00000|  0%| F|  |TAMS 0x000000070e800000, 0x000000070e800000| Untracked 
|  79|0x000000070ea00000, 0x000000070ea00000, 0x000000070ec00000|  0%| F|  |TAMS 0x000000070ea00000, 0x000000070ea00000| Untracked 
|  80|0x000000070ec00000, 0x000000070ec00000, 0x000000070ee00000|  0%| F|  |TAMS 0x000000070ec00000, 0x000000070ec00000| Untracked 
|  81|0x000000070ee00000, 0x000000070ee00000, 0x000000070f000000|  0%| F|  |TAMS 0x000000070ee00000, 0x000000070ee00000| Untracked 
|  82|0x000000070f000000, 0x000000070f000000, 0x000000070f200000|  0%| F|  |TAMS 0x000000070f000000, 0x000000070f000000| Untracked 
|  83|0x000000070f200000, 0x000000070f200000, 0x000000070f400000|  0%| F|  |TAMS 0x000000070f200000, 0x000000070f200000| Untracked 
|  84|0x000000070f400000, 0x000000070f400000, 0x000000070f600000|  0%| F|  |TAMS 0x000000070f400000, 0x000000070f400000| Untracked 
|  85|0x000000070f600000, 0x000000070f800000, 0x000000070f800000|100%| S|CS|TAMS 0x000000070f600000, 0x000000070f600000| Complete 
|  86|0x000000070f800000, 0x000000070fa00000, 0x000000070fa00000|100%| S|CS|TAMS 0x000000070f800000, 0x000000070f800000| Complete 
|  87|0x000000070fa00000, 0x000000070fc00000, 0x000000070fc00000|100%| S|CS|TAMS 0x000000070fa00000, 0x000000070fa00000| Complete 
|  88|0x000000070fc00000, 0x000000070fe00000, 0x000000070fe00000|100%| S|CS|TAMS 0x000000070fc00000, 0x000000070fc00000| Complete 
|  89|0x000000070fe00000, 0x0000000710000000, 0x0000000710000000|100%| S|CS|TAMS 0x000000070fe00000, 0x000000070fe00000| Complete 
|  90|0x0000000710000000, 0x0000000710000000, 0x0000000710200000|  0%| F|  |TAMS 0x0000000710000000, 0x0000000710000000| Untracked 
|  91|0x0000000710200000, 0x0000000710200000, 0x0000000710400000|  0%| F|  |TAMS 0x0000000710200000, 0x0000000710200000| Untracked 
|  92|0x0000000710400000, 0x0000000710600000, 0x0000000710600000|100%| S|CS|TAMS 0x0000000710400000, 0x0000000710400000| Complete 
|  93|0x0000000710600000, 0x0000000710800000, 0x0000000710800000|100%| S|CS|TAMS 0x0000000710600000, 0x0000000710600000| Complete 
|  94|0x0000000710800000, 0x0000000710a00000, 0x0000000710a00000|100%| S|CS|TAMS 0x0000000710800000, 0x0000000710800000| Complete 
|  95|0x0000000710a00000, 0x0000000710c00000, 0x0000000710c00000|100%| S|CS|TAMS 0x0000000710a00000, 0x0000000710a00000| Complete 
|  96|0x0000000710c00000, 0x0000000710c00000, 0x0000000710e00000|  0%| F|  |TAMS 0x0000000710c00000, 0x0000000710c00000| Untracked 
|  97|0x0000000710e00000, 0x0000000710e00000, 0x0000000711000000|  0%| F|  |TAMS 0x0000000710e00000, 0x0000000710e00000| Untracked 
|  98|0x0000000711000000, 0x0000000711000000, 0x0000000711200000|  0%| F|  |TAMS 0x0000000711000000, 0x0000000711000000| Untracked 
|  99|0x0000000711200000, 0x0000000711200000, 0x0000000711400000|  0%| F|  |TAMS 0x0000000711200000, 0x0000000711200000| Untracked 
| 100|0x0000000711400000, 0x0000000711400000, 0x0000000711600000|  0%| F|  |TAMS 0x0000000711400000, 0x0000000711400000| Untracked 
| 101|0x0000000711600000, 0x0000000711600000, 0x0000000711800000|  0%| F|  |TAMS 0x0000000711600000, 0x0000000711600000| Untracked 
| 102|0x0000000711800000, 0x0000000711800000, 0x0000000711a00000|  0%| F|  |TAMS 0x0000000711800000, 0x0000000711800000| Untracked 
| 103|0x0000000711a00000, 0x0000000711a00000, 0x0000000711c00000|  0%| F|  |TAMS 0x0000000711a00000, 0x0000000711a00000| Untracked 
| 104|0x0000000711c00000, 0x0000000711c00000, 0x0000000711e00000|  0%| F|  |TAMS 0x0000000711c00000, 0x0000000711c00000| Untracked 
| 105|0x0000000711e00000, 0x0000000711e00000, 0x0000000712000000|  0%| F|  |TAMS 0x0000000711e00000, 0x0000000711e00000| Untracked 
| 106|0x0000000712000000, 0x0000000712000000, 0x0000000712200000|  0%| F|  |TAMS 0x0000000712000000, 0x0000000712000000| Untracked 
| 107|0x0000000712200000, 0x0000000712200000, 0x0000000712400000|  0%| F|  |TAMS 0x0000000712200000, 0x0000000712200000| Untracked 
| 108|0x0000000712400000, 0x0000000712400000, 0x0000000712600000|  0%| F|  |TAMS 0x0000000712400000, 0x0000000712400000| Untracked 
| 109|0x0000000712600000, 0x0000000712600000, 0x0000000712800000|  0%| F|  |TAMS 0x0000000712600000, 0x0000000712600000| Untracked 
| 110|0x0000000712800000, 0x0000000712800000, 0x0000000712a00000|  0%| F|  |TAMS 0x0000000712800000, 0x0000000712800000| Untracked 
| 111|0x0000000712a00000, 0x0000000712a00000, 0x0000000712c00000|  0%| F|  |TAMS 0x0000000712a00000, 0x0000000712a00000| Untracked 
| 112|0x0000000712c00000, 0x0000000712c00000, 0x0000000712e00000|  0%| F|  |TAMS 0x0000000712c00000, 0x0000000712c00000| Untracked 
| 113|0x0000000712e00000, 0x0000000712e00000, 0x0000000713000000|  0%| F|  |TAMS 0x0000000712e00000, 0x0000000712e00000| Untracked 
| 114|0x0000000713000000, 0x0000000713000000, 0x0000000713200000|  0%| F|  |TAMS 0x0000000713000000, 0x0000000713000000| Untracked 
| 115|0x0000000713200000, 0x0000000713200000, 0x0000000713400000|  0%| F|  |TAMS 0x0000000713200000, 0x0000000713200000| Untracked 
| 116|0x0000000713400000, 0x0000000713400000, 0x0000000713600000|  0%| F|  |TAMS 0x0000000713400000, 0x0000000713400000| Untracked 
| 117|0x0000000713600000, 0x0000000713600000, 0x0000000713800000|  0%| F|  |TAMS 0x0000000713600000, 0x0000000713600000| Untracked 
| 118|0x0000000713800000, 0x0000000713800000, 0x0000000713a00000|  0%| F|  |TAMS 0x0000000713800000, 0x0000000713800000| Untracked 
| 119|0x0000000713a00000, 0x0000000713a00000, 0x0000000713c00000|  0%| F|  |TAMS 0x0000000713a00000, 0x0000000713a00000| Untracked 
| 120|0x0000000713c00000, 0x0000000713c00000, 0x0000000713e00000|  0%| F|  |TAMS 0x0000000713c00000, 0x0000000713c00000| Untracked 
| 121|0x0000000713e00000, 0x0000000713e00000, 0x0000000714000000|  0%| F|  |TAMS 0x0000000713e00000, 0x0000000713e00000| Untracked 
| 122|0x0000000714000000, 0x0000000714000000, 0x0000000714200000|  0%| F|  |TAMS 0x0000000714000000, 0x0000000714000000| Untracked 
| 123|0x0000000714200000, 0x0000000714200000, 0x0000000714400000|  0%| F|  |TAMS 0x0000000714200000, 0x0000000714200000| Untracked 
| 124|0x0000000714400000, 0x0000000714400000, 0x0000000714600000|  0%| F|  |TAMS 0x0000000714400000, 0x0000000714400000| Untracked 
| 125|0x0000000714600000, 0x0000000714600000, 0x0000000714800000|  0%| F|  |TAMS 0x0000000714600000, 0x0000000714600000| Untracked 
| 126|0x0000000714800000, 0x0000000714800000, 0x0000000714a00000|  0%| F|  |TAMS 0x0000000714800000, 0x0000000714800000| Untracked 
| 127|0x0000000714a00000, 0x0000000714a00000, 0x0000000714c00000|  0%| F|  |TAMS 0x0000000714a00000, 0x0000000714a00000| Untracked 
| 128|0x0000000714c00000, 0x0000000714c00000, 0x0000000714e00000|  0%| F|  |TAMS 0x0000000714c00000, 0x0000000714c00000| Untracked 
| 129|0x0000000714e00000, 0x0000000714e00000, 0x0000000715000000|  0%| F|  |TAMS 0x0000000714e00000, 0x0000000714e00000| Untracked 
| 130|0x0000000715000000, 0x0000000715000000, 0x0000000715200000|  0%| F|  |TAMS 0x0000000715000000, 0x0000000715000000| Untracked 
| 131|0x0000000715200000, 0x0000000715200000, 0x0000000715400000|  0%| F|  |TAMS 0x0000000715200000, 0x0000000715200000| Untracked 
| 132|0x0000000715400000, 0x0000000715400000, 0x0000000715600000|  0%| F|  |TAMS 0x0000000715400000, 0x0000000715400000| Untracked 
| 133|0x0000000715600000, 0x0000000715600000, 0x0000000715800000|  0%| F|  |TAMS 0x0000000715600000, 0x0000000715600000| Untracked 
| 134|0x0000000715800000, 0x0000000715800000, 0x0000000715a00000|  0%| F|  |TAMS 0x0000000715800000, 0x0000000715800000| Untracked 
| 135|0x0000000715a00000, 0x0000000715a00000, 0x0000000715c00000|  0%| F|  |TAMS 0x0000000715a00000, 0x0000000715a00000| Untracked 
| 136|0x0000000715c00000, 0x0000000715c00000, 0x0000000715e00000|  0%| F|  |TAMS 0x0000000715c00000, 0x0000000715c00000| Untracked 
| 137|0x0000000715e00000, 0x0000000715e00000, 0x0000000716000000|  0%| F|  |TAMS 0x0000000715e00000, 0x0000000715e00000| Untracked 
| 138|0x0000000716000000, 0x0000000716000000, 0x0000000716200000|  0%| F|  |TAMS 0x0000000716000000, 0x0000000716000000| Untracked 
| 139|0x0000000716200000, 0x0000000716200000, 0x0000000716400000|  0%| F|  |TAMS 0x0000000716200000, 0x0000000716200000| Untracked 
| 140|0x0000000716400000, 0x0000000716400000, 0x0000000716600000|  0%| F|  |TAMS 0x0000000716400000, 0x0000000716400000| Untracked 
| 141|0x0000000716600000, 0x0000000716600000, 0x0000000716800000|  0%| F|  |TAMS 0x0000000716600000, 0x0000000716600000| Untracked 
| 142|0x0000000716800000, 0x0000000716800000, 0x0000000716a00000|  0%| F|  |TAMS 0x0000000716800000, 0x0000000716800000| Untracked 
| 143|0x0000000716a00000, 0x0000000716a00000, 0x0000000716c00000|  0%| F|  |TAMS 0x0000000716a00000, 0x0000000716a00000| Untracked 
| 144|0x0000000716c00000, 0x0000000716c00000, 0x0000000716e00000|  0%| F|  |TAMS 0x0000000716c00000, 0x0000000716c00000| Untracked 
| 145|0x0000000716e00000, 0x0000000716e00000, 0x0000000717000000|  0%| F|  |TAMS 0x0000000716e00000, 0x0000000716e00000| Untracked 
| 146|0x0000000717000000, 0x0000000717000000, 0x0000000717200000|  0%| F|  |TAMS 0x0000000717000000, 0x0000000717000000| Untracked 
| 147|0x0000000717200000, 0x0000000717200000, 0x0000000717400000|  0%| F|  |TAMS 0x0000000717200000, 0x0000000717200000| Untracked 
| 148|0x0000000717400000, 0x0000000717400000, 0x0000000717600000|  0%| F|  |TAMS 0x0000000717400000, 0x0000000717400000| Untracked 
| 149|0x0000000717600000, 0x0000000717600000, 0x0000000717800000|  0%| F|  |TAMS 0x0000000717600000, 0x0000000717600000| Untracked 
| 150|0x0000000717800000, 0x0000000717800000, 0x0000000717a00000|  0%| F|  |TAMS 0x0000000717800000, 0x0000000717800000| Untracked 
| 151|0x0000000717a00000, 0x0000000717a00000, 0x0000000717c00000|  0%| F|  |TAMS 0x0000000717a00000, 0x0000000717a00000| Untracked 
| 152|0x0000000717c00000, 0x0000000717c00000, 0x0000000717e00000|  0%| F|  |TAMS 0x0000000717c00000, 0x0000000717c00000| Untracked 
| 153|0x0000000717e00000, 0x0000000717e00000, 0x0000000718000000|  0%| F|  |TAMS 0x0000000717e00000, 0x0000000717e00000| Untracked 
| 154|0x0000000718000000, 0x0000000718000000, 0x0000000718200000|  0%| F|  |TAMS 0x0000000718000000, 0x0000000718000000| Untracked 
| 155|0x0000000718200000, 0x0000000718200000, 0x0000000718400000|  0%| F|  |TAMS 0x0000000718200000, 0x0000000718200000| Untracked 
| 156|0x0000000718400000, 0x0000000718400000, 0x0000000718600000|  0%| F|  |TAMS 0x0000000718400000, 0x0000000718400000| Untracked 
| 157|0x0000000718600000, 0x0000000718600000, 0x0000000718800000|  0%| F|  |TAMS 0x0000000718600000, 0x0000000718600000| Untracked 
| 158|0x0000000718800000, 0x0000000718800000, 0x0000000718a00000|  0%| F|  |TAMS 0x0000000718800000, 0x0000000718800000| Untracked 
| 159|0x0000000718a00000, 0x0000000718a00000, 0x0000000718c00000|  0%| F|  |TAMS 0x0000000718a00000, 0x0000000718a00000| Untracked 
| 160|0x0000000718c00000, 0x0000000718c00000, 0x0000000718e00000|  0%| F|  |TAMS 0x0000000718c00000, 0x0000000718c00000| Untracked 
| 161|0x0000000718e00000, 0x0000000718e00000, 0x0000000719000000|  0%| F|  |TAMS 0x0000000718e00000, 0x0000000718e00000| Untracked 
| 162|0x0000000719000000, 0x0000000719000000, 0x0000000719200000|  0%| F|  |TAMS 0x0000000719000000, 0x0000000719000000| Untracked 
| 163|0x0000000719200000, 0x0000000719200000, 0x0000000719400000|  0%| F|  |TAMS 0x0000000719200000, 0x0000000719200000| Untracked 
| 164|0x0000000719400000, 0x0000000719400000, 0x0000000719600000|  0%| F|  |TAMS 0x0000000719400000, 0x0000000719400000| Untracked 
| 165|0x0000000719600000, 0x0000000719600000, 0x0000000719800000|  0%| F|  |TAMS 0x0000000719600000, 0x0000000719600000| Untracked 
| 166|0x0000000719800000, 0x0000000719800000, 0x0000000719a00000|  0%| F|  |TAMS 0x0000000719800000, 0x0000000719800000| Untracked 
| 167|0x0000000719a00000, 0x0000000719a00000, 0x0000000719c00000|  0%| F|  |TAMS 0x0000000719a00000, 0x0000000719a00000| Untracked 
| 168|0x0000000719c00000, 0x0000000719c00000, 0x0000000719e00000|  0%| F|  |TAMS 0x0000000719c00000, 0x0000000719c00000| Untracked 
| 169|0x0000000719e00000, 0x0000000719e00000, 0x000000071a000000|  0%| F|  |TAMS 0x0000000719e00000, 0x0000000719e00000| Untracked 
| 170|0x000000071a000000, 0x000000071a000000, 0x000000071a200000|  0%| F|  |TAMS 0x000000071a000000, 0x000000071a000000| Untracked 
| 171|0x000000071a200000, 0x000000071a200000, 0x000000071a400000|  0%| F|  |TAMS 0x000000071a200000, 0x000000071a200000| Untracked 
| 172|0x000000071a400000, 0x000000071a400000, 0x000000071a600000|  0%| F|  |TAMS 0x000000071a400000, 0x000000071a400000| Untracked 
| 173|0x000000071a600000, 0x000000071a600000, 0x000000071a800000|  0%| F|  |TAMS 0x000000071a600000, 0x000000071a600000| Untracked 
| 174|0x000000071a800000, 0x000000071a800000, 0x000000071aa00000|  0%| F|  |TAMS 0x000000071a800000, 0x000000071a800000| Untracked 
| 175|0x000000071aa00000, 0x000000071aa00000, 0x000000071ac00000|  0%| F|  |TAMS 0x000000071aa00000, 0x000000071aa00000| Untracked 
| 176|0x000000071ac00000, 0x000000071ac00000, 0x000000071ae00000|  0%| F|  |TAMS 0x000000071ac00000, 0x000000071ac00000| Untracked 
| 177|0x000000071ae00000, 0x000000071ae00000, 0x000000071b000000|  0%| F|  |TAMS 0x000000071ae00000, 0x000000071ae00000| Untracked 
| 178|0x000000071b000000, 0x000000071b000000, 0x000000071b200000|  0%| F|  |TAMS 0x000000071b000000, 0x000000071b000000| Untracked 
| 179|0x000000071b200000, 0x000000071b200000, 0x000000071b400000|  0%| F|  |TAMS 0x000000071b200000, 0x000000071b200000| Untracked 
| 180|0x000000071b400000, 0x000000071b400000, 0x000000071b600000|  0%| F|  |TAMS 0x000000071b400000, 0x000000071b400000| Untracked 
| 181|0x000000071b600000, 0x000000071b600000, 0x000000071b800000|  0%| F|  |TAMS 0x000000071b600000, 0x000000071b600000| Untracked 
| 182|0x000000071b800000, 0x000000071b800000, 0x000000071ba00000|  0%| F|  |TAMS 0x000000071b800000, 0x000000071b800000| Untracked 

Card table byte_map: [0x0000028d7c460000,0x0000028d7cc40000] _byte_map_base: 0x0000028d78c3a000

Marking Bits (Prev, Next): (CMBitMap*) 0x0000028d7b180350, (CMBitMap*) 0x0000028d7b180310
 Prev Bits: [0x0000028d1a6c0000, 0x0000028d1e590000)
 Next Bits: [0x0000028d167f0000, 0x0000028d1a6c0000)

Polling page: 0x0000028d7a8e0000

Metaspace:

Usage:
  Non-class:     26.57 MB used.
      Class:      3.29 MB used.
       Both:     29.86 MB used.

Virtual space:
  Non-class space:       64.00 MB reserved,      26.75 MB ( 42%) committed,  1 nodes.
      Class space:        1.00 GB reserved,       3.50 MB ( <1%) committed,  1 nodes.
             Both:        1.06 GB reserved,      30.25 MB (  3%) committed. 

Chunk freelists:
   Non-Class:  5.13 MB
       Class:  12.56 MB
        Both:  17.69 MB

MaxMetaspaceSize: unlimited
CompressedClassSpaceSize: 1.00 GB
Initial GC threshold: 21.00 MB
Current GC threshold: 44.94 MB
CDS: on
MetaspaceReclaimPolicy: balanced
 - commit_granule_bytes: 65536.
 - commit_granule_words: 8192.
 - virtual_space_node_default_size: 8388608.
 - enlarge_chunks_in_place: 1.
 - new_chunks_are_fully_committed: 0.
 - uncommit_free_chunks: 1.
 - use_allocation_guard: 0.
 - handle_deallocations: 1.


Internal statistics:

num_allocs_failed_limit: 3.
num_arena_births: 250.
num_arena_deaths: 0.
num_vsnodes_births: 2.
num_vsnodes_deaths: 0.
num_space_committed: 484.
num_space_uncommitted: 0.
num_chunks_returned_to_freelist: 3.
num_chunks_taken_from_freelist: 1411.
num_chunk_merges: 3.
num_chunk_splits: 948.
num_chunks_enlarged: 701.
num_inconsistent_stats: 0.

CodeHeap 'non-profiled nmethods': size=119168Kb used=6776Kb max_used=6776Kb free=112391Kb
 bounds [0x0000028d0f390000, 0x0000028d0fa30000, 0x0000028d167f0000]
CodeHeap 'profiled nmethods': size=119104Kb used=17785Kb max_used=17785Kb free=101318Kb
 bounds [0x0000028d077f0000, 0x0000028d08960000, 0x0000028d0ec40000]
CodeHeap 'non-nmethods': size=7488Kb used=2904Kb max_used=3011Kb free=4583Kb
 bounds [0x0000028d0ec40000, 0x0000028d0ef40000, 0x0000028d0f390000]
 total_blobs=8554 nmethods=8035 adapters=428
 compilation: enabled
              stopped_count=0, restarted_count=0
 full_count=0

Compilation events (20 events):
Event: 6.632 Thread 0x0000028d668bd6c0 nmethod 9589 0x0000028d0fa26090 code [0x0000028d0fa26240, 0x0000028d0fa26548]
Event: 6.633 Thread 0x0000028d6400ea30 9591       4       lombok.core.handlers.HandlerUtil::stripLinesWithTagFromJavadoc (64 bytes)
Event: 6.638 Thread 0x0000028d668bd6c0 9592       4       lombok.javac.JavacTreeMaker::Assign (23 bytes)
Event: 6.639 Thread 0x0000028d668bd6c0 nmethod 9592 0x0000028d0fa26910 code [0x0000028d0fa26aa0, 0x0000028d0fa26c08]
Event: 6.639 Thread 0x0000028d668bd6c0 9593       4       lombok.javac.JavacTreeMaker::Exec (19 bytes)
Event: 6.639 Thread 0x0000028d668bd6c0 nmethod 9593 0x0000028d0fa26d90 code [0x0000028d0fa26f20, 0x0000028d0fa27088]
Event: 6.639 Thread 0x0000028d668bd6c0 9594   !   4       jdk.internal.reflect.GeneratedMethodAccessor34::invoke (73 bytes)
Event: 6.640 Thread 0x0000028d668bd6c0 nmethod 9594 0x0000028d0fa27210 code [0x0000028d0fa273a0, 0x0000028d0fa275d8]
Event: 6.640 Thread 0x0000028d668bd6c0 9595   !   4       jdk.internal.reflect.GeneratedMethodAccessor35::invoke (65 bytes)
Event: 6.641 Thread 0x0000028d668bd6c0 nmethod 9595 0x0000028d0fa27810 code [0x0000028d0fa279a0, 0x0000028d0fa27b58]
Event: 6.642 Thread 0x0000028d668bd6c0 9596   !   4       com.sun.tools.javac.comp.Annotate$TypeAnnotate::visitVarDef (74 bytes)
Event: 6.644 Thread 0x0000028d6437c0f0 nmethod 9588 0x0000028d0fa27d90 code [0x0000028d0fa28000, 0x0000028d0fa2a230]
Event: 6.644 Thread 0x0000028d668bd6c0 nmethod 9596 0x0000028d0fa2b090 code [0x0000028d0fa2b220, 0x0000028d0fa2b5b8]
Event: 6.645 Thread 0x0000028d6437c0f0 9597       4       com.sun.tools.javac.util.Context::key (50 bytes)
Event: 6.649 Thread 0x0000028d6437c0f0 nmethod 9597 0x0000028d0fa2b710 code [0x0000028d0fa2b8e0, 0x0000028d0fa2bd48]
Event: 6.649 Thread 0x0000028d6400ea30 nmethod 9591 0x0000028d0fa2c110 code [0x0000028d0fa2c380, 0x0000028d0fa2d8d0]
Event: 6.650 Thread 0x0000028d649a8a70 9598       3       lombok.core.handlers.InclusionExclusionUtils::handleIncludeExcludeMarking (791 bytes)
Event: 6.653 Thread 0x0000028d649a8a70 nmethod 9598 0x0000028d08946090 code [0x0000028d08946a40, 0x0000028d0894de38]
Event: 6.656 Thread 0x0000028d6400ea30 9599       4       lombok.javac.handlers.JavacHandlerUtil::injectMethod (212 bytes)
Event: 6.657 Thread 0x0000028d668bd6c0 9600 %     4       lombok.javac.JavacAST::buildType @ 76 (203 bytes)

GC Heap History (20 events):
Event: 5.159 GC heap after
{Heap after GC invocations=16 (full 0):
 garbage-first heap   total 192512K, used 68776K [0x0000000704c00000, 0x0000000800000000)
  region size 2048K, 2 young (4096K), 2 survivors (4096K)
 Metaspace       used 29672K, committed 30016K, reserved 1114112K
  class space    used 3288K, committed 3456K, reserved 1048576K
}
Event: 5.339 GC heap before
{Heap before GC invocations=16 (full 0):
 garbage-first heap   total 192512K, used 144552K [0x0000000704c00000, 0x0000000800000000)
  region size 2048K, 39 young (79872K), 2 survivors (4096K)
 Metaspace       used 30198K, committed 30528K, reserved 1114112K
  class space    used 3357K, committed 3520K, reserved 1048576K
}
Event: 5.342 GC heap after
{Heap after GC invocations=17 (full 0):
 garbage-first heap   total 192512K, used 70365K [0x0000000704c00000, 0x0000000800000000)
  region size 2048K, 3 young (6144K), 3 survivors (6144K)
 Metaspace       used 30198K, committed 30528K, reserved 1114112K
  class space    used 3357K, committed 3520K, reserved 1048576K
}
Event: 5.460 GC heap before
{Heap before GC invocations=17 (full 0):
 garbage-first heap   total 192512K, used 148189K [0x0000000704c00000, 0x0000000800000000)
  region size 2048K, 41 young (83968K), 3 survivors (6144K)
 Metaspace       used 30340K, committed 30784K, reserved 1114112K
  class space    used 3360K, committed 3584K, reserved 1048576K
}
Event: 5.466 GC heap after
{Heap after GC invocations=18 (full 0):
 garbage-first heap   total 231424K, used 74374K [0x0000000704c00000, 0x0000000800000000)
  region size 2048K, 5 young (10240K), 5 survivors (10240K)
 Metaspace       used 30340K, committed 30784K, reserved 1114112K
  class space    used 3360K, committed 3584K, reserved 1048576K
}
Event: 5.605 GC heap before
{Heap before GC invocations=18 (full 0):
 garbage-first heap   total 231424K, used 178822K [0x0000000704c00000, 0x0000000800000000)
  region size 2048K, 56 young (114688K), 5 survivors (10240K)
 Metaspace       used 30414K, committed 30848K, reserved 1114112K
  class space    used 3362K, committed 3584K, reserved 1048576K
}
Event: 5.613 GC heap after
{Heap after GC invocations=19 (full 0):
 garbage-first heap   total 231424K, used 79796K [0x0000000704c00000, 0x0000000800000000)
  region size 2048K, 6 young (12288K), 6 survivors (12288K)
 Metaspace       used 30414K, committed 30848K, reserved 1114112K
  class space    used 3362K, committed 3584K, reserved 1048576K
}
Event: 5.729 GC heap before
{Heap before GC invocations=19 (full 0):
 garbage-first heap   total 231424K, used 182196K [0x0000000704c00000, 0x0000000800000000)
  region size 2048K, 56 young (114688K), 6 survivors (12288K)
 Metaspace       used 30444K, committed 30848K, reserved 1114112K
  class space    used 3362K, committed 3584K, reserved 1048576K
}
Event: 5.737 GC heap after
{Heap after GC invocations=20 (full 0):
 garbage-first heap   total 231424K, used 85479K [0x0000000704c00000, 0x0000000800000000)
  region size 2048K, 6 young (12288K), 6 survivors (12288K)
 Metaspace       used 30444K, committed 30848K, reserved 1114112K
  class space    used 3362K, committed 3584K, reserved 1048576K
}
Event: 5.842 GC heap before
{Heap before GC invocations=20 (full 0):
 garbage-first heap   total 231424K, used 187879K [0x0000000704c00000, 0x0000000800000000)
  region size 2048K, 55 young (112640K), 6 survivors (12288K)
 Metaspace       used 30463K, committed 30912K, reserved 1114112K
  class space    used 3362K, committed 3584K, reserved 1048576K
}
Event: 5.850 GC heap after
{Heap after GC invocations=21 (full 0):
 garbage-first heap   total 231424K, used 91504K [0x0000000704c00000, 0x0000000800000000)
  region size 2048K, 5 young (10240K), 5 survivors (10240K)
 Metaspace       used 30463K, committed 30912K, reserved 1114112K
  class space    used 3362K, committed 3584K, reserved 1048576K
}
Event: 5.943 GC heap before
{Heap before GC invocations=21 (full 0):
 garbage-first heap   total 231424K, used 187760K [0x0000000704c00000, 0x0000000800000000)
  region size 2048K, 52 young (106496K), 5 survivors (10240K)
 Metaspace       used 30485K, committed 30912K, reserved 1114112K
  class space    used 3363K, committed 3584K, reserved 1048576K
}
Event: 5.950 GC heap after
{Heap after GC invocations=22 (full 0):
 garbage-first heap   total 374784K, used 96491K [0x0000000704c00000, 0x0000000800000000)
  region size 2048K, 5 young (10240K), 5 survivors (10240K)
 Metaspace       used 30485K, committed 30912K, reserved 1114112K
  class space    used 3363K, committed 3584K, reserved 1048576K
}
Event: 6.192 GC heap before
{Heap before GC invocations=22 (full 0):
 garbage-first heap   total 374784K, used 307435K [0x0000000704c00000, 0x0000000800000000)
  region size 2048K, 106 young (217088K), 5 survivors (10240K)
 Metaspace       used 30495K, committed 30912K, reserved 1114112K
  class space    used 3363K, committed 3584K, reserved 1048576K
}
Event: 6.201 GC heap after
{Heap after GC invocations=23 (full 0):
 garbage-first heap   total 374784K, used 109850K [0x0000000704c00000, 0x0000000800000000)
  region size 2048K, 10 young (20480K), 10 survivors (20480K)
 Metaspace       used 30495K, committed 30912K, reserved 1114112K
  class space    used 3363K, committed 3584K, reserved 1048576K
}
Event: 6.365 GC heap before
{Heap before GC invocations=23 (full 0):
 garbage-first heap   total 374784K, used 300314K [0x0000000704c00000, 0x0000000800000000)
  region size 2048K, 103 young (210944K), 10 survivors (20480K)
 Metaspace       used 30559K, committed 30976K, reserved 1114112K
  class space    used 3365K, committed 3584K, reserved 1048576K
}
Event: 6.376 GC heap after
{Heap after GC invocations=24 (full 0):
 garbage-first heap   total 374784K, used 119700K [0x0000000704c00000, 0x0000000800000000)
  region size 2048K, 10 young (20480K), 10 survivors (20480K)
 Metaspace       used 30559K, committed 30976K, reserved 1114112K
  class space    used 3365K, committed 3584K, reserved 1048576K
}
Event: 6.519 GC heap before
{Heap before GC invocations=24 (full 0):
 garbage-first heap   total 374784K, used 306068K [0x0000000704c00000, 0x0000000800000000)
  region size 2048K, 101 young (206848K), 10 survivors (20480K)
 Metaspace       used 30571K, committed 30976K, reserved 1114112K
  class space    used 3365K, committed 3584K, reserved 1048576K
}
Event: 6.533 GC heap after
{Heap after GC invocations=25 (full 0):
 garbage-first heap   total 374784K, used 128576K [0x0000000704c00000, 0x0000000800000000)
  region size 2048K, 10 young (20480K), 10 survivors (20480K)
 Metaspace       used 30571K, committed 30976K, reserved 1114112K
  class space    used 3365K, committed 3584K, reserved 1048576K
}
Event: 6.682 GC heap before
{Heap before GC invocations=25 (full 0):
 garbage-first heap   total 374784K, used 312896K [0x0000000704c00000, 0x0000000800000000)
  region size 2048K, 97 young (198656K), 10 survivors (20480K)
 Metaspace       used 30571K, committed 30976K, reserved 1114112K
  class space    used 3365K, committed 3584K, reserved 1048576K
}

Deoptimization events (20 events):
Event: 6.573 Thread 0x0000028d7b110850 Uncommon trap: trap_request=0xffffffbe fr.pc=0x0000028d0fa126d8 relative=0x0000000000000758
Event: 6.573 Thread 0x0000028d7b110850 Uncommon trap: reason=profile_predicate action=maybe_recompile pc=0x0000028d0fa126d8 method=lombok.javac.handlers.JavacHandlerUtil.addSuppressWarningsAll(Lcom/sun/tools/javac/tree/JCTree$JCModifiers;Llombok/javac/JavacNode;Llombok/javac/JavacNode;Lcom/sun
Event: 6.574 Thread 0x0000028d7b110850 DEOPT PACKING pc=0x0000028d0fa126d8 sp=0x000000a45a2fc810
Event: 6.574 Thread 0x0000028d7b110850 DEOPT UNPACKING pc=0x0000028d0ec923a3 sp=0x000000a45a2fc7c0 mode 2
Event: 6.574 Thread 0x0000028d7b110850 Uncommon trap: trap_request=0xffffffbe fr.pc=0x0000028d0fa126d8 relative=0x0000000000000758
Event: 6.574 Thread 0x0000028d7b110850 Uncommon trap: reason=profile_predicate action=maybe_recompile pc=0x0000028d0fa126d8 method=lombok.javac.handlers.JavacHandlerUtil.addSuppressWarningsAll(Lcom/sun/tools/javac/tree/JCTree$JCModifiers;Llombok/javac/JavacNode;Llombok/javac/JavacNode;Lcom/sun
Event: 6.574 Thread 0x0000028d7b110850 DEOPT PACKING pc=0x0000028d0fa126d8 sp=0x000000a45a2fc810
Event: 6.574 Thread 0x0000028d7b110850 DEOPT UNPACKING pc=0x0000028d0ec923a3 sp=0x000000a45a2fc7c0 mode 2
Event: 6.574 Thread 0x0000028d7b110850 Uncommon trap: trap_request=0xffffffbe fr.pc=0x0000028d0fa126d8 relative=0x0000000000000758
Event: 6.574 Thread 0x0000028d7b110850 Uncommon trap: reason=profile_predicate action=maybe_recompile pc=0x0000028d0fa126d8 method=lombok.javac.handlers.JavacHandlerUtil.addSuppressWarningsAll(Lcom/sun/tools/javac/tree/JCTree$JCModifiers;Llombok/javac/JavacNode;Llombok/javac/JavacNode;Lcom/sun
Event: 6.574 Thread 0x0000028d7b110850 DEOPT PACKING pc=0x0000028d0fa126d8 sp=0x000000a45a2fc810
Event: 6.574 Thread 0x0000028d7b110850 DEOPT UNPACKING pc=0x0000028d0ec923a3 sp=0x000000a45a2fc7c0 mode 2
Event: 6.574 Thread 0x0000028d7b110850 Uncommon trap: trap_request=0xffffffbe fr.pc=0x0000028d0fa126d8 relative=0x0000000000000758
Event: 6.574 Thread 0x0000028d7b110850 Uncommon trap: reason=profile_predicate action=maybe_recompile pc=0x0000028d0fa126d8 method=lombok.javac.handlers.JavacHandlerUtil.addSuppressWarningsAll(Lcom/sun/tools/javac/tree/JCTree$JCModifiers;Llombok/javac/JavacNode;Llombok/javac/JavacNode;Lcom/sun
Event: 6.574 Thread 0x0000028d7b110850 DEOPT PACKING pc=0x0000028d0fa126d8 sp=0x000000a45a2fc810
Event: 6.574 Thread 0x0000028d7b110850 DEOPT UNPACKING pc=0x0000028d0ec923a3 sp=0x000000a45a2fc7c0 mode 2
Event: 6.588 Thread 0x0000028d7b110850 DEOPT PACKING pc=0x0000028d0849179e sp=0x000000a45a2fc380
Event: 6.588 Thread 0x0000028d7b110850 DEOPT UNPACKING pc=0x0000028d0ec92b43 sp=0x000000a45a2fb890 mode 0
Event: 6.650 Thread 0x0000028d7b110850 DEOPT PACKING pc=0x0000028d083af49b sp=0x000000a45a2fc980
Event: 6.650 Thread 0x0000028d7b110850 DEOPT UNPACKING pc=0x0000028d0ec92b43 sp=0x000000a45a2fbee0 mode 0

Classes unloaded (0 events):
No events

Classes redefined (0 events):
No events

Internal exceptions (20 events):
Event: 4.596 Thread 0x0000028d7b110850 Exception <a 'sun/nio/fs/WindowsException'{0x000000070e398718}> (0x000000070e398718) 
thrown [s\open\src\hotspot\share\prims\jni.cpp, line 516]
Event: 4.596 Thread 0x0000028d7b110850 Exception <a 'sun/nio/fs/WindowsException'{0x000000070e398a60}> (0x000000070e398a60) 
thrown [s\open\src\hotspot\share\prims\jni.cpp, line 516]
Event: 4.596 Thread 0x0000028d7b110850 Exception <a 'sun/nio/fs/WindowsException'{0x000000070e39da90}> (0x000000070e39da90) 
thrown [s\open\src\hotspot\share\prims\jni.cpp, line 516]
Event: 4.596 Thread 0x0000028d7b110850 Exception <a 'sun/nio/fs/WindowsException'{0x000000070e39de20}> (0x000000070e39de20) 
thrown [s\open\src\hotspot\share\prims\jni.cpp, line 516]
Event: 4.596 Thread 0x0000028d7b110850 Exception <a 'sun/nio/fs/WindowsException'{0x000000070e3a2868}> (0x000000070e3a2868) 
thrown [s\open\src\hotspot\share\prims\jni.cpp, line 516]
Event: 4.596 Thread 0x0000028d7b110850 Exception <a 'sun/nio/fs/WindowsException'{0x000000070e3a2c38}> (0x000000070e3a2c38) 
thrown [s\open\src\hotspot\share\prims\jni.cpp, line 516]
Event: 4.596 Thread 0x0000028d7b110850 Exception <a 'sun/nio/fs/WindowsException'{0x000000070e3a49b8}> (0x000000070e3a49b8) 
thrown [s\open\src\hotspot\share\prims\jni.cpp, line 516]
Event: 4.596 Thread 0x0000028d7b110850 Exception <a 'sun/nio/fs/WindowsException'{0x000000070e3a4d38}> (0x000000070e3a4d38) 
thrown [s\open\src\hotspot\share\prims\jni.cpp, line 516]
Event: 4.596 Thread 0x0000028d7b110850 Exception <a 'sun/nio/fs/WindowsException'{0x000000070e3a7400}> (0x000000070e3a7400) 
thrown [s\open\src\hotspot\share\prims\jni.cpp, line 516]
Event: 4.596 Thread 0x0000028d7b110850 Exception <a 'sun/nio/fs/WindowsException'{0x000000070e3a77c0}> (0x000000070e3a77c0) 
thrown [s\open\src\hotspot\share\prims\jni.cpp, line 516]
Event: 4.670 Thread 0x0000028d7b110850 Exception <a 'sun/nio/fs/WindowsException'{0x000000070ca652e0}> (0x000000070ca652e0) 
thrown [s\open\src\hotspot\share\prims\jni.cpp, line 516]
Event: 4.670 Thread 0x0000028d7b110850 Exception <a 'sun/nio/fs/WindowsException'{0x000000070ca65698}> (0x000000070ca65698) 
thrown [s\open\src\hotspot\share\prims\jni.cpp, line 516]
Event: 4.670 Thread 0x0000028d7b110850 Exception <a 'sun/nio/fs/WindowsException'{0x000000070ca67e28}> (0x000000070ca67e28) 
thrown [s\open\src\hotspot\share\prims\jni.cpp, line 516]
Event: 4.670 Thread 0x0000028d7b110850 Exception <a 'sun/nio/fs/WindowsException'{0x000000070ca68188}> (0x000000070ca68188) 
thrown [s\open\src\hotspot\share\prims\jni.cpp, line 516]
Event: 4.670 Thread 0x0000028d7b110850 Exception <a 'sun/nio/fs/WindowsException'{0x000000070ca6c6a0}> (0x000000070ca6c6a0) 
thrown [s\open\src\hotspot\share\prims\jni.cpp, line 516]
Event: 4.670 Thread 0x0000028d7b110850 Exception <a 'sun/nio/fs/WindowsException'{0x000000070ca6ca50}> (0x000000070ca6ca50) 
thrown [s\open\src\hotspot\share\prims\jni.cpp, line 516]
Event: 4.793 Thread 0x0000028d7b110850 Implicit null exception at 0x0000028d0f4d3c33 to 0x0000028d0f4d4068
Event: 4.800 Thread 0x0000028d7b110850 Implicit null exception at 0x0000028d0f59bbeb to 0x0000028d0f59bdc0
Event: 5.203 Thread 0x0000028d7b110850 Implicit null exception at 0x0000028d0f724da3 to 0x0000028d0f72572f
Event: 6.004 Thread 0x0000028d7b110850 Implicit null exception at 0x0000028d0f8ad6a3 to 0x0000028d0f8adf23

VM Operations (20 events):
Event: 5.466 Executing VM operation: G1CollectForAllocation done
Event: 5.605 Executing VM operation: G1CollectForAllocation
Event: 5.613 Executing VM operation: G1CollectForAllocation done
Event: 5.729 Executing VM operation: G1CollectForAllocation
Event: 5.737 Executing VM operation: G1CollectForAllocation done
Event: 5.842 Executing VM operation: G1CollectForAllocation
Event: 5.850 Executing VM operation: G1CollectForAllocation done
Event: 5.943 Executing VM operation: G1CollectForAllocation
Event: 5.950 Executing VM operation: G1CollectForAllocation done
Event: 5.951 Executing VM operation: HandshakeAllThreads
Event: 5.951 Executing VM operation: HandshakeAllThreads done
Event: 6.192 Executing VM operation: G1CollectForAllocation
Event: 6.201 Executing VM operation: G1CollectForAllocation done
Event: 6.365 Executing VM operation: G1CollectForAllocation
Event: 6.377 Executing VM operation: G1CollectForAllocation done
Event: 6.519 Executing VM operation: G1CollectForAllocation
Event: 6.533 Executing VM operation: G1CollectForAllocation done
Event: 6.554 Executing VM operation: HandshakeAllThreads
Event: 6.554 Executing VM operation: HandshakeAllThreads done
Event: 6.682 Executing VM operation: G1CollectForAllocation

Events (20 events):
Event: 5.958 Thread 0x0000028d640244d0 flushing nmethod 0x0000028d088a6d10
Event: 5.958 Thread 0x0000028d640244d0 flushing nmethod 0x0000028d088a7110
Event: 5.958 Thread 0x0000028d640244d0 flushing nmethod 0x0000028d088a8590
Event: 5.958 Thread 0x0000028d640244d0 flushing nmethod 0x0000028d088a8e10
Event: 5.958 Thread 0x0000028d640244d0 flushing nmethod 0x0000028d088a9810
Event: 5.958 Thread 0x0000028d640244d0 flushing nmethod 0x0000028d088aa390
Event: 5.958 Thread 0x0000028d640244d0 flushing nmethod 0x0000028d088abd10
Event: 5.958 Thread 0x0000028d640244d0 flushing nmethod 0x0000028d088ad510
Event: 5.958 Thread 0x0000028d640244d0 flushing nmethod 0x0000028d088ae910
Event: 5.958 Thread 0x0000028d640244d0 flushing nmethod 0x0000028d088b0610
Event: 5.958 Thread 0x0000028d640244d0 flushing nmethod 0x0000028d088b2510
Event: 5.958 Thread 0x0000028d640244d0 flushing nmethod 0x0000028d088b2c90
Event: 5.958 Thread 0x0000028d640244d0 flushing nmethod 0x0000028d088b3610
Event: 5.958 Thread 0x0000028d640244d0 flushing nmethod 0x0000028d088b3990
Event: 5.958 Thread 0x0000028d640244d0 flushing nmethod 0x0000028d088b4890
Event: 5.958 Thread 0x0000028d640244d0 flushing nmethod 0x0000028d088b5010
Event: 5.958 Thread 0x0000028d640244d0 flushing nmethod 0x0000028d088bb190
Event: 5.958 Thread 0x0000028d640244d0 flushing nmethod 0x0000028d088bbc90
Event: 6.555 Thread 0x0000028d640244d0 flushing nmethod 0x0000028d0f716190
Event: 6.555 Thread 0x0000028d640244d0 flushing nmethod 0x0000028d0f767010


Dynamic libraries:
0x00007ff702de0000 - 0x00007ff702df0000 	C:\Program Files\Java\jdk-17\bin\javaw.exe
0x00007ff854fd0000 - 0x00007ff8551e7000 	C:\Windows\SYSTEM32\ntdll.dll
0x00007ff8537b0000 - 0x00007ff853874000 	C:\Windows\System32\KERNEL32.DLL
0x00007ff852740000 - 0x00007ff852aed000 	C:\Windows\System32\KERNELBASE.dll
0x00007ff852b20000 - 0x00007ff852c31000 	C:\Windows\System32\ucrtbase.dll
0x00007ff83ecb0000 - 0x00007ff83eccb000 	C:\Program Files\Java\jdk-17\bin\VCRUNTIME140.dll
0x00007ff83e700000 - 0x00007ff83e719000 	C:\Program Files\Java\jdk-17\bin\jli.dll
0x00007ff854180000 - 0x00007ff854232000 	C:\Windows\System32\ADVAPI32.dll
0x00007ff854ca0000 - 0x00007ff854d47000 	C:\Windows\System32\msvcrt.dll
0x00007ff854390000 - 0x00007ff854439000 	C:\Windows\System32\sechost.dll
0x00007ff852af0000 - 0x00007ff852b18000 	C:\Windows\System32\bcrypt.dll
0x00007ff852d10000 - 0x00007ff852e24000 	C:\Windows\System32\RPCRT4.dll
0x00007ff853880000 - 0x00007ff853a2e000 	C:\Windows\System32\USER32.dll
0x00007ff852ce0000 - 0x00007ff852d06000 	C:\Windows\System32\win32u.dll
0x00007ff83a400000 - 0x00007ff83a693000 	C:\Windows\WinSxS\amd64_microsoft.windows.common-controls_6595b64144ccf1df_6.0.22621.3672_none_2713b9d173822955\COMCTL32.dll
0x00007ff854240000 - 0x00007ff854269000 	C:\Windows\System32\GDI32.dll
0x00007ff852620000 - 0x00007ff852739000 	C:\Windows\System32\gdi32full.dll
0x00007ff852c40000 - 0x00007ff852cda000 	C:\Windows\System32\msvcp_win.dll
0x00007ff83dee0000 - 0x00007ff83deea000 	C:\Windows\SYSTEM32\VERSION.dll
0x00007ff854350000 - 0x00007ff854381000 	C:\Windows\System32\IMM32.DLL
0x00007ff84be30000 - 0x00007ff84be3c000 	C:\Program Files\Java\jdk-17\bin\vcruntime140_1.dll
0x00007ff81eea0000 - 0x00007ff81ef2e000 	C:\Program Files\Java\jdk-17\bin\msvcp140.dll
0x00007fffb9520000 - 0x00007fffba100000 	C:\Program Files\Java\jdk-17\bin\server\jvm.dll
0x00007ff853b40000 - 0x00007ff853b48000 	C:\Windows\System32\PSAPI.DLL
0x00007fffe9500000 - 0x00007fffe9509000 	C:\Windows\SYSTEM32\WSOCK32.dll
0x00007ff84a170000 - 0x00007ff84a1a4000 	C:\Windows\SYSTEM32\WINMM.dll
0x00007ff853400000 - 0x00007ff853471000 	C:\Windows\System32\WS2_32.dll
0x00007ff8513e0000 - 0x00007ff8513f8000 	C:\Windows\SYSTEM32\kernel.appcore.dll
0x00007ff84a1d0000 - 0x00007ff84a1da000 	C:\Program Files\Java\jdk-17\bin\jimage.dll
0x00007ff84f5d0000 - 0x00007ff84f802000 	C:\Windows\SYSTEM32\DBGHELP.DLL
0x00007ff853070000 - 0x00007ff8533f8000 	C:\Windows\System32\combase.dll
0x00007ff854270000 - 0x00007ff854347000 	C:\Windows\System32\OLEAUT32.dll
0x00007ff821280000 - 0x00007ff8212b2000 	C:\Windows\SYSTEM32\dbgcore.DLL
0x00007ff852300000 - 0x00007ff85237b000 	C:\Windows\System32\bcryptPrimitives.dll
0x00007ff828de0000 - 0x00007ff828e05000 	C:\Program Files\Java\jdk-17\bin\java.dll
0x00007ffff7d50000 - 0x00007ffff7e27000 	C:\Program Files\Java\jdk-17\bin\jsvml.dll
0x00007ff854440000 - 0x00007ff854c9f000 	C:\Windows\System32\SHELL32.dll
0x00007ff850200000 - 0x00007ff850afc000 	C:\Windows\SYSTEM32\windows.storage.dll
0x00007ff8500c0000 - 0x00007ff8501ff000 	C:\Windows\SYSTEM32\wintypes.dll
0x00007ff853650000 - 0x00007ff853744000 	C:\Windows\System32\SHCORE.dll
0x00007ff852e90000 - 0x00007ff852eee000 	C:\Windows\System32\shlwapi.dll
0x00007ff852230000 - 0x00007ff852251000 	C:\Windows\SYSTEM32\profapi.dll
0x00007ff83e0e0000 - 0x00007ff83e0f9000 	C:\Program Files\Java\jdk-17\bin\net.dll
0x00007ff84d9f0000 - 0x00007ff84db26000 	C:\Windows\SYSTEM32\WINHTTP.dll
0x00007ff851840000 - 0x00007ff8518a9000 	C:\Windows\system32\mswsock.dll
0x00007ff8292b0000 - 0x00007ff8292c6000 	C:\Program Files\Java\jdk-17\bin\nio.dll
0x00007ff828ec0000 - 0x00007ff828ed8000 	C:\Program Files\Java\jdk-17\bin\zip.dll
0x00007ff8215c0000 - 0x00007ff8215e4000 	C:\Users\AIO16\AppData\Local\Temp\jansi-2.4.2-b8d3107d5cb27693-jansi.dll
0x00007ff83eea0000 - 0x00007ff83eeb0000 	C:\Program Files\Java\jdk-17\bin\verify.dll
0x00007ff850d60000 - 0x00007ff850d8d000 	C:\Windows\SYSTEM32\IPHLPAPI.DLL
0x00007ff853590000 - 0x00007ff853599000 	C:\Windows\System32\NSI.dll
0x00007ff84d1d0000 - 0x00007ff84d1e9000 	C:\Windows\SYSTEM32\dhcpcsvc6.DLL
0x00007ff84d1b0000 - 0x00007ff84d1cf000 	C:\Windows\SYSTEM32\dhcpcsvc.DLL
0x00007ff850d90000 - 0x00007ff850e88000 	C:\Windows\SYSTEM32\DNSAPI.dll

dbghelp: loaded successfully - version: 4.0.5 - missing functions: none
symbol engine: initialized successfully - sym options: 0x614 - pdb path: .;C:\Program Files\Java\jdk-17\bin;C:\Windows\SYSTEM32;C:\Windows\WinSxS\amd64_microsoft.windows.common-controls_6595b64144ccf1df_6.0.22621.3672_none_2713b9d173822955;C:\Program Files\Java\jdk-17\bin\server;C:\Users\AIO16\AppData\Local\Temp

VM Arguments:
jvm_args: -Dfile.encoding-UTF8 -Dmaven.home=EMBEDDED -Dclassworlds.conf=D:\Project\workspace\workspace280126\.metadata\.plugins\org.eclipse.m2e.launching\launches\m2conf17045069254359234119.tmp -Dmaven.multiModuleProjectDirectory=D:\Project\workspace\workspace280126\asm_gstn_return_db_store -Dm2e.build.project.data.socket.port=53035 -Dfile.encoding=UTF-8 -Dstdout.encoding=UTF-8 -Dstderr.encoding=UTF-8 -XX:+ShowCodeDetailsInExceptionMessages 
java_command: org.codehaus.plexus.classworlds.launcher.Launcher -Ppom.xml -B -Dstyle.color=always install
java_class_path (initial): D:\Project\sts-5.0.1.RELEASE\plugins\org.eclipse.m2e.maven.runtime_3.9.1101.20251020-1549\jars\plexus-classworlds-2.9.0.jar
Launcher Type: SUN_STANDARD

[Global flags]
     intx CICompilerCount                          = 12                                        {product} {ergonomic}
     uint ConcGCThreads                            = 4                                         {product} {ergonomic}
     uint G1ConcRefinementThreads                  = 15                                        {product} {ergonomic}
   size_t G1HeapRegionSize                         = 2097152                                   {product} {ergonomic}
    uintx GCDrainStackTargetSize                   = 64                                        {product} {ergonomic}
   size_t InitialHeapSize                          = 264241152                                 {product} {ergonomic}
   size_t MarkStackSize                            = 4194304                                   {product} {ergonomic}
   size_t MaxHeapSize                              = 4215275520                                {product} {ergonomic}
   size_t MaxNewSize                               = 2529165312                                {product} {ergonomic}
   size_t MinHeapDeltaBytes                        = 2097152                                   {product} {ergonomic}
   size_t MinHeapSize                              = 8388608                                   {product} {ergonomic}
    uintx NonNMethodCodeHeapSize                   = 7602480                                {pd product} {ergonomic}
    uintx NonProfiledCodeHeapSize                  = 122027880                              {pd product} {ergonomic}
    uintx ProfiledCodeHeapSize                     = 122027880                              {pd product} {ergonomic}
    uintx ReservedCodeCacheSize                    = 251658240                              {pd product} {ergonomic}
     bool SegmentedCodeCache                       = true                                      {product} {ergonomic}
     bool ShowCodeDetailsInExceptionMessages       = true                                   {manageable} {command line}
   size_t SoftMaxHeapSize                          = 4215275520                             {manageable} {ergonomic}
     bool UseCompressedClassPointers               = true                           {product lp64_product} {ergonomic}
     bool UseCompressedOops                        = true                           {product lp64_product} {ergonomic}
     bool UseG1GC                                  = true                                      {product} {ergonomic}
     bool UseLargePagesIndividualAllocation        = false                                  {pd product} {ergonomic}

Logging:
Log output configuration:
 #0: stdout all=warning uptime,level,tags
 #1: stderr all=off uptime,level,tags

Environment Variables:
JAVA_HOME=C:\Program Files\Java\jdk-17
JAVA_TOOL_OPTIONS=-Dfile.encoding-UTF8
PATH=D:/Project/sts-5.0.1.RELEASE//plugins/org.eclipse.justj.openjdk.hotspot.jre.full.win32.x86_64_25.0.1.v20251108-1451/jre/bin/server;D:/Project/sts-5.0.1.RELEASE//plugins/org.eclipse.justj.openjdk.hotspot.jre.full.win32.x86_64_25.0.1.v20251108-1451/jre/bin;C:\Program Files\Java\jdk-17;C:\Program Files\Common Files\Oracle\Java\javapath;C:\Program Files (x86)\Common Files\Oracle\Java\javapath;C:\Windows\system32;C:\Windows;C:\Windows\System32\Wbem;C:\Windows\System32\WindowsPowerShell\v1.0\;C:\Windows\System32\OpenSSH\;C:\Program Files\dotnet\;C:\Users\AIO16\AppData\Local\Microsoft\WindowsApps;C:\Users\AIO16\AppData\Local\Programs\Microsoft VS Code\bin;D:\Project\sts-5.0.1.RELEASE;
USERNAME=AIO16
OS=Windows_NT
PROCESSOR_IDENTIFIER=Intel64 Family 6 Model 191 Stepping 2, GenuineIntel



---------------  S Y S T E M  ---------------

OS:
 Windows 11 , 64 bit Build 22621 (10.0.22621.3672)
OS uptime: 30 days 7:02 hours
Hyper-V role detected

CPU: total 20 (initial active 20) (10 cores per cpu, 2 threads per core) family 6 model 191 stepping 2 microcode 0x2c, cx8, cmov, fxsr, ht, mmx, 3dnowpref, sse, sse2, sse3, ssse3, sse4.1, sse4.2, popcnt, lzcnt, tsc, tscinvbit, avx, avx2, aes, erms, clmul, bmi1, bmi2, adx, sha, fma, vzeroupper, clflush, clflushopt, clwb, hv

Memory: 4k page, system-wide physical 16072M (449M free)
TotalPageFile size 44753M (AvailPageFile size 223M)
current process WorkingSet (physical memory assigned to process): 535M, peak: 539M
current process commit charge ("private bytes"): 590M, peak: 832M

vm_info: Java HotSpot(TM) 64-Bit Server VM (17.0.12+8-LTS-286) for windows-amd64 JRE (17.0.12+8-LTS-286), built on Jun  5 2024 06:46:59 by "mach5one" with MS VC++ 17.6 (VS2022)

END.
