#
# There is insufficient memory for the Java Runtime Environment to continue.
# Native memory allocation (mmap) failed to map 343932928 bytes for G1 virtual space
# Possible reasons:
#   The system is out of physical RAM or swap space
#   The process is running with CompressedOops enabled, and the Java Heap may be blocking the growth of the native heap
# Possible solutions:
#   Reduce memory load on the system
#   Increase physical memory or swap space
#   Check if swap backing store is full
#   Decrease Java heap size (-Xmx/-Xms)
#   Decrease number of Java threads
#   Decrease Java thread stack sizes (-Xss)
#   Set larger code cache with -XX:ReservedCodeCacheSize=
#   JVM is running with Zero Based Compressed Oops mode in which the Java heap is
#     placed in the first 32GB address space. The Java Heap base address is the
#     maximum limit for the native heap growth. Please use -XX:HeapBaseMinAddress
#     to set the Java Heap base and to place the Java Heap above 32GB virtual address.
# This output file may be truncated or incomplete.
#
#  Out of Memory Error (os_windows.cpp:3548), pid=9972, tid=5232
#
# JRE version: Java(TM) SE Runtime Environment (17.0.12+8) (build 17.0.12+8-LTS-286)
# Java VM: Java HotSpot(TM) 64-Bit Server VM (17.0.12+8-LTS-286, mixed mode, emulated-client, sharing, tiered, compressed oops, compressed class ptrs, g1 gc, windows-amd64)
# No core dump will be written. Minidumps are not enabled by default on client versions of Windows
#

---------------  S U M M A R Y ------------

Command Line: -Dfile.encoding-UTF8 -XX:+ShowCodeDetailsInExceptionMessages -agentlib:jdwp=transport=dt_socket,suspend=y,address=localhost:55921 -Dcom.sun.management.jmxremote -Dcom.sun.management.jmxremote.port=55920 -Dcom.sun.management.jmxremote.authenticate=false -Dcom.sun.management.jmxremote.ssl=false -Djava.rmi.server.hostname=localhost -Dspring.jmx.enabled=true -Dmanagement.endpoints.jmx.exposure.include=* -Dspring.application.admin.enabled=true -Dspring.output.ansi.enabled=always -XX:TieredStopAtLevel=1 -Dspring.boot.project.name=asm_gstn_return_db_store6_pre -javaagent:D:\Project\sts-5.0.1.RELEASE\configuration\org.eclipse.osgi\280\0\.cp\lib\javaagent-shaded.jar -Dfile.encoding=UTF-8 -Dstdout.encoding=UTF-8 -Dstderr.encoding=UTF-8 com.deloitte.AsmEwayBillApplication

Host: 13th Gen Intel(R) Core(TM) i5-13500, 20 cores, 15G,  Windows 11 , 64 bit Build 22621 (10.0.22621.3672)
Time: Sun May 17 12:20:34 2026 India Standard Time elapsed time: 15.023567 seconds (0d 0h 0m 15s)

---------------  T H R E A D  ---------------

Current thread (0x00000158765b9540):  VMThread "VM Thread" [stack: 0x0000005169600000,0x0000005169700000] [id=5232]

Stack: [0x0000005169600000,0x0000005169700000]
Native frames: (J=compiled Java code, j=interpreted, Vv=VM code, C=native code)
V  [jvm.dll+0x67a04a]
V  [jvm.dll+0x7da4ed]
V  [jvm.dll+0x7dbe33]
V  [jvm.dll+0x7dc4a3]
V  [jvm.dll+0x24508f]
V  [jvm.dll+0x677089]
V  [jvm.dll+0x66bd32]
V  [jvm.dll+0x301fa6]
V  [jvm.dll+0x309546]
V  [jvm.dll+0x359d2e]
V  [jvm.dll+0x359f5f]
V  [jvm.dll+0x2d9078]
V  [jvm.dll+0x2d74ad]
V  [jvm.dll+0x2d6afc]
V  [jvm.dll+0x31a65b]
V  [jvm.dll+0x7e0d9b]
V  [jvm.dll+0x7e1ad4]
V  [jvm.dll+0x7e1fed]
V  [jvm.dll+0x7e23c4]
V  [jvm.dll+0x7e2490]
V  [jvm.dll+0x78abea]
V  [jvm.dll+0x678f35]
C  [ucrtbase.dll+0x29333]
C  [KERNEL32.DLL+0x1257d]
C  [ntdll.dll+0x5af28]

VM_Operation (0x00000051690fa080): G1CollectForAllocation, mode: safepoint, requested by thread 0x000001585ec342c0


---------------  P R O C E S S  ---------------

Threads class SMR info:
_java_thread_list=0x000001587ecde920, length=30, elements={
0x000001585ec342c0, 0x00000158765bd660, 0x00000158765c3420, 0x00000158765d2f10,
0x00000158765d3ca0, 0x00000158765d4a30, 0x00000158765d6410, 0x00000158765d9280,
0x00000158765ec930, 0x00000158766f18c0, 0x00000158763896a0, 0x000001587677a7b0,
0x000001587677b650, 0x000001587677bb40, 0x000001587b3cd480, 0x000001587b485000,
0x000001587b48f680, 0x000001587b4f92d0, 0x000001587b543d40, 0x000001587b544c30,
0x000001587b515450, 0x000001587b550750, 0x000001587b54d9c0, 0x000001587b550c60,
0x000001587b54ee00, 0x000001587b551170, 0x000001587b54e3e0, 0x000001587e14abd0,
0x000001587dc6c020, 0x000001587ed2ee00
}

Java Threads: ( => current thread )
  0x000001585ec342c0 JavaThread "main" [_thread_blocked, id=12168, stack(0x0000005169000000,0x0000005169100000)]
  0x00000158765bd660 JavaThread "Reference Handler" daemon [_thread_blocked, id=23244, stack(0x0000005169700000,0x0000005169800000)]
  0x00000158765c3420 JavaThread "Finalizer" daemon [_thread_blocked, id=33524, stack(0x0000005169800000,0x0000005169900000)]
  0x00000158765d2f10 JavaThread "Signal Dispatcher" daemon [_thread_blocked, id=15476, stack(0x0000005169900000,0x0000005169a00000)]
  0x00000158765d3ca0 JavaThread "Attach Listener" daemon [_thread_blocked, id=17104, stack(0x0000005169a00000,0x0000005169b00000)]
  0x00000158765d4a30 JavaThread "Service Thread" daemon [_thread_blocked, id=23672, stack(0x0000005169b00000,0x0000005169c00000)]
  0x00000158765d6410 JavaThread "Monitor Deflation Thread" daemon [_thread_blocked, id=19652, stack(0x0000005169c00000,0x0000005169d00000)]
  0x00000158765d9280 JavaThread "C1 CompilerThread0" daemon [_thread_blocked, id=9712, stack(0x0000005169d00000,0x0000005169e00000)]
  0x00000158765ec930 JavaThread "Sweeper thread" daemon [_thread_blocked, id=30088, stack(0x0000005169e00000,0x0000005169f00000)]
  0x00000158766f18c0 JavaThread "Common-Cleaner" daemon [_thread_blocked, id=27052, stack(0x0000005169f00000,0x000000516a000000)]
  0x00000158763896a0 JavaThread "C1 CompilerThread1" daemon [_thread_blocked, id=32976, stack(0x000000516a000000,0x000000516a100000)]
  0x000001587677a7b0 JavaThread "JDWP Transport Listener: dt_socket" daemon [_thread_blocked, id=14844, stack(0x000000516a400000,0x000000516a500000)]
  0x000001587677b650 JavaThread "JDWP Event Helper Thread" daemon [_thread_blocked, id=17292, stack(0x000000516a500000,0x000000516a600000)]
  0x000001587677bb40 JavaThread "JDWP Command Reader" daemon [_thread_in_native, id=10296, stack(0x000000516a600000,0x000000516a700000)]
  0x000001587b3cd480 JavaThread "Notification Thread" daemon [_thread_blocked, id=33416, stack(0x000000516a700000,0x000000516a800000)]
  0x000001587b485000 JavaThread "RMI TCP Accept-0" daemon [_thread_in_native, id=11872, stack(0x000000516a800000,0x000000516a900000)]
  0x000001587b48f680 JavaThread "RMI TCP Accept-55920" daemon [_thread_in_native, id=35472, stack(0x000000516a900000,0x000000516aa00000)]
  0x000001587b4f92d0 JavaThread "RMI TCP Connection(1)-127.0.0.1" daemon [_thread_in_native, id=30704, stack(0x000000516b200000,0x000000516b300000)]
  0x000001587b543d40 JavaThread "RMI Scheduler(0)" daemon [_thread_blocked, id=25432, stack(0x000000516b300000,0x000000516b400000)]
  0x000001587b544c30 JavaThread "RMI TCP Connection(2)-127.0.0.1" daemon [_thread_in_native, id=22364, stack(0x000000516b400000,0x000000516b500000)]
  0x000001587b515450 JavaThread "JMX server connection timeout 32" daemon [_thread_blocked, id=10224, stack(0x000000516b500000,0x000000516b600000)]
  0x000001587b550750 JavaThread "RMI TCP Accept-0" daemon [_thread_in_native, id=32324, stack(0x000000516b600000,0x000000516b700000)]
  0x000001587b54d9c0 JavaThread "Catalina-utility-1" [_thread_blocked, id=6512, stack(0x000000516a300000,0x000000516a400000)]
  0x000001587b550c60 JavaThread "Catalina-utility-2" [_thread_blocked, id=11080, stack(0x000000516be00000,0x000000516bf00000)]
  0x000001587b54ee00 JavaThread "container-0" [_thread_blocked, id=3400, stack(0x000000516c200000,0x000000516c300000)]
  0x000001587b551170 JavaThread "Cleaner-0" daemon [_thread_blocked, id=21300, stack(0x000000516c400000,0x000000516c500000)]
  0x000001587b54e3e0 JavaThread "HikariPool-1:housekeeper" daemon [_thread_blocked, id=25372, stack(0x000000516c500000,0x000000516c600000)]
  0x000001587e14abd0 JavaThread "C1 CompilerThread2" daemon [_thread_blocked, id=33420, stack(0x000000516a100000,0x000000516a200000)]
  0x000001587dc6c020 JavaThread "C1 CompilerThread3" daemon [_thread_blocked, id=18516, stack(0x000000516a200000,0x000000516a300000)]
  0x000001587ed2ee00 JavaThread "idle-connection-evictor-1" daemon [_thread_blocked, id=12476, stack(0x000000516c700000,0x000000516c800000)]

Other Threads:
=>0x00000158765b9540 VMThread "VM Thread" [stack: 0x0000005169600000,0x0000005169700000] [id=5232]
  0x000001587619bd70 WatcherThread [stack: 0x000000516b700000,0x000000516b800000] [id=20836]
  0x000001585ecb33f0 GCTaskThread "GC Thread#0" [stack: 0x0000005169100000,0x0000005169200000] [id=17116]
  0x000001587b49b330 GCTaskThread "GC Thread#1" [stack: 0x000000516aa00000,0x000000516ab00000] [id=6116]
  0x000001587b482e60 GCTaskThread "GC Thread#2" [stack: 0x000000516ab00000,0x000000516ac00000] [id=31780]
  0x000001587b483120 GCTaskThread "GC Thread#3" [stack: 0x000000516ac00000,0x000000516ad00000] [id=18736]
  0x000001587b4833e0 GCTaskThread "GC Thread#4" [stack: 0x000000516ad00000,0x000000516ae00000] [id=1328]
  0x000001587b49ea90 GCTaskThread "GC Thread#5" [stack: 0x000000516ae00000,0x000000516af00000] [id=18256]
  0x000001587b4eaf00 GCTaskThread "GC Thread#6" [stack: 0x000000516af00000,0x000000516b000000] [id=23596]
  0x000001587b4eb1c0 GCTaskThread "GC Thread#7" [stack: 0x000000516b000000,0x000000516b100000] [id=23452]
  0x000001587b4ebea0 GCTaskThread "GC Thread#8" [stack: 0x000000516b100000,0x000000516b200000] [id=16744]
  0x000001587b8ae440 GCTaskThread "GC Thread#9" [stack: 0x000000516b800000,0x000000516b900000] [id=14116]
  0x000001587b8d92f0 GCTaskThread "GC Thread#10" [stack: 0x000000516b900000,0x000000516ba00000] [id=26048]
  0x000001587b8d95b0 GCTaskThread "GC Thread#11" [stack: 0x000000516ba00000,0x000000516bb00000] [id=15304]
  0x000001587baee1b0 GCTaskThread "GC Thread#12" [stack: 0x000000516bb00000,0x000000516bc00000] [id=29772]
  0x000001587baed6b0 GCTaskThread "GC Thread#13" [stack: 0x000000516bc00000,0x000000516bd00000] [id=18884]
  0x000001587baedef0 GCTaskThread "GC Thread#14" [stack: 0x000000516bd00000,0x000000516be00000] [id=23024]
  0x000001585ecc4da0 ConcurrentGCThread "G1 Main Marker" [stack: 0x0000005169200000,0x0000005169300000] [id=32928]
  0x000001585ecc5e60 ConcurrentGCThread "G1 Conc#0" [stack: 0x0000005169300000,0x0000005169400000] [id=3496]
  0x000001587baee9f0 ConcurrentGCThread "G1 Conc#1" [stack: 0x000000516bf00000,0x000000516c000000] [id=31848]
  0x000001587baed3f0 ConcurrentGCThread "G1 Conc#2" [stack: 0x000000516c000000,0x000000516c100000] [id=36636]
  0x000001587baed970 ConcurrentGCThread "G1 Conc#3" [stack: 0x000000516c100000,0x000000516c200000] [id=24544]
  0x000001587624f810 ConcurrentGCThread "G1 Refine#0" [stack: 0x0000005169400000,0x0000005169500000] [id=5968]
  0x000001587d36f770 ConcurrentGCThread "G1 Refine#1" [stack: 0x000000516c800000,0x000000516c900000] [id=16604]
  0x000001587d36ebb0 ConcurrentGCThread "G1 Refine#2" [stack: 0x000000516c900000,0x000000516ca00000] [id=12132]
  0x000001587d36fa60 ConcurrentGCThread "G1 Refine#3" [stack: 0x000000516ca00000,0x000000516cb00000] [id=15284]
  0x000001587d36f190 ConcurrentGCThread "G1 Refine#4" [stack: 0x000000516cb00000,0x000000516cc00000] [id=28212]
  0x000001587d370040 ConcurrentGCThread "G1 Refine#5" [stack: 0x000000516cc00000,0x000000516cd00000] [id=30028]
  0x000001587d36eea0 ConcurrentGCThread "G1 Refine#6" [stack: 0x000000516cd00000,0x000000516ce00000] [id=34824]
  0x000001587d79cdd0 ConcurrentGCThread "G1 Refine#7" [stack: 0x000000516c600000,0x000000516c700000] [id=860]
  0x0000015876250150 ConcurrentGCThread "G1 Service" [stack: 0x0000005169500000,0x0000005169600000] [id=15780]

Threads with active compile tasks:

VM state: at safepoint (normal execution)

VM Mutex/Monitor currently owned by a thread:  ([mutex/lock_event])
[0x000001585ec427e0] Threads_lock - owner thread: 0x00000158765b9540
[0x000001585ec40f20] Heap_lock - owner thread: 0x000001585ec342c0

Heap address: 0x0000000704c00000, size: 4020 MB, Compressed Oops mode: Zero based, Oop shift amount: 3

CDS archive(s) mapped at: [0x0000015800000000-0x0000015800bd0000-0x0000015800bd0000), size 12386304, SharedBaseAddress: 0x0000015800000000, ArchiveRelocationMode: 1.
Compressed class space mapped at: 0x0000015801000000-0x0000015841000000, reserved size: 1073741824
Narrow klass base: 0x0000015800000000, Narrow klass shift: 0, Narrow klass range: 0x100000000

GC Precious Log:
 CPUs: 20 total, 20 available
 Memory: 16072M
 Large Page Support: Disabled
 NUMA Support: Disabled
 Compressed Oops: Enabled (Zero based)
 Heap Region Size: 2M
 Heap Min Capacity: 8M
 Heap Initial Capacity: 252M
 Heap Max Capacity: 4020M
 Pre-touch: Disabled
 Parallel Workers: 15
 Concurrent Workers: 4
 Concurrent Refinement Workers: 15
 Periodic GC: Disabled

Heap:
 garbage-first heap   total 563200K, used 299990K [0x0000000704c00000, 0x0000000800000000)
  region size 2048K, 4 young (8192K), 4 survivors (8192K)
 Metaspace       used 118261K, committed 118976K, reserved 1179648K
  class space    used 15907K, committed 16256K, reserved 1048576K

Heap Regions: E=young(eden), S=young(survivor), O=old, HS=humongous(starts), HC=humongous(continues), CS=collection set, F=free, OA=open archive, CA=closed archive, TAMS=top-at-mark-start (previous, next)
|   0|0x0000000704c00000, 0x0000000704e00000, 0x0000000704e00000|100%| O|  |TAMS 0x0000000704e00000, 0x0000000704c00000| Untracked 
|   1|0x0000000704e00000, 0x0000000705000000, 0x0000000705000000|100%| O|  |TAMS 0x0000000705000000, 0x0000000704e00000| Untracked 
|   2|0x0000000705000000, 0x0000000705200000, 0x0000000705200000|100%| O|  |TAMS 0x0000000705200000, 0x0000000705000000| Untracked 
|   3|0x0000000705200000, 0x0000000705400000, 0x0000000705400000|100%| O|  |TAMS 0x0000000705400000, 0x0000000705200000| Untracked 
|   4|0x0000000705400000, 0x0000000705584e00, 0x0000000705600000| 75%| O|  |TAMS 0x0000000705584e00, 0x0000000705400000| Untracked 
|   5|0x0000000705600000, 0x0000000705800000, 0x0000000705800000|100%| O|  |TAMS 0x0000000705800000, 0x0000000705600000| Untracked 
|   6|0x0000000705800000, 0x0000000705a00000, 0x0000000705a00000|100%| O|  |TAMS 0x0000000705a00000, 0x0000000705800000| Untracked 
|   7|0x0000000705a00000, 0x0000000705c00000, 0x0000000705c00000|100%| O|  |TAMS 0x0000000705c00000, 0x0000000705a00000| Untracked 
|   8|0x0000000705c00000, 0x0000000705e00000, 0x0000000705e00000|100%| O|  |TAMS 0x0000000705e00000, 0x0000000705c00000| Untracked 
|   9|0x0000000705e00000, 0x0000000706000000, 0x0000000706000000|100%| O|  |TAMS 0x0000000706000000, 0x0000000705e00000| Untracked 
|  10|0x0000000706000000, 0x0000000706200000, 0x0000000706200000|100%| O|  |TAMS 0x0000000706200000, 0x0000000706000000| Untracked 
|  11|0x0000000706200000, 0x0000000706400000, 0x0000000706400000|100%| O|  |TAMS 0x0000000706400000, 0x0000000706200000| Untracked 
|  12|0x0000000706400000, 0x0000000706600000, 0x0000000706600000|100%| O|  |TAMS 0x0000000706600000, 0x0000000706400000| Untracked 
|  13|0x0000000706600000, 0x0000000706800000, 0x0000000706800000|100%| O|  |TAMS 0x0000000706800000, 0x0000000706600000| Untracked 
|  14|0x0000000706800000, 0x0000000706a00000, 0x0000000706a00000|100%| O|  |TAMS 0x0000000706a00000, 0x0000000706800000| Untracked 
|  15|0x0000000706a00000, 0x0000000706c00000, 0x0000000706c00000|100%| O|  |TAMS 0x0000000706c00000, 0x0000000706a00000| Untracked 
|  16|0x0000000706c00000, 0x0000000706e00000, 0x0000000706e00000|100%| O|  |TAMS 0x0000000706e00000, 0x0000000706c00000| Untracked 
|  17|0x0000000706e00000, 0x0000000707000000, 0x0000000707000000|100%| O|  |TAMS 0x0000000707000000, 0x0000000706e00000| Untracked 
|  18|0x0000000707000000, 0x0000000707200000, 0x0000000707200000|100%| O|  |TAMS 0x0000000707200000, 0x0000000707000000| Untracked 
|  19|0x0000000707200000, 0x0000000707400000, 0x0000000707400000|100%| O|  |TAMS 0x0000000707400000, 0x0000000707200000| Untracked 
|  20|0x0000000707400000, 0x0000000707600000, 0x0000000707600000|100%| O|  |TAMS 0x0000000707600000, 0x0000000707400000| Untracked 
|  21|0x0000000707600000, 0x0000000707800000, 0x0000000707800000|100%| O|  |TAMS 0x0000000707800000, 0x0000000707600000| Untracked 
|  22|0x0000000707800000, 0x0000000707a00000, 0x0000000707a00000|100%| O|  |TAMS 0x0000000707a00000, 0x0000000707800000| Untracked 
|  23|0x0000000707a00000, 0x0000000707c00000, 0x0000000707c00000|100%| O|  |TAMS 0x0000000707c00000, 0x0000000707a00000| Untracked 
|  24|0x0000000707c00000, 0x0000000707e00000, 0x0000000707e00000|100%| O|  |TAMS 0x0000000707e00000, 0x0000000707c00000| Untracked 
|  25|0x0000000707e00000, 0x0000000708000000, 0x0000000708000000|100%| O|  |TAMS 0x0000000708000000, 0x0000000707e00000| Untracked 
|  26|0x0000000708000000, 0x0000000708000000, 0x0000000708200000|  0%| F|  |TAMS 0x0000000708000000, 0x0000000708000000| Untracked 
|  27|0x0000000708200000, 0x0000000708400000, 0x0000000708400000|100%| O|  |TAMS 0x0000000708400000, 0x0000000708200000| Untracked 
|  28|0x0000000708400000, 0x0000000708600000, 0x0000000708600000|100%| O|  |TAMS 0x0000000708600000, 0x0000000708400000| Untracked 
|  29|0x0000000708600000, 0x0000000708800000, 0x0000000708800000|100%| O|  |TAMS 0x0000000708800000, 0x0000000708600000| Untracked 
|  30|0x0000000708800000, 0x0000000708a00000, 0x0000000708a00000|100%| O|  |TAMS 0x0000000708a00000, 0x0000000708800000| Untracked 
|  31|0x0000000708a00000, 0x0000000708c00000, 0x0000000708c00000|100%| O|  |TAMS 0x0000000708c00000, 0x0000000708a00000| Untracked 
|  32|0x0000000708c00000, 0x0000000708e00000, 0x0000000708e00000|100%| O|  |TAMS 0x0000000708e00000, 0x0000000708c00000| Untracked 
|  33|0x0000000708e00000, 0x0000000709000000, 0x0000000709000000|100%| O|  |TAMS 0x0000000709000000, 0x0000000708e00000| Untracked 
|  34|0x0000000709000000, 0x0000000709200000, 0x0000000709200000|100%| O|  |TAMS 0x0000000709200000, 0x0000000709000000| Untracked 
|  35|0x0000000709200000, 0x0000000709400000, 0x0000000709400000|100%| O|  |TAMS 0x0000000709400000, 0x0000000709200000| Untracked 
|  36|0x0000000709400000, 0x0000000709600000, 0x0000000709600000|100%| O|  |TAMS 0x0000000709600000, 0x0000000709400000| Untracked 
|  37|0x0000000709600000, 0x0000000709800000, 0x0000000709800000|100%| O|  |TAMS 0x0000000709800000, 0x0000000709600000| Untracked 
|  38|0x0000000709800000, 0x0000000709a00000, 0x0000000709a00000|100%| O|  |TAMS 0x0000000709a00000, 0x0000000709800000| Untracked 
|  39|0x0000000709a00000, 0x0000000709c00000, 0x0000000709c00000|100%| O|  |TAMS 0x0000000709c00000, 0x0000000709a00000| Untracked 
|  40|0x0000000709c00000, 0x0000000709e00000, 0x0000000709e00000|100%| O|  |TAMS 0x0000000709e00000, 0x0000000709c00000| Untracked 
|  41|0x0000000709e00000, 0x000000070a000000, 0x000000070a000000|100%| O|  |TAMS 0x000000070a000000, 0x0000000709e00000| Untracked 
|  42|0x000000070a000000, 0x000000070a200000, 0x000000070a200000|100%| O|  |TAMS 0x000000070a200000, 0x000000070a000000| Untracked 
|  43|0x000000070a200000, 0x000000070a400000, 0x000000070a400000|100%| O|  |TAMS 0x000000070a400000, 0x000000070a200000| Untracked 
|  44|0x000000070a400000, 0x000000070a600000, 0x000000070a600000|100%| O|  |TAMS 0x000000070a600000, 0x000000070a400000| Untracked 
|  45|0x000000070a600000, 0x000000070a800000, 0x000000070a800000|100%| O|  |TAMS 0x000000070a800000, 0x000000070a600000| Untracked 
|  46|0x000000070a800000, 0x000000070aa00000, 0x000000070aa00000|100%| O|  |TAMS 0x000000070aa00000, 0x000000070a800000| Untracked 
|  47|0x000000070aa00000, 0x000000070ac00000, 0x000000070ac00000|100%| O|  |TAMS 0x000000070ac00000, 0x000000070aa00000| Untracked 
|  48|0x000000070ac00000, 0x000000070ae00000, 0x000000070ae00000|100%| O|  |TAMS 0x000000070ae00000, 0x000000070ac00000| Untracked 
|  49|0x000000070ae00000, 0x000000070b000000, 0x000000070b000000|100%| O|  |TAMS 0x000000070b000000, 0x000000070ae00000| Untracked 
|  50|0x000000070b000000, 0x000000070b200000, 0x000000070b200000|100%| O|  |TAMS 0x000000070b200000, 0x000000070b000000| Untracked 
|  51|0x000000070b200000, 0x000000070b400000, 0x000000070b400000|100%| O|  |TAMS 0x000000070b400000, 0x000000070b200000| Untracked 
|  52|0x000000070b400000, 0x000000070b600000, 0x000000070b600000|100%| O|  |TAMS 0x000000070b600000, 0x000000070b400000| Untracked 
|  53|0x000000070b600000, 0x000000070b800000, 0x000000070b800000|100%| O|  |TAMS 0x000000070b800000, 0x000000070b600000| Untracked 
|  54|0x000000070b800000, 0x000000070ba00000, 0x000000070ba00000|100%| O|  |TAMS 0x000000070ba00000, 0x000000070b800000| Untracked 
|  55|0x000000070ba00000, 0x000000070bc00000, 0x000000070bc00000|100%| O|  |TAMS 0x000000070bc00000, 0x000000070ba00000| Untracked 
|  56|0x000000070bc00000, 0x000000070be00000, 0x000000070be00000|100%| O|  |TAMS 0x000000070be00000, 0x000000070bc00000| Untracked 
|  57|0x000000070be00000, 0x000000070c000000, 0x000000070c000000|100%| O|  |TAMS 0x000000070c000000, 0x000000070be00000| Untracked 
|  58|0x000000070c000000, 0x000000070c200000, 0x000000070c200000|100%| O|  |TAMS 0x000000070c200000, 0x000000070c000000| Untracked 
|  59|0x000000070c200000, 0x000000070c400000, 0x000000070c400000|100%| O|  |TAMS 0x000000070c400000, 0x000000070c200000| Untracked 
|  60|0x000000070c400000, 0x000000070c600000, 0x000000070c600000|100%| O|  |TAMS 0x000000070c600000, 0x000000070c400000| Untracked 
|  61|0x000000070c600000, 0x000000070c800000, 0x000000070c800000|100%| O|  |TAMS 0x000000070c800000, 0x000000070c600000| Untracked 
|  62|0x000000070c800000, 0x000000070ca00000, 0x000000070ca00000|100%| O|  |TAMS 0x000000070ca00000, 0x000000070c800000| Untracked 
|  63|0x000000070ca00000, 0x000000070cc00000, 0x000000070cc00000|100%| O|  |TAMS 0x000000070cc00000, 0x000000070ca00000| Untracked 
|  64|0x000000070cc00000, 0x000000070ce00000, 0x000000070ce00000|100%| O|  |TAMS 0x000000070ce00000, 0x000000070cc00000| Untracked 
|  65|0x000000070ce00000, 0x000000070d000000, 0x000000070d000000|100%| O|  |TAMS 0x000000070d000000, 0x000000070ce00000| Untracked 
|  66|0x000000070d000000, 0x000000070d200000, 0x000000070d200000|100%| O|  |TAMS 0x000000070d200000, 0x000000070d000000| Untracked 
|  67|0x000000070d200000, 0x000000070d400000, 0x000000070d400000|100%| O|  |TAMS 0x000000070d400000, 0x000000070d200000| Untracked 
|  68|0x000000070d400000, 0x000000070d600000, 0x000000070d600000|100%| O|  |TAMS 0x000000070d600000, 0x000000070d400000| Untracked 
|  69|0x000000070d600000, 0x000000070d800000, 0x000000070d800000|100%| O|  |TAMS 0x000000070d800000, 0x000000070d600000| Untracked 
|  70|0x000000070d800000, 0x000000070da00000, 0x000000070da00000|100%| O|  |TAMS 0x000000070da00000, 0x000000070d800000| Untracked 
|  71|0x000000070da00000, 0x000000070dc00000, 0x000000070dc00000|100%| O|  |TAMS 0x000000070dc00000, 0x000000070da00000| Untracked 
|  72|0x000000070dc00000, 0x000000070de00000, 0x000000070de00000|100%| O|  |TAMS 0x000000070de00000, 0x000000070dc00000| Untracked 
|  73|0x000000070de00000, 0x000000070e000000, 0x000000070e000000|100%| O|  |TAMS 0x000000070e000000, 0x000000070de00000| Untracked 
|  74|0x000000070e000000, 0x000000070e200000, 0x000000070e200000|100%| O|  |TAMS 0x000000070e200000, 0x000000070e000000| Untracked 
|  75|0x000000070e200000, 0x000000070e400000, 0x000000070e400000|100%| O|  |TAMS 0x000000070e400000, 0x000000070e200000| Untracked 
|  76|0x000000070e400000, 0x000000070e600000, 0x000000070e600000|100%| O|  |TAMS 0x000000070e600000, 0x000000070e400000| Untracked 
|  77|0x000000070e600000, 0x000000070e800000, 0x000000070e800000|100%| O|  |TAMS 0x000000070e800000, 0x000000070e600000| Untracked 
|  78|0x000000070e800000, 0x000000070ea00000, 0x000000070ea00000|100%| O|  |TAMS 0x000000070ea00000, 0x000000070e800000| Untracked 
|  79|0x000000070ea00000, 0x000000070ec00000, 0x000000070ec00000|100%| O|  |TAMS 0x000000070ec00000, 0x000000070ea00000| Untracked 
|  80|0x000000070ec00000, 0x000000070ee00000, 0x000000070ee00000|100%| O|  |TAMS 0x000000070ee00000, 0x000000070ec00000| Untracked 
|  81|0x000000070ee00000, 0x000000070f000000, 0x000000070f000000|100%| O|  |TAMS 0x000000070f000000, 0x000000070ee00000| Untracked 
|  82|0x000000070f000000, 0x000000070f200000, 0x000000070f200000|100%| O|  |TAMS 0x000000070f200000, 0x000000070f000000| Untracked 
|  83|0x000000070f200000, 0x000000070f400000, 0x000000070f400000|100%| O|  |TAMS 0x000000070f400000, 0x000000070f200000| Untracked 
|  84|0x000000070f400000, 0x000000070f600000, 0x000000070f600000|100%| O|  |TAMS 0x000000070f600000, 0x000000070f400000| Untracked 
|  85|0x000000070f600000, 0x000000070f800000, 0x000000070f800000|100%| O|  |TAMS 0x000000070f800000, 0x000000070f600000| Untracked 
|  86|0x000000070f800000, 0x000000070fa00000, 0x000000070fa00000|100%| O|  |TAMS 0x000000070fa00000, 0x000000070f800000| Untracked 
|  87|0x000000070fa00000, 0x000000070fc00000, 0x000000070fc00000|100%| O|  |TAMS 0x000000070fc00000, 0x000000070fa00000| Untracked 
|  88|0x000000070fc00000, 0x000000070fe00000, 0x000000070fe00000|100%| O|  |TAMS 0x000000070fe00000, 0x000000070fc00000| Untracked 
|  89|0x000000070fe00000, 0x0000000710000000, 0x0000000710000000|100%| O|  |TAMS 0x0000000710000000, 0x000000070fe00000| Untracked 
|  90|0x0000000710000000, 0x0000000710200000, 0x0000000710200000|100%| O|  |TAMS 0x0000000710200000, 0x0000000710000000| Untracked 
|  91|0x0000000710200000, 0x0000000710400000, 0x0000000710400000|100%| O|  |TAMS 0x0000000710400000, 0x0000000710200000| Untracked 
|  92|0x0000000710400000, 0x0000000710600000, 0x0000000710600000|100%| O|  |TAMS 0x0000000710600000, 0x0000000710400000| Untracked 
|  93|0x0000000710600000, 0x0000000710800000, 0x0000000710800000|100%| O|  |TAMS 0x0000000710800000, 0x0000000710600000| Untracked 
|  94|0x0000000710800000, 0x0000000710a00000, 0x0000000710a00000|100%| O|  |TAMS 0x0000000710a00000, 0x0000000710800000| Untracked 
|  95|0x0000000710a00000, 0x0000000710c00000, 0x0000000710c00000|100%| O|  |TAMS 0x0000000710c00000, 0x0000000710a00000| Untracked 
|  96|0x0000000710c00000, 0x0000000710e00000, 0x0000000710e00000|100%| O|  |TAMS 0x0000000710e00000, 0x0000000710c00000| Untracked 
|  97|0x0000000710e00000, 0x0000000711000000, 0x0000000711000000|100%| O|  |TAMS 0x0000000711000000, 0x0000000710e00000| Untracked 
|  98|0x0000000711000000, 0x0000000711200000, 0x0000000711200000|100%| O|  |TAMS 0x0000000711200000, 0x0000000711000000| Untracked 
|  99|0x0000000711200000, 0x0000000711400000, 0x0000000711400000|100%| O|  |TAMS 0x0000000711400000, 0x0000000711200000| Untracked 
| 100|0x0000000711400000, 0x0000000711600000, 0x0000000711600000|100%| O|  |TAMS 0x0000000711600000, 0x0000000711400000| Untracked 
| 101|0x0000000711600000, 0x0000000711800000, 0x0000000711800000|100%| O|  |TAMS 0x0000000711800000, 0x0000000711600000| Untracked 
| 102|0x0000000711800000, 0x0000000711a00000, 0x0000000711a00000|100%| O|  |TAMS 0x0000000711a00000, 0x0000000711800000| Untracked 
| 103|0x0000000711a00000, 0x0000000711c00000, 0x0000000711c00000|100%| O|  |TAMS 0x0000000711c00000, 0x0000000711a00000| Untracked 
| 104|0x0000000711c00000, 0x0000000711e00000, 0x0000000711e00000|100%| O|  |TAMS 0x0000000711e00000, 0x0000000711c00000| Untracked 
| 105|0x0000000711e00000, 0x0000000712000000, 0x0000000712000000|100%| O|  |TAMS 0x0000000712000000, 0x0000000711e00000| Untracked 
| 106|0x0000000712000000, 0x0000000712200000, 0x0000000712200000|100%| O|  |TAMS 0x0000000712200000, 0x0000000712000000| Untracked 
| 107|0x0000000712200000, 0x0000000712400000, 0x0000000712400000|100%| O|  |TAMS 0x0000000712400000, 0x0000000712200000| Untracked 
| 108|0x0000000712400000, 0x0000000712600000, 0x0000000712600000|100%| O|  |TAMS 0x0000000712600000, 0x0000000712400000| Untracked 
| 109|0x0000000712600000, 0x0000000712800000, 0x0000000712800000|100%| O|  |TAMS 0x0000000712800000, 0x0000000712600000| Untracked 
| 110|0x0000000712800000, 0x0000000712a00000, 0x0000000712a00000|100%| O|  |TAMS 0x0000000712a00000, 0x0000000712800000| Untracked 
| 111|0x0000000712a00000, 0x0000000712c00000, 0x0000000712c00000|100%| O|  |TAMS 0x0000000712c00000, 0x0000000712a00000| Untracked 
| 112|0x0000000712c00000, 0x0000000712e00000, 0x0000000712e00000|100%| O|  |TAMS 0x0000000712e00000, 0x0000000712c00000| Untracked 
| 113|0x0000000712e00000, 0x0000000713000000, 0x0000000713000000|100%| O|  |TAMS 0x0000000713000000, 0x0000000712e00000| Untracked 
| 114|0x0000000713000000, 0x0000000713200000, 0x0000000713200000|100%| O|  |TAMS 0x0000000713200000, 0x0000000713000000| Untracked 
| 115|0x0000000713200000, 0x0000000713400000, 0x0000000713400000|100%| O|  |TAMS 0x0000000713400000, 0x0000000713200000| Untracked 
| 116|0x0000000713400000, 0x0000000713600000, 0x0000000713600000|100%| O|  |TAMS 0x0000000713600000, 0x0000000713400000| Untracked 
| 117|0x0000000713600000, 0x0000000713800000, 0x0000000713800000|100%| O|  |TAMS 0x0000000713800000, 0x0000000713600000| Untracked 
| 118|0x0000000713800000, 0x0000000713a00000, 0x0000000713a00000|100%| O|  |TAMS 0x0000000713a00000, 0x0000000713800000| Untracked 
| 119|0x0000000713a00000, 0x0000000713c00000, 0x0000000713c00000|100%| O|  |TAMS 0x0000000713c00000, 0x0000000713a00000| Untracked 
| 120|0x0000000713c00000, 0x0000000713e00000, 0x0000000713e00000|100%| O|  |TAMS 0x0000000713e00000, 0x0000000713c00000| Untracked 
| 121|0x0000000713e00000, 0x0000000714000000, 0x0000000714000000|100%| O|  |TAMS 0x0000000714000000, 0x0000000713e00000| Untracked 
| 122|0x0000000714000000, 0x0000000714200000, 0x0000000714200000|100%| O|  |TAMS 0x0000000714200000, 0x0000000714000000| Untracked 
| 123|0x0000000714200000, 0x0000000714400000, 0x0000000714400000|100%| O|  |TAMS 0x0000000714400000, 0x0000000714200000| Untracked 
| 124|0x0000000714400000, 0x0000000714600000, 0x0000000714600000|100%| O|  |TAMS 0x0000000714600000, 0x0000000714400000| Untracked 
| 125|0x0000000714600000, 0x0000000714800000, 0x0000000714800000|100%| O|  |TAMS 0x0000000714800000, 0x0000000714600000| Untracked 
| 126|0x0000000714800000, 0x0000000714a00000, 0x0000000714a00000|100%| O|  |TAMS 0x0000000714a00000, 0x0000000714800000| Untracked 
| 127|0x0000000714a00000, 0x0000000714c00000, 0x0000000714c00000|100%| O|  |TAMS 0x0000000714c00000, 0x0000000714a00000| Untracked 
| 128|0x0000000714c00000, 0x0000000714e00000, 0x0000000714e00000|100%| O|  |TAMS 0x0000000714e00000, 0x0000000714c00000| Untracked 
| 129|0x0000000714e00000, 0x0000000715000000, 0x0000000715000000|100%| O|  |TAMS 0x0000000715000000, 0x0000000714e00000| Untracked 
| 130|0x0000000715000000, 0x0000000715200000, 0x0000000715200000|100%| O|  |TAMS 0x0000000715200000, 0x0000000715000000| Untracked 
| 131|0x0000000715200000, 0x0000000715400000, 0x0000000715400000|100%| O|  |TAMS 0x0000000715400000, 0x0000000715200000| Untracked 
| 132|0x0000000715400000, 0x0000000715600000, 0x0000000715600000|100%| O|  |TAMS 0x0000000715600000, 0x0000000715400000| Untracked 
| 133|0x0000000715600000, 0x0000000715800000, 0x0000000715800000|100%| O|  |TAMS 0x0000000715719000, 0x0000000715600000| Untracked 
| 134|0x0000000715800000, 0x0000000715a00000, 0x0000000715a00000|100%| O|  |TAMS 0x0000000715800000, 0x0000000715800000| Untracked 
| 135|0x0000000715a00000, 0x0000000715c00000, 0x0000000715c00000|100%| O|  |TAMS 0x0000000715a00000, 0x0000000715a00000| Untracked 
| 136|0x0000000715c00000, 0x0000000715e00000, 0x0000000715e00000|100%| O|  |TAMS 0x0000000715c00000, 0x0000000715c00000| Untracked 
| 137|0x0000000715e00000, 0x0000000716000000, 0x0000000716000000|100%| O|  |TAMS 0x0000000715e00000, 0x0000000715e00000| Untracked 
| 138|0x0000000716000000, 0x0000000716200000, 0x0000000716200000|100%| O|  |TAMS 0x0000000716000000, 0x0000000716000000| Untracked 
| 139|0x0000000716200000, 0x00000007162da800, 0x0000000716400000| 42%| O|  |TAMS 0x0000000716200000, 0x0000000716200000| Untracked 
| 140|0x0000000716400000, 0x0000000716400000, 0x0000000716600000|  0%| F|  |TAMS 0x0000000716400000, 0x0000000716400000| Untracked 
| 141|0x0000000716600000, 0x0000000716600000, 0x0000000716800000|  0%| F|  |TAMS 0x0000000716600000, 0x0000000716600000| Untracked 
| 142|0x0000000716800000, 0x0000000716800000, 0x0000000716a00000|  0%| F|  |TAMS 0x0000000716800000, 0x0000000716800000| Untracked 
| 143|0x0000000716a00000, 0x0000000716a00000, 0x0000000716c00000|  0%| F|  |TAMS 0x0000000716a00000, 0x0000000716a00000| Untracked 
| 144|0x0000000716c00000, 0x0000000716c00000, 0x0000000716e00000|  0%| F|  |TAMS 0x0000000716c00000, 0x0000000716c00000| Untracked 
| 145|0x0000000716e00000, 0x0000000716e00000, 0x0000000717000000|  0%| F|  |TAMS 0x0000000716e00000, 0x0000000716e00000| Untracked 
| 146|0x0000000717000000, 0x0000000717200000, 0x0000000717200000|100%| O|  |TAMS 0x0000000717200000, 0x0000000717000000| Untracked 
| 147|0x0000000717200000, 0x0000000717200000, 0x0000000717400000|  0%| F|  |TAMS 0x0000000717200000, 0x0000000717200000| Untracked 
| 148|0x0000000717400000, 0x0000000717400000, 0x0000000717600000|  0%| F|  |TAMS 0x0000000717400000, 0x0000000717400000| Untracked 
| 149|0x0000000717600000, 0x0000000717600000, 0x0000000717800000|  0%| F|  |TAMS 0x0000000717600000, 0x0000000717600000| Untracked 
| 150|0x0000000717800000, 0x0000000717800000, 0x0000000717a00000|  0%| F|  |TAMS 0x0000000717800000, 0x0000000717800000| Untracked 
| 151|0x0000000717a00000, 0x0000000717a00000, 0x0000000717c00000|  0%| F|  |TAMS 0x0000000717a00000, 0x0000000717a00000| Untracked 
| 152|0x0000000717c00000, 0x0000000717c00000, 0x0000000717e00000|  0%| F|  |TAMS 0x0000000717c00000, 0x0000000717c00000| Untracked 
| 153|0x0000000717e00000, 0x0000000717e00000, 0x0000000718000000|  0%| F|  |TAMS 0x0000000717e00000, 0x0000000717e00000| Untracked 
| 154|0x0000000718000000, 0x0000000718000000, 0x0000000718200000|  0%| F|  |TAMS 0x0000000718000000, 0x0000000718000000| Untracked 
| 155|0x0000000718200000, 0x0000000718200000, 0x0000000718400000|  0%| F|  |TAMS 0x0000000718200000, 0x0000000718200000| Untracked 
| 156|0x0000000718400000, 0x0000000718400000, 0x0000000718600000|  0%| F|  |TAMS 0x0000000718400000, 0x0000000718400000| Untracked 
| 157|0x0000000718600000, 0x0000000718600000, 0x0000000718800000|  0%| F|  |TAMS 0x0000000718600000, 0x0000000718600000| Untracked 
| 158|0x0000000718800000, 0x0000000718800000, 0x0000000718a00000|  0%| F|  |TAMS 0x0000000718800000, 0x0000000718800000| Untracked 
| 159|0x0000000718a00000, 0x0000000718a00000, 0x0000000718c00000|  0%| F|  |TAMS 0x0000000718a00000, 0x0000000718a00000| Untracked 
| 160|0x0000000718c00000, 0x0000000718c00000, 0x0000000718e00000|  0%| F|  |TAMS 0x0000000718c00000, 0x0000000718c00000| Untracked 
| 161|0x0000000718e00000, 0x0000000718e00000, 0x0000000719000000|  0%| F|  |TAMS 0x0000000718e00000, 0x0000000718e00000| Untracked 
| 162|0x0000000719000000, 0x0000000719000000, 0x0000000719200000|  0%| F|  |TAMS 0x0000000719000000, 0x0000000719000000| Untracked 
| 163|0x0000000719200000, 0x0000000719200000, 0x0000000719400000|  0%| F|  |TAMS 0x0000000719200000, 0x0000000719200000| Untracked 
| 164|0x0000000719400000, 0x0000000719400000, 0x0000000719600000|  0%| F|  |TAMS 0x0000000719400000, 0x0000000719400000| Untracked 
| 165|0x0000000719600000, 0x0000000719600000, 0x0000000719800000|  0%| F|  |TAMS 0x0000000719600000, 0x0000000719600000| Untracked 
| 166|0x0000000719800000, 0x0000000719800000, 0x0000000719a00000|  0%| F|  |TAMS 0x0000000719800000, 0x0000000719800000| Untracked 
| 167|0x0000000719a00000, 0x0000000719a00000, 0x0000000719c00000|  0%| F|  |TAMS 0x0000000719a00000, 0x0000000719a00000| Untracked 
| 168|0x0000000719c00000, 0x0000000719c00000, 0x0000000719e00000|  0%| F|  |TAMS 0x0000000719c00000, 0x0000000719c00000| Untracked 
| 169|0x0000000719e00000, 0x0000000719e00000, 0x000000071a000000|  0%| F|  |TAMS 0x0000000719e00000, 0x0000000719e00000| Untracked 
| 170|0x000000071a000000, 0x000000071a000000, 0x000000071a200000|  0%| F|  |TAMS 0x000000071a000000, 0x000000071a000000| Untracked 
| 171|0x000000071a200000, 0x000000071a200000, 0x000000071a400000|  0%| F|  |TAMS 0x000000071a200000, 0x000000071a200000| Untracked 
| 172|0x000000071a400000, 0x000000071a400000, 0x000000071a600000|  0%| F|  |TAMS 0x000000071a400000, 0x000000071a400000| Untracked 
| 173|0x000000071a600000, 0x000000071a600000, 0x000000071a800000|  0%| F|  |TAMS 0x000000071a600000, 0x000000071a600000| Untracked 
| 174|0x000000071a800000, 0x000000071a800000, 0x000000071aa00000|  0%| F|  |TAMS 0x000000071a800000, 0x000000071a800000| Untracked 
| 175|0x000000071aa00000, 0x000000071aa00000, 0x000000071ac00000|  0%| F|  |TAMS 0x000000071aa00000, 0x000000071aa00000| Untracked 
| 176|0x000000071ac00000, 0x000000071ac00000, 0x000000071ae00000|  0%| F|  |TAMS 0x000000071ac00000, 0x000000071ac00000| Untracked 
| 177|0x000000071ae00000, 0x000000071ae00000, 0x000000071b000000|  0%| F|  |TAMS 0x000000071ae00000, 0x000000071ae00000| Untracked 
| 178|0x000000071b000000, 0x000000071b000000, 0x000000071b200000|  0%| F|  |TAMS 0x000000071b000000, 0x000000071b000000| Untracked 
| 179|0x000000071b200000, 0x000000071b200000, 0x000000071b400000|  0%| F|  |TAMS 0x000000071b200000, 0x000000071b200000| Untracked 
| 180|0x000000071b400000, 0x000000071b400000, 0x000000071b600000|  0%| F|  |TAMS 0x000000071b400000, 0x000000071b400000| Untracked 
| 181|0x000000071b600000, 0x000000071b600000, 0x000000071b800000|  0%| F|  |TAMS 0x000000071b600000, 0x000000071b600000| Untracked 
| 182|0x000000071b800000, 0x000000071b800000, 0x000000071ba00000|  0%| F|  |TAMS 0x000000071b800000, 0x000000071b800000| Untracked 
| 183|0x000000071ba00000, 0x000000071ba00000, 0x000000071bc00000|  0%| F|  |TAMS 0x000000071ba00000, 0x000000071ba00000| Untracked 
| 184|0x000000071bc00000, 0x000000071bc00000, 0x000000071be00000|  0%| F|  |TAMS 0x000000071bc00000, 0x000000071bc00000| Untracked 
| 185|0x000000071be00000, 0x000000071be00000, 0x000000071c000000|  0%| F|  |TAMS 0x000000071be00000, 0x000000071be00000| Untracked 
| 186|0x000000071c000000, 0x000000071c000000, 0x000000071c200000|  0%| F|  |TAMS 0x000000071c000000, 0x000000071c000000| Untracked 
| 187|0x000000071c200000, 0x000000071c200000, 0x000000071c400000|  0%| F|  |TAMS 0x000000071c200000, 0x000000071c200000| Untracked 
| 188|0x000000071c400000, 0x000000071c400000, 0x000000071c600000|  0%| F|  |TAMS 0x000000071c400000, 0x000000071c400000| Untracked 
| 189|0x000000071c600000, 0x000000071c600000, 0x000000071c800000|  0%| F|  |TAMS 0x000000071c600000, 0x000000071c600000| Untracked 
| 190|0x000000071c800000, 0x000000071c896300, 0x000000071ca00000| 29%| S|CS|TAMS 0x000000071c800000, 0x000000071c800000| Complete 
| 191|0x000000071ca00000, 0x000000071cc00000, 0x000000071cc00000|100%| S|CS|TAMS 0x000000071ca00000, 0x000000071ca00000| Complete 
| 192|0x000000071cc00000, 0x000000071ce00000, 0x000000071ce00000|100%| S|CS|TAMS 0x000000071cc00000, 0x000000071cc00000| Complete 
| 193|0x000000071ce00000, 0x000000071d000000, 0x000000071d000000|100%| S|CS|TAMS 0x000000071ce00000, 0x000000071ce00000| Complete 
| 194|0x000000071d000000, 0x000000071d000000, 0x000000071d200000|  0%| F|  |TAMS 0x000000071d000000, 0x000000071d000000| Untracked 
| 195|0x000000071d200000, 0x000000071d200000, 0x000000071d400000|  0%| F|  |TAMS 0x000000071d200000, 0x000000071d200000| Untracked 
| 196|0x000000071d400000, 0x000000071d400000, 0x000000071d600000|  0%| F|  |TAMS 0x000000071d400000, 0x000000071d400000| Untracked 
| 197|0x000000071d600000, 0x000000071d600000, 0x000000071d800000|  0%| F|  |TAMS 0x000000071d600000, 0x000000071d600000| Untracked 
| 198|0x000000071d800000, 0x000000071d800000, 0x000000071da00000|  0%| F|  |TAMS 0x000000071d800000, 0x000000071d800000| Untracked 
| 199|0x000000071da00000, 0x000000071da00000, 0x000000071dc00000|  0%| F|  |TAMS 0x000000071da00000, 0x000000071da00000| Untracked 
| 200|0x000000071dc00000, 0x000000071dc00000, 0x000000071de00000|  0%| F|  |TAMS 0x000000071dc00000, 0x000000071dc00000| Untracked 
| 201|0x000000071de00000, 0x000000071de00000, 0x000000071e000000|  0%| F|  |TAMS 0x000000071de00000, 0x000000071de00000| Untracked 
| 202|0x000000071e000000, 0x000000071e000000, 0x000000071e200000|  0%| F|  |TAMS 0x000000071e000000, 0x000000071e000000| Untracked 
| 203|0x000000071e200000, 0x000000071e200000, 0x000000071e400000|  0%| F|  |TAMS 0x000000071e200000, 0x000000071e200000| Untracked 
| 204|0x000000071e400000, 0x000000071e400000, 0x000000071e600000|  0%| F|  |TAMS 0x000000071e400000, 0x000000071e400000| Untracked 
| 205|0x000000071e600000, 0x000000071e600000, 0x000000071e800000|  0%| F|  |TAMS 0x000000071e600000, 0x000000071e600000| Untracked 
| 206|0x000000071e800000, 0x000000071e800000, 0x000000071ea00000|  0%| F|  |TAMS 0x000000071e800000, 0x000000071e800000| Untracked 
| 207|0x000000071ea00000, 0x000000071ea00000, 0x000000071ec00000|  0%| F|  |TAMS 0x000000071ea00000, 0x000000071ea00000| Untracked 
| 208|0x000000071ec00000, 0x000000071ec00000, 0x000000071ee00000|  0%| F|  |TAMS 0x000000071ec00000, 0x000000071ec00000| Untracked 
| 209|0x000000071ee00000, 0x000000071ee00000, 0x000000071f000000|  0%| F|  |TAMS 0x000000071ee00000, 0x000000071ee00000| Untracked 
| 210|0x000000071f000000, 0x000000071f000000, 0x000000071f200000|  0%| F|  |TAMS 0x000000071f000000, 0x000000071f000000| Untracked 
| 211|0x000000071f200000, 0x000000071f200000, 0x000000071f400000|  0%| F|  |TAMS 0x000000071f200000, 0x000000071f200000| Untracked 
| 212|0x000000071f400000, 0x000000071f400000, 0x000000071f600000|  0%| F|  |TAMS 0x000000071f400000, 0x000000071f400000| Untracked 
| 213|0x000000071f600000, 0x000000071f600000, 0x000000071f800000|  0%| F|  |TAMS 0x000000071f600000, 0x000000071f600000| Untracked 
| 214|0x000000071f800000, 0x000000071f800000, 0x000000071fa00000|  0%| F|  |TAMS 0x000000071f800000, 0x000000071f800000| Untracked 
| 215|0x000000071fa00000, 0x000000071fa00000, 0x000000071fc00000|  0%| F|  |TAMS 0x000000071fa00000, 0x000000071fa00000| Untracked 
| 216|0x000000071fc00000, 0x000000071fc00000, 0x000000071fe00000|  0%| F|  |TAMS 0x000000071fc00000, 0x000000071fc00000| Untracked 
| 217|0x000000071fe00000, 0x000000071fe00000, 0x0000000720000000|  0%| F|  |TAMS 0x000000071fe00000, 0x000000071fe00000| Untracked 
| 218|0x0000000720000000, 0x0000000720000000, 0x0000000720200000|  0%| F|  |TAMS 0x0000000720000000, 0x0000000720000000| Untracked 
| 219|0x0000000720200000, 0x0000000720200000, 0x0000000720400000|  0%| F|  |TAMS 0x0000000720200000, 0x0000000720200000| Untracked 
| 220|0x0000000720400000, 0x0000000720400000, 0x0000000720600000|  0%| F|  |TAMS 0x0000000720400000, 0x0000000720400000| Untracked 
| 221|0x0000000720600000, 0x0000000720600000, 0x0000000720800000|  0%| F|  |TAMS 0x0000000720600000, 0x0000000720600000| Untracked 
| 222|0x0000000720800000, 0x0000000720800000, 0x0000000720a00000|  0%| F|  |TAMS 0x0000000720800000, 0x0000000720800000| Untracked 
| 223|0x0000000720a00000, 0x0000000720a00000, 0x0000000720c00000|  0%| F|  |TAMS 0x0000000720a00000, 0x0000000720a00000| Untracked 
| 224|0x0000000720c00000, 0x0000000720c00000, 0x0000000720e00000|  0%| F|  |TAMS 0x0000000720c00000, 0x0000000720c00000| Untracked 
| 225|0x0000000720e00000, 0x0000000720e00000, 0x0000000721000000|  0%| F|  |TAMS 0x0000000720e00000, 0x0000000720e00000| Untracked 
| 226|0x0000000721000000, 0x0000000721000000, 0x0000000721200000|  0%| F|  |TAMS 0x0000000721000000, 0x0000000721000000| Untracked 
| 227|0x0000000721200000, 0x0000000721200000, 0x0000000721400000|  0%| F|  |TAMS 0x0000000721200000, 0x0000000721200000| Untracked 
| 228|0x0000000721400000, 0x0000000721400000, 0x0000000721600000|  0%| F|  |TAMS 0x0000000721400000, 0x0000000721400000| Untracked 
| 229|0x0000000721600000, 0x0000000721600000, 0x0000000721800000|  0%| F|  |TAMS 0x0000000721600000, 0x0000000721600000| Untracked 
| 230|0x0000000721800000, 0x0000000721800000, 0x0000000721a00000|  0%| F|  |TAMS 0x0000000721800000, 0x0000000721800000| Untracked 
| 231|0x0000000721a00000, 0x0000000721a00000, 0x0000000721c00000|  0%| F|  |TAMS 0x0000000721a00000, 0x0000000721a00000| Untracked 
| 232|0x0000000721c00000, 0x0000000721c00000, 0x0000000721e00000|  0%| F|  |TAMS 0x0000000721c00000, 0x0000000721c00000| Untracked 
| 233|0x0000000721e00000, 0x0000000721e00000, 0x0000000722000000|  0%| F|  |TAMS 0x0000000721e00000, 0x0000000721e00000| Untracked 
| 234|0x0000000722000000, 0x0000000722000000, 0x0000000722200000|  0%| F|  |TAMS 0x0000000722000000, 0x0000000722000000| Untracked 
| 235|0x0000000722200000, 0x0000000722200000, 0x0000000722400000|  0%| F|  |TAMS 0x0000000722200000, 0x0000000722200000| Untracked 
| 236|0x0000000722400000, 0x0000000722400000, 0x0000000722600000|  0%| F|  |TAMS 0x0000000722400000, 0x0000000722400000| Untracked 
| 237|0x0000000722600000, 0x0000000722600000, 0x0000000722800000|  0%| F|  |TAMS 0x0000000722600000, 0x0000000722600000| Untracked 
| 238|0x0000000722800000, 0x0000000722800000, 0x0000000722a00000|  0%| F|  |TAMS 0x0000000722800000, 0x0000000722800000| Untracked 
| 239|0x0000000722a00000, 0x0000000722a00000, 0x0000000722c00000|  0%| F|  |TAMS 0x0000000722a00000, 0x0000000722a00000| Untracked 
| 240|0x0000000722c00000, 0x0000000722c00000, 0x0000000722e00000|  0%| F|  |TAMS 0x0000000722c00000, 0x0000000722c00000| Untracked 
| 241|0x0000000722e00000, 0x0000000722e00000, 0x0000000723000000|  0%| F|  |TAMS 0x0000000722e00000, 0x0000000722e00000| Untracked 
| 242|0x0000000723000000, 0x0000000723000000, 0x0000000723200000|  0%| F|  |TAMS 0x0000000723000000, 0x0000000723000000| Untracked 
| 243|0x0000000723200000, 0x0000000723200000, 0x0000000723400000|  0%| F|  |TAMS 0x0000000723200000, 0x0000000723200000| Untracked 
| 244|0x0000000723400000, 0x0000000723400000, 0x0000000723600000|  0%| F|  |TAMS 0x0000000723400000, 0x0000000723400000| Untracked 
| 245|0x0000000723600000, 0x0000000723600000, 0x0000000723800000|  0%| F|  |TAMS 0x0000000723600000, 0x0000000723600000| Untracked 
| 246|0x0000000723800000, 0x0000000723800000, 0x0000000723a00000|  0%| F|  |TAMS 0x0000000723800000, 0x0000000723800000| Untracked 
| 247|0x0000000723a00000, 0x0000000723a00000, 0x0000000723c00000|  0%| F|  |TAMS 0x0000000723a00000, 0x0000000723a00000| Untracked 
| 248|0x0000000723c00000, 0x0000000723c00000, 0x0000000723e00000|  0%| F|  |TAMS 0x0000000723c00000, 0x0000000723c00000| Untracked 
| 249|0x0000000723e00000, 0x0000000723e00000, 0x0000000724000000|  0%| F|  |TAMS 0x0000000723e00000, 0x0000000723e00000| Untracked 
| 250|0x0000000724000000, 0x0000000724000000, 0x0000000724200000|  0%| F|  |TAMS 0x0000000724000000, 0x0000000724000000| Untracked 
| 251|0x0000000724200000, 0x0000000724200000, 0x0000000724400000|  0%| F|  |TAMS 0x0000000724200000, 0x0000000724200000| Untracked 
| 252|0x0000000724400000, 0x0000000724400000, 0x0000000724600000|  0%| F|  |TAMS 0x0000000724400000, 0x0000000724400000| Untracked 
| 253|0x0000000724600000, 0x0000000724600000, 0x0000000724800000|  0%| F|  |TAMS 0x0000000724600000, 0x0000000724600000| Untracked 
| 254|0x0000000724800000, 0x0000000724800000, 0x0000000724a00000|  0%| F|  |TAMS 0x0000000724800000, 0x0000000724800000| Untracked 
| 255|0x0000000724a00000, 0x0000000724a00000, 0x0000000724c00000|  0%| F|  |TAMS 0x0000000724a00000, 0x0000000724a00000| Untracked 
| 256|0x0000000724c00000, 0x0000000724c00000, 0x0000000724e00000|  0%| F|  |TAMS 0x0000000724c00000, 0x0000000724c00000| Untracked 
| 257|0x0000000724e00000, 0x0000000724e00000, 0x0000000725000000|  0%| F|  |TAMS 0x0000000724e00000, 0x0000000724e00000| Untracked 
| 258|0x0000000725000000, 0x0000000725000000, 0x0000000725200000|  0%| F|  |TAMS 0x0000000725000000, 0x0000000725000000| Untracked 
| 259|0x0000000725200000, 0x0000000725200000, 0x0000000725400000|  0%| F|  |TAMS 0x0000000725200000, 0x0000000725200000| Untracked 
| 260|0x0000000725400000, 0x0000000725400000, 0x0000000725600000|  0%| F|  |TAMS 0x0000000725400000, 0x0000000725400000| Untracked 
| 261|0x0000000725600000, 0x0000000725600000, 0x0000000725800000|  0%| F|  |TAMS 0x0000000725600000, 0x0000000725600000| Untracked 
| 262|0x0000000725800000, 0x0000000725800000, 0x0000000725a00000|  0%| F|  |TAMS 0x0000000725800000, 0x0000000725800000| Untracked 
| 263|0x0000000725a00000, 0x0000000725a00000, 0x0000000725c00000|  0%| F|  |TAMS 0x0000000725a00000, 0x0000000725a00000| Untracked 
| 264|0x0000000725c00000, 0x0000000725c00000, 0x0000000725e00000|  0%| F|  |TAMS 0x0000000725c00000, 0x0000000725c00000| Untracked 
| 265|0x0000000725e00000, 0x0000000725e00000, 0x0000000726000000|  0%| F|  |TAMS 0x0000000725e00000, 0x0000000725e00000| Untracked 
| 266|0x0000000726000000, 0x0000000726000000, 0x0000000726200000|  0%| F|  |TAMS 0x0000000726000000, 0x0000000726000000| Untracked 
| 267|0x0000000726200000, 0x0000000726200000, 0x0000000726400000|  0%| F|  |TAMS 0x0000000726200000, 0x0000000726200000| Untracked 
| 268|0x0000000726400000, 0x0000000726400000, 0x0000000726600000|  0%| F|  |TAMS 0x0000000726400000, 0x0000000726400000| Untracked 
|2004|0x00000007ff400000, 0x00000007ff600000, 0x00000007ff600000|100%| O|  |TAMS 0x00000007ff600000, 0x00000007ff400000| Untracked 
|2005|0x00000007ff600000, 0x00000007ff600000, 0x00000007ff800000|  0%| F|  |TAMS 0x00000007ff600000, 0x00000007ff600000| Untracked 
|2006|0x00000007ff800000, 0x00000007ff800000, 0x00000007ffa00000|  0%| F|  |TAMS 0x00000007ff800000, 0x00000007ff800000| Untracked 
|2007|0x00000007ffa00000, 0x00000007ffc00000, 0x00000007ffc00000|100%| O|  |TAMS 0x00000007ffc00000, 0x00000007ffa00000| Untracked 
|2008|0x00000007ffc00000, 0x00000007ffe00000, 0x00000007ffe00000|100%| O|  |TAMS 0x00000007ffe00000, 0x00000007ffc00000| Untracked 
|2009|0x00000007ffe00000, 0x0000000800000000, 0x0000000800000000|100%| O|  |TAMS 0x0000000800000000, 0x00000007ffe00000| Untracked 

Card table byte_map: [0x000001586a550000,0x000001586ad30000] _byte_map_base: 0x0000015866d2a000

Marking Bits (Prev, Next): (CMBitMap*) 0x000001585ecb4970, (CMBitMap*) 0x000001585ecb4930
 Prev Bits: [0x000001586f3e0000, 0x00000158732b0000)
 Next Bits: [0x000001586b510000, 0x000001586f3e0000)

Polling page: 0x000001585cbe0000

Metaspace:

Usage:
  Non-class:     99.96 MB used.
      Class:     15.53 MB used.
       Both:    115.49 MB used.

Virtual space:
  Non-class space:      128.00 MB reserved,     100.31 MB ( 78%) committed,  2 nodes.
      Class space:        1.00 GB reserved,      15.88 MB (  2%) committed,  1 nodes.
             Both:        1.12 GB reserved,     116.19 MB ( 10%) committed. 

Chunk freelists:
   Non-Class:  11.58 MB
       Class:  85.00 KB
        Both:  11.66 MB

MaxMetaspaceSize: unlimited
CompressedClassSpaceSize: 1.00 GB
Initial GC threshold: 21.00 MB
Current GC threshold: 185.94 MB
CDS: on
MetaspaceReclaimPolicy: balanced
 - commit_granule_bytes: 65536.
 - commit_granule_words: 8192.
 - virtual_space_node_default_size: 8388608.
 - enlarge_chunks_in_place: 1.
 - new_chunks_are_fully_committed: 0.
 - uncommit_free_chunks: 1.
 - use_allocation_guard: 0.
 - handle_deallocations: 1.


Internal statistics:

num_allocs_failed_limit: 9.
num_arena_births: 1052.
num_arena_deaths: 0.
num_vsnodes_births: 3.
num_vsnodes_deaths: 0.
num_space_committed: 1859.
num_space_uncommitted: 0.
num_chunks_returned_to_freelist: 9.
num_chunks_taken_from_freelist: 5160.
num_chunk_merges: 9.
num_chunk_splits: 4090.
num_chunks_enlarged: 3425.
num_inconsistent_stats: 0.

CodeCache: size=49152Kb used=24447Kb max_used=24447Kb free=24704Kb
 bounds [0x00000158664f0000, 0x0000015867cd0000, 0x00000158694f0000]
 total_blobs=13512 nmethods=12718 adapters=717
 compilation: enabled
              stopped_count=0, restarted_count=0
 full_count=0

Compilation events (20 events):
Event: 14.977 Thread 0x000001587dc6c020 12931       1       org.springframework.core.KotlinDetector::isKotlinReflectPresent (4 bytes)
Event: 14.977 Thread 0x000001587dc6c020 nmethod 12931 0x0000015867cccd90 code [0x0000015867cccf20, 0x0000015867cccfd8]
Event: 14.993 Thread 0x00000158765d9280 12932       1       org.springframework.data.mapping.model.BasicPersistentEntity::setEvaluationContextProvider (6 bytes)
Event: 14.993 Thread 0x00000158765d9280 nmethod 12932 0x0000015867ccd090 code [0x0000015867ccd220, 0x0000015867ccd338]
Event: 14.993 Thread 0x000001587dc6c020 12933       1       org.springframework.data.mapping.model.BasicPersistentEntity$$Lambda$1658/0x0000015801df35f8::apply (12 bytes)
Event: 14.993 Thread 0x00000158765d9280 12934       1       org.springframework.data.mapping.model.BasicPersistentEntity::lambda$doFindAnnotation$0 (12 bytes)
Event: 14.993 Thread 0x00000158765d9280 nmethod 12934 0x0000015867ccd390 code [0x0000015867ccd540, 0x0000015867ccd738]
Event: 14.993 Thread 0x000001587dc6c020 nmethod 12933 0x0000015867ccd890 code [0x0000015867ccda40, 0x0000015867ccdcb8]
Event: 15.001 Thread 0x00000158765d9280 12935       1       org.springframework.data.mapping.model.BasicPersistentEntity::getVersionProperty (5 bytes)
Event: 15.001 Thread 0x00000158765d9280 nmethod 12935 0x0000015867ccde10 code [0x0000015867ccdfa0, 0x0000015867cce078]
Event: 15.001 Thread 0x00000158765d9280 12936       1       org.springframework.data.mapping.model.BasicPersistentEntity::setPersistentPropertyAccessorFactory (6 bytes)
Event: 15.001 Thread 0x00000158765d9280 nmethod 12936 0x0000015867cce110 code [0x0000015867cce2a0, 0x0000015867cce3b8]
Event: 15.010 Thread 0x000001587e14abd0 12937       1       java.lang.reflect.Constructor::isSynthetic (5 bytes)
Event: 15.010 Thread 0x000001587e14abd0 nmethod 12937 0x0000015867cce410 code [0x0000015867cce5a0, 0x0000015867cce698]
Event: 15.015 Thread 0x000001587dc6c020 12938   !   1       jdk.internal.reflect.GeneratedMethodAccessor37::invoke (63 bytes)
Event: 15.015 Thread 0x000001587dc6c020 nmethod 12938 0x0000015867cce710 code [0x0000015867cce920, 0x0000015867cced58]
Event: 15.015 Thread 0x000001587dc6c020 12939       1       java.security.ProtectionDomain::<init> (98 bytes)
Event: 15.016 Thread 0x000001587dc6c020 nmethod 12939 0x0000015867ccf010 code [0x0000015867ccf1e0, 0x0000015867ccf748]
Event: 15.016 Thread 0x000001587e14abd0 12940       1       java.lang.Module::isExported (15 bytes)
Event: 15.016 Thread 0x000001587e14abd0 nmethod 12940 0x0000015867ccf910 code [0x0000015867ccfac0, 0x0000015867ccfc78]

GC Heap History (20 events):
Event: 11.183 GC heap after
{Heap after GC invocations=49 (full 0):
 garbage-first heap   total 378880K, used 148573K [0x0000000704c00000, 0x0000000800000000)
  region size 2048K, 7 young (14336K), 7 survivors (14336K)
 Metaspace       used 99395K, committed 100032K, reserved 1179648K
  class space    used 12883K, committed 13184K, reserved 1048576K
}
Event: 11.480 GC heap before
{Heap before GC invocations=49 (full 0):
 garbage-first heap   total 378880K, used 324701K [0x0000000704c00000, 0x0000000800000000)
  region size 2048K, 93 young (190464K), 7 survivors (14336K)
 Metaspace       used 100824K, committed 101440K, reserved 1179648K
  class space    used 13087K, committed 13376K, reserved 1048576K
}
Event: 11.485 GC heap after
{Heap after GC invocations=50 (full 0):
 garbage-first heap   total 378880K, used 150637K [0x0000000704c00000, 0x0000000800000000)
  region size 2048K, 7 young (14336K), 7 survivors (14336K)
 Metaspace       used 100824K, committed 101440K, reserved 1179648K
  class space    used 13087K, committed 13376K, reserved 1048576K
}
Event: 11.986 GC heap before
{Heap before GC invocations=50 (full 0):
 garbage-first heap   total 378880K, used 324717K [0x0000000704c00000, 0x0000000800000000)
  region size 2048K, 92 young (188416K), 7 survivors (14336K)
 Metaspace       used 104131K, committed 104768K, reserved 1179648K
  class space    used 13562K, committed 13888K, reserved 1048576K
}
Event: 12.002 GC heap after
{Heap after GC invocations=51 (full 0):
 garbage-first heap   total 462848K, used 195146K [0x0000000704c00000, 0x0000000800000000)
  region size 2048K, 12 young (24576K), 12 survivors (24576K)
 Metaspace       used 104131K, committed 104768K, reserved 1179648K
  class space    used 13562K, committed 13888K, reserved 1048576K
}
Event: 12.457 GC heap before
{Heap before GC invocations=51 (full 0):
 garbage-first heap   total 462848K, used 356938K [0x0000000704c00000, 0x0000000800000000)
  region size 2048K, 91 young (186368K), 12 survivors (24576K)
 Metaspace       used 104733K, committed 105344K, reserved 1179648K
  class space    used 13654K, committed 13952K, reserved 1048576K
}
Event: 12.481 GC heap after
{Heap after GC invocations=52 (full 0):
 garbage-first heap   total 468992K, used 280592K [0x0000000704c00000, 0x0000000800000000)
  region size 2048K, 12 young (24576K), 12 survivors (24576K)
 Metaspace       used 104733K, committed 105344K, reserved 1179648K
  class space    used 13654K, committed 13952K, reserved 1048576K
}
Event: 12.986 GC heap before
{Heap before GC invocations=52 (full 0):
 garbage-first heap   total 468992K, used 358416K [0x0000000704c00000, 0x0000000800000000)
  region size 2048K, 50 young (102400K), 12 survivors (24576K)
 Metaspace       used 105405K, committed 106048K, reserved 1179648K
  class space    used 13758K, committed 14080K, reserved 1048576K
}
Event: 12.994 GC heap after
{Heap after GC invocations=53 (full 0):
 garbage-first heap   total 468992K, used 292645K [0x0000000704c00000, 0x0000000800000000)
  region size 2048K, 3 young (6144K), 3 survivors (6144K)
 Metaspace       used 105405K, committed 106048K, reserved 1179648K
  class space    used 13758K, committed 14080K, reserved 1048576K
}
Event: 13.638 GC heap before
{Heap before GC invocations=54 (full 0):
 garbage-first heap   total 499712K, used 370469K [0x0000000704c00000, 0x0000000800000000)
  region size 2048K, 41 young (83968K), 3 survivors (6144K)
 Metaspace       used 105646K, committed 106304K, reserved 1179648K
  class space    used 13813K, committed 14144K, reserved 1048576K
}
Event: 13.640 GC heap after
{Heap after GC invocations=55 (full 0):
 garbage-first heap   total 499712K, used 292211K [0x0000000704c00000, 0x0000000800000000)
  region size 2048K, 3 young (6144K), 3 survivors (6144K)
 Metaspace       used 105646K, committed 106304K, reserved 1179648K
  class space    used 13813K, committed 14144K, reserved 1048576K
}
Event: 13.758 GC heap before
{Heap before GC invocations=55 (full 0):
 garbage-first heap   total 499712K, used 310643K [0x0000000704c00000, 0x0000000800000000)
  region size 2048K, 12 young (24576K), 3 survivors (6144K)
 Metaspace       used 106960K, committed 107584K, reserved 1179648K
  class space    used 14045K, committed 14336K, reserved 1048576K
}
Event: 13.761 GC heap after
{Heap after GC invocations=56 (full 0):
 garbage-first heap   total 499712K, used 290233K [0x0000000704c00000, 0x0000000800000000)
  region size 2048K, 2 young (4096K), 2 survivors (4096K)
 Metaspace       used 106960K, committed 107584K, reserved 1179648K
  class space    used 14045K, committed 14336K, reserved 1048576K
}
Event: 14.235 GC heap before
{Heap before GC invocations=56 (full 0):
 garbage-first heap   total 499712K, used 394681K [0x0000000704c00000, 0x0000000800000000)
  region size 2048K, 53 young (108544K), 2 survivors (4096K)
 Metaspace       used 113515K, committed 114176K, reserved 1179648K
  class space    used 15043K, committed 15360K, reserved 1048576K
}
Event: 14.240 GC heap after
{Heap after GC invocations=57 (full 0):
 garbage-first heap   total 499712K, used 295221K [0x0000000704c00000, 0x0000000800000000)
  region size 2048K, 4 young (8192K), 4 survivors (8192K)
 Metaspace       used 113515K, committed 114176K, reserved 1179648K
  class space    used 15043K, committed 15360K, reserved 1048576K
}
Event: 14.507 GC heap before
{Heap before GC invocations=58 (full 0):
 garbage-first heap   total 563200K, used 399669K [0x0000000704c00000, 0x0000000800000000)
  region size 2048K, 56 young (114688K), 4 survivors (8192K)
 Metaspace       used 117817K, committed 118528K, reserved 1179648K
  class space    used 15869K, committed 16192K, reserved 1048576K
}
Event: 14.510 GC heap after
{Heap after GC invocations=59 (full 0):
 garbage-first heap   total 563200K, used 298122K [0x0000000704c00000, 0x0000000800000000)
  region size 2048K, 5 young (10240K), 5 survivors (10240K)
 Metaspace       used 117817K, committed 118528K, reserved 1179648K
  class space    used 15869K, committed 16192K, reserved 1048576K
}
Event: 14.529 GC heap before
{Heap before GC invocations=59 (full 0):
 garbage-first heap   total 563200K, used 314506K [0x0000000704c00000, 0x0000000800000000)
  region size 2048K, 13 young (26624K), 5 survivors (10240K)
 Metaspace       used 117825K, committed 118592K, reserved 1179648K
  class space    used 15871K, committed 16256K, reserved 1048576K
}
Event: 14.532 GC heap after
{Heap after GC invocations=60 (full 0):
 garbage-first heap   total 563200K, used 297263K [0x0000000704c00000, 0x0000000800000000)
  region size 2048K, 2 young (4096K), 2 survivors (4096K)
 Metaspace       used 117825K, committed 118592K, reserved 1179648K
  class space    used 15871K, committed 16256K, reserved 1048576K
}
Event: 15.016 GC heap before
{Heap before GC invocations=60 (full 0):
 garbage-first heap   total 563200K, used 450863K [0x0000000704c00000, 0x0000000800000000)
  region size 2048K, 77 young (157696K), 2 survivors (4096K)
 Metaspace       used 118261K, committed 118976K, reserved 1179648K
  class space    used 15907K, committed 16256K, reserved 1048576K
}

Deoptimization events (20 events):
Event: 15.015 Thread 0x000001585ec342c0 DEOPT PACKING pc=0x0000015866add75c sp=0x00000051690fae70
Event: 15.015 Thread 0x000001585ec342c0 DEOPT UNPACKING pc=0x0000015866542b43 sp=0x00000051690fa360 mode 1
Event: 15.015 Thread 0x000001585ec342c0 DEOPT PACKING pc=0x0000015867c4fecc sp=0x00000051690fafd0
Event: 15.015 Thread 0x000001585ec342c0 DEOPT UNPACKING pc=0x0000015866542b43 sp=0x00000051690fa480 mode 1
Event: 15.015 Thread 0x000001585ec342c0 DEOPT PACKING pc=0x0000015866a58c64 sp=0x00000051690fa8d0
Event: 15.015 Thread 0x000001585ec342c0 DEOPT UNPACKING pc=0x0000015866542b43 sp=0x00000051690f9d68 mode 1
Event: 15.015 Thread 0x000001585ec342c0 DEOPT PACKING pc=0x0000015866a426fc sp=0x00000051690fa9a0
Event: 15.015 Thread 0x000001585ec342c0 DEOPT UNPACKING pc=0x0000015866542b43 sp=0x00000051690f9e58 mode 1
Event: 15.015 Thread 0x000001585ec342c0 DEOPT PACKING pc=0x0000015866add75c sp=0x00000051690fb3b0
Event: 15.015 Thread 0x000001585ec342c0 DEOPT UNPACKING pc=0x0000015866542b43 sp=0x00000051690fa888 mode 1
Event: 15.015 Thread 0x000001585ec342c0 DEOPT PACKING pc=0x0000015866cf2a94 sp=0x00000051690fb450
Event: 15.015 Thread 0x000001585ec342c0 DEOPT UNPACKING pc=0x0000015866542b43 sp=0x00000051690fa9a0 mode 1
Event: 15.015 Thread 0x000001585ec342c0 DEOPT PACKING pc=0x0000015866a58c64 sp=0x00000051690fa940
Event: 15.015 Thread 0x000001585ec342c0 DEOPT UNPACKING pc=0x0000015866542b43 sp=0x00000051690f9dd8 mode 1
Event: 15.015 Thread 0x000001585ec342c0 DEOPT PACKING pc=0x0000015866a426fc sp=0x00000051690faa10
Event: 15.015 Thread 0x000001585ec342c0 DEOPT UNPACKING pc=0x0000015866542b43 sp=0x00000051690f9ec8 mode 1
Event: 15.015 Thread 0x000001585ec342c0 DEOPT PACKING pc=0x0000015866add75c sp=0x00000051690fb420
Event: 15.015 Thread 0x000001585ec342c0 DEOPT UNPACKING pc=0x0000015866542b43 sp=0x00000051690fa910 mode 1
Event: 15.015 Thread 0x000001585ec342c0 DEOPT PACKING pc=0x0000015867c4fecc sp=0x00000051690fb580
Event: 15.015 Thread 0x000001585ec342c0 DEOPT UNPACKING pc=0x0000015866542b43 sp=0x00000051690faa30 mode 1

Classes unloaded (0 events):
No events

Classes redefined (0 events):
No events

Internal exceptions (20 events):
Event: 13.676 Thread 0x000001585ec342c0 Exception <a 'java/lang/IncompatibleClassChangeError'{0x0000000722363c00}: Found class java.lang.Object, but interface was expected> (0x0000000722363c00) 
thrown [s\open\src\hotspot\share\interpreter\linkResolver.cpp, line 826]
Event: 13.809 Thread 0x000001585ec342c0 Exception <a 'java/lang/reflect/InvocationTargetException'{0x00000007220977e0}> (0x00000007220977e0) 
thrown [s\open\src\hotspot\share\runtime\reflection.cpp, line 1121]
Event: 13.820 Thread 0x000001585ec342c0 Exception <a 'java/lang/IncompatibleClassChangeError'{0x0000000721e8e0b8}: Found class java.lang.Object, but interface was expected> (0x0000000721e8e0b8) 
thrown [s\open\src\hotspot\share\interpreter\linkResolver.cpp, line 826]
Event: 13.821 Thread 0x000001585ec342c0 Exception <a 'java/lang/reflect/InvocationTargetException'{0x0000000721ec1820}> (0x0000000721ec1820) 
thrown [s\open\src\hotspot\share\runtime\reflection.cpp, line 1121]
Event: 13.856 Thread 0x000001585ec342c0 Exception <a 'java/lang/reflect/InvocationTargetException'{0x00000007216d9048}> (0x00000007216d9048) 
thrown [s\open\src\hotspot\share\runtime\reflection.cpp, line 1121]
Event: 13.865 Thread 0x000001585ec342c0 Exception <a 'java/lang/IncompatibleClassChangeError'{0x000000072103a190}: Found class java.lang.Object, but interface was expected> (0x000000072103a190) 
thrown [s\open\src\hotspot\share\interpreter\linkResolver.cpp, line 826]
Event: 13.870 Thread 0x000001585ec342c0 Exception <a 'java/lang/reflect/InvocationTargetException'{0x00000007210e2770}> (0x00000007210e2770) 
thrown [s\open\src\hotspot\share\runtime\reflection.cpp, line 1121]
Event: 13.871 Thread 0x000001585ec342c0 Exception <a 'java/lang/reflect/InvocationTargetException'{0x00000007211031e8}> (0x00000007211031e8) 
thrown [s\open\src\hotspot\share\runtime\reflection.cpp, line 1121]
Event: 13.874 Thread 0x000001585ec342c0 Exception <a 'java/lang/reflect/InvocationTargetException'{0x000000072114b908}> (0x000000072114b908) 
thrown [s\open\src\hotspot\share\runtime\reflection.cpp, line 1121]
Event: 13.875 Thread 0x000001585ec342c0 Exception <a 'java/lang/reflect/InvocationTargetException'{0x0000000721173fc0}> (0x0000000721173fc0) 
thrown [s\open\src\hotspot\share\runtime\reflection.cpp, line 1121]
Event: 13.888 Thread 0x000001585ec342c0 Exception <a 'java/lang/reflect/InvocationTargetException'{0x0000000720d35748}> (0x0000000720d35748) 
thrown [s\open\src\hotspot\share\runtime\reflection.cpp, line 1121]
Event: 13.900 Thread 0x000001585ec342c0 Exception <a 'java/lang/reflect/InvocationTargetException'{0x00000007208b79d0}> (0x00000007208b79d0) 
thrown [s\open\src\hotspot\share\runtime\reflection.cpp, line 1121]
Event: 14.047 Thread 0x000001585ec342c0 Exception <a 'java/lang/NoSuchMethodError'{0x000000071efb5c80}: 'int java.lang.invoke.DirectMethodHandle$Holder.invokeStaticInit(java.lang.Object, int, java.lang.Object, java.lang.Object, java.lang.Object, java.lang.Object)'> (0x000000071efb5c80) 
thrown [s\open\src\hotspot\share\interpreter\linkResolver.cpp, line 759]
Event: 14.110 Thread 0x000001585ec342c0 Exception <a 'java/lang/reflect/InvocationTargetException'{0x000000071dc3f238}> (0x000000071dc3f238) 
thrown [s\open\src\hotspot\share\runtime\reflection.cpp, line 1121]
Event: 14.504 Thread 0x000001585ec342c0 Exception <a 'java/lang/reflect/InvocationTargetException'{0x0000000722974390}> (0x0000000722974390) 
thrown [s\open\src\hotspot\share\runtime\reflection.cpp, line 1121]
Event: 14.520 Thread 0x000001585ec342c0 Exception <a 'java/lang/reflect/InvocationTargetException'{0x00000007263874c0}> (0x00000007263874c0) 
thrown [s\open\src\hotspot\share\runtime\reflection.cpp, line 1121]
Event: 14.542 Thread 0x000001585ec342c0 Exception <a 'java/lang/reflect/InvocationTargetException'{0x00000007262681e0}> (0x00000007262681e0) 
thrown [s\open\src\hotspot\share\runtime\reflection.cpp, line 1121]
Event: 14.568 Thread 0x000001585ec342c0 Exception <a 'java/lang/reflect/InvocationTargetException'{0x0000000725c77590}> (0x0000000725c77590) 
thrown [s\open\src\hotspot\share\runtime\reflection.cpp, line 1121]
Event: 14.569 Thread 0x000001585ec342c0 Exception <a 'java/lang/reflect/InvocationTargetException'{0x0000000725c809b0}> (0x0000000725c809b0) 
thrown [s\open\src\hotspot\share\runtime\reflection.cpp, line 1121]
Event: 14.569 Thread 0x000001585ec342c0 Exception <a 'java/lang/reflect/InvocationTargetException'{0x0000000725c8bc90}> (0x0000000725c8bc90) 
thrown [s\open\src\hotspot\share\runtime\reflection.cpp, line 1121]

VM Operations (20 events):
Event: 13.761 Executing VM operation: G1CollectForAllocation done
Event: 14.204 Executing VM operation: HandshakeAllThreads
Event: 14.204 Executing VM operation: HandshakeAllThreads done
Event: 14.206 Executing VM operation: HandshakeAllThreads
Event: 14.206 Executing VM operation: HandshakeAllThreads done
Event: 14.235 Executing VM operation: G1CollectForAllocation
Event: 14.240 Executing VM operation: G1CollectForAllocation done
Event: 14.259 Executing VM operation: HandshakeAllThreads
Event: 14.259 Executing VM operation: HandshakeAllThreads done
Event: 14.302 Executing VM operation: G1Concurrent
Event: 14.306 Executing VM operation: G1Concurrent done
Event: 14.351 Executing VM operation: G1Concurrent
Event: 14.352 Executing VM operation: G1Concurrent done
Event: 14.443 Executing VM operation: HandshakeAllThreads
Event: 14.443 Executing VM operation: HandshakeAllThreads done
Event: 14.507 Executing VM operation: G1CollectForAllocation
Event: 14.510 Executing VM operation: G1CollectForAllocation done
Event: 14.529 Executing VM operation: G1CollectForAllocation
Event: 14.532 Executing VM operation: G1CollectForAllocation done
Event: 15.016 Executing VM operation: G1CollectForAllocation

Events (20 events):
Event: 13.982 loading class java/security/cert/CertificateParsingException done
Event: 14.021 loading class java/util/zip/GZIPInputStream
Event: 14.022 loading class java/util/zip/GZIPInputStream done
Event: 14.022 loading class java/net/NoRouteToHostException
Event: 14.022 loading class java/net/NoRouteToHostException done
Event: 14.030 Thread 0x000001587ed2ee00 Thread added: 0x000001587ed2ee00
Event: 14.056 loading class sun/reflect/ReflectionFactory
Event: 14.056 loading class sun/reflect/ReflectionFactory done
Event: 14.056 loading class sun/reflect/ReflectionFactory$1
Event: 14.056 loading class sun/reflect/ReflectionFactory$1 done
Event: 14.056 loading class java/io/OptionalDataException
Event: 14.056 loading class java/io/OptionalDataException done
Event: 14.118 loading class java/util/EmptyStackException
Event: 14.118 loading class java/util/EmptyStackException done
Event: 14.194 loading class java/io/InvalidClassException
Event: 14.194 loading class java/io/InvalidClassException done
Event: 14.203 loading class java/util/ArrayList$ListItr
Event: 14.203 loading class java/util/ArrayList$ListItr done
Event: 14.584 loading class sun/reflect/generics/tree/IntSignature
Event: 14.584 loading class sun/reflect/generics/tree/IntSignature done


Dynamic libraries:
0x00007ff7cebb0000 - 0x00007ff7cebc0000 	C:\Program Files\Java\jdk-17\bin\javaw.exe
0x00007ffea7a50000 - 0x00007ffea7c67000 	C:\Windows\SYSTEM32\ntdll.dll
0x00007ffea6540000 - 0x00007ffea6604000 	C:\Windows\System32\KERNEL32.DLL
0x00007ffea4e40000 - 0x00007ffea51ed000 	C:\Windows\System32\KERNELBASE.dll
0x00007ffea5290000 - 0x00007ffea53a1000 	C:\Windows\System32\ucrtbase.dll
0x00007ffe9c360000 - 0x00007ffe9c37b000 	C:\Program Files\Java\jdk-17\bin\VCRUNTIME140.dll
0x00007ffe90b30000 - 0x00007ffe90b49000 	C:\Program Files\Java\jdk-17\bin\jli.dll
0x00007ffea7360000 - 0x00007ffea7412000 	C:\Windows\System32\ADVAPI32.dll
0x00007ffea6610000 - 0x00007ffea66b7000 	C:\Windows\System32\msvcrt.dll
0x00007ffea5950000 - 0x00007ffea59f9000 	C:\Windows\System32\sechost.dll
0x00007ffea5260000 - 0x00007ffea5288000 	C:\Windows\System32\bcrypt.dll
0x00007ffea66c0000 - 0x00007ffea67d4000 	C:\Windows\System32\RPCRT4.dll
0x00007ffea71b0000 - 0x00007ffea735e000 	C:\Windows\System32\USER32.dll
0x00007ffea54d0000 - 0x00007ffea54f6000 	C:\Windows\System32\win32u.dll
0x00007ffe8a5f0000 - 0x00007ffe8a883000 	C:\Windows\WinSxS\amd64_microsoft.windows.common-controls_6595b64144ccf1df_6.0.22621.3672_none_2713b9d173822955\COMCTL32.dll
0x00007ffea6500000 - 0x00007ffea6529000 	C:\Windows\System32\GDI32.dll
0x00007ffea5670000 - 0x00007ffea5789000 	C:\Windows\System32\gdi32full.dll
0x00007ffea53b0000 - 0x00007ffea544a000 	C:\Windows\System32\msvcp_win.dll
0x00007ffe9fbb0000 - 0x00007ffe9fbba000 	C:\Windows\SYSTEM32\VERSION.dll
0x00007ffea5910000 - 0x00007ffea5941000 	C:\Windows\System32\IMM32.DLL
0x00007ffe9e900000 - 0x00007ffe9e90c000 	C:\Program Files\Java\jdk-17\bin\vcruntime140_1.dll
0x00007ffe693a0000 - 0x00007ffe6942e000 	C:\Program Files\Java\jdk-17\bin\msvcp140.dll
0x00007ffe13e20000 - 0x00007ffe14a00000 	C:\Program Files\Java\jdk-17\bin\server\jvm.dll
0x00007ffea68c0000 - 0x00007ffea68c8000 	C:\Windows\System32\PSAPI.DLL
0x00007ffe9e880000 - 0x00007ffe9e889000 	C:\Windows\SYSTEM32\WSOCK32.dll
0x00007ffe9c5a0000 - 0x00007ffe9c5d4000 	C:\Windows\SYSTEM32\WINMM.dll
0x00007ffea6480000 - 0x00007ffea64f1000 	C:\Windows\System32\WS2_32.dll
0x00007ffea3e60000 - 0x00007ffea3e78000 	C:\Windows\SYSTEM32\kernel.appcore.dll
0x00007ffe9e8e0000 - 0x00007ffe9e8ea000 	C:\Program Files\Java\jdk-17\bin\jimage.dll
0x00007ffea1e00000 - 0x00007ffea2032000 	C:\Windows\SYSTEM32\DBGHELP.DLL
0x00007ffea7520000 - 0x00007ffea78a8000 	C:\Windows\System32\combase.dll
0x00007ffea78d0000 - 0x00007ffea79a7000 	C:\Windows\System32\OLEAUT32.dll
0x00007ffe82ff0000 - 0x00007ffe83022000 	C:\Windows\SYSTEM32\dbgcore.DLL
0x00007ffea5450000 - 0x00007ffea54cb000 	C:\Windows\System32\bcryptPrimitives.dll
0x00007ffe82180000 - 0x00007ffe821bb000 	C:\Program Files\Java\jdk-17\bin\jdwp.dll
0x00007ffe909e0000 - 0x00007ffe909ee000 	C:\Program Files\Java\jdk-17\bin\instrument.dll
0x00007ffe8fcf0000 - 0x00007ffe8fd15000 	C:\Program Files\Java\jdk-17\bin\java.dll
0x00007ffe66130000 - 0x00007ffe66207000 	C:\Program Files\Java\jdk-17\bin\jsvml.dll
0x00007ffea5a60000 - 0x00007ffea62bf000 	C:\Windows\System32\SHELL32.dll
0x00007ffea2c80000 - 0x00007ffea357c000 	C:\Windows\SYSTEM32\windows.storage.dll
0x00007ffea2b40000 - 0x00007ffea2c7f000 	C:\Windows\SYSTEM32\wintypes.dll
0x00007ffea7420000 - 0x00007ffea7514000 	C:\Windows\System32\SHCORE.dll
0x00007ffea5a00000 - 0x00007ffea5a5e000 	C:\Windows\System32\shlwapi.dll
0x00007ffea4cb0000 - 0x00007ffea4cd1000 	C:\Windows\SYSTEM32\profapi.dll
0x00007ffe9e890000 - 0x00007ffe9e89c000 	C:\Program Files\Java\jdk-17\bin\dt_socket.dll
0x00007ffea37e0000 - 0x00007ffea380d000 	C:\Windows\SYSTEM32\IPHLPAPI.DLL
0x00007ffea42c0000 - 0x00007ffea4329000 	C:\Windows\system32\mswsock.dll
0x00007ffea3810000 - 0x00007ffea3908000 	C:\Windows\SYSTEM32\DNSAPI.dll
0x00007ffea6a90000 - 0x00007ffea6a99000 	C:\Windows\System32\NSI.dll
0x00007ffe9c7d0000 - 0x00007ffe9c7da000 	C:\Windows\System32\rasadhlp.dll
0x00007ffe9cf10000 - 0x00007ffe9cf93000 	C:\Windows\System32\fwpuclnt.dll
0x00007ffe8fc90000 - 0x00007ffe8fca8000 	C:\Program Files\Java\jdk-17\bin\zip.dll
0x00007ffe8fbd0000 - 0x00007ffe8fbe9000 	C:\Program Files\Java\jdk-17\bin\net.dll
0x00007ffea0430000 - 0x00007ffea0566000 	C:\Windows\SYSTEM32\WINHTTP.dll
0x00007ffe8e5d0000 - 0x00007ffe8e5e6000 	C:\Program Files\Java\jdk-17\bin\nio.dll
0x00007ffe90940000 - 0x00007ffe9094a000 	C:\Program Files\Java\jdk-17\bin\management.dll
0x00007ffe907c0000 - 0x00007ffe907cb000 	C:\Program Files\Java\jdk-17\bin\management_ext.dll
0x00007ffe4ea20000 - 0x00007ffe4ea37000 	C:\Windows\system32\napinsp.dll
0x00007ffe4ea00000 - 0x00007ffe4ea1b000 	C:\Windows\system32\pnrpnsp.dll
0x00007ffe4e9e0000 - 0x00007ffe4e9f1000 	C:\Windows\System32\winrnr.dll
0x00007ffe9c970000 - 0x00007ffe9c985000 	C:\Windows\system32\wshbth.dll
0x00007ffe4e9b0000 - 0x00007ffe4e9d7000 	C:\Windows\system32\nlansp_c.dll
0x00007ffea4610000 - 0x00007ffea462b000 	C:\Windows\SYSTEM32\CRYPTSP.dll
0x00007ffea3d40000 - 0x00007ffea3d75000 	C:\Windows\system32\rsaenh.dll
0x00007ffea4360000 - 0x00007ffea4388000 	C:\Windows\SYSTEM32\USERENV.dll
0x00007ffea45f0000 - 0x00007ffea45fc000 	C:\Windows\SYSTEM32\CRYPTBASE.dll
0x00007ffe9fc30000 - 0x00007ffe9fc49000 	C:\Windows\SYSTEM32\dhcpcsvc6.DLL
0x00007ffe9fb80000 - 0x00007ffe9fb9f000 	C:\Windows\SYSTEM32\dhcpcsvc.DLL
0x00007ffe8fa60000 - 0x00007ffe8fa70000 	C:\Program Files\Java\jdk-17\bin\verify.dll
0x00007ffe8eb50000 - 0x00007ffe8eb5e000 	C:\Program Files\Java\jdk-17\bin\sunmscapi.dll
0x00007ffea5500000 - 0x00007ffea5667000 	C:\Windows\System32\CRYPT32.dll
0x00007ffea4710000 - 0x00007ffea473e000 	C:\Windows\SYSTEM32\ncrypt.dll
0x00007ffea46d0000 - 0x00007ffea4707000 	C:\Windows\SYSTEM32\NTASN1.dll

dbghelp: loaded successfully - version: 4.0.5 - missing functions: none
symbol engine: initialized successfully - sym options: 0x614 - pdb path: .;C:\Program Files\Java\jdk-17\bin;C:\Windows\SYSTEM32;C:\Windows\WinSxS\amd64_microsoft.windows.common-controls_6595b64144ccf1df_6.0.22621.3672_none_2713b9d173822955;C:\Program Files\Java\jdk-17\bin\server

VM Arguments:
jvm_args: -Dfile.encoding-UTF8 -XX:+ShowCodeDetailsInExceptionMessages -agentlib:jdwp=transport=dt_socket,suspend=y,address=localhost:55921 -Dcom.sun.management.jmxremote -Dcom.sun.management.jmxremote.port=55920 -Dcom.sun.management.jmxremote.authenticate=false -Dcom.sun.management.jmxremote.ssl=false -Djava.rmi.server.hostname=localhost -Dspring.jmx.enabled=true -Dmanagement.endpoints.jmx.exposure.include=* -Dspring.application.admin.enabled=true -Dspring.output.ansi.enabled=always -XX:TieredStopAtLevel=1 -Dspring.boot.project.name=asm_gstn_return_db_store6_pre -javaagent:D:\Project\sts-5.0.1.RELEASE\configuration\org.eclipse.osgi\280\0\.cp\lib\javaagent-shaded.jar -Dfile.encoding=UTF-8 -Dstdout.encoding=UTF-8 -Dstderr.encoding=UTF-8 
java_command: com.deloitte.AsmEwayBillApplication
java_class_path (initial): D:\Project\workspace\workspace280126\asm_gstn_return_db_store6_pre\target\classes;C:\Users\AIO16\.m2\repository\org\springframework\boot\spring-boot-starter-data-jpa\4.0.3\spring-boot-starter-data-jpa-4.0.3.jar;C:\Users\AIO16\.m2\repository\org\springframework\boot\spring-boot-starter\4.0.3\spring-boot-starter-4.0.3.jar;C:\Users\AIO16\.m2\repository\org\springframework\boot\spring-boot-starter-logging\4.0.3\spring-boot-starter-logging-4.0.3.jar;C:\Users\AIO16\.m2\repository\ch\qos\logback\logback-classic\1.5.32\logback-classic-1.5.32.jar;C:\Users\AIO16\.m2\repository\ch\qos\logback\logback-core\1.5.32\logback-core-1.5.32.jar;C:\Users\AIO16\.m2\repository\org\apache\logging\log4j\log4j-to-slf4j\2.25.3\log4j-to-slf4j-2.25.3.jar;C:\Users\AIO16\.m2\repository\org\slf4j\jul-to-slf4j\2.0.17\jul-to-slf4j-2.0.17.jar;C:\Users\AIO16\.m2\repository\org\springframework\boot\spring-boot-autoconfigure\4.0.3\spring-boot-autoconfigure-4.0.3.jar;C:\Users\AIO16\.m2\repository\jakarta\annotation\jakarta.annotation-api\3.0.0\jakarta.annotation-api-3.0.0.jar;C:\Users\AIO16\.m2\repository\org\yaml\snakeyaml\2.5\snakeyaml-2.5.jar;C:\Users\AIO16\.m2\repository\org\springframework\boot\spring-boot-starter-jdbc\4.0.3\spring-boot-starter-jdbc-4.0.3.jar;C:\Users\AIO16\.m2\repository\com\zaxxer\HikariCP\7.0.2\HikariCP-7.0.2.jar;C:\Users\AIO16\.m2\repository\org\springframework\boot\spring-boot-data-jpa\4.0.3\spring-boot-data-jpa-4.0.3.jar;C:\Users\AIO16\.m2\repository\org\springframework\boot\spring-boot-data-commons\4.0.3\spring-boot-data-commons-4.0.3.jar;C:\Users\AIO16\.m2\repository\org\springframework\boot\spring-boot-persistence\4.0.3\spring-boot-persistence-4.0.3.jar;C:\Users\AIO16\.m2\repository\org\springframework\data\spring-data-commons\4.0.3\spring-data-commons-4.0.3.jar;C:\Users\AIO16\.m2\repository\org\springframework\boot\spring-boot-hibernate\4.0.3\spring-boot-hibernate-4.0.3.jar;C:\Users\AIO16\.m2\repository\org\springframework\boot\spring-boot-jpa\
Launcher Type: SUN_STANDARD

[Global flags]
     intx CICompilerCount                          = 12                                        {product} {ergonomic}
     uint ConcGCThreads                            = 4                                         {product} {ergonomic}
     uint G1ConcRefinementThreads                  = 15                                        {product} {ergonomic}
   size_t G1HeapRegionSize                         = 2097152                                   {product} {ergonomic}
    uintx GCDrainStackTargetSize                   = 64                                        {product} {ergonomic}
   size_t InitialHeapSize                          = 264241152                                 {product} {ergonomic}
     bool ManagementServer                         = true                                      {product} {command line}
   size_t MarkStackSize                            = 4194304                                   {product} {ergonomic}
   size_t MaxHeapSize                              = 4215275520                                {product} {ergonomic}
   size_t MaxNewSize                               = 2529165312                                {product} {ergonomic}
   size_t MinHeapDeltaBytes                        = 2097152                                   {product} {ergonomic}
   size_t MinHeapSize                              = 8388608                                   {product} {ergonomic}
    uintx NonProfiledCodeHeapSize                  = 0                                      {pd product} {ergonomic}
     bool ProfileInterpreter                       = false                                  {pd product} {command line}
    uintx ProfiledCodeHeapSize                     = 0                                      {pd product} {ergonomic}
     bool ShowCodeDetailsInExceptionMessages       = true                                   {manageable} {command line}
   size_t SoftMaxHeapSize                          = 4215275520                             {manageable} {ergonomic}
     intx TieredStopAtLevel                        = 1                                         {product} {command line}
     bool UseCompressedClassPointers               = true                           {product lp64_product} {ergonomic}
     bool UseCompressedOops                        = true                           {product lp64_product} {ergonomic}
     bool UseG1GC                                  = true                                      {product} {ergonomic}
     bool UseLargePagesIndividualAllocation        = false                                  {pd product} {ergonomic}

Logging:
Log output configuration:
 #0: stdout all=warning uptime,level,tags
 #1: stderr all=off uptime,level,tags

Environment Variables:
JAVA_HOME=C:\Program Files\Java\jdk-17
JAVA_TOOL_OPTIONS=-Dfile.encoding-UTF8
PATH=D:/Project/sts-5.0.1.RELEASE//plugins/org.eclipse.justj.openjdk.hotspot.jre.full.win32.x86_64_25.0.1.v20251108-1451/jre/bin/server;D:/Project/sts-5.0.1.RELEASE//plugins/org.eclipse.justj.openjdk.hotspot.jre.full.win32.x86_64_25.0.1.v20251108-1451/jre/bin;C:\Program Files\Apache\Maven\apache-maven-3.9.14\bin;C:\Program Files\Java\jdk-17;C:\Program Files\Common Files\Oracle\Java\javapath;C:\Program Files (x86)\Common Files\Oracle\Java\javapath;C:\Windows\system32;C:\Windows;C:\Windows\System32\Wbem;C:\Windows\System32\WindowsPowerShell\v1.0\;C:\Windows\System32\OpenSSH\;C:\Program Files\dotnet\;C:\Program Files\Git\cmd;C:\Program Files\nodejs\;C:\Users\AIO16\AppData\Local\Microsoft\WindowsApps;C:\Users\AIO16\AppData\Local\Programs\Microsoft VS Code\bin;C:\Users\AIO16\AppData\Local\GitHubDesktop\bin;C:\Users\AIO16\AppData\Roaming\npm;D:\Project\sts-5.0.1.RELEASE;
USERNAME=AIO16
OS=Windows_NT
PROCESSOR_IDENTIFIER=Intel64 Family 6 Model 191 Stepping 2, GenuineIntel



---------------  S Y S T E M  ---------------

OS:
 Windows 11 , 64 bit Build 22621 (10.0.22621.3672)
OS uptime: 18 days 16:19 hours
Hyper-V role detected

CPU: total 20 (initial active 20) (10 cores per cpu, 2 threads per core) family 6 model 191 stepping 2 microcode 0x3e, cx8, cmov, fxsr, ht, mmx, 3dnowpref, sse, sse2, sse3, ssse3, sse4.1, sse4.2, popcnt, lzcnt, tsc, tscinvbit, avx, avx2, aes, erms, clmul, bmi1, bmi2, adx, sha, fma, vzeroupper, clflush, clflushopt, clwb, hv

Memory: 4k page, system-wide physical 16072M (291M free)
TotalPageFile size 44753M (AvailPageFile size 246M)
current process WorkingSet (physical memory assigned to process): 806M, peak: 806M
current process commit charge ("private bytes"): 864M, peak: 1192M

vm_info: Java HotSpot(TM) 64-Bit Server VM (17.0.12+8-LTS-286) for windows-amd64 JRE (17.0.12+8-LTS-286), built on Jun  5 2024 06:46:59 by "mach5one" with MS VC++ 17.6 (VS2022)

END.
