#
# There is insufficient memory for the Java Runtime Environment to continue.
# Native memory allocation (mmap) failed to map 583008256 bytes for G1 virtual space
# Possible reasons:
#   The system is out of physical RAM or swap space
#   The process is running with CompressedOops enabled, and the Java Heap may be blocking the growth of the native heap
# Possible solutions:
#   Reduce memory load on the system
#   Increase physical memory or swap space
#   Check if swap backing store is full
#   Decrease Java heap size (-Xmx/-Xms)
#   Decrease number of Java threads
#   Decrease Java thread stack sizes (-Xss)
#   Set larger code cache with -XX:ReservedCodeCacheSize=
#   JVM is running with Zero Based Compressed Oops mode in which the Java heap is
#     placed in the first 32GB address space. The Java Heap base address is the
#     maximum limit for the native heap growth. Please use -XX:HeapBaseMinAddress
#     to set the Java Heap base and to place the Java Heap above 32GB virtual address.
# This output file may be truncated or incomplete.
#
#  Out of Memory Error (os_windows.cpp:3548), pid=22804, tid=26396
#
# JRE version: Java(TM) SE Runtime Environment (17.0.12+8) (build 17.0.12+8-LTS-286)
# Java VM: Java HotSpot(TM) 64-Bit Server VM (17.0.12+8-LTS-286, mixed mode, emulated-client, sharing, tiered, compressed oops, compressed class ptrs, g1 gc, windows-amd64)
# No core dump will be written. Minidumps are not enabled by default on client versions of Windows
#

---------------  S U M M A R Y ------------

Command Line: -Dfile.encoding-UTF8 -XX:+ShowCodeDetailsInExceptionMessages -agentlib:jdwp=transport=dt_socket,suspend=y,address=localhost:56276 -Dcom.sun.management.jmxremote -Dcom.sun.management.jmxremote.port=56273 -Dcom.sun.management.jmxremote.authenticate=false -Dcom.sun.management.jmxremote.ssl=false -Djava.rmi.server.hostname=localhost -Dspring.jmx.enabled=true -Dmanagement.endpoints.jmx.exposure.include=* -Dspring.application.admin.enabled=true -Dspring.output.ansi.enabled=always -XX:TieredStopAtLevel=1 -Dspring.boot.project.name=asm_gstn_return_db_store6_pre -javaagent:D:\Project\sts-5.0.1.RELEASE\configuration\org.eclipse.osgi\280\0\.cp\lib\javaagent-shaded.jar -Dfile.encoding=UTF-8 -Dstdout.encoding=UTF-8 -Dstderr.encoding=UTF-8 com.deloitte.AsmEwayBillApplication

Host: 13th Gen Intel(R) Core(TM) i5-13500, 20 cores, 15G,  Windows 11 , 64 bit Build 22621 (10.0.22621.3672)
Time: Sun May 17 12:13:56 2026 India Standard Time elapsed time: 20.927890 seconds (0d 0h 0m 20s)

---------------  T H R E A D  ---------------

Current thread (0x000001a9dc009230):  VMThread "VM Thread" [stack: 0x000000561cd00000,0x000000561ce00000] [id=26396]

Stack: [0x000000561cd00000,0x000000561ce00000]
Native frames: (J=compiled Java code, j=interpreted, Vv=VM code, C=native code)
V  [jvm.dll+0x67a04a]
V  [jvm.dll+0x7da4ed]
V  [jvm.dll+0x7dbe33]
V  [jvm.dll+0x7dc4a3]
V  [jvm.dll+0x24508f]
V  [jvm.dll+0x677089]
V  [jvm.dll+0x66bd32]
V  [jvm.dll+0x301fa6]
V  [jvm.dll+0x309546]
V  [jvm.dll+0x359d2e]
V  [jvm.dll+0x359f5f]
V  [jvm.dll+0x2d9078]
V  [jvm.dll+0x2d74ad]
V  [jvm.dll+0x2d6afc]
V  [jvm.dll+0x31a65b]
V  [jvm.dll+0x7e0d9b]
V  [jvm.dll+0x7e1ad4]
V  [jvm.dll+0x7e1fed]
V  [jvm.dll+0x7e23c4]
V  [jvm.dll+0x7e2490]
V  [jvm.dll+0x78abea]
V  [jvm.dll+0x678f35]
C  [ucrtbase.dll+0x29333]
C  [KERNEL32.DLL+0x1257d]
C  [ntdll.dll+0x5af28]

VM_Operation (0x000000561c7f5f70): G1CollectForAllocation, mode: safepoint, requested by thread 0x000001a983395f10


---------------  P R O C E S S  ---------------

Threads class SMR info:
_java_thread_list=0x000001a9e9424e10, length=33, elements={
0x000001a983395f10, 0x000001a9dc00bbb0, 0x000001a9dc00f4a0, 0x000001a9dc021690,
0x000001a9dc021f60, 0x000001a9dc022830, 0x000001a9dc02d120, 0x000001a9dc02d9f0,
0x000001a9dc031c10, 0x000001a99aa19120, 0x000001a9dc1798c0, 0x000001a9dc198bd0,
0x000001a9dc19b0d0, 0x000001a9dcacc040, 0x000001a9dcb9e210, 0x000001a9dcba1fc0,
0x000001a9dcc5a330, 0x000001a9e11174d0, 0x000001a9e110cd60, 0x000001a9dcf34e40,
0x000001a9dcf36ca0, 0x000001a9dcf35350, 0x000001a9dcf36280, 0x000001a9dcf35860,
0x000001a9dcf35d70, 0x000001a9dcf36790, 0x000001a9dcd91850, 0x000001a9dced5840,
0x000001a9e333d280, 0x000001a9dce73850, 0x000001a9dccfe040, 0x000001a9e3b7f870,
0x000001a9e93a55d0
}

Java Threads: ( => current thread )
  0x000001a983395f10 JavaThread "main" [_thread_blocked, id=35992, stack(0x000000561c700000,0x000000561c800000)]
  0x000001a9dc00bbb0 JavaThread "Reference Handler" daemon [_thread_blocked, id=16036, stack(0x000000561ce00000,0x000000561cf00000)]
  0x000001a9dc00f4a0 JavaThread "Finalizer" daemon [_thread_blocked, id=33612, stack(0x000000561cf00000,0x000000561d000000)]
  0x000001a9dc021690 JavaThread "Signal Dispatcher" daemon [_thread_blocked, id=34260, stack(0x000000561d000000,0x000000561d100000)]
  0x000001a9dc021f60 JavaThread "Attach Listener" daemon [_thread_blocked, id=33800, stack(0x000000561d100000,0x000000561d200000)]
  0x000001a9dc022830 JavaThread "Service Thread" daemon [_thread_blocked, id=32812, stack(0x000000561d200000,0x000000561d300000)]
  0x000001a9dc02d120 JavaThread "Monitor Deflation Thread" daemon [_thread_blocked, id=4268, stack(0x000000561d300000,0x000000561d400000)]
  0x000001a9dc02d9f0 JavaThread "C1 CompilerThread0" daemon [_thread_blocked, id=36788, stack(0x000000561d400000,0x000000561d500000)]
  0x000001a9dc031c10 JavaThread "Sweeper thread" daemon [_thread_blocked, id=28956, stack(0x000000561d500000,0x000000561d600000)]
  0x000001a99aa19120 JavaThread "Common-Cleaner" daemon [_thread_blocked, id=25556, stack(0x000000561d700000,0x000000561d800000)]
  0x000001a9dc1798c0 JavaThread "JDWP Transport Listener: dt_socket" daemon [_thread_blocked, id=15680, stack(0x000000561da00000,0x000000561db00000)]
  0x000001a9dc198bd0 JavaThread "JDWP Event Helper Thread" daemon [_thread_blocked, id=4852, stack(0x000000561db00000,0x000000561dc00000)]
  0x000001a9dc19b0d0 JavaThread "JDWP Command Reader" daemon [_thread_in_native, id=25380, stack(0x000000561dc00000,0x000000561dd00000)]
  0x000001a9dcacc040 JavaThread "Notification Thread" daemon [_thread_blocked, id=16432, stack(0x000000561dd00000,0x000000561de00000)]
  0x000001a9dcb9e210 JavaThread "RMI TCP Accept-0" daemon [_thread_in_native, id=23320, stack(0x000000561de00000,0x000000561df00000)]
  0x000001a9dcba1fc0 JavaThread "RMI TCP Accept-56273" daemon [_thread_in_native, id=28896, stack(0x000000561df00000,0x000000561e000000)]
  0x000001a9dcc5a330 JavaThread "RMI TCP Accept-0" daemon [_thread_in_native, id=4312, stack(0x000000561e800000,0x000000561e900000)]
  0x000001a9e11174d0 JavaThread "RMI TCP Connection(idle)" daemon [_thread_blocked, id=28448, stack(0x000000561ed00000,0x000000561ee00000)]
  0x000001a9e110cd60 JavaThread "RMI Scheduler(0)" daemon [_thread_blocked, id=35040, stack(0x000000561ee00000,0x000000561ef00000)]
  0x000001a9dcf34e40 JavaThread "RMI TCP Connection(2)-127.0.0.1" daemon [_thread_in_native, id=23248, stack(0x000000561ef00000,0x000000561f000000)]
  0x000001a9dcf36ca0 JavaThread "JMX server connection timeout 33" daemon [_thread_blocked, id=19472, stack(0x000000561f000000,0x000000561f100000)]
  0x000001a9dcf35350 JavaThread "Catalina-utility-1" [_thread_blocked, id=11464, stack(0x000000561f600000,0x000000561f700000)]
  0x000001a9dcf36280 JavaThread "Catalina-utility-2" [_thread_blocked, id=14460, stack(0x000000561fa00000,0x000000561fb00000)]
  0x000001a9dcf35860 JavaThread "container-0" [_thread_blocked, id=26120, stack(0x000000561fb00000,0x000000561fc00000)]
  0x000001a9dcf35d70 JavaThread "Cleaner-0" daemon [_thread_blocked, id=12484, stack(0x000000561fd00000,0x000000561fe00000)]
  0x000001a9dcf36790 JavaThread "HikariPool-1:housekeeper" daemon [_thread_blocked, id=8560, stack(0x000000561fe00000,0x000000561ff00000)]
  0x000001a9dcd91850 JavaThread "C1 CompilerThread1" daemon [_thread_blocked, id=30996, stack(0x000000561d600000,0x000000561d700000)]
  0x000001a9dced5840 JavaThread "C1 CompilerThread2" daemon [_thread_blocked, id=8784, stack(0x000000561d800000,0x000000561d900000)]
  0x000001a9e333d280 JavaThread "C1 CompilerThread3" daemon [_thread_blocked, id=31984, stack(0x000000561d900000,0x000000561da00000)]
  0x000001a9dce73850 JavaThread "C1 CompilerThread4" daemon [_thread_blocked, id=34720, stack(0x000000561f400000,0x000000561f500000)]
  0x000001a9dccfe040 JavaThread "C1 CompilerThread5" daemon [_thread_blocked, id=16616, stack(0x000000561f500000,0x000000561f600000)]
  0x000001a9e3b7f870 JavaThread "C1 CompilerThread6" daemon [_thread_blocked, id=22120, stack(0x000000561ff00000,0x0000005620000000)]
  0x000001a9e93a55d0 JavaThread "idle-connection-evictor-1" daemon [_thread_blocked, id=11028, stack(0x0000005620000000,0x0000005620100000)]

Other Threads:
=>0x000001a9dc009230 VMThread "VM Thread" [stack: 0x000000561cd00000,0x000000561ce00000] [id=26396]
  0x000001a9dcb38d00 WatcherThread [stack: 0x000000561e900000,0x000000561ea00000] [id=16784]
  0x000001a983404d00 GCTaskThread "GC Thread#0" [stack: 0x000000561c800000,0x000000561c900000] [id=33016]
  0x000001a9dcba2a90 GCTaskThread "GC Thread#1" [stack: 0x000000561e000000,0x000000561e100000] [id=31224]
  0x000001a9dcb96630 GCTaskThread "GC Thread#2" [stack: 0x000000561e100000,0x000000561e200000] [id=23380]
  0x000001a9dcbba820 GCTaskThread "GC Thread#3" [stack: 0x000000561e200000,0x000000561e300000] [id=22548]
  0x000001a9dcbbaae0 GCTaskThread "GC Thread#4" [stack: 0x000000561e300000,0x000000561e400000] [id=20796]
  0x000001a9dcb915f0 GCTaskThread "GC Thread#5" [stack: 0x000000561e400000,0x000000561e500000] [id=17008]
  0x000001a9dcc29c50 GCTaskThread "GC Thread#6" [stack: 0x000000561e500000,0x000000561e600000] [id=29976]
  0x000001a9dcc2a320 GCTaskThread "GC Thread#7" [stack: 0x000000561e600000,0x000000561e700000] [id=35484]
  0x000001a9dcc2a5e0 GCTaskThread "GC Thread#8" [stack: 0x000000561e700000,0x000000561e800000] [id=20596]
  0x000001a9e10c5300 GCTaskThread "GC Thread#9" [stack: 0x000000561ea00000,0x000000561eb00000] [id=33760]
  0x000001a9e10c5dd0 GCTaskThread "GC Thread#10" [stack: 0x000000561eb00000,0x000000561ec00000] [id=28468]
  0x000001a9e10c6090 GCTaskThread "GC Thread#11" [stack: 0x000000561ec00000,0x000000561ed00000] [id=7940]
  0x000001a9e11b7110 GCTaskThread "GC Thread#12" [stack: 0x000000561f100000,0x000000561f200000] [id=10180]
  0x000001a9e11b5b10 GCTaskThread "GC Thread#13" [stack: 0x000000561f200000,0x000000561f300000] [id=19424]
  0x000001a9e11b6090 GCTaskThread "GC Thread#14" [stack: 0x000000561f300000,0x000000561f400000] [id=18008]
  0x000001a983416e40 ConcurrentGCThread "G1 Main Marker" [stack: 0x000000561c900000,0x000000561ca00000] [id=26604]
  0x000001a983417750 ConcurrentGCThread "G1 Conc#0" [stack: 0x000000561ca00000,0x000000561cb00000] [id=26400]
  0x000001a9e11b5850 ConcurrentGCThread "G1 Conc#1" [stack: 0x000000561f700000,0x000000561f800000] [id=10984]
  0x000001a9e11b5dd0 ConcurrentGCThread "G1 Conc#2" [stack: 0x000000561f800000,0x000000561f900000] [id=27928]
  0x000001a9e11b68d0 ConcurrentGCThread "G1 Conc#3" [stack: 0x000000561f900000,0x000000561fa00000] [id=21296]
  0x000001a99a8e0ab0 ConcurrentGCThread "G1 Refine#0" [stack: 0x000000561cb00000,0x000000561cc00000] [id=32548]
  0x000001a9e2b6ff20 ConcurrentGCThread "G1 Refine#1" [stack: 0x0000005620200000,0x0000005620300000] [id=26256]
  0x000001a9e2b72550 ConcurrentGCThread "G1 Refine#2" [stack: 0x0000005620300000,0x0000005620400000] [id=8628]
  0x000001a9e2b70dd0 ConcurrentGCThread "G1 Refine#3" [stack: 0x0000005620400000,0x0000005620500000] [id=28444]
  0x000001a9e2b71f70 ConcurrentGCThread "G1 Refine#4" [stack: 0x0000005620500000,0x0000005620600000] [id=8120]
  0x000001a9e2b6f360 ConcurrentGCThread "G1 Refine#5" [stack: 0x0000005620600000,0x0000005620700000] [id=5588]
  0x000001a9e2b72840 ConcurrentGCThread "G1 Refine#6" [stack: 0x0000005620700000,0x0000005620800000] [id=2756]
  0x000001a9e2b70ae0 ConcurrentGCThread "G1 Refine#7" [stack: 0x0000005620800000,0x0000005620900000] [id=18436]
  0x000001a9e2b713b0 ConcurrentGCThread "G1 Refine#8" [stack: 0x0000005620900000,0x0000005620a00000] [id=2012]
  0x000001a9e2b6f650 ConcurrentGCThread "G1 Refine#9" [stack: 0x0000005620a00000,0x0000005620b00000] [id=36776]
  0x000001a9e2b6f940 ConcurrentGCThread "G1 Refine#10" [stack: 0x0000005620b00000,0x0000005620c00000] [id=35904]
  0x000001a9e2b716a0 ConcurrentGCThread "G1 Refine#11" [stack: 0x0000005620c00000,0x0000005620d00000] [id=26616]
  0x000001a9e2b6fc30 ConcurrentGCThread "G1 Refine#12" [stack: 0x0000005620d00000,0x0000005620e00000] [id=32976]
  0x000001a9e2b70210 ConcurrentGCThread "G1 Refine#13" [stack: 0x0000005620e00000,0x0000005620f00000] [id=32848]
  0x000001a9e2b70500 ConcurrentGCThread "G1 Refine#14" [stack: 0x0000005620f00000,0x0000005621000000] [id=6784]
  0x000001a99a8e31b0 ConcurrentGCThread "G1 Service" [stack: 0x000000561cc00000,0x000000561cd00000] [id=8920]

Threads with active compile tasks:

VM state: at safepoint (normal execution)

VM Mutex/Monitor currently owned by a thread:  ([mutex/lock_event])
[0x000001a9833914d0] Threads_lock - owner thread: 0x000001a9dc009230
[0x000001a9833927f0] Heap_lock - owner thread: 0x000001a983395f10

Heap address: 0x0000000704c00000, size: 4020 MB, Compressed Oops mode: Zero based, Oop shift amount: 3

CDS archive(s) mapped at: [0x000001a99b000000-0x000001a99bbd0000-0x000001a99bbd0000), size 12386304, SharedBaseAddress: 0x000001a99b000000, ArchiveRelocationMode: 1.
Compressed class space mapped at: 0x000001a99c000000-0x000001a9dc000000, reserved size: 1073741824
Narrow klass base: 0x000001a99b000000, Narrow klass shift: 0, Narrow klass range: 0x100000000

GC Precious Log:
 CPUs: 20 total, 20 available
 Memory: 16072M
 Large Page Support: Disabled
 NUMA Support: Disabled
 Compressed Oops: Enabled (Zero based)
 Heap Region Size: 2M
 Heap Min Capacity: 8M
 Heap Initial Capacity: 252M
 Heap Max Capacity: 4020M
 Pre-touch: Disabled
 Parallel Workers: 15
 Concurrent Workers: 4
 Concurrent Refinement Workers: 15
 Periodic GC: Disabled

Heap:
 garbage-first heap   total 491520K, used 291955K [0x0000000704c00000, 0x0000000800000000)
  region size 2048K, 3 young (6144K), 3 survivors (6144K)
 Metaspace       used 113588K, committed 114240K, reserved 1179648K
  class space    used 15048K, committed 15360K, reserved 1048576K

Heap Regions: E=young(eden), S=young(survivor), O=old, HS=humongous(starts), HC=humongous(continues), CS=collection set, F=free, OA=open archive, CA=closed archive, TAMS=top-at-mark-start (previous, next)
|   0|0x0000000704c00000, 0x0000000704e00000, 0x0000000704e00000|100%| O|  |TAMS 0x0000000704e00000, 0x0000000704c00000| Untracked 
|   1|0x0000000704e00000, 0x0000000705000000, 0x0000000705000000|100%| O|  |TAMS 0x0000000705000000, 0x0000000704e00000| Untracked 
|   2|0x0000000705000000, 0x0000000705200000, 0x0000000705200000|100%| O|  |TAMS 0x0000000705200000, 0x0000000705000000| Untracked 
|   3|0x0000000705200000, 0x0000000705400000, 0x0000000705400000|100%| O|  |TAMS 0x0000000705400000, 0x0000000705200000| Untracked 
|   4|0x0000000705400000, 0x0000000705600000, 0x0000000705600000|100%| O|  |TAMS 0x0000000705600000, 0x0000000705400000| Untracked 
|   5|0x0000000705600000, 0x0000000705800000, 0x0000000705800000|100%| O|  |TAMS 0x0000000705800000, 0x0000000705600000| Untracked 
|   6|0x0000000705800000, 0x0000000705a00000, 0x0000000705a00000|100%| O|  |TAMS 0x0000000705a00000, 0x0000000705800000| Untracked 
|   7|0x0000000705a00000, 0x0000000705c00000, 0x0000000705c00000|100%| O|  |TAMS 0x0000000705c00000, 0x0000000705a00000| Untracked 
|   8|0x0000000705c00000, 0x0000000705e00000, 0x0000000705e00000|100%| O|  |TAMS 0x0000000705e00000, 0x0000000705c00000| Untracked 
|   9|0x0000000705e00000, 0x0000000706000000, 0x0000000706000000|100%| O|  |TAMS 0x0000000706000000, 0x0000000705e00000| Untracked 
|  10|0x0000000706000000, 0x0000000706200000, 0x0000000706200000|100%| O|  |TAMS 0x0000000706200000, 0x0000000706000000| Untracked 
|  11|0x0000000706200000, 0x0000000706400000, 0x0000000706400000|100%| O|  |TAMS 0x0000000706400000, 0x0000000706200000| Untracked 
|  12|0x0000000706400000, 0x0000000706600000, 0x0000000706600000|100%| O|  |TAMS 0x0000000706600000, 0x0000000706400000| Untracked 
|  13|0x0000000706600000, 0x0000000706800000, 0x0000000706800000|100%| O|  |TAMS 0x0000000706800000, 0x0000000706600000| Untracked 
|  14|0x0000000706800000, 0x0000000706a00000, 0x0000000706a00000|100%| O|  |TAMS 0x0000000706a00000, 0x0000000706800000| Untracked 
|  15|0x0000000706a00000, 0x0000000706c00000, 0x0000000706c00000|100%| O|  |TAMS 0x0000000706c00000, 0x0000000706a00000| Untracked 
|  16|0x0000000706c00000, 0x0000000706e00000, 0x0000000706e00000|100%| O|  |TAMS 0x0000000706e00000, 0x0000000706c00000| Untracked 
|  17|0x0000000706e00000, 0x0000000707000000, 0x0000000707000000|100%| O|  |TAMS 0x0000000707000000, 0x0000000706e00000| Untracked 
|  18|0x0000000707000000, 0x0000000707200000, 0x0000000707200000|100%| O|  |TAMS 0x0000000707200000, 0x0000000707000000| Untracked 
|  19|0x0000000707200000, 0x0000000707400000, 0x0000000707400000|100%| O|  |TAMS 0x0000000707400000, 0x0000000707200000| Untracked 
|  20|0x0000000707400000, 0x0000000707600000, 0x0000000707600000|100%| O|  |TAMS 0x0000000707600000, 0x0000000707400000| Untracked 
|  21|0x0000000707600000, 0x0000000707800000, 0x0000000707800000|100%| O|  |TAMS 0x0000000707800000, 0x0000000707600000| Untracked 
|  22|0x0000000707800000, 0x0000000707a00000, 0x0000000707a00000|100%| O|  |TAMS 0x0000000707a00000, 0x0000000707800000| Untracked 
|  23|0x0000000707a00000, 0x0000000707c00000, 0x0000000707c00000|100%| O|  |TAMS 0x0000000707c00000, 0x0000000707a00000| Untracked 
|  24|0x0000000707c00000, 0x0000000707e00000, 0x0000000707e00000|100%| O|  |TAMS 0x0000000707e00000, 0x0000000707c00000| Untracked 
|  25|0x0000000707e00000, 0x0000000708000000, 0x0000000708000000|100%| O|  |TAMS 0x0000000708000000, 0x0000000707e00000| Untracked 
|  26|0x0000000708000000, 0x0000000708200000, 0x0000000708200000|100%| O|  |TAMS 0x0000000708200000, 0x0000000708000000| Untracked 
|  27|0x0000000708200000, 0x0000000708400000, 0x0000000708400000|100%| O|  |TAMS 0x0000000708400000, 0x0000000708200000| Untracked 
|  28|0x0000000708400000, 0x0000000708600000, 0x0000000708600000|100%| O|  |TAMS 0x0000000708600000, 0x0000000708400000| Untracked 
|  29|0x0000000708600000, 0x0000000708800000, 0x0000000708800000|100%| O|  |TAMS 0x0000000708800000, 0x0000000708600000| Untracked 
|  30|0x0000000708800000, 0x0000000708a00000, 0x0000000708a00000|100%| O|  |TAMS 0x0000000708a00000, 0x0000000708800000| Untracked 
|  31|0x0000000708a00000, 0x0000000708c00000, 0x0000000708c00000|100%| O|  |TAMS 0x0000000708c00000, 0x0000000708a00000| Untracked 
|  32|0x0000000708c00000, 0x0000000708e00000, 0x0000000708e00000|100%| O|  |TAMS 0x0000000708e00000, 0x0000000708c00000| Untracked 
|  33|0x0000000708e00000, 0x0000000709000000, 0x0000000709000000|100%| O|  |TAMS 0x0000000709000000, 0x0000000708e00000| Untracked 
|  34|0x0000000709000000, 0x0000000709200000, 0x0000000709200000|100%| O|  |TAMS 0x0000000709200000, 0x0000000709000000| Untracked 
|  35|0x0000000709200000, 0x0000000709400000, 0x0000000709400000|100%| O|  |TAMS 0x0000000709400000, 0x0000000709200000| Untracked 
|  36|0x0000000709400000, 0x0000000709600000, 0x0000000709600000|100%| O|  |TAMS 0x0000000709600000, 0x0000000709400000| Untracked 
|  37|0x0000000709600000, 0x0000000709800000, 0x0000000709800000|100%| O|  |TAMS 0x0000000709800000, 0x0000000709600000| Untracked 
|  38|0x0000000709800000, 0x0000000709a00000, 0x0000000709a00000|100%| O|  |TAMS 0x0000000709a00000, 0x0000000709800000| Untracked 
|  39|0x0000000709a00000, 0x0000000709c00000, 0x0000000709c00000|100%| O|  |TAMS 0x0000000709c00000, 0x0000000709a00000| Untracked 
|  40|0x0000000709c00000, 0x0000000709e00000, 0x0000000709e00000|100%| O|  |TAMS 0x0000000709e00000, 0x0000000709c00000| Untracked 
|  41|0x0000000709e00000, 0x000000070a000000, 0x000000070a000000|100%| O|  |TAMS 0x000000070a000000, 0x0000000709e00000| Untracked 
|  42|0x000000070a000000, 0x000000070a200000, 0x000000070a200000|100%| O|  |TAMS 0x000000070a200000, 0x000000070a000000| Untracked 
|  43|0x000000070a200000, 0x000000070a400000, 0x000000070a400000|100%| O|  |TAMS 0x000000070a400000, 0x000000070a200000| Untracked 
|  44|0x000000070a400000, 0x000000070a600000, 0x000000070a600000|100%| O|  |TAMS 0x000000070a600000, 0x000000070a400000| Untracked 
|  45|0x000000070a600000, 0x000000070a800000, 0x000000070a800000|100%| O|  |TAMS 0x000000070a800000, 0x000000070a600000| Untracked 
|  46|0x000000070a800000, 0x000000070aa00000, 0x000000070aa00000|100%| O|  |TAMS 0x000000070aa00000, 0x000000070a800000| Untracked 
|  47|0x000000070aa00000, 0x000000070ac00000, 0x000000070ac00000|100%| O|  |TAMS 0x000000070ac00000, 0x000000070aa00000| Untracked 
|  48|0x000000070ac00000, 0x000000070ae00000, 0x000000070ae00000|100%| O|  |TAMS 0x000000070ae00000, 0x000000070ac00000| Untracked 
|  49|0x000000070ae00000, 0x000000070b000000, 0x000000070b000000|100%| O|  |TAMS 0x000000070b000000, 0x000000070ae00000| Untracked 
|  50|0x000000070b000000, 0x000000070b200000, 0x000000070b200000|100%| O|  |TAMS 0x000000070b200000, 0x000000070b000000| Untracked 
|  51|0x000000070b200000, 0x000000070b400000, 0x000000070b400000|100%| O|  |TAMS 0x000000070b400000, 0x000000070b200000| Untracked 
|  52|0x000000070b400000, 0x000000070b600000, 0x000000070b600000|100%| O|  |TAMS 0x000000070b600000, 0x000000070b400000| Untracked 
|  53|0x000000070b600000, 0x000000070b800000, 0x000000070b800000|100%| O|  |TAMS 0x000000070b800000, 0x000000070b600000| Untracked 
|  54|0x000000070b800000, 0x000000070ba00000, 0x000000070ba00000|100%| O|  |TAMS 0x000000070ba00000, 0x000000070b800000| Untracked 
|  55|0x000000070ba00000, 0x000000070bc00000, 0x000000070bc00000|100%| O|  |TAMS 0x000000070bc00000, 0x000000070ba00000| Untracked 
|  56|0x000000070bc00000, 0x000000070be00000, 0x000000070be00000|100%| O|  |TAMS 0x000000070bc00000, 0x000000070bc00000| Untracked 
|  57|0x000000070be00000, 0x000000070c000000, 0x000000070c000000|100%| O|  |TAMS 0x000000070c000000, 0x000000070be00000| Untracked 
|  58|0x000000070c000000, 0x000000070c200000, 0x000000070c200000|100%| O|  |TAMS 0x000000070c200000, 0x000000070c000000| Untracked 
|  59|0x000000070c200000, 0x000000070c400000, 0x000000070c400000|100%| O|  |TAMS 0x000000070c400000, 0x000000070c200000| Untracked 
|  60|0x000000070c400000, 0x000000070c600000, 0x000000070c600000|100%| O|  |TAMS 0x000000070c600000, 0x000000070c400000| Untracked 
|  61|0x000000070c600000, 0x000000070c800000, 0x000000070c800000|100%| O|  |TAMS 0x000000070c800000, 0x000000070c600000| Untracked 
|  62|0x000000070c800000, 0x000000070ca00000, 0x000000070ca00000|100%| O|  |TAMS 0x000000070ca00000, 0x000000070c800000| Untracked 
|  63|0x000000070ca00000, 0x000000070cc00000, 0x000000070cc00000|100%| O|  |TAMS 0x000000070cc00000, 0x000000070ca00000| Untracked 
|  64|0x000000070cc00000, 0x000000070ce00000, 0x000000070ce00000|100%| O|  |TAMS 0x000000070ce00000, 0x000000070cc00000| Untracked 
|  65|0x000000070ce00000, 0x000000070d000000, 0x000000070d000000|100%| O|  |TAMS 0x000000070d000000, 0x000000070ce00000| Untracked 
|  66|0x000000070d000000, 0x000000070d200000, 0x000000070d200000|100%| O|  |TAMS 0x000000070d200000, 0x000000070d000000| Untracked 
|  67|0x000000070d200000, 0x000000070d400000, 0x000000070d400000|100%| O|  |TAMS 0x000000070d400000, 0x000000070d200000| Untracked 
|  68|0x000000070d400000, 0x000000070d600000, 0x000000070d600000|100%| O|  |TAMS 0x000000070d600000, 0x000000070d400000| Untracked 
|  69|0x000000070d600000, 0x000000070d800000, 0x000000070d800000|100%| O|  |TAMS 0x000000070d800000, 0x000000070d600000| Untracked 
|  70|0x000000070d800000, 0x000000070da00000, 0x000000070da00000|100%| O|  |TAMS 0x000000070da00000, 0x000000070d800000| Untracked 
|  71|0x000000070da00000, 0x000000070dc00000, 0x000000070dc00000|100%| O|  |TAMS 0x000000070dc00000, 0x000000070da00000| Untracked 
|  72|0x000000070dc00000, 0x000000070de00000, 0x000000070de00000|100%| O|  |TAMS 0x000000070de00000, 0x000000070dc00000| Untracked 
|  73|0x000000070de00000, 0x000000070e000000, 0x000000070e000000|100%| O|  |TAMS 0x000000070e000000, 0x000000070de00000| Untracked 
|  74|0x000000070e000000, 0x000000070e200000, 0x000000070e200000|100%| O|  |TAMS 0x000000070e200000, 0x000000070e000000| Untracked 
|  75|0x000000070e200000, 0x000000070e400000, 0x000000070e400000|100%| O|  |TAMS 0x000000070e400000, 0x000000070e200000| Untracked 
|  76|0x000000070e400000, 0x000000070e600000, 0x000000070e600000|100%| O|  |TAMS 0x000000070e600000, 0x000000070e400000| Untracked 
|  77|0x000000070e600000, 0x000000070e800000, 0x000000070e800000|100%| O|  |TAMS 0x000000070e800000, 0x000000070e600000| Untracked 
|  78|0x000000070e800000, 0x000000070ea00000, 0x000000070ea00000|100%| O|  |TAMS 0x000000070ea00000, 0x000000070e800000| Untracked 
|  79|0x000000070ea00000, 0x000000070ec00000, 0x000000070ec00000|100%| O|  |TAMS 0x000000070ec00000, 0x000000070ea00000| Untracked 
|  80|0x000000070ec00000, 0x000000070ee00000, 0x000000070ee00000|100%| O|  |TAMS 0x000000070ee00000, 0x000000070ec00000| Untracked 
|  81|0x000000070ee00000, 0x000000070f000000, 0x000000070f000000|100%| O|  |TAMS 0x000000070f000000, 0x000000070ee00000| Untracked 
|  82|0x000000070f000000, 0x000000070f200000, 0x000000070f200000|100%| O|  |TAMS 0x000000070f200000, 0x000000070f000000| Untracked 
|  83|0x000000070f200000, 0x000000070f400000, 0x000000070f400000|100%| O|  |TAMS 0x000000070f400000, 0x000000070f200000| Untracked 
|  84|0x000000070f400000, 0x000000070f600000, 0x000000070f600000|100%| O|  |TAMS 0x000000070f600000, 0x000000070f400000| Untracked 
|  85|0x000000070f600000, 0x000000070f800000, 0x000000070f800000|100%| O|  |TAMS 0x000000070f800000, 0x000000070f600000| Untracked 
|  86|0x000000070f800000, 0x000000070fa00000, 0x000000070fa00000|100%| O|  |TAMS 0x000000070fa00000, 0x000000070f800000| Untracked 
|  87|0x000000070fa00000, 0x000000070fc00000, 0x000000070fc00000|100%| O|  |TAMS 0x000000070fc00000, 0x000000070fa00000| Untracked 
|  88|0x000000070fc00000, 0x000000070fe00000, 0x000000070fe00000|100%| O|  |TAMS 0x000000070fe00000, 0x000000070fc00000| Untracked 
|  89|0x000000070fe00000, 0x0000000710000000, 0x0000000710000000|100%| O|  |TAMS 0x0000000710000000, 0x000000070fe00000| Untracked 
|  90|0x0000000710000000, 0x0000000710200000, 0x0000000710200000|100%| O|  |TAMS 0x0000000710200000, 0x0000000710000000| Untracked 
|  91|0x0000000710200000, 0x0000000710400000, 0x0000000710400000|100%| O|  |TAMS 0x0000000710400000, 0x0000000710200000| Untracked 
|  92|0x0000000710400000, 0x0000000710600000, 0x0000000710600000|100%| O|  |TAMS 0x0000000710600000, 0x0000000710400000| Untracked 
|  93|0x0000000710600000, 0x0000000710800000, 0x0000000710800000|100%| O|  |TAMS 0x0000000710800000, 0x0000000710600000| Untracked 
|  94|0x0000000710800000, 0x0000000710a00000, 0x0000000710a00000|100%| O|  |TAMS 0x0000000710a00000, 0x0000000710800000| Untracked 
|  95|0x0000000710a00000, 0x0000000710c00000, 0x0000000710c00000|100%| O|  |TAMS 0x0000000710c00000, 0x0000000710a00000| Untracked 
|  96|0x0000000710c00000, 0x0000000710e00000, 0x0000000710e00000|100%| O|  |TAMS 0x0000000710e00000, 0x0000000710c00000| Untracked 
|  97|0x0000000710e00000, 0x0000000711000000, 0x0000000711000000|100%| O|  |TAMS 0x0000000711000000, 0x0000000710e00000| Untracked 
|  98|0x0000000711000000, 0x0000000711200000, 0x0000000711200000|100%| O|  |TAMS 0x0000000711200000, 0x0000000711000000| Untracked 
|  99|0x0000000711200000, 0x0000000711400000, 0x0000000711400000|100%| O|  |TAMS 0x0000000711400000, 0x0000000711200000| Untracked 
| 100|0x0000000711400000, 0x0000000711600000, 0x0000000711600000|100%| O|  |TAMS 0x0000000711600000, 0x0000000711400000| Untracked 
| 101|0x0000000711600000, 0x0000000711800000, 0x0000000711800000|100%| O|  |TAMS 0x0000000711800000, 0x0000000711600000| Untracked 
| 102|0x0000000711800000, 0x0000000711a00000, 0x0000000711a00000|100%| O|  |TAMS 0x0000000711a00000, 0x0000000711800000| Untracked 
| 103|0x0000000711a00000, 0x0000000711c00000, 0x0000000711c00000|100%| O|  |TAMS 0x0000000711c00000, 0x0000000711a00000| Untracked 
| 104|0x0000000711c00000, 0x0000000711e00000, 0x0000000711e00000|100%| O|  |TAMS 0x0000000711e00000, 0x0000000711c00000| Untracked 
| 105|0x0000000711e00000, 0x0000000712000000, 0x0000000712000000|100%| O|  |TAMS 0x0000000712000000, 0x0000000711e00000| Untracked 
| 106|0x0000000712000000, 0x0000000712200000, 0x0000000712200000|100%| O|  |TAMS 0x0000000712200000, 0x0000000712000000| Untracked 
| 107|0x0000000712200000, 0x0000000712400000, 0x0000000712400000|100%| O|  |TAMS 0x0000000712400000, 0x0000000712200000| Untracked 
| 108|0x0000000712400000, 0x0000000712600000, 0x0000000712600000|100%| O|  |TAMS 0x0000000712600000, 0x0000000712400000| Untracked 
| 109|0x0000000712600000, 0x0000000712800000, 0x0000000712800000|100%| O|  |TAMS 0x0000000712800000, 0x0000000712600000| Untracked 
| 110|0x0000000712800000, 0x0000000712a00000, 0x0000000712a00000|100%| O|  |TAMS 0x0000000712a00000, 0x0000000712800000| Untracked 
| 111|0x0000000712a00000, 0x0000000712c00000, 0x0000000712c00000|100%| O|  |TAMS 0x0000000712a00000, 0x0000000712a00000| Untracked 
| 112|0x0000000712c00000, 0x0000000712e00000, 0x0000000712e00000|100%| O|  |TAMS 0x0000000712e00000, 0x0000000712c00000| Untracked 
| 113|0x0000000712e00000, 0x0000000713000000, 0x0000000713000000|100%| O|  |TAMS 0x0000000713000000, 0x0000000712e00000| Untracked 
| 114|0x0000000713000000, 0x0000000713200000, 0x0000000713200000|100%| O|  |TAMS 0x0000000713200000, 0x0000000713000000| Untracked 
| 115|0x0000000713200000, 0x0000000713400000, 0x0000000713400000|100%| O|  |TAMS 0x0000000713400000, 0x0000000713200000| Untracked 
| 116|0x0000000713400000, 0x0000000713600000, 0x0000000713600000|100%| O|  |TAMS 0x0000000713600000, 0x0000000713400000| Untracked 
| 117|0x0000000713600000, 0x0000000713800000, 0x0000000713800000|100%| O|  |TAMS 0x0000000713800000, 0x0000000713600000| Untracked 
| 118|0x0000000713800000, 0x0000000713a00000, 0x0000000713a00000|100%| O|  |TAMS 0x0000000713a00000, 0x0000000713800000| Untracked 
| 119|0x0000000713a00000, 0x0000000713c00000, 0x0000000713c00000|100%| O|  |TAMS 0x0000000713c00000, 0x0000000713a00000| Untracked 
| 120|0x0000000713c00000, 0x0000000713e00000, 0x0000000713e00000|100%| O|  |TAMS 0x0000000713e00000, 0x0000000713c00000| Untracked 
| 121|0x0000000713e00000, 0x0000000714000000, 0x0000000714000000|100%| O|  |TAMS 0x0000000714000000, 0x0000000713e00000| Untracked 
| 122|0x0000000714000000, 0x0000000714200000, 0x0000000714200000|100%| O|  |TAMS 0x0000000714200000, 0x0000000714000000| Untracked 
| 123|0x0000000714200000, 0x0000000714400000, 0x0000000714400000|100%| O|  |TAMS 0x0000000714400000, 0x0000000714200000| Untracked 
| 124|0x0000000714400000, 0x0000000714600000, 0x0000000714600000|100%| O|  |TAMS 0x0000000714600000, 0x0000000714400000| Untracked 
| 125|0x0000000714600000, 0x0000000714800000, 0x0000000714800000|100%| O|  |TAMS 0x0000000714800000, 0x0000000714600000| Untracked 
| 126|0x0000000714800000, 0x0000000714800000, 0x0000000714a00000|  0%| F|  |TAMS 0x0000000714800000, 0x0000000714800000| Untracked 
| 127|0x0000000714a00000, 0x0000000714c00000, 0x0000000714c00000|100%| O|  |TAMS 0x0000000714c00000, 0x0000000714a00000| Untracked 
| 128|0x0000000714c00000, 0x0000000714e00000, 0x0000000714e00000|100%| O|  |TAMS 0x0000000714e00000, 0x0000000714c00000| Untracked 
| 129|0x0000000714e00000, 0x0000000715000000, 0x0000000715000000|100%| O|  |TAMS 0x0000000715000000, 0x0000000714e00000| Untracked 
| 130|0x0000000715000000, 0x0000000715200000, 0x0000000715200000|100%| O|  |TAMS 0x0000000715200000, 0x0000000715000000| Untracked 
| 131|0x0000000715200000, 0x0000000715400000, 0x0000000715400000|100%| O|  |TAMS 0x0000000715400000, 0x0000000715200000| Untracked 
| 132|0x0000000715400000, 0x0000000715600000, 0x0000000715600000|100%| O|  |TAMS 0x0000000715600000, 0x0000000715400000| Untracked 
| 133|0x0000000715600000, 0x0000000715800000, 0x0000000715800000|100%| O|  |TAMS 0x0000000715800000, 0x0000000715600000| Untracked 
| 134|0x0000000715800000, 0x0000000715a00000, 0x0000000715a00000|100%| O|  |TAMS 0x0000000715a00000, 0x0000000715800000| Untracked 
| 135|0x0000000715a00000, 0x0000000715c00000, 0x0000000715c00000|100%| O|  |TAMS 0x0000000715b5d600, 0x0000000715a00000| Untracked 
| 136|0x0000000715c00000, 0x0000000715d53e00, 0x0000000715e00000| 66%| O|  |TAMS 0x0000000715c00000, 0x0000000715c00000| Untracked 
| 137|0x0000000715e00000, 0x0000000715e00000, 0x0000000716000000|  0%| F|  |TAMS 0x0000000715e00000, 0x0000000715e00000| Untracked 
| 138|0x0000000716000000, 0x0000000716000000, 0x0000000716200000|  0%| F|  |TAMS 0x0000000716000000, 0x0000000716000000| Untracked 
| 139|0x0000000716200000, 0x0000000716200000, 0x0000000716400000|  0%| F|  |TAMS 0x0000000716200000, 0x0000000716200000| Untracked 
| 140|0x0000000716400000, 0x0000000716400000, 0x0000000716600000|  0%| F|  |TAMS 0x0000000716400000, 0x0000000716400000| Untracked 
| 141|0x0000000716600000, 0x0000000716800000, 0x0000000716800000|100%| O|  |TAMS 0x0000000716800000, 0x0000000716600000| Untracked 
| 142|0x0000000716800000, 0x0000000716a00000, 0x0000000716a00000|100%| O|  |TAMS 0x0000000716a00000, 0x0000000716800000| Untracked 
| 143|0x0000000716a00000, 0x0000000716c00000, 0x0000000716c00000|100%| O|  |TAMS 0x0000000716c00000, 0x0000000716a00000| Untracked 
| 144|0x0000000716c00000, 0x0000000716c00000, 0x0000000716e00000|  0%| F|  |TAMS 0x0000000716c00000, 0x0000000716c00000| Untracked 
| 145|0x0000000716e00000, 0x0000000716e00000, 0x0000000717000000|  0%| F|  |TAMS 0x0000000716e00000, 0x0000000716e00000| Untracked 
| 146|0x0000000717000000, 0x0000000717000000, 0x0000000717200000|  0%| F|  |TAMS 0x0000000717000000, 0x0000000717000000| Untracked 
| 147|0x0000000717200000, 0x0000000717200000, 0x0000000717400000|  0%| F|  |TAMS 0x0000000717200000, 0x0000000717200000| Untracked 
| 148|0x0000000717400000, 0x0000000717400000, 0x0000000717600000|  0%| F|  |TAMS 0x0000000717400000, 0x0000000717400000| Untracked 
| 149|0x0000000717600000, 0x0000000717600000, 0x0000000717800000|  0%| F|  |TAMS 0x0000000717600000, 0x0000000717600000| Untracked 
| 150|0x0000000717800000, 0x0000000717800000, 0x0000000717a00000|  0%| F|  |TAMS 0x0000000717800000, 0x0000000717800000| Untracked 
| 151|0x0000000717a00000, 0x0000000717a00000, 0x0000000717c00000|  0%| F|  |TAMS 0x0000000717a00000, 0x0000000717a00000| Untracked 
| 152|0x0000000717c00000, 0x0000000717c00000, 0x0000000717e00000|  0%| F|  |TAMS 0x0000000717c00000, 0x0000000717c00000| Untracked 
| 153|0x0000000717e00000, 0x0000000717e00000, 0x0000000718000000|  0%| F|  |TAMS 0x0000000717e00000, 0x0000000717e00000| Untracked 
| 154|0x0000000718000000, 0x0000000718000000, 0x0000000718200000|  0%| F|  |TAMS 0x0000000718000000, 0x0000000718000000| Untracked 
| 155|0x0000000718200000, 0x0000000718200000, 0x0000000718400000|  0%| F|  |TAMS 0x0000000718200000, 0x0000000718200000| Untracked 
| 156|0x0000000718400000, 0x0000000718400000, 0x0000000718600000|  0%| F|  |TAMS 0x0000000718400000, 0x0000000718400000| Untracked 
| 157|0x0000000718600000, 0x0000000718600000, 0x0000000718800000|  0%| F|  |TAMS 0x0000000718600000, 0x0000000718600000| Untracked 
| 158|0x0000000718800000, 0x0000000718800000, 0x0000000718a00000|  0%| F|  |TAMS 0x0000000718800000, 0x0000000718800000| Untracked 
| 159|0x0000000718a00000, 0x0000000718a00000, 0x0000000718c00000|  0%| F|  |TAMS 0x0000000718a00000, 0x0000000718a00000| Untracked 
| 160|0x0000000718c00000, 0x0000000718c00000, 0x0000000718e00000|  0%| F|  |TAMS 0x0000000718c00000, 0x0000000718c00000| Untracked 
| 161|0x0000000718e00000, 0x0000000718e00000, 0x0000000719000000|  0%| F|  |TAMS 0x0000000718e00000, 0x0000000718e00000| Untracked 
| 162|0x0000000719000000, 0x0000000719000000, 0x0000000719200000|  0%| F|  |TAMS 0x0000000719000000, 0x0000000719000000| Untracked 
| 163|0x0000000719200000, 0x0000000719200000, 0x0000000719400000|  0%| F|  |TAMS 0x0000000719200000, 0x0000000719200000| Untracked 
| 164|0x0000000719400000, 0x0000000719400000, 0x0000000719600000|  0%| F|  |TAMS 0x0000000719400000, 0x0000000719400000| Untracked 
| 165|0x0000000719600000, 0x0000000719600000, 0x0000000719800000|  0%| F|  |TAMS 0x0000000719600000, 0x0000000719600000| Untracked 
| 166|0x0000000719800000, 0x0000000719800000, 0x0000000719a00000|  0%| F|  |TAMS 0x0000000719800000, 0x0000000719800000| Untracked 
| 167|0x0000000719a00000, 0x0000000719a00000, 0x0000000719c00000|  0%| F|  |TAMS 0x0000000719a00000, 0x0000000719a00000| Untracked 
| 168|0x0000000719c00000, 0x0000000719c00000, 0x0000000719e00000|  0%| F|  |TAMS 0x0000000719c00000, 0x0000000719c00000| Untracked 
| 169|0x0000000719e00000, 0x0000000719e00000, 0x000000071a000000|  0%| F|  |TAMS 0x0000000719e00000, 0x0000000719e00000| Untracked 
| 170|0x000000071a000000, 0x000000071a000000, 0x000000071a200000|  0%| F|  |TAMS 0x000000071a000000, 0x000000071a000000| Untracked 
| 171|0x000000071a200000, 0x000000071a200000, 0x000000071a400000|  0%| F|  |TAMS 0x000000071a200000, 0x000000071a200000| Untracked 
| 172|0x000000071a400000, 0x000000071a400000, 0x000000071a600000|  0%| F|  |TAMS 0x000000071a400000, 0x000000071a400000| Untracked 
| 173|0x000000071a600000, 0x000000071a600000, 0x000000071a800000|  0%| F|  |TAMS 0x000000071a600000, 0x000000071a600000| Untracked 
| 174|0x000000071a800000, 0x000000071a800000, 0x000000071aa00000|  0%| F|  |TAMS 0x000000071a800000, 0x000000071a800000| Untracked 
| 175|0x000000071aa00000, 0x000000071aa00000, 0x000000071ac00000|  0%| F|  |TAMS 0x000000071aa00000, 0x000000071aa00000| Untracked 
| 176|0x000000071ac00000, 0x000000071ac00000, 0x000000071ae00000|  0%| F|  |TAMS 0x000000071ac00000, 0x000000071ac00000| Untracked 
| 177|0x000000071ae00000, 0x000000071ae00000, 0x000000071b000000|  0%| F|  |TAMS 0x000000071ae00000, 0x000000071ae00000| Untracked 
| 178|0x000000071b000000, 0x000000071b000000, 0x000000071b200000|  0%| F|  |TAMS 0x000000071b000000, 0x000000071b000000| Untracked 
| 179|0x000000071b200000, 0x000000071b200000, 0x000000071b400000|  0%| F|  |TAMS 0x000000071b200000, 0x000000071b200000| Untracked 
| 180|0x000000071b400000, 0x000000071b400000, 0x000000071b600000|  0%| F|  |TAMS 0x000000071b400000, 0x000000071b400000| Untracked 
| 181|0x000000071b600000, 0x000000071b600000, 0x000000071b800000|  0%| F|  |TAMS 0x000000071b600000, 0x000000071b600000| Untracked 
| 182|0x000000071b800000, 0x000000071b800000, 0x000000071ba00000|  0%| F|  |TAMS 0x000000071b800000, 0x000000071b800000| Untracked 
| 183|0x000000071ba00000, 0x000000071ba00000, 0x000000071bc00000|  0%| F|  |TAMS 0x000000071ba00000, 0x000000071ba00000| Untracked 
| 184|0x000000071bc00000, 0x000000071bdc8f00, 0x000000071be00000| 89%| S|CS|TAMS 0x000000071bc00000, 0x000000071bc00000| Complete 
| 185|0x000000071be00000, 0x000000071c000000, 0x000000071c000000|100%| S|CS|TAMS 0x000000071be00000, 0x000000071be00000| Complete 
| 186|0x000000071c000000, 0x000000071c200000, 0x000000071c200000|100%| S|CS|TAMS 0x000000071c000000, 0x000000071c000000| Complete 
| 187|0x000000071c200000, 0x000000071c200000, 0x000000071c400000|  0%| F|  |TAMS 0x000000071c200000, 0x000000071c200000| Untracked 
| 188|0x000000071c400000, 0x000000071c400000, 0x000000071c600000|  0%| F|  |TAMS 0x000000071c400000, 0x000000071c400000| Untracked 
| 189|0x000000071c600000, 0x000000071c600000, 0x000000071c800000|  0%| F|  |TAMS 0x000000071c600000, 0x000000071c600000| Untracked 
| 190|0x000000071c800000, 0x000000071c800000, 0x000000071ca00000|  0%| F|  |TAMS 0x000000071c800000, 0x000000071c800000| Untracked 
| 191|0x000000071ca00000, 0x000000071ca00000, 0x000000071cc00000|  0%| F|  |TAMS 0x000000071ca00000, 0x000000071ca00000| Untracked 
| 192|0x000000071cc00000, 0x000000071cc00000, 0x000000071ce00000|  0%| F|  |TAMS 0x000000071cc00000, 0x000000071cc00000| Untracked 
| 193|0x000000071ce00000, 0x000000071ce00000, 0x000000071d000000|  0%| F|  |TAMS 0x000000071ce00000, 0x000000071ce00000| Untracked 
| 194|0x000000071d000000, 0x000000071d000000, 0x000000071d200000|  0%| F|  |TAMS 0x000000071d000000, 0x000000071d000000| Untracked 
| 195|0x000000071d200000, 0x000000071d200000, 0x000000071d400000|  0%| F|  |TAMS 0x000000071d200000, 0x000000071d200000| Untracked 
| 196|0x000000071d400000, 0x000000071d400000, 0x000000071d600000|  0%| F|  |TAMS 0x000000071d400000, 0x000000071d400000| Untracked 
| 197|0x000000071d600000, 0x000000071d600000, 0x000000071d800000|  0%| F|  |TAMS 0x000000071d600000, 0x000000071d600000| Untracked 
| 198|0x000000071d800000, 0x000000071d800000, 0x000000071da00000|  0%| F|  |TAMS 0x000000071d800000, 0x000000071d800000| Untracked 
| 199|0x000000071da00000, 0x000000071da00000, 0x000000071dc00000|  0%| F|  |TAMS 0x000000071da00000, 0x000000071da00000| Untracked 
| 200|0x000000071dc00000, 0x000000071dc00000, 0x000000071de00000|  0%| F|  |TAMS 0x000000071dc00000, 0x000000071dc00000| Untracked 
| 201|0x000000071de00000, 0x000000071de00000, 0x000000071e000000|  0%| F|  |TAMS 0x000000071de00000, 0x000000071de00000| Untracked 
| 202|0x000000071e000000, 0x000000071e000000, 0x000000071e200000|  0%| F|  |TAMS 0x000000071e000000, 0x000000071e000000| Untracked 
| 203|0x000000071e200000, 0x000000071e200000, 0x000000071e400000|  0%| F|  |TAMS 0x000000071e200000, 0x000000071e200000| Untracked 
| 204|0x000000071e400000, 0x000000071e400000, 0x000000071e600000|  0%| F|  |TAMS 0x000000071e400000, 0x000000071e400000| Untracked 
| 205|0x000000071e600000, 0x000000071e600000, 0x000000071e800000|  0%| F|  |TAMS 0x000000071e600000, 0x000000071e600000| Untracked 
| 206|0x000000071e800000, 0x000000071e800000, 0x000000071ea00000|  0%| F|  |TAMS 0x000000071e800000, 0x000000071e800000| Untracked 
| 207|0x000000071ea00000, 0x000000071ea00000, 0x000000071ec00000|  0%| F|  |TAMS 0x000000071ea00000, 0x000000071ea00000| Untracked 
| 208|0x000000071ec00000, 0x000000071ec00000, 0x000000071ee00000|  0%| F|  |TAMS 0x000000071ec00000, 0x000000071ec00000| Untracked 
| 209|0x000000071ee00000, 0x000000071ee00000, 0x000000071f000000|  0%| F|  |TAMS 0x000000071ee00000, 0x000000071ee00000| Untracked 
| 210|0x000000071f000000, 0x000000071f000000, 0x000000071f200000|  0%| F|  |TAMS 0x000000071f000000, 0x000000071f000000| Untracked 
| 211|0x000000071f200000, 0x000000071f200000, 0x000000071f400000|  0%| F|  |TAMS 0x000000071f200000, 0x000000071f200000| Untracked 
| 212|0x000000071f400000, 0x000000071f400000, 0x000000071f600000|  0%| F|  |TAMS 0x000000071f400000, 0x000000071f400000| Untracked 
| 213|0x000000071f600000, 0x000000071f600000, 0x000000071f800000|  0%| F|  |TAMS 0x000000071f600000, 0x000000071f600000| Untracked 
| 214|0x000000071f800000, 0x000000071f800000, 0x000000071fa00000|  0%| F|  |TAMS 0x000000071f800000, 0x000000071f800000| Untracked 
| 215|0x000000071fa00000, 0x000000071fa00000, 0x000000071fc00000|  0%| F|  |TAMS 0x000000071fa00000, 0x000000071fa00000| Untracked 
| 216|0x000000071fc00000, 0x000000071fc00000, 0x000000071fe00000|  0%| F|  |TAMS 0x000000071fc00000, 0x000000071fc00000| Untracked 
| 217|0x000000071fe00000, 0x000000071fe00000, 0x0000000720000000|  0%| F|  |TAMS 0x000000071fe00000, 0x000000071fe00000| Untracked 
| 218|0x0000000720000000, 0x0000000720000000, 0x0000000720200000|  0%| F|  |TAMS 0x0000000720000000, 0x0000000720000000| Untracked 
| 219|0x0000000720200000, 0x0000000720200000, 0x0000000720400000|  0%| F|  |TAMS 0x0000000720200000, 0x0000000720200000| Untracked 
| 220|0x0000000720400000, 0x0000000720400000, 0x0000000720600000|  0%| F|  |TAMS 0x0000000720400000, 0x0000000720400000| Untracked 
| 221|0x0000000720600000, 0x0000000720600000, 0x0000000720800000|  0%| F|  |TAMS 0x0000000720600000, 0x0000000720600000| Untracked 
| 222|0x0000000720800000, 0x0000000720800000, 0x0000000720a00000|  0%| F|  |TAMS 0x0000000720800000, 0x0000000720800000| Untracked 
| 223|0x0000000720a00000, 0x0000000720a00000, 0x0000000720c00000|  0%| F|  |TAMS 0x0000000720a00000, 0x0000000720a00000| Untracked 
| 224|0x0000000720c00000, 0x0000000720c00000, 0x0000000720e00000|  0%| F|  |TAMS 0x0000000720c00000, 0x0000000720c00000| Untracked 
| 225|0x0000000720e00000, 0x0000000720e00000, 0x0000000721000000|  0%| F|  |TAMS 0x0000000720e00000, 0x0000000720e00000| Untracked 
| 226|0x0000000721000000, 0x0000000721000000, 0x0000000721200000|  0%| F|  |TAMS 0x0000000721000000, 0x0000000721000000| Untracked 
| 227|0x0000000721200000, 0x0000000721200000, 0x0000000721400000|  0%| F|  |TAMS 0x0000000721200000, 0x0000000721200000| Untracked 
| 228|0x0000000721400000, 0x0000000721400000, 0x0000000721600000|  0%| F|  |TAMS 0x0000000721400000, 0x0000000721400000| Untracked 
| 229|0x0000000721600000, 0x0000000721600000, 0x0000000721800000|  0%| F|  |TAMS 0x0000000721600000, 0x0000000721600000| Untracked 
| 230|0x0000000721800000, 0x0000000721800000, 0x0000000721a00000|  0%| F|  |TAMS 0x0000000721800000, 0x0000000721800000| Untracked 
| 231|0x0000000721a00000, 0x0000000721a00000, 0x0000000721c00000|  0%| F|  |TAMS 0x0000000721a00000, 0x0000000721a00000| Untracked 
| 232|0x0000000721c00000, 0x0000000721c00000, 0x0000000721e00000|  0%| F|  |TAMS 0x0000000721c00000, 0x0000000721c00000| Untracked 
| 233|0x0000000721e00000, 0x0000000721e00000, 0x0000000722000000|  0%| F|  |TAMS 0x0000000721e00000, 0x0000000721e00000| Untracked 
| 234|0x0000000722000000, 0x0000000722000000, 0x0000000722200000|  0%| F|  |TAMS 0x0000000722000000, 0x0000000722000000| Untracked 
| 235|0x0000000722200000, 0x0000000722200000, 0x0000000722400000|  0%| F|  |TAMS 0x0000000722200000, 0x0000000722200000| Untracked 
| 236|0x0000000722400000, 0x0000000722400000, 0x0000000722600000|  0%| F|  |TAMS 0x0000000722400000, 0x0000000722400000| Untracked 
| 237|0x0000000722600000, 0x0000000722600000, 0x0000000722800000|  0%| F|  |TAMS 0x0000000722600000, 0x0000000722600000| Untracked 
| 238|0x0000000722800000, 0x0000000722800000, 0x0000000722a00000|  0%| F|  |TAMS 0x0000000722800000, 0x0000000722800000| Untracked 
|2009|0x00000007ffe00000, 0x0000000800000000, 0x0000000800000000|100%| O|  |TAMS 0x0000000800000000, 0x00000007ffe00000| Untracked 

Card table byte_map: [0x000001a98ecb0000,0x000001a98f490000] _byte_map_base: 0x000001a98b48a000

Marking Bits (Prev, Next): (CMBitMap*) 0x000001a983406230, (CMBitMap*) 0x000001a983406270
 Prev Bits: [0x000001a98fc70000, 0x000001a993b40000)
 Next Bits: [0x000001a993b40000, 0x000001a997a10000)

Polling page: 0x000001a981300000

Metaspace:

Usage:
  Non-class:     96.23 MB used.
      Class:     14.70 MB used.
       Both:    110.93 MB used.

Virtual space:
  Non-class space:      128.00 MB reserved,      96.56 MB ( 75%) committed,  2 nodes.
      Class space:        1.00 GB reserved,      15.00 MB (  1%) committed,  1 nodes.
             Both:        1.12 GB reserved,     111.56 MB ( 10%) committed. 

Chunk freelists:
   Non-Class:  15.31 MB
       Class:  1.03 MB
        Both:  16.34 MB

MaxMetaspaceSize: unlimited
CompressedClassSpaceSize: 1.00 GB
Initial GC threshold: 21.00 MB
Current GC threshold: 172.19 MB
CDS: on
MetaspaceReclaimPolicy: balanced
 - commit_granule_bytes: 65536.
 - commit_granule_words: 8192.
 - virtual_space_node_default_size: 8388608.
 - enlarge_chunks_in_place: 1.
 - new_chunks_are_fully_committed: 0.
 - uncommit_free_chunks: 1.
 - use_allocation_guard: 0.
 - handle_deallocations: 1.


Internal statistics:

num_allocs_failed_limit: 14.
num_arena_births: 998.
num_arena_deaths: 0.
num_vsnodes_births: 3.
num_vsnodes_deaths: 0.
num_space_committed: 1785.
num_space_uncommitted: 0.
num_chunks_returned_to_freelist: 14.
num_chunks_taken_from_freelist: 4935.
num_chunk_merges: 14.
num_chunk_splits: 3916.
num_chunks_enlarged: 3292.
num_inconsistent_stats: 0.

CodeCache: size=49152Kb used=25202Kb max_used=25202Kb free=23949Kb
 bounds [0x000001a98ac40000, 0x000001a98c4e0000, 0x000001a98dc40000]
 total_blobs=12997 nmethods=12200 adapters=717
 compilation: enabled
              stopped_count=0, restarted_count=0
 full_count=0

Compilation events (20 events):
Event: 20.911 Thread 0x000001a9e3b7f870 nmethod 12414 0x000001a98c4d8c90 code [0x000001a98c4d8e20, 0x000001a98c4d8f08]
Event: 20.911 Thread 0x000001a9dccfe040 nmethod 12413 0x000001a98c4d8f90 code [0x000001a98c4d9180, 0x000001a98c4d94b8]
Event: 20.911 Thread 0x000001a9dc02d9f0 12415       1       org.antlr.v4.runtime.atn.ParserATNSimulator::getUniqueAlt (53 bytes)
Event: 20.911 Thread 0x000001a9dc02d9f0 nmethod 12415 0x000001a98c4d9710 code [0x000001a98c4d98c0, 0x000001a98c4d9b68]
Event: 20.912 Thread 0x000001a9e333d280 12416       1       org.antlr.v4.runtime.CodePointCharStream::mark (2 bytes)
Event: 20.912 Thread 0x000001a9dc02d9f0 12417       1       org.antlr.v4.runtime.atn.LexerATNSimulator::getLine (5 bytes)
Event: 20.912 Thread 0x000001a9e333d280 nmethod 12416 0x000001a98c4d9d90 code [0x000001a98c4d9f20, 0x000001a98c4d9ff8]
Event: 20.912 Thread 0x000001a9dc02d9f0 nmethod 12417 0x000001a98c4da090 code [0x000001a98c4da220, 0x000001a98c4da2f8]
Event: 20.912 Thread 0x000001a9e333d280 12418       1       org.antlr.v4.runtime.atn.LexerATNSimulator::getCharPositionInLine (5 bytes)
Event: 20.912 Thread 0x000001a9dc02d9f0 12419       1       org.antlr.v4.runtime.BufferedTokenStream::size (10 bytes)
Event: 20.912 Thread 0x000001a9e333d280 nmethod 12418 0x000001a98c4da390 code [0x000001a98c4da520, 0x000001a98c4da5f8]
Event: 20.912 Thread 0x000001a9dc02d9f0 nmethod 12419 0x000001a98c4da690 code [0x000001a98c4da820, 0x000001a98c4da908]
Event: 20.912 Thread 0x000001a9dcd91850 12420       1       org.antlr.v4.runtime.dfa.DFA::isPrecedenceDfa (5 bytes)
Event: 20.912 Thread 0x000001a9dcd91850 nmethod 12420 0x000001a98c4da990 code [0x000001a98c4dab20, 0x000001a98c4dabf8]
Event: 20.913 Thread 0x000001a9dc02d9f0 12421       1       org.antlr.v4.runtime.atn.LexerATNSimulator::getExistingTargetState (30 bytes)
Event: 20.913 Thread 0x000001a9e333d280 12422       1       org.antlr.v4.runtime.atn.LexerATNSimulator::getReachableConfigSet (210 bytes)
Event: 20.913 Thread 0x000001a9dcd91850 12423       1       org.antlr.v4.runtime.atn.LexerATNConfig::<init> (29 bytes)
Event: 20.913 Thread 0x000001a9dc02d9f0 nmethod 12421 0x000001a98c4dac90 code [0x000001a98c4dae20, 0x000001a98c4daf78]
Event: 20.913 Thread 0x000001a9dcd91850 nmethod 12423 0x000001a98c4db090 code [0x000001a98c4db240, 0x000001a98c4db4a8]
Event: 20.914 Thread 0x000001a9e333d280 nmethod 12422 0x000001a98c4db610 code [0x000001a98c4db840, 0x000001a98c4dc148]

GC Heap History (20 events):
Event: 14.177 GC heap after
{Heap after GC invocations=36 (full 0):
 garbage-first heap   total 413696K, used 149750K [0x0000000704c00000, 0x0000000800000000)
  region size 2048K, 9 young (18432K), 9 survivors (18432K)
 Metaspace       used 99437K, committed 100032K, reserved 1179648K
  class space    used 12868K, committed 13120K, reserved 1048576K
}
Event: 14.848 GC heap before
{Heap before GC invocations=36 (full 0):
 garbage-first heap   total 413696K, used 319734K [0x0000000704c00000, 0x0000000800000000)
  region size 2048K, 93 young (190464K), 9 survivors (18432K)
 Metaspace       used 100827K, committed 101376K, reserved 1179648K
  class space    used 13068K, committed 13312K, reserved 1048576K
}
Event: 14.856 GC heap after
{Heap after GC invocations=37 (full 0):
 garbage-first heap   total 413696K, used 151413K [0x0000000704c00000, 0x0000000800000000)
  region size 2048K, 9 young (18432K), 9 survivors (18432K)
 Metaspace       used 100827K, committed 101376K, reserved 1179648K
  class space    used 13068K, committed 13312K, reserved 1048576K
}
Event: 16.245 GC heap before
{Heap before GC invocations=38 (full 0):
 garbage-first heap   total 413696K, used 348021K [0x0000000704c00000, 0x0000000800000000)
  region size 2048K, 105 young (215040K), 9 survivors (18432K)
 Metaspace       used 104002K, committed 104640K, reserved 1179648K
  class space    used 13560K, committed 13824K, reserved 1048576K
}
Event: 16.271 GC heap after
{Heap after GC invocations=39 (full 0):
 garbage-first heap   total 415744K, used 197717K [0x0000000704c00000, 0x0000000800000000)
  region size 2048K, 14 young (28672K), 14 survivors (28672K)
 Metaspace       used 104002K, committed 104640K, reserved 1179648K
  class space    used 13560K, committed 13824K, reserved 1048576K
}
Event: 16.280 GC heap before
{Heap before GC invocations=39 (full 0):
 garbage-first heap   total 415744K, used 199765K [0x0000000704c00000, 0x0000000800000000)
  region size 2048K, 15 young (30720K), 14 survivors (28672K)
 Metaspace       used 104002K, committed 104640K, reserved 1179648K
  class space    used 13560K, committed 13824K, reserved 1048576K
}
Event: 16.293 GC heap after
{Heap after GC invocations=40 (full 0):
 garbage-first heap   total 415744K, used 202436K [0x0000000704c00000, 0x0000000800000000)
  region size 2048K, 2 young (4096K), 2 survivors (4096K)
 Metaspace       used 104002K, committed 104640K, reserved 1179648K
  class space    used 13560K, committed 13824K, reserved 1048576K
}
Event: 16.875 GC heap before
{Heap before GC invocations=40 (full 0):
 garbage-first heap   total 415744K, used 323268K [0x0000000704c00000, 0x0000000800000000)
  region size 2048K, 61 young (124928K), 2 survivors (4096K)
 Metaspace       used 104166K, committed 104832K, reserved 1179648K
  class space    used 13588K, committed 13888K, reserved 1048576K
}
Event: 16.901 GC heap after
{Heap after GC invocations=41 (full 0):
 garbage-first heap   total 415744K, used 278528K [0x0000000704c00000, 0x0000000800000000)
  region size 2048K, 8 young (16384K), 8 survivors (16384K)
 Metaspace       used 104166K, committed 104832K, reserved 1179648K
  class space    used 13588K, committed 13888K, reserved 1048576K
}
Event: 17.489 GC heap before
{Heap before GC invocations=42 (full 0):
 garbage-first heap   total 479232K, used 323584K [0x0000000704c00000, 0x0000000800000000)
  region size 2048K, 30 young (61440K), 8 survivors (16384K)
 Metaspace       used 104605K, committed 105216K, reserved 1179648K
  class space    used 13652K, committed 13952K, reserved 1048576K
}
Event: 17.497 GC heap after
{Heap after GC invocations=43 (full 0):
 garbage-first heap   total 479232K, used 286720K [0x0000000704c00000, 0x0000000800000000)
  region size 2048K, 2 young (4096K), 2 survivors (4096K)
 Metaspace       used 104605K, committed 105216K, reserved 1179648K
  class space    used 13652K, committed 13952K, reserved 1048576K
}
Event: 17.670 GC heap before
{Heap before GC invocations=43 (full 0):
 garbage-first heap   total 479232K, used 305152K [0x0000000704c00000, 0x0000000800000000)
  region size 2048K, 11 young (22528K), 2 survivors (4096K)
 Metaspace       used 104605K, committed 105216K, reserved 1179648K
  class space    used 13652K, committed 13952K, reserved 1048576K
}
Event: 17.675 GC heap after
{Heap after GC invocations=44 (full 0):
 garbage-first heap   total 479232K, used 284881K [0x0000000704c00000, 0x0000000800000000)
  region size 2048K, 1 young (2048K), 1 survivors (2048K)
 Metaspace       used 104605K, committed 105216K, reserved 1179648K
  class space    used 13652K, committed 13952K, reserved 1048576K
}
Event: 19.081 GC heap before
{Heap before GC invocations=44 (full 0):
 garbage-first heap   total 479232K, used 366801K [0x0000000704c00000, 0x0000000800000000)
  region size 2048K, 41 young (83968K), 1 survivors (2048K)
 Metaspace       used 105174K, committed 105792K, reserved 1179648K
  class space    used 13758K, committed 14016K, reserved 1048576K
}
Event: 19.089 GC heap after
{Heap after GC invocations=45 (full 0):
 garbage-first heap   total 479232K, used 287123K [0x0000000704c00000, 0x0000000800000000)
  region size 2048K, 2 young (4096K), 2 survivors (4096K)
 Metaspace       used 105174K, committed 105792K, reserved 1179648K
  class space    used 13758K, committed 14016K, reserved 1048576K
}
Event: 20.083 GC heap before
{Heap before GC invocations=46 (full 0):
 garbage-first heap   total 491520K, used 375187K [0x0000000704c00000, 0x0000000800000000)
  region size 2048K, 45 young (92160K), 2 survivors (4096K)
 Metaspace       used 108680K, committed 109376K, reserved 1179648K
  class space    used 14227K, committed 14592K, reserved 1048576K
}
Event: 20.088 GC heap after
{Heap after GC invocations=47 (full 0):
 garbage-first heap   total 491520K, used 289358K [0x0000000704c00000, 0x0000000800000000)
  region size 2048K, 3 young (6144K), 3 survivors (6144K)
 Metaspace       used 108680K, committed 109376K, reserved 1179648K
  class space    used 14227K, committed 14592K, reserved 1048576K
}
Event: 20.299 GC heap before
{Heap before GC invocations=47 (full 0):
 garbage-first heap   total 491520K, used 307790K [0x0000000704c00000, 0x0000000800000000)
  region size 2048K, 12 young (24576K), 3 survivors (6144K)
 Metaspace       used 109742K, committed 110400K, reserved 1179648K
  class space    used 14344K, committed 14656K, reserved 1048576K
}
Event: 20.304 GC heap after
{Heap after GC invocations=48 (full 0):
 garbage-first heap   total 491520K, used 287022K [0x0000000704c00000, 0x0000000800000000)
  region size 2048K, 1 young (2048K), 1 survivors (2048K)
 Metaspace       used 109742K, committed 110400K, reserved 1179648K
  class space    used 14344K, committed 14656K, reserved 1048576K
}
Event: 20.919 GC heap before
{Heap before GC invocations=48 (full 0):
 garbage-first heap   total 491520K, used 391470K [0x0000000704c00000, 0x0000000800000000)
  region size 2048K, 52 young (106496K), 1 survivors (2048K)
 Metaspace       used 113588K, committed 114240K, reserved 1179648K
  class space    used 15048K, committed 15360K, reserved 1048576K
}

Deoptimization events (20 events):
Event: 20.565 Thread 0x000001a983395f10 DEOPT PACKING pc=0x000001a98bd9a6dc sp=0x000000561c7fca60
Event: 20.565 Thread 0x000001a983395f10 DEOPT UNPACKING pc=0x000001a98ac92b43 sp=0x000000561c7fbf20 mode 1
Event: 20.565 Thread 0x000001a983395f10 DEOPT PACKING pc=0x000001a98bea705c sp=0x000000561c7fc950
Event: 20.565 Thread 0x000001a983395f10 DEOPT UNPACKING pc=0x000001a98ac92b43 sp=0x000000561c7fbea8 mode 1
Event: 20.565 Thread 0x000001a983395f10 DEOPT PACKING pc=0x000001a98bd9a6dc sp=0x000000561c7fca60
Event: 20.565 Thread 0x000001a983395f10 DEOPT UNPACKING pc=0x000001a98ac92b43 sp=0x000000561c7fbf20 mode 1
Event: 20.581 Thread 0x000001a983395f10 DEOPT PACKING pc=0x000001a98b100a64 sp=0x000000561c7fbe80
Event: 20.581 Thread 0x000001a983395f10 DEOPT UNPACKING pc=0x000001a98ac92b43 sp=0x000000561c7fb318 mode 1
Event: 20.581 Thread 0x000001a983395f10 DEOPT PACKING pc=0x000001a98b0ef47c sp=0x000000561c7fbf50
Event: 20.581 Thread 0x000001a983395f10 DEOPT UNPACKING pc=0x000001a98ac92b43 sp=0x000000561c7fb408 mode 1
Event: 20.581 Thread 0x000001a983395f10 DEOPT PACKING pc=0x000001a98b18bb5c sp=0x000000561c7fc960
Event: 20.581 Thread 0x000001a983395f10 DEOPT UNPACKING pc=0x000001a98ac92b43 sp=0x000000561c7fbe38 mode 1
Event: 20.581 Thread 0x000001a983395f10 DEOPT PACKING pc=0x000001a98b4cff94 sp=0x000000561c7fca00
Event: 20.581 Thread 0x000001a983395f10 DEOPT UNPACKING pc=0x000001a98ac92b43 sp=0x000000561c7fbf60 mode 1
Event: 20.590 Thread 0x000001a983395f10 DEOPT PACKING pc=0x000001a98b8fe1b4 sp=0x000000561c7fc560
Event: 20.590 Thread 0x000001a983395f10 DEOPT UNPACKING pc=0x000001a98ac92b43 sp=0x000000561c7fba88 mode 1
Event: 20.590 Thread 0x000001a983395f10 DEOPT PACKING pc=0x000001a98b7cd404 sp=0x000000561c7fc640
Event: 20.590 Thread 0x000001a983395f10 DEOPT UNPACKING pc=0x000001a98ac92b43 sp=0x000000561c7fbae0 mode 1
Event: 20.590 Thread 0x000001a983395f10 DEOPT PACKING pc=0x000001a98b7cfa0c sp=0x000000561c7fc690
Event: 20.590 Thread 0x000001a983395f10 DEOPT UNPACKING pc=0x000001a98ac92b43 sp=0x000000561c7fbb80 mode 1

Classes unloaded (0 events):
No events

Classes redefined (0 events):
No events

Internal exceptions (20 events):
Event: 15.561 Thread 0x000001a983395f10 Exception <a 'java/lang/NoSuchMethodError'{0x00000007187ccd88}: 'java.lang.Object java.lang.invoke.DirectMethodHandle$Holder.invokeSpecial(java.lang.Object, java.lang.Object, java.lang.Object, java.lang.Object, java.lang.Object, java.lang.Object, java.lang.Object, java.lang.Object, java.lang.Object, java.lang.Object, java.lang.Object, java.lang.Object, java.lang.Object)'> (0x00000007187ccd88) 
thrown [s\open\src\hotspot\share\interpreter\linkResolver.cpp, line 759]
Event: 15.561 Thread 0x000001a983395f10 Exception <a 'java/lang/NoSuchMethodError'{0x00000007187d14a0}: 'java.lang.Object java.lang.invoke.Invokers$Holder.linkToTargetMethod(java.lang.Object, java.lang.Object, java.lang.Object, java.lang.Object, java.lang.Object, java.lang.Object, java.lang.Object, java.lang.Object, java.lang.Object, java.lang.Object, java.lang.Object, java.lang.Object)'> (0x00000007187d14a0) 
thrown [s\open\src\hotspot\share\interpreter\linkResolver.cpp, line 759]
Event: 15.784 Thread 0x000001a983395f10 Exception <a 'java/lang/IncompatibleClassChangeError'{0x0000000715d375e0}: Found class java.lang.Object, but interface was expected> (0x0000000715d375e0) 
thrown [s\open\src\hotspot\share\interpreter\linkResolver.cpp, line 826]
Event: 15.854 Thread 0x000001a983395f10 Exception <a 'java/lang/IncompatibleClassChangeError'{0x0000000714a33148}: Found class java.lang.Object, but interface was expected> (0x0000000714a33148) 
thrown [s\open\src\hotspot\share\interpreter\linkResolver.cpp, line 826]
Event: 15.925 Thread 0x000001a983395f10 Exception <a 'java/lang/NoSuchMethodError'{0x00000007146a8ba0}: 'java.lang.Object java.lang.invoke.DirectMethodHandle$Holder.newInvokeSpecial(java.lang.Object, java.lang.Object, int, java.lang.Object, int, java.lang.Object, java.lang.Object)'> (0x00000007146a8ba0) 
thrown [s\open\src\hotspot\share\interpreter\linkResolver.cpp, line 759]
Event: 19.686 Thread 0x000001a983395f10 Exception <a 'java/lang/IncompatibleClassChangeError'{0x000000071fa983c0}: Found class java.lang.Object, but interface was expected> (0x000000071fa983c0) 
thrown [s\open\src\hotspot\share\interpreter\linkResolver.cpp, line 826]
Event: 19.737 Thread 0x000001a983395f10 Exception <a 'java/lang/IncompatibleClassChangeError'{0x000000071f751dd8}: Found class java.lang.Object, but interface was expected> (0x000000071f751dd8) 
thrown [s\open\src\hotspot\share\interpreter\linkResolver.cpp, line 826]
Event: 19.939 Thread 0x000001a983395f10 Exception <a 'java/lang/reflect/InvocationTargetException'{0x000000071de813a0}> (0x000000071de813a0) 
thrown [s\open\src\hotspot\share\runtime\reflection.cpp, line 1121]
Event: 19.966 Thread 0x000001a983395f10 Exception <a 'java/lang/IncompatibleClassChangeError'{0x000000071dc78c00}: Found class java.lang.Object, but interface was expected> (0x000000071dc78c00) 
thrown [s\open\src\hotspot\share\interpreter\linkResolver.cpp, line 826]
Event: 19.969 Thread 0x000001a983395f10 Exception <a 'java/lang/reflect/InvocationTargetException'{0x000000071dcac368}> (0x000000071dcac368) 
thrown [s\open\src\hotspot\share\runtime\reflection.cpp, line 1121]
Event: 20.057 Thread 0x000001a983395f10 Exception <a 'java/lang/reflect/InvocationTargetException'{0x000000071d48ae68}> (0x000000071d48ae68) 
thrown [s\open\src\hotspot\share\runtime\reflection.cpp, line 1121]
Event: 20.080 Thread 0x000001a983395f10 Exception <a 'java/lang/IncompatibleClassChangeError'{0x000000071d5ee5d8}: Found class java.lang.Object, but interface was expected> (0x000000071d5ee5d8) 
thrown [s\open\src\hotspot\share\interpreter\linkResolver.cpp, line 826]
Event: 20.104 Thread 0x000001a983395f10 Exception <a 'java/lang/reflect/InvocationTargetException'{0x00000007228dc730}> (0x00000007228dc730) 
thrown [s\open\src\hotspot\share\runtime\reflection.cpp, line 1121]
Event: 20.105 Thread 0x000001a983395f10 Exception <a 'java/lang/reflect/InvocationTargetException'{0x00000007228e4fa0}> (0x00000007228e4fa0) 
thrown [s\open\src\hotspot\share\runtime\reflection.cpp, line 1121]
Event: 20.107 Thread 0x000001a983395f10 Exception <a 'java/lang/reflect/InvocationTargetException'{0x0000000722904380}> (0x0000000722904380) 
thrown [s\open\src\hotspot\share\runtime\reflection.cpp, line 1121]
Event: 20.110 Thread 0x000001a983395f10 Exception <a 'java/lang/reflect/InvocationTargetException'{0x000000072292cb00}> (0x000000072292cb00) 
thrown [s\open\src\hotspot\share\runtime\reflection.cpp, line 1121]
Event: 20.134 Thread 0x000001a983395f10 Exception <a 'java/lang/reflect/InvocationTargetException'{0x00000007224f5710}> (0x00000007224f5710) 
thrown [s\open\src\hotspot\share\runtime\reflection.cpp, line 1121]
Event: 20.156 Thread 0x000001a983395f10 Exception <a 'java/lang/reflect/InvocationTargetException'{0x000000072207af40}> (0x000000072207af40) 
thrown [s\open\src\hotspot\share\runtime\reflection.cpp, line 1121]
Event: 20.445 Thread 0x000001a983395f10 Exception <a 'java/lang/NoSuchMethodError'{0x00000007219c6ce0}: 'int java.lang.invoke.DirectMethodHandle$Holder.invokeStaticInit(java.lang.Object, int, java.lang.Object, java.lang.Object, java.lang.Object, java.lang.Object)'> (0x00000007219c6ce0) 
thrown [s\open\src\hotspot\share\interpreter\linkResolver.cpp, line 759]
Event: 20.590 Thread 0x000001a983395f10 Exception <a 'java/lang/reflect/InvocationTargetException'{0x0000000720456b70}> (0x0000000720456b70) 
thrown [s\open\src\hotspot\share\runtime\reflection.cpp, line 1121]

VM Operations (20 events):
Event: 19.727 Executing VM operation: HandshakeAllThreads done
Event: 19.727 Executing VM operation: HandshakeAllThreads
Event: 19.727 Executing VM operation: HandshakeAllThreads done
Event: 19.850 Executing VM operation: HandshakeAllThreads
Event: 19.850 Executing VM operation: HandshakeAllThreads done
Event: 19.850 Executing VM operation: HandshakeAllThreads
Event: 19.850 Executing VM operation: HandshakeAllThreads done
Event: 19.850 Executing VM operation: HandshakeAllThreads
Event: 19.850 Executing VM operation: HandshakeAllThreads done
Event: 20.082 Executing VM operation: G1CollectForAllocation
Event: 20.088 Executing VM operation: G1CollectForAllocation done
Event: 20.299 Executing VM operation: G1CollectForAllocation
Event: 20.304 Executing VM operation: G1CollectForAllocation done
Event: 20.734 Executing VM operation: HandshakeAllThreads
Event: 20.734 Executing VM operation: HandshakeAllThreads done
Event: 20.741 Executing VM operation: HandshakeAllThreads
Event: 20.741 Executing VM operation: HandshakeAllThreads done
Event: 20.850 Executing VM operation: HandshakeAllThreads
Event: 20.851 Executing VM operation: HandshakeAllThreads done
Event: 20.919 Executing VM operation: G1CollectForAllocation

Events (20 events):
Event: 20.344 loading class sun/security/ssl/X509TrustManagerImpl done
Event: 20.347 loading class java/security/cert/CertificateParsingException
Event: 20.347 loading class java/security/cert/CertificateParsingException done
Event: 20.404 loading class java/util/zip/GZIPInputStream
Event: 20.405 loading class java/util/zip/GZIPInputStream done
Event: 20.406 loading class java/net/NoRouteToHostException
Event: 20.406 loading class java/net/NoRouteToHostException done
Event: 20.414 Thread 0x000001a9e93a55d0 Thread added: 0x000001a9e93a55d0
Event: 20.468 loading class sun/reflect/ReflectionFactory
Event: 20.468 loading class sun/reflect/ReflectionFactory done
Event: 20.468 loading class sun/reflect/ReflectionFactory$1
Event: 20.468 loading class sun/reflect/ReflectionFactory$1 done
Event: 20.468 loading class java/io/OptionalDataException
Event: 20.469 loading class java/io/OptionalDataException done
Event: 20.603 loading class java/util/EmptyStackException
Event: 20.603 loading class java/util/EmptyStackException done
Event: 20.720 loading class java/io/InvalidClassException
Event: 20.720 loading class java/io/InvalidClassException done
Event: 20.730 loading class java/util/ArrayList$ListItr
Event: 20.732 loading class java/util/ArrayList$ListItr done


Dynamic libraries:
0x00007ff7cebb0000 - 0x00007ff7cebc0000 	C:\Program Files\Java\jdk-17\bin\javaw.exe
0x00007ffea7a50000 - 0x00007ffea7c67000 	C:\Windows\SYSTEM32\ntdll.dll
0x00007ffea6540000 - 0x00007ffea6604000 	C:\Windows\System32\KERNEL32.DLL
0x00007ffea4e40000 - 0x00007ffea51ed000 	C:\Windows\System32\KERNELBASE.dll
0x00007ffea5290000 - 0x00007ffea53a1000 	C:\Windows\System32\ucrtbase.dll
0x00007ffe9c360000 - 0x00007ffe9c37b000 	C:\Program Files\Java\jdk-17\bin\VCRUNTIME140.dll
0x00007ffe8fd00000 - 0x00007ffe8fd19000 	C:\Program Files\Java\jdk-17\bin\jli.dll
0x00007ffea7360000 - 0x00007ffea7412000 	C:\Windows\System32\ADVAPI32.dll
0x00007ffea6610000 - 0x00007ffea66b7000 	C:\Windows\System32\msvcrt.dll
0x00007ffea5950000 - 0x00007ffea59f9000 	C:\Windows\System32\sechost.dll
0x00007ffea5260000 - 0x00007ffea5288000 	C:\Windows\System32\bcrypt.dll
0x00007ffea66c0000 - 0x00007ffea67d4000 	C:\Windows\System32\RPCRT4.dll
0x00007ffea71b0000 - 0x00007ffea735e000 	C:\Windows\System32\USER32.dll
0x00007ffea54d0000 - 0x00007ffea54f6000 	C:\Windows\System32\win32u.dll
0x00007ffe8a5f0000 - 0x00007ffe8a883000 	C:\Windows\WinSxS\amd64_microsoft.windows.common-controls_6595b64144ccf1df_6.0.22621.3672_none_2713b9d173822955\COMCTL32.dll
0x00007ffea6500000 - 0x00007ffea6529000 	C:\Windows\System32\GDI32.dll
0x00007ffea5670000 - 0x00007ffea5789000 	C:\Windows\System32\gdi32full.dll
0x00007ffea53b0000 - 0x00007ffea544a000 	C:\Windows\System32\msvcp_win.dll
0x00007ffe9fbb0000 - 0x00007ffe9fbba000 	C:\Windows\SYSTEM32\VERSION.dll
0x00007ffea5910000 - 0x00007ffea5941000 	C:\Windows\System32\IMM32.DLL
0x00007ffe9e900000 - 0x00007ffe9e90c000 	C:\Program Files\Java\jdk-17\bin\vcruntime140_1.dll
0x00007ffe68200000 - 0x00007ffe6828e000 	C:\Program Files\Java\jdk-17\bin\msvcp140.dll
0x00007ffe13e20000 - 0x00007ffe14a00000 	C:\Program Files\Java\jdk-17\bin\server\jvm.dll
0x00007ffea68c0000 - 0x00007ffea68c8000 	C:\Windows\System32\PSAPI.DLL
0x00007ffe9c5a0000 - 0x00007ffe9c5d4000 	C:\Windows\SYSTEM32\WINMM.dll
0x00007ffe9e880000 - 0x00007ffe9e889000 	C:\Windows\SYSTEM32\WSOCK32.dll
0x00007ffea6480000 - 0x00007ffea64f1000 	C:\Windows\System32\WS2_32.dll
0x00007ffea3e60000 - 0x00007ffea3e78000 	C:\Windows\SYSTEM32\kernel.appcore.dll
0x00007ffe9e8e0000 - 0x00007ffe9e8ea000 	C:\Program Files\Java\jdk-17\bin\jimage.dll
0x00007ffea1e00000 - 0x00007ffea2032000 	C:\Windows\SYSTEM32\DBGHELP.DLL
0x00007ffea7520000 - 0x00007ffea78a8000 	C:\Windows\System32\combase.dll
0x00007ffea78d0000 - 0x00007ffea79a7000 	C:\Windows\System32\OLEAUT32.dll
0x00007ffe82ff0000 - 0x00007ffe83022000 	C:\Windows\SYSTEM32\dbgcore.DLL
0x00007ffea5450000 - 0x00007ffea54cb000 	C:\Windows\System32\bcryptPrimitives.dll
0x00007ffe6f220000 - 0x00007ffe6f25b000 	C:\Program Files\Java\jdk-17\bin\jdwp.dll
0x00007ffe909e0000 - 0x00007ffe909ee000 	C:\Program Files\Java\jdk-17\bin\instrument.dll
0x00007ffe82580000 - 0x00007ffe825a5000 	C:\Program Files\Java\jdk-17\bin\java.dll
0x00007ffe66130000 - 0x00007ffe66207000 	C:\Program Files\Java\jdk-17\bin\jsvml.dll
0x00007ffea5a60000 - 0x00007ffea62bf000 	C:\Windows\System32\SHELL32.dll
0x00007ffea2c80000 - 0x00007ffea357c000 	C:\Windows\SYSTEM32\windows.storage.dll
0x00007ffea2b40000 - 0x00007ffea2c7f000 	C:\Windows\SYSTEM32\wintypes.dll
0x00007ffea7420000 - 0x00007ffea7514000 	C:\Windows\System32\SHCORE.dll
0x00007ffea5a00000 - 0x00007ffea5a5e000 	C:\Windows\System32\shlwapi.dll
0x00007ffea4cb0000 - 0x00007ffea4cd1000 	C:\Windows\SYSTEM32\profapi.dll
0x00007ffe90940000 - 0x00007ffe9094c000 	C:\Program Files\Java\jdk-17\bin\dt_socket.dll
0x00007ffea37e0000 - 0x00007ffea380d000 	C:\Windows\SYSTEM32\IPHLPAPI.DLL
0x00007ffea42c0000 - 0x00007ffea4329000 	C:\Windows\system32\mswsock.dll
0x00007ffea3810000 - 0x00007ffea3908000 	C:\Windows\SYSTEM32\DNSAPI.dll
0x00007ffea6a90000 - 0x00007ffea6a99000 	C:\Windows\System32\NSI.dll
0x00007ffe9c7d0000 - 0x00007ffe9c7da000 	C:\Windows\System32\rasadhlp.dll
0x00007ffe9cf10000 - 0x00007ffe9cf93000 	C:\Windows\System32\fwpuclnt.dll
0x00007ffe8fc90000 - 0x00007ffe8fca8000 	C:\Program Files\Java\jdk-17\bin\zip.dll
0x00007ffe8fbd0000 - 0x00007ffe8fbe9000 	C:\Program Files\Java\jdk-17\bin\net.dll
0x00007ffea0430000 - 0x00007ffea0566000 	C:\Windows\SYSTEM32\WINHTTP.dll
0x00007ffe89170000 - 0x00007ffe89186000 	C:\Program Files\Java\jdk-17\bin\nio.dll
0x00007ffe907c0000 - 0x00007ffe907ca000 	C:\Program Files\Java\jdk-17\bin\management.dll
0x00007ffe8fcf0000 - 0x00007ffe8fcfb000 	C:\Program Files\Java\jdk-17\bin\management_ext.dll
0x00007ffe4ea20000 - 0x00007ffe4ea37000 	C:\Windows\system32\napinsp.dll
0x00007ffe4ea00000 - 0x00007ffe4ea1b000 	C:\Windows\system32\pnrpnsp.dll
0x00007ffe4e9e0000 - 0x00007ffe4e9f1000 	C:\Windows\System32\winrnr.dll
0x00007ffe9c970000 - 0x00007ffe9c985000 	C:\Windows\system32\wshbth.dll
0x00007ffe4e9b0000 - 0x00007ffe4e9d7000 	C:\Windows\system32\nlansp_c.dll
0x00007ffea4610000 - 0x00007ffea462b000 	C:\Windows\SYSTEM32\CRYPTSP.dll
0x00007ffea3d40000 - 0x00007ffea3d75000 	C:\Windows\system32\rsaenh.dll
0x00007ffea4360000 - 0x00007ffea4388000 	C:\Windows\SYSTEM32\USERENV.dll
0x00007ffea45f0000 - 0x00007ffea45fc000 	C:\Windows\SYSTEM32\CRYPTBASE.dll
0x00007ffe9fc30000 - 0x00007ffe9fc49000 	C:\Windows\SYSTEM32\dhcpcsvc6.DLL
0x00007ffe9fb80000 - 0x00007ffe9fb9f000 	C:\Windows\SYSTEM32\dhcpcsvc.DLL
0x00007ffe8fa60000 - 0x00007ffe8fa70000 	C:\Program Files\Java\jdk-17\bin\verify.dll
0x00007ffe8eb50000 - 0x00007ffe8eb5e000 	C:\Program Files\Java\jdk-17\bin\sunmscapi.dll
0x00007ffea5500000 - 0x00007ffea5667000 	C:\Windows\System32\CRYPT32.dll
0x00007ffea4710000 - 0x00007ffea473e000 	C:\Windows\SYSTEM32\ncrypt.dll
0x00007ffea46d0000 - 0x00007ffea4707000 	C:\Windows\SYSTEM32\NTASN1.dll

dbghelp: loaded successfully - version: 4.0.5 - missing functions: none
symbol engine: initialized successfully - sym options: 0x614 - pdb path: .;C:\Program Files\Java\jdk-17\bin;C:\Windows\SYSTEM32;C:\Windows\WinSxS\amd64_microsoft.windows.common-controls_6595b64144ccf1df_6.0.22621.3672_none_2713b9d173822955;C:\Program Files\Java\jdk-17\bin\server

VM Arguments:
jvm_args: -Dfile.encoding-UTF8 -XX:+ShowCodeDetailsInExceptionMessages -agentlib:jdwp=transport=dt_socket,suspend=y,address=localhost:56276 -Dcom.sun.management.jmxremote -Dcom.sun.management.jmxremote.port=56273 -Dcom.sun.management.jmxremote.authenticate=false -Dcom.sun.management.jmxremote.ssl=false -Djava.rmi.server.hostname=localhost -Dspring.jmx.enabled=true -Dmanagement.endpoints.jmx.exposure.include=* -Dspring.application.admin.enabled=true -Dspring.output.ansi.enabled=always -XX:TieredStopAtLevel=1 -Dspring.boot.project.name=asm_gstn_return_db_store6_pre -javaagent:D:\Project\sts-5.0.1.RELEASE\configuration\org.eclipse.osgi\280\0\.cp\lib\javaagent-shaded.jar -Dfile.encoding=UTF-8 -Dstdout.encoding=UTF-8 -Dstderr.encoding=UTF-8 
java_command: com.deloitte.AsmEwayBillApplication
java_class_path (initial): D:\Project\workspace\workspace280126\asm_gstn_return_db_store6_pre\target\classes;C:\Users\AIO16\.m2\repository\org\springframework\boot\spring-boot-starter-data-jpa\4.0.3\spring-boot-starter-data-jpa-4.0.3.jar;C:\Users\AIO16\.m2\repository\org\springframework\boot\spring-boot-starter\4.0.3\spring-boot-starter-4.0.3.jar;C:\Users\AIO16\.m2\repository\org\springframework\boot\spring-boot-starter-logging\4.0.3\spring-boot-starter-logging-4.0.3.jar;C:\Users\AIO16\.m2\repository\ch\qos\logback\logback-classic\1.5.32\logback-classic-1.5.32.jar;C:\Users\AIO16\.m2\repository\ch\qos\logback\logback-core\1.5.32\logback-core-1.5.32.jar;C:\Users\AIO16\.m2\repository\org\apache\logging\log4j\log4j-to-slf4j\2.25.3\log4j-to-slf4j-2.25.3.jar;C:\Users\AIO16\.m2\repository\org\slf4j\jul-to-slf4j\2.0.17\jul-to-slf4j-2.0.17.jar;C:\Users\AIO16\.m2\repository\org\springframework\boot\spring-boot-autoconfigure\4.0.3\spring-boot-autoconfigure-4.0.3.jar;C:\Users\AIO16\.m2\repository\jakarta\annotation\jakarta.annotation-api\3.0.0\jakarta.annotation-api-3.0.0.jar;C:\Users\AIO16\.m2\repository\org\yaml\snakeyaml\2.5\snakeyaml-2.5.jar;C:\Users\AIO16\.m2\repository\org\springframework\boot\spring-boot-starter-jdbc\4.0.3\spring-boot-starter-jdbc-4.0.3.jar;C:\Users\AIO16\.m2\repository\com\zaxxer\HikariCP\7.0.2\HikariCP-7.0.2.jar;C:\Users\AIO16\.m2\repository\org\springframework\boot\spring-boot-data-jpa\4.0.3\spring-boot-data-jpa-4.0.3.jar;C:\Users\AIO16\.m2\repository\org\springframework\boot\spring-boot-data-commons\4.0.3\spring-boot-data-commons-4.0.3.jar;C:\Users\AIO16\.m2\repository\org\springframework\boot\spring-boot-persistence\4.0.3\spring-boot-persistence-4.0.3.jar;C:\Users\AIO16\.m2\repository\org\springframework\data\spring-data-commons\4.0.3\spring-data-commons-4.0.3.jar;C:\Users\AIO16\.m2\repository\org\springframework\boot\spring-boot-hibernate\4.0.3\spring-boot-hibernate-4.0.3.jar;C:\Users\AIO16\.m2\repository\org\springframework\boot\spring-boot-jpa\
Launcher Type: SUN_STANDARD

[Global flags]
     intx CICompilerCount                          = 12                                        {product} {ergonomic}
     uint ConcGCThreads                            = 4                                         {product} {ergonomic}
     uint G1ConcRefinementThreads                  = 15                                        {product} {ergonomic}
   size_t G1HeapRegionSize                         = 2097152                                   {product} {ergonomic}
    uintx GCDrainStackTargetSize                   = 64                                        {product} {ergonomic}
   size_t InitialHeapSize                          = 264241152                                 {product} {ergonomic}
     bool ManagementServer                         = true                                      {product} {command line}
   size_t MarkStackSize                            = 4194304                                   {product} {ergonomic}
   size_t MaxHeapSize                              = 4215275520                                {product} {ergonomic}
   size_t MaxNewSize                               = 2529165312                                {product} {ergonomic}
   size_t MinHeapDeltaBytes                        = 2097152                                   {product} {ergonomic}
   size_t MinHeapSize                              = 8388608                                   {product} {ergonomic}
    uintx NonProfiledCodeHeapSize                  = 0                                      {pd product} {ergonomic}
     bool ProfileInterpreter                       = false                                  {pd product} {command line}
    uintx ProfiledCodeHeapSize                     = 0                                      {pd product} {ergonomic}
     bool ShowCodeDetailsInExceptionMessages       = true                                   {manageable} {command line}
   size_t SoftMaxHeapSize                          = 4215275520                             {manageable} {ergonomic}
     intx TieredStopAtLevel                        = 1                                         {product} {command line}
     bool UseCompressedClassPointers               = true                           {product lp64_product} {ergonomic}
     bool UseCompressedOops                        = true                           {product lp64_product} {ergonomic}
     bool UseG1GC                                  = true                                      {product} {ergonomic}
     bool UseLargePagesIndividualAllocation        = false                                  {pd product} {ergonomic}

Logging:
Log output configuration:
 #0: stdout all=warning uptime,level,tags
 #1: stderr all=off uptime,level,tags

Environment Variables:
JAVA_HOME=C:\Program Files\Java\jdk-17
JAVA_TOOL_OPTIONS=-Dfile.encoding-UTF8
PATH=D:/Project/sts-5.0.1.RELEASE//plugins/org.eclipse.justj.openjdk.hotspot.jre.full.win32.x86_64_25.0.1.v20251108-1451/jre/bin/server;D:/Project/sts-5.0.1.RELEASE//plugins/org.eclipse.justj.openjdk.hotspot.jre.full.win32.x86_64_25.0.1.v20251108-1451/jre/bin;C:\Program Files\Apache\Maven\apache-maven-3.9.14\bin;C:\Program Files\Java\jdk-17;C:\Program Files\Common Files\Oracle\Java\javapath;C:\Program Files (x86)\Common Files\Oracle\Java\javapath;C:\Windows\system32;C:\Windows;C:\Windows\System32\Wbem;C:\Windows\System32\WindowsPowerShell\v1.0\;C:\Windows\System32\OpenSSH\;C:\Program Files\dotnet\;C:\Program Files\Git\cmd;C:\Program Files\nodejs\;C:\Users\AIO16\AppData\Local\Microsoft\WindowsApps;C:\Users\AIO16\AppData\Local\Programs\Microsoft VS Code\bin;C:\Users\AIO16\AppData\Local\GitHubDesktop\bin;C:\Users\AIO16\AppData\Roaming\npm;D:\Project\sts-5.0.1.RELEASE;
USERNAME=AIO16
OS=Windows_NT
PROCESSOR_IDENTIFIER=Intel64 Family 6 Model 191 Stepping 2, GenuineIntel



---------------  S Y S T E M  ---------------

OS:
 Windows 11 , 64 bit Build 22621 (10.0.22621.3672)
OS uptime: 18 days 16:13 hours
Hyper-V role detected

CPU: total 20 (initial active 20) (10 cores per cpu, 2 threads per core) family 6 model 191 stepping 2 microcode 0x3e, cx8, cmov, fxsr, ht, mmx, 3dnowpref, sse, sse2, sse3, ssse3, sse4.1, sse4.2, popcnt, lzcnt, tsc, tscinvbit, avx, avx2, aes, erms, clmul, bmi1, bmi2, adx, sha, fma, vzeroupper, clflush, clflushopt, clwb, hv

Memory: 4k page, system-wide physical 16072M (651M free)
TotalPageFile size 44753M (AvailPageFile size 294M)
current process WorkingSet (physical memory assigned to process): 728M, peak: 728M
current process commit charge ("private bytes"): 785M, peak: 1341M

vm_info: Java HotSpot(TM) 64-Bit Server VM (17.0.12+8-LTS-286) for windows-amd64 JRE (17.0.12+8-LTS-286), built on Jun  5 2024 06:46:59 by "mach5one" with MS VC++ 17.6 (VS2022)

END.
