#
# There is insufficient memory for the Java Runtime Environment to continue.
# Native memory allocation (mmap) failed to map 37748736 bytes for G1 virtual space
# Possible reasons:
#   The system is out of physical RAM or swap space
#   The process is running with CompressedOops enabled, and the Java Heap may be blocking the growth of the native heap
# Possible solutions:
#   Reduce memory load on the system
#   Increase physical memory or swap space
#   Check if swap backing store is full
#   Decrease Java heap size (-Xmx/-Xms)
#   Decrease number of Java threads
#   Decrease Java thread stack sizes (-Xss)
#   Set larger code cache with -XX:ReservedCodeCacheSize=
#   JVM is running with Zero Based Compressed Oops mode in which the Java heap is
#     placed in the first 32GB address space. The Java Heap base address is the
#     maximum limit for the native heap growth. Please use -XX:HeapBaseMinAddress
#     to set the Java Heap base and to place the Java Heap above 32GB virtual address.
# This output file may be truncated or incomplete.
#
#  Out of Memory Error (os_windows.cpp:3548), pid=27528, tid=27608
#
# JRE version: Java(TM) SE Runtime Environment (17.0.12+8) (build 17.0.12+8-LTS-286)
# Java VM: Java HotSpot(TM) 64-Bit Server VM (17.0.12+8-LTS-286, mixed mode, emulated-client, sharing, tiered, compressed oops, compressed class ptrs, g1 gc, windows-amd64)
# No core dump will be written. Minidumps are not enabled by default on client versions of Windows
#

---------------  S U M M A R Y ------------

Command Line: -Dfile.encoding-UTF8 -Dcom.sun.management.jmxremote -Dcom.sun.management.jmxremote.port=64511 -Dcom.sun.management.jmxremote.authenticate=false -Dcom.sun.management.jmxremote.ssl=false -Djava.rmi.server.hostname=localhost -Dspring.jmx.enabled=true -Dmanagement.endpoints.jmx.exposure.include=* -Dspring.application.admin.enabled=true -Dspring.output.ansi.enabled=always -XX:TieredStopAtLevel=1 -Dspring.boot.project.name=asm_gstn_return_db_store6_pre -Dfile.encoding=UTF-8 -Dstdout.encoding=UTF-8 -Dstderr.encoding=UTF-8 -XX:+ShowCodeDetailsInExceptionMessages com.deloitte.AsmEwayBillApplication

Host: 13th Gen Intel(R) Core(TM) i5-13500, 20 cores, 15G,  Windows 11 , 64 bit Build 22621 (10.0.22621.3672)
Time: Tue Apr 28 19:53:05 2026 India Standard Time elapsed time: 10.688085 seconds (0d 0h 0m 10s)

---------------  T H R E A D  ---------------

Current thread (0x0000017faa08ebb0):  VMThread "VM Thread" [stack: 0x0000000b64a00000,0x0000000b64b00000] [id=27608]

Stack: [0x0000000b64a00000,0x0000000b64b00000]
Native frames: (J=compiled Java code, j=interpreted, Vv=VM code, C=native code)
V  [jvm.dll+0x67a04a]
V  [jvm.dll+0x7da4ed]
V  [jvm.dll+0x7dbe33]
V  [jvm.dll+0x7dc4a3]
V  [jvm.dll+0x24508f]
V  [jvm.dll+0x677089]
V  [jvm.dll+0x66bd32]
V  [jvm.dll+0x301fa6]
V  [jvm.dll+0x309546]
V  [jvm.dll+0x359d2e]
V  [jvm.dll+0x359f5f]
V  [jvm.dll+0x2d9078]
V  [jvm.dll+0x2dc0e6]
V  [jvm.dll+0x2e67eb]
V  [jvm.dll+0x31a870]
V  [jvm.dll+0x7e0d9b]
V  [jvm.dll+0x7e1ad4]
V  [jvm.dll+0x7e1fed]
V  [jvm.dll+0x7e23c4]
V  [jvm.dll+0x7e2490]
V  [jvm.dll+0x78abea]
V  [jvm.dll+0x678f35]
C  [ucrtbase.dll+0x29333]
C  [KERNEL32.DLL+0x1257d]
C  [ntdll.dll+0x5af28]

VM_Operation (0x0000000b646ffa30): G1Concurrent, mode: safepoint, requested by thread 0x0000017f928b18e0


---------------  P R O C E S S  ---------------

Threads class SMR info:
_java_thread_list=0x0000017faaa66120, length=28, elements={
0x0000017f92833840, 0x0000017faa1ae980, 0x0000017faa1af710, 0x0000017faa1bfda0,
0x0000017faa1c1f50, 0x0000017faa1c3a30, 0x0000017faa1c6410, 0x0000017faa1c6ce0,
0x0000017faa1cfa10, 0x0000017faa2afa70, 0x0000017faa0833d0, 0x0000017faa2ba3b0,
0x0000017faa32df00, 0x0000017faa9bac10, 0x0000017faab03010, 0x0000017faab22210,
0x0000017faae6bb80, 0x0000017ff03d8eb0, 0x0000017ff03d6900, 0x0000017ff0418df0,
0x0000017ff041b160, 0x0000017ff041a230, 0x0000017ff04179b0, 0x0000017ff041a740,
0x0000017ff0419810, 0x0000017faa2bbd00, 0x0000017ff1d44090, 0x0000017ff7617830
}

Java Threads: ( => current thread )
  0x0000017f92833840 JavaThread "main" [_thread_blocked, id=19764, stack(0x0000000b64400000,0x0000000b64500000)]
  0x0000017faa1ae980 JavaThread "Reference Handler" daemon [_thread_blocked, id=16932, stack(0x0000000b64b00000,0x0000000b64c00000)]
  0x0000017faa1af710 JavaThread "Finalizer" daemon [_thread_blocked, id=24564, stack(0x0000000b64c00000,0x0000000b64d00000)]
  0x0000017faa1bfda0 JavaThread "Signal Dispatcher" daemon [_thread_blocked, id=21312, stack(0x0000000b64d00000,0x0000000b64e00000)]
  0x0000017faa1c1f50 JavaThread "Attach Listener" daemon [_thread_blocked, id=7060, stack(0x0000000b64e00000,0x0000000b64f00000)]
  0x0000017faa1c3a30 JavaThread "Service Thread" daemon [_thread_blocked, id=33840, stack(0x0000000b64f00000,0x0000000b65000000)]
  0x0000017faa1c6410 JavaThread "Monitor Deflation Thread" daemon [_thread_blocked, id=16612, stack(0x0000000b65000000,0x0000000b65100000)]
  0x0000017faa1c6ce0 JavaThread "C1 CompilerThread0" daemon [_thread_blocked, id=29840, stack(0x0000000b65100000,0x0000000b65200000)]
  0x0000017faa1cfa10 JavaThread "Sweeper thread" daemon [_thread_blocked, id=6704, stack(0x0000000b65200000,0x0000000b65300000)]
  0x0000017faa2afa70 JavaThread "Common-Cleaner" daemon [_thread_blocked, id=27276, stack(0x0000000b65300000,0x0000000b65400000)]
  0x0000017faa0833d0 JavaThread "C1 CompilerThread1" daemon [_thread_blocked, id=4100, stack(0x0000000b65400000,0x0000000b65500000)]
  0x0000017faa2ba3b0 JavaThread "C1 CompilerThread2" daemon [_thread_blocked, id=16884, stack(0x0000000b65500000,0x0000000b65600000)]
  0x0000017faa32df00 JavaThread "Notification Thread" daemon [_thread_blocked, id=36076, stack(0x0000000b65700000,0x0000000b65800000)]
  0x0000017faa9bac10 JavaThread "RMI TCP Accept-0" daemon [_thread_in_native, id=19048, stack(0x0000000b65800000,0x0000000b65900000)]
  0x0000017faab03010 JavaThread "RMI TCP Accept-64511" daemon [_thread_in_native, id=24164, stack(0x0000000b65900000,0x0000000b65a00000)]
  0x0000017faab22210 JavaThread "RMI TCP Accept-0" daemon [_thread_in_native, id=22260, stack(0x0000000b65a00000,0x0000000b65b00000)]
  0x0000017faae6bb80 JavaThread "RMI TCP Connection(1)-127.0.0.1" daemon [_thread_in_native, id=30744, stack(0x0000000b66300000,0x0000000b66400000)]
  0x0000017ff03d8eb0 JavaThread "RMI Scheduler(0)" daemon [_thread_blocked, id=16868, stack(0x0000000b66400000,0x0000000b66500000)]
  0x0000017ff03d6900 JavaThread "RMI TCP Connection(2)-127.0.0.1" daemon [_thread_in_native, id=3272, stack(0x0000000b66500000,0x0000000b66600000)]
  0x0000017ff0418df0 JavaThread "JMX server connection timeout 30" daemon [_thread_blocked, id=37632, stack(0x0000000b66600000,0x0000000b66700000)]
  0x0000017ff041b160 JavaThread "Catalina-utility-1" [_thread_blocked, id=12876, stack(0x0000000b66a00000,0x0000000b66b00000)]
  0x0000017ff041a230 JavaThread "Catalina-utility-2" [_thread_blocked, id=12040, stack(0x0000000b67200000,0x0000000b67300000)]
  0x0000017ff04179b0 JavaThread "container-0" [_thread_blocked, id=35368, stack(0x0000000b67300000,0x0000000b67400000)]
  0x0000017ff041a740 JavaThread "Cleaner-0" daemon [_thread_blocked, id=4192, stack(0x0000000b67500000,0x0000000b67600000)]
  0x0000017ff0419810 JavaThread "HikariPool-1:housekeeper" daemon [_thread_blocked, id=14200, stack(0x0000000b67600000,0x0000000b67700000)]
  0x0000017faa2bbd00 JavaThread "C1 CompilerThread3" daemon [_thread_blocked, id=29856, stack(0x0000000b65600000,0x0000000b65700000)]
  0x0000017ff1d44090 JavaThread "C1 CompilerThread4" daemon [_thread_blocked, id=29304, stack(0x0000000b67700000,0x0000000b67800000)]
  0x0000017ff7617830 JavaThread "C1 CompilerThread5" daemon [_thread_blocked, id=17484, stack(0x0000000b68100000,0x0000000b68200000)]

Other Threads:
=>0x0000017faa08ebb0 VMThread "VM Thread" [stack: 0x0000000b64a00000,0x0000000b64b00000] [id=27608]
  0x0000017fa9e969e0 WatcherThread [stack: 0x0000000b65b00000,0x0000000b65c00000] [id=38612]
  0x0000017f928a07a0 GCTaskThread "GC Thread#0" [stack: 0x0000000b64500000,0x0000000b64600000] [id=2844]
  0x0000017faad11480 GCTaskThread "GC Thread#1" [stack: 0x0000000b65c00000,0x0000000b65d00000] [id=23096]
  0x0000017faad11740 GCTaskThread "GC Thread#2" [stack: 0x0000000b65d00000,0x0000000b65e00000] [id=37248]
  0x0000017faad11a00 GCTaskThread "GC Thread#3" [stack: 0x0000000b65e00000,0x0000000b65f00000] [id=20504]
  0x0000017faad5a090 GCTaskThread "GC Thread#4" [stack: 0x0000000b65f00000,0x0000000b66000000] [id=7808]
  0x0000017faad5a760 GCTaskThread "GC Thread#5" [stack: 0x0000000b66000000,0x0000000b66100000] [id=9908]
  0x0000017faad90470 GCTaskThread "GC Thread#6" [stack: 0x0000000b66100000,0x0000000b66200000] [id=14344]
  0x0000017faad90730 GCTaskThread "GC Thread#7" [stack: 0x0000000b66200000,0x0000000b66300000] [id=28348]
  0x0000017ff04a3bb0 GCTaskThread "GC Thread#8" [stack: 0x0000000b66700000,0x0000000b66800000] [id=26044]
  0x0000017ff04a4280 GCTaskThread "GC Thread#9" [stack: 0x0000000b66800000,0x0000000b66900000] [id=26972]
  0x0000017ff04ac560 GCTaskThread "GC Thread#10" [stack: 0x0000000b66900000,0x0000000b66a00000] [id=25028]
  0x0000017ff0823f80 GCTaskThread "GC Thread#11" [stack: 0x0000000b66b00000,0x0000000b66c00000] [id=23808]
  0x0000017ff06683c0 GCTaskThread "GC Thread#12" [stack: 0x0000000b66c00000,0x0000000b66d00000] [id=29704]
  0x0000017ff08b70a0 GCTaskThread "GC Thread#13" [stack: 0x0000000b66d00000,0x0000000b66e00000] [id=25896]
  0x0000017ff088a0a0 GCTaskThread "GC Thread#14" [stack: 0x0000000b66e00000,0x0000000b66f00000] [id=20940]
  0x0000017f928b18e0 ConcurrentGCThread "G1 Main Marker" [stack: 0x0000000b64600000,0x0000000b64700000] [id=32600]
  0x0000017f928b3210 ConcurrentGCThread "G1 Conc#0" [stack: 0x0000000b64700000,0x0000000b64800000] [id=816]
  0x0000017ff088aba0 ConcurrentGCThread "G1 Conc#1" [stack: 0x0000000b66f00000,0x0000000b67000000] [id=31316]
  0x0000017ff088bc20 ConcurrentGCThread "G1 Conc#2" [stack: 0x0000000b67000000,0x0000000b67100000] [id=6068]
  0x0000017ff088a620 ConcurrentGCThread "G1 Conc#3" [stack: 0x0000000b67100000,0x0000000b67200000] [id=12084]
  0x0000017fa9f4c0f0 ConcurrentGCThread "G1 Refine#0" [stack: 0x0000000b64800000,0x0000000b64900000] [id=21916]
  0x0000017ff1c2cf30 ConcurrentGCThread "G1 Refine#1" [stack: 0x0000000b67800000,0x0000000b67900000] [id=29780]
  0x0000017ff1c2e9a0 ConcurrentGCThread "G1 Refine#2" [stack: 0x0000000b67900000,0x0000000b67a00000] [id=25804]
  0x0000017ff1c2daf0 ConcurrentGCThread "G1 Refine#3" [stack: 0x0000000b67a00000,0x0000000b67b00000] [id=22128]
  0x0000017ff1c2d510 ConcurrentGCThread "G1 Refine#4" [stack: 0x0000000b67b00000,0x0000000b67c00000] [id=38004]
  0x0000017ff1c2e0d0 ConcurrentGCThread "G1 Refine#5" [stack: 0x0000000b67c00000,0x0000000b67d00000] [id=24148]
  0x0000017ff1c2c080 ConcurrentGCThread "G1 Refine#6" [stack: 0x0000000b67d00000,0x0000000b67e00000] [id=32480]
  0x0000017ff1c2f850 ConcurrentGCThread "G1 Refine#7" [stack: 0x0000000b67e00000,0x0000000b67f00000] [id=26856]
  0x0000017ff1c2f270 ConcurrentGCThread "G1 Refine#8" [stack: 0x0000000b67f00000,0x0000000b68000000] [id=6276]
  0x0000017ff1c2d800 ConcurrentGCThread "G1 Refine#9" [stack: 0x0000000b68000000,0x0000000b68100000] [id=37404]
  0x0000017ff1c2c660 ConcurrentGCThread "G1 Refine#10" [stack: 0x0000000b68200000,0x0000000b68300000] [id=11848]
  0x0000017ff1c2ef80 ConcurrentGCThread "G1 Refine#11" [stack: 0x0000000b68300000,0x0000000b68400000] [id=36664]
  0x0000017ff1c2cc40 ConcurrentGCThread "G1 Refine#12" [stack: 0x0000000b68400000,0x0000000b68500000] [id=16408]
  0x0000017ff1c2ec90 ConcurrentGCThread "G1 Refine#13" [stack: 0x0000000b68500000,0x0000000b68600000] [id=13388]
  0x0000017fa9f4ca30 ConcurrentGCThread "G1 Service" [stack: 0x0000000b64900000,0x0000000b64a00000] [id=36888]

Threads with active compile tasks:

VM state: at safepoint (normal execution)

VM Mutex/Monitor currently owned by a thread:  ([mutex/lock_event])
[0x0000017f92830150] Threads_lock - owner thread: 0x0000017faa08ebb0
[0x0000017f92830a50] Heap_lock - owner thread: 0x0000017f928b18e0

Heap address: 0x0000000704c00000, size: 4020 MB, Compressed Oops mode: Zero based, Oop shift amount: 3

CDS archive(s) mapped at: [0x0000017fab000000-0x0000017fabbd0000-0x0000017fabbd0000), size 12386304, SharedBaseAddress: 0x0000017fab000000, ArchiveRelocationMode: 1.
Compressed class space mapped at: 0x0000017fac000000-0x0000017fec000000, reserved size: 1073741824
Narrow klass base: 0x0000017fab000000, Narrow klass shift: 0, Narrow klass range: 0x100000000

GC Precious Log:
 CPUs: 20 total, 20 available
 Memory: 16072M
 Large Page Support: Disabled
 NUMA Support: Disabled
 Compressed Oops: Enabled (Zero based)
 Heap Region Size: 2M
 Heap Min Capacity: 8M
 Heap Initial Capacity: 252M
 Heap Max Capacity: 4020M
 Pre-touch: Disabled
 Parallel Workers: 15
 Concurrent Workers: 4
 Concurrent Refinement Workers: 15
 Periodic GC: Disabled

Heap:
 garbage-first heap   total 458752K, used 293895K [0x0000000704c00000, 0x0000000800000000)
  region size 2048K, 19 young (38912K), 10 survivors (20480K)
 Metaspace       used 101711K, committed 102336K, reserved 1179648K
  class space    used 13472K, committed 13760K, reserved 1048576K

Heap Regions: E=young(eden), S=young(survivor), O=old, HS=humongous(starts), HC=humongous(continues), CS=collection set, F=free, OA=open archive, CA=closed archive, TAMS=top-at-mark-start (previous, next)
|   0|0x0000000704c00000, 0x0000000704e00000, 0x0000000704e00000|100%| O|  |TAMS 0x0000000704e00000, 0x0000000704c00000| Untracked 
|   1|0x0000000704e00000, 0x0000000705000000, 0x0000000705000000|100%| O|  |TAMS 0x0000000705000000, 0x0000000704e00000| Untracked 
|   2|0x0000000705000000, 0x0000000705200000, 0x0000000705200000|100%| O|  |TAMS 0x0000000705200000, 0x0000000705000000| Updating 
|   3|0x0000000705200000, 0x0000000705400000, 0x0000000705400000|100%| O|  |TAMS 0x0000000705400000, 0x0000000705200000| Updating 
|   4|0x0000000705400000, 0x00000007055dfc00, 0x0000000705600000| 93%| O|  |TAMS 0x00000007055dfc00, 0x0000000705400000| Updating 
|   5|0x0000000705600000, 0x0000000705800000, 0x0000000705800000|100%| O|  |TAMS 0x0000000705800000, 0x0000000705600000| Untracked 
|   6|0x0000000705800000, 0x0000000705a00000, 0x0000000705a00000|100%| O|  |TAMS 0x0000000705a00000, 0x0000000705800000| Untracked 
|   7|0x0000000705a00000, 0x0000000705c00000, 0x0000000705c00000|100%| O|  |TAMS 0x0000000705c00000, 0x0000000705a00000| Untracked 
|   8|0x0000000705c00000, 0x0000000705e00000, 0x0000000705e00000|100%| O|  |TAMS 0x0000000705e00000, 0x0000000705c00000| Untracked 
|   9|0x0000000705e00000, 0x0000000706000000, 0x0000000706000000|100%| O|  |TAMS 0x0000000706000000, 0x0000000705e00000| Untracked 
|  10|0x0000000706000000, 0x0000000706200000, 0x0000000706200000|100%| O|  |TAMS 0x0000000706200000, 0x0000000706000000| Untracked 
|  11|0x0000000706200000, 0x0000000706400000, 0x0000000706400000|100%| O|  |TAMS 0x0000000706400000, 0x0000000706200000| Untracked 
|  12|0x0000000706400000, 0x0000000706600000, 0x0000000706600000|100%| O|  |TAMS 0x0000000706600000, 0x0000000706400000| Untracked 
|  13|0x0000000706600000, 0x0000000706800000, 0x0000000706800000|100%| O|  |TAMS 0x0000000706800000, 0x0000000706600000| Untracked 
|  14|0x0000000706800000, 0x0000000706a00000, 0x0000000706a00000|100%| O|  |TAMS 0x0000000706a00000, 0x0000000706800000| Updating 
|  15|0x0000000706a00000, 0x0000000706c00000, 0x0000000706c00000|100%| O|  |TAMS 0x0000000706c00000, 0x0000000706a00000| Untracked 
|  16|0x0000000706c00000, 0x0000000706e00000, 0x0000000706e00000|100%| O|  |TAMS 0x0000000706e00000, 0x0000000706c00000| Untracked 
|  17|0x0000000706e00000, 0x0000000706f70c00, 0x0000000707000000| 72%| O|  |TAMS 0x0000000706f70c00, 0x0000000706e00000| Updating 
|  18|0x0000000707000000, 0x0000000707200000, 0x0000000707200000|100%| O|  |TAMS 0x0000000707200000, 0x0000000707000000| Untracked 
|  19|0x0000000707200000, 0x0000000707400000, 0x0000000707400000|100%| O|  |TAMS 0x0000000707400000, 0x0000000707200000| Untracked 
|  20|0x0000000707400000, 0x0000000707600000, 0x0000000707600000|100%| O|  |TAMS 0x0000000707600000, 0x0000000707400000| Untracked 
|  21|0x0000000707600000, 0x0000000707800000, 0x0000000707800000|100%| O|  |TAMS 0x0000000707800000, 0x0000000707600000| Updating 
|  22|0x0000000707800000, 0x0000000707a00000, 0x0000000707a00000|100%| O|  |TAMS 0x0000000707a00000, 0x0000000707800000| Updating 
|  23|0x0000000707a00000, 0x0000000707c00000, 0x0000000707c00000|100%| O|  |TAMS 0x0000000707c00000, 0x0000000707a00000| Untracked 
|  24|0x0000000707c00000, 0x0000000707e00000, 0x0000000707e00000|100%| O|  |TAMS 0x0000000707e00000, 0x0000000707c00000| Untracked 
|  25|0x0000000707e00000, 0x0000000708000000, 0x0000000708000000|100%| O|  |TAMS 0x0000000708000000, 0x0000000707e00000| Untracked 
|  26|0x0000000708000000, 0x0000000708200000, 0x0000000708200000|100%| O|  |TAMS 0x0000000708200000, 0x0000000708000000| Untracked 
|  27|0x0000000708200000, 0x0000000708400000, 0x0000000708400000|100%| O|  |TAMS 0x0000000708400000, 0x0000000708200000| Untracked 
|  28|0x0000000708400000, 0x0000000708600000, 0x0000000708600000|100%| O|  |TAMS 0x0000000708600000, 0x0000000708400000| Updating 
|  29|0x0000000708600000, 0x0000000708800000, 0x0000000708800000|100%| O|  |TAMS 0x0000000708800000, 0x0000000708600000| Untracked 
|  30|0x0000000708800000, 0x0000000708a00000, 0x0000000708a00000|100%| O|  |TAMS 0x0000000708a00000, 0x0000000708800000| Untracked 
|  31|0x0000000708a00000, 0x0000000708c00000, 0x0000000708c00000|100%| O|  |TAMS 0x0000000708c00000, 0x0000000708a00000| Untracked 
|  32|0x0000000708c00000, 0x0000000708e00000, 0x0000000708e00000|100%| O|  |TAMS 0x0000000708e00000, 0x0000000708c00000| Untracked 
|  33|0x0000000708e00000, 0x0000000709000000, 0x0000000709000000|100%| O|  |TAMS 0x0000000709000000, 0x0000000708e00000| Untracked 
|  34|0x0000000709000000, 0x0000000709200000, 0x0000000709200000|100%| O|  |TAMS 0x0000000709200000, 0x0000000709000000| Updating 
|  35|0x0000000709200000, 0x0000000709400000, 0x0000000709400000|100%| O|  |TAMS 0x0000000709400000, 0x0000000709200000| Updating 
|  36|0x0000000709400000, 0x0000000709600000, 0x0000000709600000|100%| O|  |TAMS 0x0000000709600000, 0x0000000709400000| Untracked 
|  37|0x0000000709600000, 0x0000000709800000, 0x0000000709800000|100%| O|  |TAMS 0x0000000709800000, 0x0000000709600000| Updating 
|  38|0x0000000709800000, 0x0000000709a00000, 0x0000000709a00000|100%| O|  |TAMS 0x0000000709a00000, 0x0000000709800000| Untracked 
|  39|0x0000000709a00000, 0x0000000709c00000, 0x0000000709c00000|100%| O|  |TAMS 0x0000000709c00000, 0x0000000709a00000| Updating 
|  40|0x0000000709c00000, 0x0000000709e00000, 0x0000000709e00000|100%| O|  |TAMS 0x0000000709e00000, 0x0000000709c00000| Untracked 
|  41|0x0000000709e00000, 0x000000070a000000, 0x000000070a000000|100%| O|  |TAMS 0x000000070a000000, 0x0000000709e00000| Untracked 
|  42|0x000000070a000000, 0x000000070a200000, 0x000000070a200000|100%| O|  |TAMS 0x000000070a200000, 0x000000070a000000| Untracked 
|  43|0x000000070a200000, 0x000000070a400000, 0x000000070a400000|100%| O|  |TAMS 0x000000070a400000, 0x000000070a200000| Untracked 
|  44|0x000000070a400000, 0x000000070a600000, 0x000000070a600000|100%| O|  |TAMS 0x000000070a600000, 0x000000070a400000| Untracked 
|  45|0x000000070a600000, 0x000000070a800000, 0x000000070a800000|100%| O|  |TAMS 0x000000070a800000, 0x000000070a600000| Updating 
|  46|0x000000070a800000, 0x000000070aa00000, 0x000000070aa00000|100%| O|  |TAMS 0x000000070aa00000, 0x000000070a800000| Untracked 
|  47|0x000000070aa00000, 0x000000070ac00000, 0x000000070ac00000|100%| O|  |TAMS 0x000000070ac00000, 0x000000070aa00000| Untracked 
|  48|0x000000070ac00000, 0x000000070ae00000, 0x000000070ae00000|100%| O|  |TAMS 0x000000070ae00000, 0x000000070ac00000| Updating 
|  49|0x000000070ae00000, 0x000000070b000000, 0x000000070b000000|100%| O|  |TAMS 0x000000070b000000, 0x000000070ae00000| Updating 
|  50|0x000000070b000000, 0x000000070b200000, 0x000000070b200000|100%| O|  |TAMS 0x000000070b200000, 0x000000070b000000| Updating 
|  51|0x000000070b200000, 0x000000070b400000, 0x000000070b400000|100%| O|  |TAMS 0x000000070b400000, 0x000000070b200000| Untracked 
|  52|0x000000070b400000, 0x000000070b600000, 0x000000070b600000|100%| O|  |TAMS 0x000000070b600000, 0x000000070b400000| Untracked 
|  53|0x000000070b600000, 0x000000070b800000, 0x000000070b800000|100%| O|  |TAMS 0x000000070b800000, 0x000000070b600000| Untracked 
|  54|0x000000070b800000, 0x000000070ba00000, 0x000000070ba00000|100%| O|  |TAMS 0x000000070ba00000, 0x000000070b800000| Updating 
|  55|0x000000070ba00000, 0x000000070bc00000, 0x000000070bc00000|100%| O|  |TAMS 0x000000070bc00000, 0x000000070ba00000| Untracked 
|  56|0x000000070bc00000, 0x000000070be00000, 0x000000070be00000|100%| O|  |TAMS 0x000000070be00000, 0x000000070bc00000| Untracked 
|  57|0x000000070be00000, 0x000000070c000000, 0x000000070c000000|100%| O|  |TAMS 0x000000070c000000, 0x000000070be00000| Untracked 
|  58|0x000000070c000000, 0x000000070c200000, 0x000000070c200000|100%| O|  |TAMS 0x000000070c200000, 0x000000070c000000| Untracked 
|  59|0x000000070c200000, 0x000000070c400000, 0x000000070c400000|100%| O|  |TAMS 0x000000070c400000, 0x000000070c200000| Untracked 
|  60|0x000000070c400000, 0x000000070c600000, 0x000000070c600000|100%| O|  |TAMS 0x000000070c600000, 0x000000070c400000| Untracked 
|  61|0x000000070c600000, 0x000000070c800000, 0x000000070c800000|100%| O|  |TAMS 0x000000070c800000, 0x000000070c600000| Untracked 
|  62|0x000000070c800000, 0x000000070ca00000, 0x000000070ca00000|100%| O|  |TAMS 0x000000070ca00000, 0x000000070c800000| Untracked 
|  63|0x000000070ca00000, 0x000000070cc00000, 0x000000070cc00000|100%| O|  |TAMS 0x000000070cc00000, 0x000000070ca00000| Untracked 
|  64|0x000000070cc00000, 0x000000070ce00000, 0x000000070ce00000|100%| O|  |TAMS 0x000000070ce00000, 0x000000070cc00000| Untracked 
|  65|0x000000070ce00000, 0x000000070d000000, 0x000000070d000000|100%| O|  |TAMS 0x000000070d000000, 0x000000070ce00000| Untracked 
|  66|0x000000070d000000, 0x000000070d200000, 0x000000070d200000|100%| O|  |TAMS 0x000000070d200000, 0x000000070d000000| Untracked 
|  67|0x000000070d200000, 0x000000070d400000, 0x000000070d400000|100%| O|  |TAMS 0x000000070d400000, 0x000000070d200000| Untracked 
|  68|0x000000070d400000, 0x000000070d600000, 0x000000070d600000|100%| O|  |TAMS 0x000000070d600000, 0x000000070d400000| Untracked 
|  69|0x000000070d600000, 0x000000070d800000, 0x000000070d800000|100%| O|  |TAMS 0x000000070d800000, 0x000000070d600000| Untracked 
|  70|0x000000070d800000, 0x000000070da00000, 0x000000070da00000|100%| O|  |TAMS 0x000000070da00000, 0x000000070d800000| Untracked 
|  71|0x000000070da00000, 0x000000070dc00000, 0x000000070dc00000|100%| O|  |TAMS 0x000000070dc00000, 0x000000070da00000| Untracked 
|  72|0x000000070dc00000, 0x000000070de00000, 0x000000070de00000|100%| O|  |TAMS 0x000000070de00000, 0x000000070dc00000| Untracked 
|  73|0x000000070de00000, 0x000000070e000000, 0x000000070e000000|100%| O|  |TAMS 0x000000070e000000, 0x000000070de00000| Untracked 
|  74|0x000000070e000000, 0x000000070e200000, 0x000000070e200000|100%| O|  |TAMS 0x000000070e200000, 0x000000070e000000| Untracked 
|  75|0x000000070e200000, 0x000000070e400000, 0x000000070e400000|100%| O|  |TAMS 0x000000070e400000, 0x000000070e200000| Untracked 
|  76|0x000000070e400000, 0x000000070e600000, 0x000000070e600000|100%| O|  |TAMS 0x000000070e600000, 0x000000070e400000| Untracked 
|  77|0x000000070e600000, 0x000000070e800000, 0x000000070e800000|100%| O|  |TAMS 0x000000070e800000, 0x000000070e600000| Untracked 
|  78|0x000000070e800000, 0x000000070e800000, 0x000000070ea00000|  0%| F|  |TAMS 0x000000070e800000, 0x000000070e800000| Untracked 
|  79|0x000000070ea00000, 0x000000070ea00000, 0x000000070ec00000|  0%| F|  |TAMS 0x000000070ea00000, 0x000000070ea00000| Untracked 
|  80|0x000000070ec00000, 0x000000070ec00000, 0x000000070ee00000|  0%| F|  |TAMS 0x000000070ec00000, 0x000000070ec00000| Untracked 
|  81|0x000000070ee00000, 0x000000070ee00000, 0x000000070f000000|  0%| F|  |TAMS 0x000000070ee00000, 0x000000070ee00000| Untracked 
|  82|0x000000070f000000, 0x000000070f000000, 0x000000070f200000|  0%| F|  |TAMS 0x000000070f000000, 0x000000070f000000| Untracked 
|  83|0x000000070f200000, 0x000000070f200000, 0x000000070f400000|  0%| F|  |TAMS 0x000000070f200000, 0x000000070f200000| Untracked 
|  84|0x000000070f400000, 0x000000070f400000, 0x000000070f600000|  0%| F|  |TAMS 0x000000070f400000, 0x000000070f400000| Untracked 
|  85|0x000000070f600000, 0x000000070f800000, 0x000000070f800000|100%| O|  |TAMS 0x000000070f600000, 0x000000070f600000| Untracked 
|  86|0x000000070f800000, 0x000000070f800000, 0x000000070fa00000|  0%| F|  |TAMS 0x000000070f800000, 0x000000070f800000| Untracked 
|  87|0x000000070fa00000, 0x000000070fa00000, 0x000000070fc00000|  0%| F|  |TAMS 0x000000070fa00000, 0x000000070fa00000| Untracked 
|  88|0x000000070fc00000, 0x000000070fc00000, 0x000000070fe00000|  0%| F|  |TAMS 0x000000070fc00000, 0x000000070fc00000| Untracked 
|  89|0x000000070fe00000, 0x0000000710000000, 0x0000000710000000|100%| O|  |TAMS 0x000000070fe00000, 0x000000070fe00000| Untracked 
|  90|0x0000000710000000, 0x0000000710200000, 0x0000000710200000|100%| O|  |TAMS 0x0000000710000000, 0x0000000710000000| Untracked 
|  91|0x0000000710200000, 0x0000000710400000, 0x0000000710400000|100%| O|  |TAMS 0x0000000710200000, 0x0000000710200000| Untracked 
|  92|0x0000000710400000, 0x0000000710600000, 0x0000000710600000|100%| O|  |TAMS 0x0000000710400000, 0x0000000710400000| Untracked 
|  93|0x0000000710600000, 0x0000000710600000, 0x0000000710800000|  0%| F|  |TAMS 0x0000000710600000, 0x0000000710600000| Untracked 
|  94|0x0000000710800000, 0x0000000710800000, 0x0000000710a00000|  0%| F|  |TAMS 0x0000000710800000, 0x0000000710800000| Untracked 
|  95|0x0000000710a00000, 0x0000000710c00000, 0x0000000710c00000|100%| O|  |TAMS 0x0000000710a00000, 0x0000000710a00000| Untracked 
|  96|0x0000000710c00000, 0x0000000710e00000, 0x0000000710e00000|100%| O|  |TAMS 0x0000000710c00000, 0x0000000710c00000| Untracked 
|  97|0x0000000710e00000, 0x0000000710e00000, 0x0000000711000000|  0%| F|  |TAMS 0x0000000710e00000, 0x0000000710e00000| Untracked 
|  98|0x0000000711000000, 0x0000000711000000, 0x0000000711200000|  0%| F|  |TAMS 0x0000000711000000, 0x0000000711000000| Untracked 
|  99|0x0000000711200000, 0x0000000711200000, 0x0000000711400000|  0%| F|  |TAMS 0x0000000711200000, 0x0000000711200000| Untracked 
| 100|0x0000000711400000, 0x0000000711600000, 0x0000000711600000|100%| O|  |TAMS 0x0000000711400000, 0x0000000711400000| Untracked 
| 101|0x0000000711600000, 0x0000000711800000, 0x0000000711800000|100%| O|  |TAMS 0x0000000711600000, 0x0000000711600000| Untracked 
| 102|0x0000000711800000, 0x0000000711a00000, 0x0000000711a00000|100%| O|  |TAMS 0x0000000711800000, 0x0000000711800000| Untracked 
| 103|0x0000000711a00000, 0x0000000711c00000, 0x0000000711c00000|100%| O|  |TAMS 0x0000000711a00000, 0x0000000711a00000| Untracked 
| 104|0x0000000711c00000, 0x0000000711e00000, 0x0000000711e00000|100%| O|  |TAMS 0x0000000711c00000, 0x0000000711c00000| Untracked 
| 105|0x0000000711e00000, 0x0000000712000000, 0x0000000712000000|100%| O|  |TAMS 0x0000000711e00000, 0x0000000711e00000| Untracked 
| 106|0x0000000712000000, 0x0000000712200000, 0x0000000712200000|100%| O|  |TAMS 0x0000000712000000, 0x0000000712000000| Untracked 
| 107|0x0000000712200000, 0x0000000712400000, 0x0000000712400000|100%| O|  |TAMS 0x0000000712200000, 0x0000000712200000| Untracked 
| 108|0x0000000712400000, 0x0000000712600000, 0x0000000712600000|100%| O|  |TAMS 0x0000000712400000, 0x0000000712400000| Untracked 
| 109|0x0000000712600000, 0x0000000712800000, 0x0000000712800000|100%| O|  |TAMS 0x0000000712600000, 0x0000000712600000| Untracked 
| 110|0x0000000712800000, 0x0000000712a00000, 0x0000000712a00000|100%| O|  |TAMS 0x0000000712800000, 0x0000000712800000| Untracked 
| 111|0x0000000712a00000, 0x0000000712c00000, 0x0000000712c00000|100%| O|  |TAMS 0x0000000712a00000, 0x0000000712a00000| Untracked 
| 112|0x0000000712c00000, 0x0000000712e00000, 0x0000000712e00000|100%| O|  |TAMS 0x0000000712c00000, 0x0000000712c00000| Untracked 
| 113|0x0000000712e00000, 0x0000000713000000, 0x0000000713000000|100%| O|  |TAMS 0x0000000712e00000, 0x0000000712e00000| Untracked 
| 114|0x0000000713000000, 0x0000000713200000, 0x0000000713200000|100%| O|  |TAMS 0x0000000713000000, 0x0000000713000000| Untracked 
| 115|0x0000000713200000, 0x0000000713400000, 0x0000000713400000|100%| O|  |TAMS 0x0000000713200000, 0x0000000713200000| Untracked 
| 116|0x0000000713400000, 0x0000000713600000, 0x0000000713600000|100%| O|  |TAMS 0x0000000713400000, 0x0000000713400000| Untracked 
| 117|0x0000000713600000, 0x0000000713800000, 0x0000000713800000|100%| O|  |TAMS 0x0000000713600000, 0x0000000713600000| Untracked 
| 118|0x0000000713800000, 0x0000000713a00000, 0x0000000713a00000|100%| O|  |TAMS 0x0000000713800000, 0x0000000713800000| Untracked 
| 119|0x0000000713a00000, 0x0000000713c00000, 0x0000000713c00000|100%| O|  |TAMS 0x0000000713a00000, 0x0000000713a00000| Untracked 
| 120|0x0000000713c00000, 0x0000000713e00000, 0x0000000713e00000|100%| O|  |TAMS 0x0000000713c00000, 0x0000000713c00000| Untracked 
| 121|0x0000000713e00000, 0x0000000714000000, 0x0000000714000000|100%| O|  |TAMS 0x0000000713e00000, 0x0000000713e00000| Untracked 
| 122|0x0000000714000000, 0x0000000714200000, 0x0000000714200000|100%| O|  |TAMS 0x0000000714000000, 0x0000000714000000| Untracked 
| 123|0x0000000714200000, 0x0000000714400000, 0x0000000714400000|100%| O|  |TAMS 0x0000000714200000, 0x0000000714200000| Untracked 
| 124|0x0000000714400000, 0x0000000714600000, 0x0000000714600000|100%| O|  |TAMS 0x0000000714400000, 0x0000000714400000| Untracked 
| 125|0x0000000714600000, 0x0000000714800000, 0x0000000714800000|100%| O|  |TAMS 0x0000000714600000, 0x0000000714600000| Untracked 
| 126|0x0000000714800000, 0x0000000714a00000, 0x0000000714a00000|100%| O|  |TAMS 0x0000000714800000, 0x0000000714800000| Untracked 
| 127|0x0000000714a00000, 0x0000000714bb1400, 0x0000000714c00000| 84%| O|  |TAMS 0x0000000714a00000, 0x0000000714a00000| Updating 
| 128|0x0000000714c00000, 0x0000000714c00000, 0x0000000714e00000|  0%| F|  |TAMS 0x0000000714c00000, 0x0000000714c00000| Untracked 
| 129|0x0000000714e00000, 0x0000000714e00000, 0x0000000715000000|  0%| F|  |TAMS 0x0000000714e00000, 0x0000000714e00000| Untracked 
| 130|0x0000000715000000, 0x0000000715000000, 0x0000000715200000|  0%| F|  |TAMS 0x0000000715000000, 0x0000000715000000| Untracked 
| 131|0x0000000715200000, 0x0000000715200000, 0x0000000715400000|  0%| F|  |TAMS 0x0000000715200000, 0x0000000715200000| Untracked 
| 132|0x0000000715400000, 0x0000000715400000, 0x0000000715600000|  0%| F|  |TAMS 0x0000000715400000, 0x0000000715400000| Untracked 
| 133|0x0000000715600000, 0x0000000715600000, 0x0000000715800000|  0%| F|  |TAMS 0x0000000715600000, 0x0000000715600000| Untracked 
| 134|0x0000000715800000, 0x0000000715800000, 0x0000000715a00000|  0%| F|  |TAMS 0x0000000715800000, 0x0000000715800000| Untracked 
| 135|0x0000000715a00000, 0x0000000715a00000, 0x0000000715c00000|  0%| F|  |TAMS 0x0000000715a00000, 0x0000000715a00000| Untracked 
| 136|0x0000000715c00000, 0x0000000715c00000, 0x0000000715e00000|  0%| F|  |TAMS 0x0000000715c00000, 0x0000000715c00000| Untracked 
| 137|0x0000000715e00000, 0x0000000715e00000, 0x0000000716000000|  0%| F|  |TAMS 0x0000000715e00000, 0x0000000715e00000| Untracked 
| 138|0x0000000716000000, 0x0000000716000000, 0x0000000716200000|  0%| F|  |TAMS 0x0000000716000000, 0x0000000716000000| Untracked 
| 139|0x0000000716200000, 0x0000000716200000, 0x0000000716400000|  0%| F|  |TAMS 0x0000000716200000, 0x0000000716200000| Untracked 
| 140|0x0000000716400000, 0x0000000716400000, 0x0000000716600000|  0%| F|  |TAMS 0x0000000716400000, 0x0000000716400000| Untracked 
| 141|0x0000000716600000, 0x0000000716800000, 0x0000000716800000|100%| S|CS|TAMS 0x0000000716600000, 0x0000000716600000| Complete 
| 142|0x0000000716800000, 0x0000000716a00000, 0x0000000716a00000|100%| S|CS|TAMS 0x0000000716800000, 0x0000000716800000| Complete 
| 143|0x0000000716a00000, 0x0000000716c00000, 0x0000000716c00000|100%| S|CS|TAMS 0x0000000716a00000, 0x0000000716a00000| Complete 
| 144|0x0000000716c00000, 0x0000000716e00000, 0x0000000716e00000|100%| S|CS|TAMS 0x0000000716c00000, 0x0000000716c00000| Complete 
| 145|0x0000000716e00000, 0x0000000717000000, 0x0000000717000000|100%| S|CS|TAMS 0x0000000716e00000, 0x0000000716e00000| Complete 
| 146|0x0000000717000000, 0x0000000717200000, 0x0000000717200000|100%| S|CS|TAMS 0x0000000717000000, 0x0000000717000000| Complete 
| 147|0x0000000717200000, 0x0000000717400000, 0x0000000717400000|100%| S|CS|TAMS 0x0000000717200000, 0x0000000717200000| Complete 
| 148|0x0000000717400000, 0x0000000717600000, 0x0000000717600000|100%| S|CS|TAMS 0x0000000717400000, 0x0000000717400000| Complete 
| 149|0x0000000717600000, 0x0000000717800000, 0x0000000717800000|100%| S|CS|TAMS 0x0000000717600000, 0x0000000717600000| Complete 
| 150|0x0000000717800000, 0x0000000717a00000, 0x0000000717a00000|100%| S|CS|TAMS 0x0000000717800000, 0x0000000717800000| Complete 
| 151|0x0000000717a00000, 0x0000000717a00000, 0x0000000717c00000|  0%| F|  |TAMS 0x0000000717a00000, 0x0000000717a00000| Untracked 
| 152|0x0000000717c00000, 0x0000000717c00000, 0x0000000717e00000|  0%| F|  |TAMS 0x0000000717c00000, 0x0000000717c00000| Untracked 
| 153|0x0000000717e00000, 0x0000000717e00000, 0x0000000718000000|  0%| F|  |TAMS 0x0000000717e00000, 0x0000000717e00000| Untracked 
| 154|0x0000000718000000, 0x0000000718000000, 0x0000000718200000|  0%| F|  |TAMS 0x0000000718000000, 0x0000000718000000| Untracked 
| 155|0x0000000718200000, 0x0000000718200000, 0x0000000718400000|  0%| F|  |TAMS 0x0000000718200000, 0x0000000718200000| Untracked 
| 156|0x0000000718400000, 0x0000000718400000, 0x0000000718600000|  0%| F|  |TAMS 0x0000000718400000, 0x0000000718400000| Untracked 
| 157|0x0000000718600000, 0x0000000718600000, 0x0000000718800000|  0%| F|  |TAMS 0x0000000718600000, 0x0000000718600000| Untracked 
| 158|0x0000000718800000, 0x0000000718800000, 0x0000000718a00000|  0%| F|  |TAMS 0x0000000718800000, 0x0000000718800000| Untracked 
| 159|0x0000000718a00000, 0x0000000718a00000, 0x0000000718c00000|  0%| F|  |TAMS 0x0000000718a00000, 0x0000000718a00000| Untracked 
| 160|0x0000000718c00000, 0x0000000718c00000, 0x0000000718e00000|  0%| F|  |TAMS 0x0000000718c00000, 0x0000000718c00000| Untracked 
| 161|0x0000000718e00000, 0x0000000718e00000, 0x0000000719000000|  0%| F|  |TAMS 0x0000000718e00000, 0x0000000718e00000| Untracked 
| 162|0x0000000719000000, 0x0000000719000000, 0x0000000719200000|  0%| F|  |TAMS 0x0000000719000000, 0x0000000719000000| Untracked 
| 163|0x0000000719200000, 0x0000000719200000, 0x0000000719400000|  0%| F|  |TAMS 0x0000000719200000, 0x0000000719200000| Untracked 
| 164|0x0000000719400000, 0x0000000719400000, 0x0000000719600000|  0%| F|  |TAMS 0x0000000719400000, 0x0000000719400000| Untracked 
| 165|0x0000000719600000, 0x0000000719600000, 0x0000000719800000|  0%| F|  |TAMS 0x0000000719600000, 0x0000000719600000| Untracked 
| 166|0x0000000719800000, 0x0000000719800000, 0x0000000719a00000|  0%| F|  |TAMS 0x0000000719800000, 0x0000000719800000| Untracked 
| 167|0x0000000719a00000, 0x0000000719a00000, 0x0000000719c00000|  0%| F|  |TAMS 0x0000000719a00000, 0x0000000719a00000| Untracked 
| 168|0x0000000719c00000, 0x0000000719c00000, 0x0000000719e00000|  0%| F|  |TAMS 0x0000000719c00000, 0x0000000719c00000| Untracked 
| 169|0x0000000719e00000, 0x0000000719e00000, 0x000000071a000000|  0%| F|  |TAMS 0x0000000719e00000, 0x0000000719e00000| Untracked 
| 170|0x000000071a000000, 0x000000071a000000, 0x000000071a200000|  0%| F|  |TAMS 0x000000071a000000, 0x000000071a000000| Untracked 
| 171|0x000000071a200000, 0x000000071a200000, 0x000000071a400000|  0%| F|  |TAMS 0x000000071a200000, 0x000000071a200000| Untracked 
| 172|0x000000071a400000, 0x000000071a400000, 0x000000071a600000|  0%| F|  |TAMS 0x000000071a400000, 0x000000071a400000| Untracked 
| 173|0x000000071a600000, 0x000000071a600000, 0x000000071a800000|  0%| F|  |TAMS 0x000000071a600000, 0x000000071a600000| Untracked 
| 174|0x000000071a800000, 0x000000071a800000, 0x000000071aa00000|  0%| F|  |TAMS 0x000000071a800000, 0x000000071a800000| Untracked 
| 175|0x000000071aa00000, 0x000000071aa00000, 0x000000071ac00000|  0%| F|  |TAMS 0x000000071aa00000, 0x000000071aa00000| Untracked 
| 176|0x000000071ac00000, 0x000000071ac00000, 0x000000071ae00000|  0%| F|  |TAMS 0x000000071ac00000, 0x000000071ac00000| Untracked 
| 177|0x000000071ae00000, 0x000000071ae00000, 0x000000071b000000|  0%| F|  |TAMS 0x000000071ae00000, 0x000000071ae00000| Untracked 
| 178|0x000000071b000000, 0x000000071b000000, 0x000000071b200000|  0%| F|  |TAMS 0x000000071b000000, 0x000000071b000000| Untracked 
| 179|0x000000071b200000, 0x000000071b200000, 0x000000071b400000|  0%| F|  |TAMS 0x000000071b200000, 0x000000071b200000| Untracked 
| 180|0x000000071b400000, 0x000000071b400000, 0x000000071b600000|  0%| F|  |TAMS 0x000000071b400000, 0x000000071b400000| Untracked 
| 181|0x000000071b600000, 0x000000071b600000, 0x000000071b800000|  0%| F|  |TAMS 0x000000071b600000, 0x000000071b600000| Untracked 
| 182|0x000000071b800000, 0x000000071b800000, 0x000000071ba00000|  0%| F|  |TAMS 0x000000071b800000, 0x000000071b800000| Untracked 
| 183|0x000000071ba00000, 0x000000071ba00000, 0x000000071bc00000|  0%| F|  |TAMS 0x000000071ba00000, 0x000000071ba00000| Untracked 
| 184|0x000000071bc00000, 0x000000071bc00000, 0x000000071be00000|  0%| F|  |TAMS 0x000000071bc00000, 0x000000071bc00000| Untracked 
| 185|0x000000071be00000, 0x000000071be00000, 0x000000071c000000|  0%| F|  |TAMS 0x000000071be00000, 0x000000071be00000| Untracked 
| 186|0x000000071c000000, 0x000000071c000000, 0x000000071c200000|  0%| F|  |TAMS 0x000000071c000000, 0x000000071c000000| Untracked 
| 187|0x000000071c200000, 0x000000071c200000, 0x000000071c400000|  0%| F|  |TAMS 0x000000071c200000, 0x000000071c200000| Untracked 
| 188|0x000000071c400000, 0x000000071c400000, 0x000000071c600000|  0%| F|  |TAMS 0x000000071c400000, 0x000000071c400000| Untracked 
| 189|0x000000071c600000, 0x000000071c600000, 0x000000071c800000|  0%| F|  |TAMS 0x000000071c600000, 0x000000071c600000| Untracked 
| 190|0x000000071c800000, 0x000000071c800000, 0x000000071ca00000|  0%| F|  |TAMS 0x000000071c800000, 0x000000071c800000| Untracked 
| 191|0x000000071ca00000, 0x000000071ca00000, 0x000000071cc00000|  0%| F|  |TAMS 0x000000071ca00000, 0x000000071ca00000| Untracked 
| 192|0x000000071cc00000, 0x000000071cc00000, 0x000000071ce00000|  0%| F|  |TAMS 0x000000071cc00000, 0x000000071cc00000| Untracked 
| 193|0x000000071ce00000, 0x000000071ce00000, 0x000000071d000000|  0%| F|  |TAMS 0x000000071ce00000, 0x000000071ce00000| Untracked 
| 194|0x000000071d000000, 0x000000071d000000, 0x000000071d200000|  0%| F|  |TAMS 0x000000071d000000, 0x000000071d000000| Untracked 
| 195|0x000000071d200000, 0x000000071d200000, 0x000000071d400000|  0%| F|  |TAMS 0x000000071d200000, 0x000000071d200000| Untracked 
| 196|0x000000071d400000, 0x000000071d400000, 0x000000071d600000|  0%| F|  |TAMS 0x000000071d400000, 0x000000071d400000| Untracked 
| 197|0x000000071d600000, 0x000000071d600000, 0x000000071d800000|  0%| F|  |TAMS 0x000000071d600000, 0x000000071d600000| Untracked 
| 198|0x000000071d800000, 0x000000071d800000, 0x000000071da00000|  0%| F|  |TAMS 0x000000071d800000, 0x000000071d800000| Untracked 
| 199|0x000000071da00000, 0x000000071da00000, 0x000000071dc00000|  0%| F|  |TAMS 0x000000071da00000, 0x000000071da00000| Untracked 
| 200|0x000000071dc00000, 0x000000071dc00000, 0x000000071de00000|  0%| F|  |TAMS 0x000000071dc00000, 0x000000071dc00000| Untracked 
| 201|0x000000071de00000, 0x000000071df00800, 0x000000071e000000| 50%| E|  |TAMS 0x000000071de00000, 0x000000071de00000| Complete 
| 202|0x000000071e000000, 0x000000071e200000, 0x000000071e200000|100%| E|CS|TAMS 0x000000071e000000, 0x000000071e000000| Complete 
| 203|0x000000071e200000, 0x000000071e400000, 0x000000071e400000|100%| E|CS|TAMS 0x000000071e200000, 0x000000071e200000| Complete 
| 204|0x000000071e400000, 0x000000071e600000, 0x000000071e600000|100%| E|CS|TAMS 0x000000071e400000, 0x000000071e400000| Complete 
| 205|0x000000071e600000, 0x000000071e800000, 0x000000071e800000|100%| E|CS|TAMS 0x000000071e600000, 0x000000071e600000| Complete 
| 206|0x000000071e800000, 0x000000071ea00000, 0x000000071ea00000|100%| E|CS|TAMS 0x000000071e800000, 0x000000071e800000| Complete 
| 207|0x000000071ea00000, 0x000000071ea00000, 0x000000071ec00000|  0%| F|  |TAMS 0x000000071ea00000, 0x000000071ea00000| Untracked 
| 208|0x000000071ec00000, 0x000000071ee00000, 0x000000071ee00000|100%| E|CS|TAMS 0x000000071ec00000, 0x000000071ec00000| Complete 
| 209|0x000000071ee00000, 0x000000071f000000, 0x000000071f000000|100%| E|CS|TAMS 0x000000071ee00000, 0x000000071ee00000| Complete 
| 210|0x000000071f000000, 0x000000071f200000, 0x000000071f200000|100%| E|CS|TAMS 0x000000071f000000, 0x000000071f000000| Complete 
|1997|0x00000007fe600000, 0x00000007fe800000, 0x00000007fe800000|100%| O|  |TAMS 0x00000007fe800000, 0x00000007fe600000| Updating 
|1998|0x00000007fe800000, 0x00000007fea00000, 0x00000007fea00000|100%| O|  |TAMS 0x00000007fea00000, 0x00000007fe800000| Untracked 
|1999|0x00000007fea00000, 0x00000007fec00000, 0x00000007fec00000|100%| O|  |TAMS 0x00000007fec00000, 0x00000007fea00000| Untracked 
|2000|0x00000007fec00000, 0x00000007fee00000, 0x00000007fee00000|100%| O|  |TAMS 0x00000007fee00000, 0x00000007fec00000| Untracked 
|2001|0x00000007fee00000, 0x00000007ff000000, 0x00000007ff000000|100%| O|  |TAMS 0x00000007ff000000, 0x00000007fee00000| Untracked 
|2002|0x00000007ff000000, 0x00000007ff200000, 0x00000007ff200000|100%| O|  |TAMS 0x00000007ff200000, 0x00000007ff000000| Untracked 
|2003|0x00000007ff200000, 0x00000007ff400000, 0x00000007ff400000|100%| O|  |TAMS 0x00000007ff400000, 0x00000007ff200000| Untracked 
|2004|0x00000007ff400000, 0x00000007ff600000, 0x00000007ff600000|100%| O|  |TAMS 0x00000007ff600000, 0x00000007ff400000| Untracked 
|2005|0x00000007ff600000, 0x00000007ff800000, 0x00000007ff800000|100%| O|  |TAMS 0x00000007ff800000, 0x00000007ff600000| Untracked 
|2006|0x00000007ff800000, 0x00000007ffa00000, 0x00000007ffa00000|100%| O|  |TAMS 0x00000007ffa00000, 0x00000007ff800000| Untracked 
|2007|0x00000007ffa00000, 0x00000007ffc00000, 0x00000007ffc00000|100%| O|  |TAMS 0x00000007ffc00000, 0x00000007ffa00000| Untracked 
|2008|0x00000007ffc00000, 0x00000007ffe00000, 0x00000007ffe00000|100%| O|  |TAMS 0x00000007ffe00000, 0x00000007ffc00000| Untracked 
|2009|0x00000007ffe00000, 0x0000000800000000, 0x0000000800000000|100%| O|  |TAMS 0x0000000800000000, 0x00000007ffe00000| Untracked 

Card table byte_map: [0x0000017f9e150000,0x0000017f9e930000] _byte_map_base: 0x0000017f9a92a000

Marking Bits (Prev, Next): (CMBitMap*) 0x0000017f928a0cd0, (CMBitMap*) 0x0000017f928a0d10
 Prev Bits: [0x0000017f9f110000, 0x0000017fa2fe0000)
 Next Bits: [0x0000017fa2fe0000, 0x0000017fa6eb0000)

Polling page: 0x0000017f906f0000

Metaspace:

Usage:
  Non-class:     86.17 MB used.
      Class:     13.16 MB used.
       Both:     99.33 MB used.

Virtual space:
  Non-class space:      128.00 MB reserved,      86.50 MB ( 68%) committed,  2 nodes.
      Class space:        1.00 GB reserved,      13.44 MB (  1%) committed,  1 nodes.
             Both:        1.12 GB reserved,      99.94 MB (  9%) committed. 

Chunk freelists:
   Non-Class:  9.00 MB
       Class:  2.52 MB
        Both:  11.52 MB

MaxMetaspaceSize: unlimited
CompressedClassSpaceSize: 1.00 GB
Initial GC threshold: 21.00 MB
Current GC threshold: 131.88 MB
CDS: on
MetaspaceReclaimPolicy: balanced
 - commit_granule_bytes: 65536.
 - commit_granule_words: 8192.
 - virtual_space_node_default_size: 8388608.
 - enlarge_chunks_in_place: 1.
 - new_chunks_are_fully_committed: 0.
 - uncommit_free_chunks: 1.
 - use_allocation_guard: 0.
 - handle_deallocations: 1.


Internal statistics:

num_allocs_failed_limit: 9.
num_arena_births: 950.
num_arena_deaths: 0.
num_vsnodes_births: 3.
num_vsnodes_deaths: 0.
num_space_committed: 1599.
num_space_uncommitted: 0.
num_chunks_returned_to_freelist: 9.
num_chunks_taken_from_freelist: 4497.
num_chunk_merges: 9.
num_chunk_splits: 3540.
num_chunks_enlarged: 2985.
num_inconsistent_stats: 0.

CodeCache: size=49152Kb used=21357Kb max_used=21357Kb free=27794Kb
 bounds [0x0000017f9a0e0000, 0x0000017f9b5c0000, 0x0000017f9d0e0000]
 total_blobs=11670 nmethods=10893 adapters=698
 compilation: enabled
              stopped_count=0, restarted_count=0
 full_count=0

Compilation events (20 events):
Event: 10.570 Thread 0x0000017ff1d44090 10887       1       org.hibernate.metamodel.internal.PluralAttributeMetadataImpl$1::getValueClassification (8 bytes)
Event: 10.570 Thread 0x0000017faa2bbd00 10888       1       org.hibernate.metamodel.internal.PluralAttributeMetadataImpl::toValueClassification (52 bytes)
Event: 10.570 Thread 0x0000017faa0833d0 nmethod 10885 0x0000017f9b5b3f10 code [0x0000017f9b5b40a0, 0x0000017f9b5b4298]
Event: 10.570 Thread 0x0000017ff1d44090 nmethod 10887 0x0000017f9b5b4310 code [0x0000017f9b5b44a0, 0x0000017f9b5b4588]
Event: 10.570 Thread 0x0000017faa0833d0 10889       1       org.hibernate.metamodel.internal.PluralAttributeMetadataImpl$1::getHibernateValue (14 bytes)
Event: 10.570 Thread 0x0000017ff1d44090 10890       1       org.hibernate.metamodel.model.domain.internal.PluralAttributeBuilder::determineListIndexOrMapKeyType (61 bytes)
Event: 10.570 Thread 0x0000017faa0833d0 nmethod 10889 0x0000017f9b5b4a10 code [0x0000017f9b5b4ba0, 0x0000017f9b5b4cb8]
Event: 10.570 Thread 0x0000017faa2bbd00 nmethod 10888 0x0000017f9b5b4610 code [0x0000017f9b5b47c0, 0x0000017f9b5b4918]
Event: 10.570 Thread 0x0000017faa0833d0 10891       1       org.hibernate.metamodel.model.domain.internal.PluralAttributeBuilder::<init> (56 bytes)
Event: 10.570 Thread 0x0000017faa2bbd00 10892       1       org.hibernate.metamodel.model.domain.internal.ListAttributeImpl::<init> (21 bytes)
Event: 10.570 Thread 0x0000017faa2ba3b0 nmethod 10884 0x0000017f9b5b4d90 code [0x0000017f9b5b5040, 0x0000017f9b5b5898]
Event: 10.570 Thread 0x0000017faa2ba3b0 10893       1       org.hibernate.metamodel.model.domain.internal.AbstractPluralAttribute::<init> (64 bytes)
Event: 10.570 Thread 0x0000017ff1d44090 nmethod 10890 0x0000017f9b5b5d10 code [0x0000017f9b5b5f20, 0x0000017f9b5b62e8]
Event: 10.570 Thread 0x0000017ff1d44090 10894       1       org.hibernate.query.sqm.internal.SqmMappingModelHelper::resolveSqmKeyPathSource (13 bytes)
Event: 10.570 Thread 0x0000017faa1c6ce0 nmethod 10881 0x0000017f9b5b6590 code [0x0000017f9b5b6840, 0x0000017f9b5b7888]
Event: 10.570 Thread 0x0000017faa0833d0 nmethod 10891 0x0000017f9b5b7e90 code [0x0000017f9b5b8040, 0x0000017f9b5b8438]
Event: 10.571 Thread 0x0000017faa2bbd00 nmethod 10892 0x0000017f9b5b8490 code [0x0000017f9b5b8660, 0x0000017f9b5b8878]
Event: 10.571 Thread 0x0000017faa2ba3b0 nmethod 10893 0x0000017f9b5b8a10 code [0x0000017f9b5b8be0, 0x0000017f9b5b8ed8]
Event: 10.571 Thread 0x0000017ff1d44090 nmethod 10894 0x0000017f9b5b9090 code [0x0000017f9b5b9240, 0x0000017f9b5b9388]
Event: 10.571 Thread 0x0000017ff7617830 nmethod 10886 0x0000017f9b5b9490 code [0x0000017f9b5b98a0, 0x0000017f9b5bab08]

GC Heap History (20 events):
Event: 7.022 GC heap before
{Heap before GC invocations=30 (full 0):
 garbage-first heap   total 430080K, used 355400K [0x0000000704c00000, 0x0000000800000000)
  region size 2048K, 115 young (235520K), 1 survivors (2048K)
 Metaspace       used 84163K, committed 84800K, reserved 1179648K
  class space    used 11002K, committed 11264K, reserved 1048576K
}
Event: 7.025 GC heap after
{Heap after GC invocations=31 (full 0):
 garbage-first heap   total 430080K, used 124600K [0x0000000704c00000, 0x0000000800000000)
  region size 2048K, 2 young (4096K), 2 survivors (4096K)
 Metaspace       used 84163K, committed 84800K, reserved 1179648K
  class space    used 11002K, committed 11264K, reserved 1048576K
}
Event: 7.416 GC heap before
{Heap before GC invocations=31 (full 0):
 garbage-first heap   total 430080K, used 360120K [0x0000000704c00000, 0x0000000800000000)
  region size 2048K, 117 young (239616K), 2 survivors (4096K)
 Metaspace       used 86140K, committed 86784K, reserved 1179648K
  class space    used 11275K, committed 11584K, reserved 1048576K
}
Event: 7.419 GC heap after
{Heap after GC invocations=32 (full 0):
 garbage-first heap   total 430080K, used 127878K [0x0000000704c00000, 0x0000000800000000)
  region size 2048K, 4 young (8192K), 4 survivors (8192K)
 Metaspace       used 86140K, committed 86784K, reserved 1179648K
  class space    used 11275K, committed 11584K, reserved 1048576K
}
Event: 7.813 GC heap before
{Heap before GC invocations=32 (full 0):
 garbage-first heap   total 430080K, used 363398K [0x0000000704c00000, 0x0000000800000000)
  region size 2048K, 119 young (243712K), 4 survivors (8192K)
 Metaspace       used 88142K, committed 88768K, reserved 1179648K
  class space    used 11558K, committed 11840K, reserved 1048576K
}
Event: 7.816 GC heap after
{Heap after GC invocations=33 (full 0):
 garbage-first heap   total 430080K, used 131038K [0x0000000704c00000, 0x0000000800000000)
  region size 2048K, 5 young (10240K), 5 survivors (10240K)
 Metaspace       used 88142K, committed 88768K, reserved 1179648K
  class space    used 11558K, committed 11840K, reserved 1048576K
}
Event: 8.197 GC heap before
{Heap before GC invocations=33 (full 0):
 garbage-first heap   total 430080K, used 366558K [0x0000000704c00000, 0x0000000800000000)
  region size 2048K, 120 young (245760K), 5 survivors (10240K)
 Metaspace       used 90111K, committed 90688K, reserved 1179648K
  class space    used 11834K, committed 12096K, reserved 1048576K
}
Event: 8.201 GC heap after
{Heap after GC invocations=34 (full 0):
 garbage-first heap   total 430080K, used 133913K [0x0000000704c00000, 0x0000000800000000)
  region size 2048K, 7 young (14336K), 7 survivors (14336K)
 Metaspace       used 90111K, committed 90688K, reserved 1179648K
  class space    used 11834K, committed 12096K, reserved 1048576K
}
Event: 8.581 GC heap before
{Heap before GC invocations=34 (full 0):
 garbage-first heap   total 430080K, used 369433K [0x0000000704c00000, 0x0000000800000000)
  region size 2048K, 122 young (249856K), 7 survivors (14336K)
 Metaspace       used 92075K, committed 92736K, reserved 1179648K
  class space    used 12107K, committed 12416K, reserved 1048576K
}
Event: 8.585 GC heap after
{Heap after GC invocations=35 (full 0):
 garbage-first heap   total 430080K, used 137015K [0x0000000704c00000, 0x0000000800000000)
  region size 2048K, 8 young (16384K), 8 survivors (16384K)
 Metaspace       used 92075K, committed 92736K, reserved 1179648K
  class space    used 12107K, committed 12416K, reserved 1048576K
}
Event: 8.969 GC heap before
{Heap before GC invocations=35 (full 0):
 garbage-first heap   total 430080K, used 368439K [0x0000000704c00000, 0x0000000800000000)
  region size 2048K, 121 young (247808K), 8 survivors (16384K)
 Metaspace       used 93980K, committed 94656K, reserved 1179648K
  class space    used 12370K, committed 12672K, reserved 1048576K
}
Event: 8.972 GC heap after
{Heap after GC invocations=36 (full 0):
 garbage-first heap   total 430080K, used 139853K [0x0000000704c00000, 0x0000000800000000)
  region size 2048K, 10 young (20480K), 10 survivors (20480K)
 Metaspace       used 93980K, committed 94656K, reserved 1179648K
  class space    used 12370K, committed 12672K, reserved 1048576K
}
Event: 9.333 GC heap before
{Heap before GC invocations=36 (full 0):
 garbage-first heap   total 430080K, used 363085K [0x0000000704c00000, 0x0000000800000000)
  region size 2048K, 119 young (243712K), 10 survivors (20480K)
 Metaspace       used 95833K, committed 96448K, reserved 1179648K
  class space    used 12629K, committed 12928K, reserved 1048576K
}
Event: 9.338 GC heap after
{Heap after GC invocations=37 (full 0):
 garbage-first heap   total 430080K, used 143229K [0x0000000704c00000, 0x0000000800000000)
  region size 2048K, 10 young (20480K), 10 survivors (20480K)
 Metaspace       used 95833K, committed 96448K, reserved 1179648K
  class space    used 12629K, committed 12928K, reserved 1048576K
}
Event: 9.680 GC heap before
{Heap before GC invocations=37 (full 0):
 garbage-first heap   total 430080K, used 362365K [0x0000000704c00000, 0x0000000800000000)
  region size 2048K, 117 young (239616K), 10 survivors (20480K)
 Metaspace       used 97621K, committed 98240K, reserved 1179648K
  class space    used 12880K, committed 13184K, reserved 1048576K
}
Event: 9.686 GC heap after
{Heap after GC invocations=38 (full 0):
 garbage-first heap   total 430080K, used 146226K [0x0000000704c00000, 0x0000000800000000)
  region size 2048K, 9 young (18432K), 9 survivors (18432K)
 Metaspace       used 97621K, committed 98240K, reserved 1179648K
  class space    used 12880K, committed 13184K, reserved 1048576K
}
Event: 10.309 GC heap before
{Heap before GC invocations=38 (full 0):
 garbage-first heap   total 430080K, used 367410K [0x0000000704c00000, 0x0000000800000000)
  region size 2048K, 117 young (239616K), 9 survivors (18432K)
 Metaspace       used 101116K, committed 101760K, reserved 1179648K
  class space    used 13380K, committed 13696K, reserved 1048576K
}
Event: 10.332 GC heap after
{Heap after GC invocations=39 (full 0):
 garbage-first heap   total 456704K, used 216386K [0x0000000704c00000, 0x0000000800000000)
  region size 2048K, 15 young (30720K), 15 survivors (30720K)
 Metaspace       used 101116K, committed 101760K, reserved 1179648K
  class space    used 13380K, committed 13696K, reserved 1048576K
}
Event: 10.612 GC heap before
{Heap before GC invocations=39 (full 0):
 garbage-first heap   total 456704K, used 337218K [0x0000000704c00000, 0x0000000800000000)
  region size 2048K, 74 young (151552K), 15 survivors (30720K)
 Metaspace       used 101711K, committed 102336K, reserved 1179648K
  class space    used 13472K, committed 13760K, reserved 1048576K
}
Event: 10.633 GC heap after
{Heap after GC invocations=40 (full 0):
 garbage-first heap   total 456704K, used 277511K [0x0000000704c00000, 0x0000000800000000)
  region size 2048K, 10 young (20480K), 10 survivors (20480K)
 Metaspace       used 101711K, committed 102336K, reserved 1179648K
  class space    used 13472K, committed 13760K, reserved 1048576K
}

Deoptimization events (6 events):
Event: 0.685 Thread 0x0000017f92833840 DEOPT PACKING pc=0x0000017f9a626a5c sp=0x0000000b644fdd30
Event: 0.685 Thread 0x0000017f92833840 DEOPT UNPACKING pc=0x0000017f9a132b43 sp=0x0000000b644fd260 mode 0
Event: 2.647 Thread 0x0000017f92833840 DEOPT PACKING pc=0x0000017f9a8b80ec sp=0x0000000b644fae30
Event: 2.647 Thread 0x0000017f92833840 DEOPT UNPACKING pc=0x0000017f9a132b43 sp=0x0000000b644fa2f0 mode 0
Event: 4.368 Thread 0x0000017f92833840 DEOPT PACKING pc=0x0000017f9aba6c7c sp=0x0000000b644fd120
Event: 4.368 Thread 0x0000017f92833840 DEOPT UNPACKING pc=0x0000017f9a132b43 sp=0x0000000b644fc5f0 mode 0

Classes unloaded (0 events):
No events

Classes redefined (0 events):
No events

Internal exceptions (20 events):
Event: 5.437 Thread 0x0000017f92833840 Exception <a 'java/lang/NoSuchMethodError'{0x0000000711293b50}: 'java.lang.Object java.lang.invoke.DirectMethodHandle$Holder.invokeStatic(java.lang.Object, java.lang.Object, int, java.lang.Object)'> (0x0000000711293b50) 
thrown [s\open\src\hotspot\share\interpreter\linkResolver.cpp, line 759]
Event: 5.437 Thread 0x0000017f92833840 Exception <a 'java/lang/NoSuchMethodError'{0x00000007112975e8}: 'java.lang.Object java.lang.invoke.DirectMethodHandle$Holder.invokeStaticInit(java.lang.Object, java.lang.Object, int, java.lang.Object)'> (0x00000007112975e8) 
thrown [s\open\src\hotspot\share\interpreter\linkResolver.cpp, line 759]
Event: 5.732 Thread 0x0000017ff03d6900 Exception <a 'java/lang/reflect/InvocationTargetException'{0x0000000713b02360}> (0x0000000713b02360) 
thrown [s\open\src\hotspot\share\runtime\reflection.cpp, line 1121]
Event: 6.234 Thread 0x0000017ff03d6900 Exception <a 'java/lang/reflect/InvocationTargetException'{0x000000071e601b90}> (0x000000071e601b90) 
thrown [s\open\src\hotspot\share\runtime\reflection.cpp, line 1121]
Event: 6.736 Thread 0x0000017ff03d6900 Exception <a 'java/lang/reflect/InvocationTargetException'{0x000000071b101b90}> (0x000000071b101b90) 
thrown [s\open\src\hotspot\share\runtime\reflection.cpp, line 1121]
Event: 7.238 Thread 0x0000017ff03d6900 Exception <a 'java/lang/reflect/InvocationTargetException'{0x0000000717102360}> (0x0000000717102360) 
thrown [s\open\src\hotspot\share\runtime\reflection.cpp, line 1121]
Event: 7.790 Thread 0x0000017ff03d6900 Exception <a 'java/lang/reflect/InvocationTargetException'{0x0000000711601b90}> (0x0000000711601b90) 
thrown [s\open\src\hotspot\share\runtime\reflection.cpp, line 1121]
Event: 8.292 Thread 0x0000017ff03d6900 Exception <a 'java/lang/reflect/InvocationTargetException'{0x000000071b706bf8}> (0x000000071b706bf8) 
thrown [s\open\src\hotspot\share\runtime\reflection.cpp, line 1121]
Event: 9.766 Thread 0x0000017f92833840 Exception <a 'java/lang/NoSuchMethodError'{0x000000071cb2afd8}: 'void java.lang.invoke.DirectMethodHandle$Holder.invokeSpecial(java.lang.Object, java.lang.Object, java.lang.Object, java.lang.Object, java.lang.Object, int, java.lang.Object, java.lang.Object)'> (0x000000071cb2afd8) 
thrown [s\open\src\hotspot\share\interpreter\linkResolver.cpp, line 759]
Event: 9.767 Thread 0x0000017f92833840 Exception <a 'java/lang/NoSuchMethodError'{0x000000071cb462c8}: 'void java.lang.invoke.DirectMethodHandle$Holder.invokeStaticInit(java.lang.Object, int, java.lang.Object, java.lang.Object, java.lang.Object, java.lang.Object)'> (0x000000071cb462c8) 
thrown [s\open\src\hotspot\share\interpreter\linkResolver.cpp, line 759]
Event: 9.797 Thread 0x0000017f92833840 Exception <a 'java/lang/NoSuchMethodError'{0x000000071c4a49a8}: 'int java.lang.invoke.DirectMethodHandle$Holder.invokeStatic(java.lang.Object, java.lang.Object, java.lang.Object, java.lang.Object, java.lang.Object, java.lang.Object)'> (0x000000071c4a49a8) 
thrown [s\open\src\hotspot\share\interpreter\linkResolver.cpp, line 759]
Event: 9.798 Thread 0x0000017f92833840 Exception <a 'java/lang/NoSuchMethodError'{0x000000071c4bb630}: 'int java.lang.invoke.DirectMethodHandle$Holder.invokeStatic(java.lang.Object, java.lang.Object, java.lang.Object, java.lang.Object, java.lang.Object)'> (0x000000071c4bb630) 
thrown [s\open\src\hotspot\share\interpreter\linkResolver.cpp, line 759]
Event: 9.899 Thread 0x0000017f92833840 Exception <a 'java/lang/NoSuchMethodError'{0x0000000719ee45e8}: 'void java.lang.invoke.DirectMethodHandle$Holder.invokeInterface(java.lang.Object, java.lang.Object, int, java.lang.Object)'> (0x0000000719ee45e8) 
thrown [s\open\src\hotspot\share\interpreter\linkResolver.cpp, line 759]
Event: 9.903 Thread 0x0000017f92833840 Exception <a 'java/lang/NoSuchMethodError'{0x0000000719f1dff8}: 'java.lang.Object java.lang.invoke.DirectMethodHandle$Holder.newInvokeSpecial(java.lang.Object, java.lang.Object, int, java.lang.Object)'> (0x0000000719f1dff8) 
thrown [s\open\src\hotspot\share\interpreter\linkResolver.cpp, line 759]
Event: 9.940 Thread 0x0000017f92833840 Exception <a 'java/lang/NoSuchMethodError'{0x0000000719de3998}: 'java.lang.Object java.lang.invoke.DirectMethodHandle$Holder.newInvokeSpecial(java.lang.Object, java.lang.Object, java.lang.Object, java.lang.Object, java.lang.Object, java.lang.Object, java.lang.Object, java.lang.Object, java.lang.Object, java.lang.Object, java.lang.Object, java.lang.Object)'> (0x0000000719de3998) 
thrown [s\open\src\hotspot\share\interpreter\linkResolver.cpp, line 759]
Event: 9.940 Thread 0x0000017f92833840 Exception <a 'java/lang/NoSuchMethodError'{0x0000000719de8430}: 'java.lang.Object java.lang.invoke.DirectMethodHandle$Holder.invokeSpecial(java.lang.Object, java.lang.Object, java.lang.Object, java.lang.Object, java.lang.Object, java.lang.Object, java.lang.Object, java.lang.Object, java.lang.Object, java.lang.Object, java.lang.Object, java.lang.Object, java.lang.Object)'> (0x0000000719de8430) 
thrown [s\open\src\hotspot\share\interpreter\linkResolver.cpp, line 759]
Event: 9.940 Thread 0x0000017f92833840 Exception <a 'java/lang/NoSuchMethodError'{0x0000000719decb48}: 'java.lang.Object java.lang.invoke.Invokers$Holder.linkToTargetMethod(java.lang.Object, java.lang.Object, java.lang.Object, java.lang.Object, java.lang.Object, java.lang.Object, java.lang.Object, java.lang.Object, java.lang.Object, java.lang.Object, java.lang.Object, java.lang.Object)'> (0x0000000719decb48) 
thrown [s\open\src\hotspot\share\interpreter\linkResolver.cpp, line 759]
Event: 10.053 Thread 0x0000017f92833840 Exception <a 'java/lang/IncompatibleClassChangeError'{0x0000000717238f28}: Found class java.lang.Object, but interface was expected> (0x0000000717238f28) 
thrown [s\open\src\hotspot\share\interpreter\linkResolver.cpp, line 826]
Event: 10.088 Thread 0x0000017f92833840 Exception <a 'java/lang/IncompatibleClassChangeError'{0x000000071656d138}: Found class java.lang.Object, but interface was expected> (0x000000071656d138) 
thrown [s\open\src\hotspot\share\interpreter\linkResolver.cpp, line 826]
Event: 10.110 Thread 0x0000017f92833840 Exception <a 'java/lang/NoSuchMethodError'{0x0000000716318320}: 'java.lang.Object java.lang.invoke.DirectMethodHandle$Holder.newInvokeSpecial(java.lang.Object, java.lang.Object, int, java.lang.Object, int, java.lang.Object, java.lang.Object)'> (0x0000000716318320) 
thrown [s\open\src\hotspot\share\interpreter\linkResolver.cpp, line 759]

VM Operations (20 events):
Event: 9.984 Executing VM operation: ICBufferFull done
Event: 10.086 Executing VM operation: HandshakeAllThreads
Event: 10.087 Executing VM operation: HandshakeAllThreads done
Event: 10.095 Executing VM operation: HandshakeAllThreads
Event: 10.095 Executing VM operation: HandshakeAllThreads done
Event: 10.115 Executing VM operation: HandshakeAllThreads
Event: 10.115 Executing VM operation: HandshakeAllThreads done
Event: 10.131 Executing VM operation: HandshakeAllThreads
Event: 10.131 Executing VM operation: HandshakeAllThreads done
Event: 10.133 Executing VM operation: HandshakeAllThreads
Event: 10.133 Executing VM operation: HandshakeAllThreads done
Event: 10.149 Executing VM operation: ICBufferFull
Event: 10.150 Executing VM operation: ICBufferFull done
Event: 10.309 Executing VM operation: G1CollectForAllocation
Event: 10.332 Executing VM operation: G1CollectForAllocation done
Event: 10.403 Executing VM operation: HandshakeAllThreads
Event: 10.403 Executing VM operation: HandshakeAllThreads done
Event: 10.611 Executing VM operation: G1CollectForAllocation
Event: 10.633 Executing VM operation: G1CollectForAllocation done
Event: 10.679 Executing VM operation: G1Concurrent

Events (20 events):
Event: 5.386 loading class java/util/concurrent/CompletableFuture$Completion
Event: 5.386 loading class java/util/concurrent/CompletableFuture$AsynchronousCompletionTask
Event: 5.387 loading class java/util/concurrent/CompletableFuture$AsynchronousCompletionTask done
Event: 5.387 loading class java/util/concurrent/CompletableFuture$Completion done
Event: 5.556 loading class java/util/concurrent/CancellationException
Event: 5.556 loading class java/util/concurrent/CancellationException done
Event: 5.654 loading class java/lang/reflect/AnnotatedArrayType
Event: 5.654 loading class java/lang/reflect/AnnotatedArrayType done
Event: 5.821 loading class sun/reflect/generics/tree/DoubleSignature
Event: 5.821 loading class sun/reflect/generics/tree/DoubleSignature done
Event: 8.931 Thread 0x0000017ff041ac50 Thread exited: 0x0000017ff041ac50
Event: 9.720 Thread 0x0000017ff1d44090 Thread exited: 0x0000017ff1d44090
Event: 9.720 Thread 0x0000017faa2bbd00 Thread exited: 0x0000017faa2bbd00
Event: 9.771 Thread 0x0000017faa2bbd00 Thread added: 0x0000017faa2bbd00
Event: 9.771 Thread 0x0000017ff1d44090 Thread added: 0x0000017ff1d44090
Event: 9.771 Thread 0x0000017ff7617830 Thread added: 0x0000017ff7617830
Event: 9.788 loading class jdk/internal/reflect/UnsafeObjectFieldAccessorImpl
Event: 9.788 loading class jdk/internal/reflect/UnsafeObjectFieldAccessorImpl done
Event: 10.429 loading class java/lang/invoke/MethodHandleImpl$CountingWrapper$1
Event: 10.429 loading class java/lang/invoke/MethodHandleImpl$CountingWrapper$1 done


Dynamic libraries:
0x00007ff768820000 - 0x00007ff768830000 	C:\Program Files\Java\jdk-17\bin\javaw.exe
0x00007ffe2f3d0000 - 0x00007ffe2f5e7000 	C:\Windows\SYSTEM32\ntdll.dll
0x00007ffe2ec90000 - 0x00007ffe2ed54000 	C:\Windows\System32\KERNEL32.DLL
0x00007ffe2c910000 - 0x00007ffe2ccbd000 	C:\Windows\System32\KERNELBASE.dll
0x00007ffe20310000 - 0x00007ffe2032b000 	C:\Program Files\Java\jdk-17\bin\VCRUNTIME140.dll
0x00007ffe2cfc0000 - 0x00007ffe2d0d1000 	C:\Windows\System32\ucrtbase.dll
0x00007ffe14df0000 - 0x00007ffe14e09000 	C:\Program Files\Java\jdk-17\bin\jli.dll
0x00007ffe2eb00000 - 0x00007ffe2ebb2000 	C:\Windows\System32\ADVAPI32.dll
0x00007ffe2e310000 - 0x00007ffe2e3b7000 	C:\Windows\System32\msvcrt.dll
0x00007ffe2edf0000 - 0x00007ffe2ee99000 	C:\Windows\System32\sechost.dll
0x00007ffe2cde0000 - 0x00007ffe2ce08000 	C:\Windows\System32\bcrypt.dll
0x00007ffe2d120000 - 0x00007ffe2d234000 	C:\Windows\System32\RPCRT4.dll
0x00007ffe2efc0000 - 0x00007ffe2f16e000 	C:\Windows\System32\USER32.dll
0x00007ffe2d0e0000 - 0x00007ffe2d106000 	C:\Windows\System32\win32u.dll
0x00007ffe2dba0000 - 0x00007ffe2dbc9000 	C:\Windows\System32\GDI32.dll
0x00007ffe1dad0000 - 0x00007ffe1dd63000 	C:\Windows\WinSxS\amd64_microsoft.windows.common-controls_6595b64144ccf1df_6.0.22621.3672_none_2713b9d173822955\COMCTL32.dll
0x00007ffe2ccc0000 - 0x00007ffe2cdd9000 	C:\Windows\System32\gdi32full.dll
0x00007ffe2c870000 - 0x00007ffe2c90a000 	C:\Windows\System32\msvcp_win.dll
0x00007ffe250a0000 - 0x00007ffe250aa000 	C:\Windows\SYSTEM32\VERSION.dll
0x00007ffe2eea0000 - 0x00007ffe2eed1000 	C:\Windows\System32\IMM32.DLL
0x00007ffe245b0000 - 0x00007ffe245bc000 	C:\Program Files\Java\jdk-17\bin\vcruntime140_1.dll
0x00007ffe01a30000 - 0x00007ffe01abe000 	C:\Program Files\Java\jdk-17\bin\msvcp140.dll
0x00007ffd90da0000 - 0x00007ffd91980000 	C:\Program Files\Java\jdk-17\bin\server\jvm.dll
0x00007ffe2e200000 - 0x00007ffe2e208000 	C:\Windows\System32\PSAPI.DLL
0x00007ffe244f0000 - 0x00007ffe24524000 	C:\Windows\SYSTEM32\WINMM.dll
0x00007ffe1de70000 - 0x00007ffe1de79000 	C:\Windows\SYSTEM32\WSOCK32.dll
0x00007ffe2e210000 - 0x00007ffe2e281000 	C:\Windows\System32\WS2_32.dll
0x00007ffe2b7e0000 - 0x00007ffe2b7f8000 	C:\Windows\SYSTEM32\kernel.appcore.dll
0x00007ffe23840000 - 0x00007ffe2384a000 	C:\Program Files\Java\jdk-17\bin\jimage.dll
0x00007ffe29850000 - 0x00007ffe29a82000 	C:\Windows\SYSTEM32\DBGHELP.DLL
0x00007ffe2e770000 - 0x00007ffe2eaf8000 	C:\Windows\System32\combase.dll
0x00007ffe2eee0000 - 0x00007ffe2efb7000 	C:\Windows\System32\OLEAUT32.dll
0x00007ffe181b0000 - 0x00007ffe181e2000 	C:\Windows\SYSTEM32\dbgcore.DLL
0x00007ffe2ce10000 - 0x00007ffe2ce8b000 	C:\Windows\System32\bcryptPrimitives.dll
0x00007ffe0bfd0000 - 0x00007ffe0bff5000 	C:\Program Files\Java\jdk-17\bin\java.dll
0x00007ffdefd20000 - 0x00007ffdefdf7000 	C:\Program Files\Java\jdk-17\bin\jsvml.dll
0x00007ffe2d340000 - 0x00007ffe2db9f000 	C:\Windows\System32\SHELL32.dll
0x00007ffe2a600000 - 0x00007ffe2aefc000 	C:\Windows\SYSTEM32\windows.storage.dll
0x00007ffe2a4c0000 - 0x00007ffe2a5ff000 	C:\Windows\SYSTEM32\wintypes.dll
0x00007ffe2d240000 - 0x00007ffe2d334000 	C:\Windows\System32\SHCORE.dll
0x00007ffe2f2d0000 - 0x00007ffe2f32e000 	C:\Windows\System32\shlwapi.dll
0x00007ffe2c630000 - 0x00007ffe2c651000 	C:\Windows\SYSTEM32\profapi.dll
0x00007ffe0bf10000 - 0x00007ffe0bf29000 	C:\Program Files\Java\jdk-17\bin\net.dll
0x00007ffe27330000 - 0x00007ffe27466000 	C:\Windows\SYSTEM32\WINHTTP.dll
0x00007ffe2bc40000 - 0x00007ffe2bca9000 	C:\Windows\system32\mswsock.dll
0x00007ffe0b3a0000 - 0x00007ffe0b3b6000 	C:\Program Files\Java\jdk-17\bin\nio.dll
0x00007ffe060a0000 - 0x00007ffe060b8000 	C:\Program Files\Java\jdk-17\bin\zip.dll
0x00007ffe252d0000 - 0x00007ffe252da000 	C:\Program Files\Java\jdk-17\bin\management.dll
0x00007ffe22c50000 - 0x00007ffe22c5b000 	C:\Program Files\Java\jdk-17\bin\management_ext.dll
0x00007ffe22e30000 - 0x00007ffe22e47000 	C:\Windows\system32\napinsp.dll
0x00007ffe22e10000 - 0x00007ffe22e2b000 	C:\Windows\system32\pnrpnsp.dll
0x00007ffe2b190000 - 0x00007ffe2b288000 	C:\Windows\SYSTEM32\DNSAPI.dll
0x00007ffe2b160000 - 0x00007ffe2b18d000 	C:\Windows\SYSTEM32\IPHLPAPI.DLL
0x00007ffe2f170000 - 0x00007ffe2f179000 	C:\Windows\System32\NSI.dll
0x00007ffe22df0000 - 0x00007ffe22e01000 	C:\Windows\System32\winrnr.dll
0x00007ffe23870000 - 0x00007ffe23885000 	C:\Windows\system32\wshbth.dll
0x00007ffe22dc0000 - 0x00007ffe22de7000 	C:\Windows\system32\nlansp_c.dll
0x00007ffe23d80000 - 0x00007ffe23d8a000 	C:\Windows\System32\rasadhlp.dll
0x00007ffe24280000 - 0x00007ffe24303000 	C:\Windows\System32\fwpuclnt.dll
0x00007ffe2bf90000 - 0x00007ffe2bfab000 	C:\Windows\SYSTEM32\CRYPTSP.dll
0x00007ffe2b6c0000 - 0x00007ffe2b6f5000 	C:\Windows\system32\rsaenh.dll
0x00007ffe2bce0000 - 0x00007ffe2bd08000 	C:\Windows\SYSTEM32\USERENV.dll
0x00007ffe2bf70000 - 0x00007ffe2bf7c000 	C:\Windows\SYSTEM32\CRYPTBASE.dll
0x00007ffe270e0000 - 0x00007ffe270f9000 	C:\Windows\SYSTEM32\dhcpcsvc6.DLL
0x00007ffe26ae0000 - 0x00007ffe26aff000 	C:\Windows\SYSTEM32\dhcpcsvc.DLL
0x00007ffe20220000 - 0x00007ffe2022e000 	C:\Program Files\Java\jdk-17\bin\sunmscapi.dll
0x00007ffe2c700000 - 0x00007ffe2c867000 	C:\Windows\System32\CRYPT32.dll
0x00007ffe2c090000 - 0x00007ffe2c0be000 	C:\Windows\SYSTEM32\ncrypt.dll
0x00007ffe2c050000 - 0x00007ffe2c087000 	C:\Windows\SYSTEM32\NTASN1.dll

dbghelp: loaded successfully - version: 4.0.5 - missing functions: none
symbol engine: initialized successfully - sym options: 0x614 - pdb path: .;C:\Program Files\Java\jdk-17\bin;C:\Windows\SYSTEM32;C:\Windows\WinSxS\amd64_microsoft.windows.common-controls_6595b64144ccf1df_6.0.22621.3672_none_2713b9d173822955;C:\Program Files\Java\jdk-17\bin\server

VM Arguments:
jvm_args: -Dfile.encoding-UTF8 -Dcom.sun.management.jmxremote -Dcom.sun.management.jmxremote.port=64511 -Dcom.sun.management.jmxremote.authenticate=false -Dcom.sun.management.jmxremote.ssl=false -Djava.rmi.server.hostname=localhost -Dspring.jmx.enabled=true -Dmanagement.endpoints.jmx.exposure.include=* -Dspring.application.admin.enabled=true -Dspring.output.ansi.enabled=always -XX:TieredStopAtLevel=1 -Dspring.boot.project.name=asm_gstn_return_db_store6_pre -Dfile.encoding=UTF-8 -Dstdout.encoding=UTF-8 -Dstderr.encoding=UTF-8 -XX:+ShowCodeDetailsInExceptionMessages 
java_command: com.deloitte.AsmEwayBillApplication
java_class_path (initial): D:\Project\workspace\workspace280126\asm_gstn_return_db_store6_pre\target\classes;C:\Users\AIO16\.m2\repository\org\springframework\boot\spring-boot-starter-data-jpa\4.0.3\spring-boot-starter-data-jpa-4.0.3.jar;C:\Users\AIO16\.m2\repository\org\springframework\boot\spring-boot-starter\4.0.3\spring-boot-starter-4.0.3.jar;C:\Users\AIO16\.m2\repository\org\springframework\boot\spring-boot-starter-logging\4.0.3\spring-boot-starter-logging-4.0.3.jar;C:\Users\AIO16\.m2\repository\ch\qos\logback\logback-classic\1.5.32\logback-classic-1.5.32.jar;C:\Users\AIO16\.m2\repository\ch\qos\logback\logback-core\1.5.32\logback-core-1.5.32.jar;C:\Users\AIO16\.m2\repository\org\apache\logging\log4j\log4j-to-slf4j\2.25.3\log4j-to-slf4j-2.25.3.jar;C:\Users\AIO16\.m2\repository\org\slf4j\jul-to-slf4j\2.0.17\jul-to-slf4j-2.0.17.jar;C:\Users\AIO16\.m2\repository\org\springframework\boot\spring-boot-autoconfigure\4.0.3\spring-boot-autoconfigure-4.0.3.jar;C:\Users\AIO16\.m2\repository\jakarta\annotation\jakarta.annotation-api\3.0.0\jakarta.annotation-api-3.0.0.jar;C:\Users\AIO16\.m2\repository\org\yaml\snakeyaml\2.5\snakeyaml-2.5.jar;C:\Users\AIO16\.m2\repository\org\springframework\boot\spring-boot-starter-jdbc\4.0.3\spring-boot-starter-jdbc-4.0.3.jar;C:\Users\AIO16\.m2\repository\com\zaxxer\HikariCP\7.0.2\HikariCP-7.0.2.jar;C:\Users\AIO16\.m2\repository\org\springframework\boot\spring-boot-data-jpa\4.0.3\spring-boot-data-jpa-4.0.3.jar;C:\Users\AIO16\.m2\repository\org\springframework\boot\spring-boot-data-commons\4.0.3\spring-boot-data-commons-4.0.3.jar;C:\Users\AIO16\.m2\repository\org\springframework\boot\spring-boot-persistence\4.0.3\spring-boot-persistence-4.0.3.jar;C:\Users\AIO16\.m2\repository\org\springframework\data\spring-data-commons\4.0.3\spring-data-commons-4.0.3.jar;C:\Users\AIO16\.m2\repository\org\springframework\boot\spring-boot-hibernate\4.0.3\spring-boot-hibernate-4.0.3.jar;C:\Users\AIO16\.m2\repository\org\springframework\boot\spring-boot-jpa\
Launcher Type: SUN_STANDARD

[Global flags]
     intx CICompilerCount                          = 12                                        {product} {ergonomic}
     uint ConcGCThreads                            = 4                                         {product} {ergonomic}
     uint G1ConcRefinementThreads                  = 15                                        {product} {ergonomic}
   size_t G1HeapRegionSize                         = 2097152                                   {product} {ergonomic}
    uintx GCDrainStackTargetSize                   = 64                                        {product} {ergonomic}
   size_t InitialHeapSize                          = 264241152                                 {product} {ergonomic}
     bool ManagementServer                         = true                                      {product} {command line}
   size_t MarkStackSize                            = 4194304                                   {product} {ergonomic}
   size_t MaxHeapSize                              = 4215275520                                {product} {ergonomic}
   size_t MaxNewSize                               = 2529165312                                {product} {ergonomic}
   size_t MinHeapDeltaBytes                        = 2097152                                   {product} {ergonomic}
   size_t MinHeapSize                              = 8388608                                   {product} {ergonomic}
    uintx NonProfiledCodeHeapSize                  = 0                                      {pd product} {ergonomic}
     bool ProfileInterpreter                       = false                                  {pd product} {command line}
    uintx ProfiledCodeHeapSize                     = 0                                      {pd product} {ergonomic}
     bool ShowCodeDetailsInExceptionMessages       = true                                   {manageable} {command line}
   size_t SoftMaxHeapSize                          = 4215275520                             {manageable} {ergonomic}
     intx TieredStopAtLevel                        = 1                                         {product} {command line}
     bool UseCompressedClassPointers               = true                           {product lp64_product} {ergonomic}
     bool UseCompressedOops                        = true                           {product lp64_product} {ergonomic}
     bool UseG1GC                                  = true                                      {product} {ergonomic}
     bool UseLargePagesIndividualAllocation        = false                                  {pd product} {ergonomic}

Logging:
Log output configuration:
 #0: stdout all=warning uptime,level,tags
 #1: stderr all=off uptime,level,tags

Environment Variables:
JAVA_HOME=C:\Program Files\Java\jdk-17
JAVA_TOOL_OPTIONS=-Dfile.encoding-UTF8
PATH=D:/Project/sts-5.0.1.RELEASE//plugins/org.eclipse.justj.openjdk.hotspot.jre.full.win32.x86_64_25.0.1.v20251108-1451/jre/bin/server;D:/Project/sts-5.0.1.RELEASE//plugins/org.eclipse.justj.openjdk.hotspot.jre.full.win32.x86_64_25.0.1.v20251108-1451/jre/bin;C:\Program Files\Apache\Maven\apache-maven-3.9.14\bin;C:\Program Files\Java\jdk-17;C:\Program Files\Common Files\Oracle\Java\javapath;C:\Program Files (x86)\Common Files\Oracle\Java\javapath;C:\Windows\system32;C:\Windows;C:\Windows\System32\Wbem;C:\Windows\System32\WindowsPowerShell\v1.0\;C:\Windows\System32\OpenSSH\;C:\Program Files\dotnet\;C:\Users\AIO16\AppData\Local\Microsoft\WindowsApps;C:\Users\AIO16\AppData\Local\Programs\Microsoft VS Code\bin;C:\Users\AIO16\AppData\Local\GitHubDesktop\bin;D:\Project\sts-5.0.1.RELEASE;
USERNAME=AIO16
OS=Windows_NT
PROCESSOR_IDENTIFIER=Intel64 Family 6 Model 191 Stepping 2, GenuineIntel



---------------  S Y S T E M  ---------------

OS:
 Windows 11 , 64 bit Build 22621 (10.0.22621.3672)
OS uptime: 24 days 9:06 hours
Hyper-V role detected

CPU: total 20 (initial active 20) (10 cores per cpu, 2 threads per core) family 6 model 191 stepping 2 microcode 0x3e, cx8, cmov, fxsr, ht, mmx, 3dnowpref, sse, sse2, sse3, ssse3, sse4.1, sse4.2, popcnt, lzcnt, tsc, tscinvbit, avx, avx2, aes, erms, clmul, bmi1, bmi2, adx, sha, fma, vzeroupper, clflush, clflushopt, clwb, hv

Memory: 4k page, system-wide physical 16072M (588M free)
TotalPageFile size 48072M (AvailPageFile size 14M)
current process WorkingSet (physical memory assigned to process): 659M, peak: 661M
current process commit charge ("private bytes"): 724M, peak: 760M

vm_info: Java HotSpot(TM) 64-Bit Server VM (17.0.12+8-LTS-286) for windows-amd64 JRE (17.0.12+8-LTS-286), built on Jun  5 2024 06:46:59 by "mach5one" with MS VC++ 17.6 (VS2022)

END.
